

================================================================
== Synthesis Summary Report of 'moving_max'
================================================================
+ General Information: 
    * Date:           Thu Oct  8 21:08:02 2026
    * Version:        2025.2 (Build 6295257 on Nov 14 2025)
    * Project:        hls_component
    * Solution:       hls (Vivado IP Flow Target)
    * Product family: zynq
    * Target device:  xc7z020-clg400-2
    

* Performance & Resource Estimates: 
+----------------------------------+------+---------------+----------+---------+------+----------+---------+---------+------+------+----+-----------+----------+-----+
|              Modules             | Issue|               | Iteration|         | Trip |          |      Latency      |      |      |    |           |          |     |
|              & Loops             | Type | Violation Type|  Latency | Interval| Count| Pipelined| (cycles)|   (ns)  | Slack| BRAM | DSP|     FF    |    LUT   | URAM|
+----------------------------------+------+---------------+----------+---------+------+----------+---------+---------+------+------+----+-----------+----------+-----+
|+ moving_max                      |     -|              -|         -|       79|     -|        no|       78|  780.000|  0.20|     -|   -|  448 (~0%)|  635 (1%)|    -|
| + moving_max_Pipeline_MAIN_LOOP  |     -|              -|         -|        -|     -|       yes|       68|  680.000|  0.20|     -|   -|  440 (~0%)|  596 (1%)|    -|
|  o MAIN_LOOP                     |     -|              -|         4|        1|    64|       yes|       66|  660.000|  7.30|     -|   -|          -|         -|    -|
| o INIT_LOOP                      |     -|              -|         1|        -|     8|        no|        8|   80.000|  7.30|     -|   -|          -|         -|    -|
+----------------------------------+------+---------------+----------+---------+------+----------+---------+---------+------+------+----+-----------+----------+-----+
    Name Prefix: '+' for module, 'o' for loop, '*' for dataflow


================================================================
== HW Interfaces
================================================================
* AP_MEMORY
+-------------------+-----------+----------+
| Port              | Direction | Bitwidth |
+-------------------+-----------+----------+
| in_data_address0  | out       | 6        |
| in_data_q0        | in        | 32       |
| out_data_address0 | out       | 6        |
| out_data_d0       | out       | 32       |
+-------------------+-----------+----------+

* TOP LEVEL CONTROL
+-----------+------------+-----------------------------------+
| Interface | Type       | Ports                             |
+-----------+------------+-----------------------------------+
| ap_clk    | clock      | ap_clk                            |
| ap_rst    | reset      | ap_rst                            |
| ap_ctrl   | ap_ctrl_hs | ap_done ap_idle ap_ready ap_start |
+-----------+------------+-----------------------------------+


================================================================
== SW I/O Information
================================================================
* Top Function Arguments
+----------+-----------+----------+
| Argument | Direction | Datatype |
+----------+-----------+----------+
| in_data  | in        | int*     |
| out_data | out       | int*     |
+----------+-----------+----------+

* SW-to-HW Mapping
+----------+-------------------+---------+----------+
| Argument | HW Interface      | HW Type | HW Usage |
+----------+-------------------+---------+----------+
| in_data  | in_data_address0  | port    | offset   |
| in_data  | in_data_ce0       | port    |          |
| in_data  | in_data_q0        | port    |          |
| out_data | out_data_address0 | port    | offset   |
| out_data | out_data_ce0      | port    |          |
| out_data | out_data_we0      | port    |          |
| out_data | out_data_d0       | port    |          |
+----------+-------------------+---------+----------+


================================================================
== Bind Op Report
================================================================
+----------------------------------+-----+--------+-------------+--------+----------+---------+
| Name                             | DSP | Pragma | Variable    | Op     | Impl     | Latency |
+----------------------------------+-----+--------+-------------+--------+----------+---------+
| + moving_max                     | 0   |        |             |        |          |         |
|   icmp_ln11_fu_74_p2             |     |        | icmp_ln11   | seteq  | auto     | 0       |
|   add_ln11_fu_80_p2              |     |        | add_ln11    | add    | fabric   | 0       |
|  + moving_max_Pipeline_MAIN_LOOP | 0   |        |             |        |          |         |
|    icmp_ln18_fu_193_p2           |     |        | icmp_ln18   | seteq  | auto     | 0       |
|    add_ln18_fu_199_p2            |     |        | add_ln18    | add    | fabric   | 0       |
|    icmp_ln35_fu_224_p2           |     |        | icmp_ln35   | setgt  | auto     | 0       |
|    max_val_16_fu_230_p3          |     |        | max_val_16  | select | auto_sel | 0       |
|    icmp_ln35_1_fu_238_p2         |     |        | icmp_ln35_1 | setgt  | auto     | 0       |
|    max_val_18_fu_244_p3          |     |        | max_val_18  | select | auto_sel | 0       |
|    icmp_ln35_2_fu_252_p2         |     |        | icmp_ln35_2 | setgt  | auto     | 0       |
|    max_val_20_fu_282_p3          |     |        | max_val_20  | select | auto_sel | 0       |
|    icmp_ln35_3_fu_287_p2         |     |        | icmp_ln35_3 | setgt  | auto     | 0       |
|    max_val_22_fu_293_p3          |     |        | max_val_22  | select | auto_sel | 0       |
|    icmp_ln35_4_fu_301_p2         |     |        | icmp_ln35_4 | setgt  | auto     | 0       |
|    max_val_24_fu_307_p3          |     |        | max_val_24  | select | auto_sel | 0       |
|    icmp_ln35_5_fu_332_p2         |     |        | icmp_ln35_5 | setgt  | auto     | 0       |
|    max_val_26_fu_336_p3          |     |        | max_val_26  | select | auto_sel | 0       |
|    icmp_ln35_6_fu_342_p2         |     |        | icmp_ln35_6 | setgt  | auto     | 0       |
|    max_val_27_fu_348_p3          |     |        | max_val_27  | select | auto_sel | 0       |
+----------------------------------+-----+--------+-------------+--------+----------+---------+


================================================================
== Storage Report
================================================================
  No bind storage info in design

================================================================
== Pragma Report
================================================================
* Valid Pragma Syntax
+----------+---------+-----------------------------------+
| Type     | Options | Location                          |
+----------+---------+-----------------------------------+
| PIPELINE | ii=1    | in moving_max (moving_max.cpp:19) |
+----------+---------+-----------------------------------+


