
*** Running vivado
    with args -log alu_top.vdi -applog -m64 -product Vivado -messageDb vivado.pb -mode batch -source alu_top.tcl -notrace


****** Vivado v2025.2 (64-bit)
  **** SW Build 6299465 on Fri Nov 14 12:34:56 MST 2025
  **** IP Build 6300035 on Fri Nov 14 10:48:45 MST 2025
  **** SharedData Build 6298862 on Thu Nov 13 04:50:51 MST 2025
  **** Start of session at: Sat Sep 19 16:04:00 2026
    ** Copyright 1986-2022 Xilinx, Inc. All Rights Reserved.
    ** Copyright 2022-2025 Advanced Micro Devices, Inc. All Rights Reserved.

source alu_top.tcl -notrace
Command: link_design -top alu_top -part xc7z020clg400-2
Design is defaulting to srcset: sources_1
Design is defaulting to constrset: constrs_1
INFO: [Device 21-403] Loading part xc7z020clg400-2
Netlist sorting complete. Time (s): cpu = 00:00:00 ; elapsed = 00:00:00 . Memory (MB): peak = 1776.594 ; gain = 0.000 ; free physical = 308 ; free virtual = 7229
INFO: [Project 1-479] Netlist was created with Vivado 2025.2
INFO: [Project 1-570] Preparing netlist for logic optimization
Parsing XDC File [/home/dmas/robot_dreams/robot-dreams-code-fpga/task7-2/task7-2.srcs/constrs_1/new/expr_plain.v .xdc]
Finished Parsing XDC File [/home/dmas/robot_dreams/robot-dreams-code-fpga/task7-2/task7-2.srcs/constrs_1/new/expr_plain.v .xdc]
INFO: [Opt 31-138] Pushed 0 inverter(s) to 0 load pin(s).
Netlist sorting complete. Time (s): cpu = 00:00:00 ; elapsed = 00:00:00 . Memory (MB): peak = 1910.168 ; gain = 0.000 ; free physical = 358 ; free virtual = 7183
INFO: [Project 1-111] Unisim Transformation Summary:
No Unisim elements were transformed.

5 Infos, 0 Warnings, 0 Critical Warnings and 0 Errors encountered.
link_design completed successfully
Command: opt_design
Attempting to get a license for feature 'Implementation' and/or device 'xc7z020'
INFO: [Common 17-349] Got license for feature 'Implementation' and/or device 'xc7z020'
Running DRC as a precondition to command opt_design

Starting DRC Task
INFO: [DRC 23-27] Running DRC with 8 threads
INFO: [Project 1-461] DRC finished with 0 Errors
INFO: [Project 1-462] Please refer to the DRC report (report_drc) for more information.

Time (s): cpu = 00:00:00.24 ; elapsed = 00:00:00.23 . Memory (MB): peak = 1994.012 ; gain = 77.871 ; free physical = 420 ; free virtual = 7143

Starting Cache Timing Information Task
INFO: [Timing 38-35] Done setting XDC timing constraints.
Ending Cache Timing Information Task | Checksum: 18dd7c79b

Time (s): cpu = 00:00:02 ; elapsed = 00:00:03 . Memory (MB): peak = 2482.840 ; gain = 488.828 ; free physical = 291 ; free virtual = 6741

Starting Logic Optimization Task

Phase 1 Initialization

Phase 1.1 Core Generation And Design Setup
Phase 1.1 Core Generation And Design Setup | Checksum: 18dd7c79b

Time (s): cpu = 00:00:00 ; elapsed = 00:00:00.01 . Memory (MB): peak = 2868.559 ; gain = 0.000 ; free physical = 298 ; free virtual = 6360

Phase 1.2 Setup Constraints And Sort Netlist
Phase 1.2 Setup Constraints And Sort Netlist | Checksum: 18dd7c79b

Time (s): cpu = 00:00:00 ; elapsed = 00:00:00.01 . Memory (MB): peak = 2868.559 ; gain = 0.000 ; free physical = 298 ; free virtual = 6360
Phase 1 Initialization | Checksum: 18dd7c79b

Time (s): cpu = 00:00:00 ; elapsed = 00:00:00.01 . Memory (MB): peak = 2868.559 ; gain = 0.000 ; free physical = 298 ; free virtual = 6360

Phase 2 Timer Update And Timing Data Collection

Phase 2.1 Detect if minReqCache needed
Phase 2.1 Detect if minReqCache needed | Checksum: 18dd7c79b

Time (s): cpu = 00:00:00.01 ; elapsed = 00:00:00.01 . Memory (MB): peak = 2871.527 ; gain = 2.969 ; free physical = 298 ; free virtual = 6360

Phase 2.2 Timer Update
Phase 2.2 Timer Update | Checksum: 18dd7c79b

Time (s): cpu = 00:00:00.01 ; elapsed = 00:00:00.01 . Memory (MB): peak = 2871.527 ; gain = 2.969 ; free physical = 298 ; free virtual = 6360

Phase 2.3 Timing Data Collection
Phase 2.3 Timing Data Collection | Checksum: 18dd7c79b

Time (s): cpu = 00:00:00.01 ; elapsed = 00:00:00.01 . Memory (MB): peak = 2871.527 ; gain = 2.969 ; free physical = 298 ; free virtual = 6360
Phase 2 Timer Update And Timing Data Collection | Checksum: 18dd7c79b

Time (s): cpu = 00:00:00.01 ; elapsed = 00:00:00.01 . Memory (MB): peak = 2871.527 ; gain = 2.969 ; free physical = 298 ; free virtual = 6360

Phase 3 Retarget
INFO: [Opt 31-1851] Number of loadless carry chains removed were: 0
INFO: [Opt 31-1834] Total Chains To Be Transformed Were: 0 AND Number of Transformed insts Created are: 0
INFO: [Opt 31-138] Pushed 0 inverter(s) to 0 load pin(s).
INFO: [Opt 31-49] Retargeted 0 cell(s).
Phase 3 Retarget | Checksum: 18dd7c79b

Time (s): cpu = 00:00:00.01 ; elapsed = 00:00:00.02 . Memory (MB): peak = 2871.527 ; gain = 2.969 ; free physical = 298 ; free virtual = 6360
Retarget | Checksum: 18dd7c79b
INFO: [Opt 31-389] Phase Retarget created 0 cells and removed 0 cells

Phase 4 Constant propagation
INFO: [Opt 31-138] Pushed 0 inverter(s) to 0 load pin(s).
Phase 4 Constant propagation | Checksum: 18dd7c79b

Time (s): cpu = 00:00:00.01 ; elapsed = 00:00:00.02 . Memory (MB): peak = 2871.527 ; gain = 2.969 ; free physical = 298 ; free virtual = 6360
Constant propagation | Checksum: 18dd7c79b
INFO: [Opt 31-389] Phase Constant propagation created 0 cells and removed 0 cells

Phase 5 Sweep
INFO: [Constraints 18-11670] Building netlist checker database with flags, 0x8
Done building netlist checker database: Time (s): cpu = 00:00:00 ; elapsed = 00:00:00 . Memory (MB): peak = 2871.527 ; gain = 0.000 ; free physical = 298 ; free virtual = 6360
Phase 5 Sweep | Checksum: 18dd7c79b

Time (s): cpu = 00:00:00.01 ; elapsed = 00:00:00.02 . Memory (MB): peak = 2871.527 ; gain = 2.969 ; free physical = 298 ; free virtual = 6360
Sweep | Checksum: 18dd7c79b
INFO: [Opt 31-389] Phase Sweep created 0 cells and removed 0 cells

Phase 6 BUFG optimization
Phase 6 BUFG optimization | Checksum: 18dd7c79b

Time (s): cpu = 00:00:00.02 ; elapsed = 00:00:00.02 . Memory (MB): peak = 2903.543 ; gain = 34.984 ; free physical = 298 ; free virtual = 6360
BUFG optimization | Checksum: 18dd7c79b
INFO: [Opt 31-662] Phase BUFG optimization created 0 cells of which 0 are BUFGs and removed 0 cells.

Phase 7 Shift Register Optimization
INFO: [Opt 31-1064] SRL Remap converted 0 SRLs to 0 registers and converted 0 registers of register chains to 0 SRLs
Phase 7 Shift Register Optimization | Checksum: 18dd7c79b

Time (s): cpu = 00:00:00.02 ; elapsed = 00:00:00.03 . Memory (MB): peak = 2903.543 ; gain = 34.984 ; free physical = 298 ; free virtual = 6360
Shift Register Optimization | Checksum: 18dd7c79b
INFO: [Opt 31-389] Phase Shift Register Optimization created 0 cells and removed 0 cells

Phase 8 Post Processing Netlist
Phase 8 Post Processing Netlist | Checksum: 18dd7c79b

Time (s): cpu = 00:00:00.02 ; elapsed = 00:00:00.03 . Memory (MB): peak = 2903.543 ; gain = 34.984 ; free physical = 298 ; free virtual = 6360
Post Processing Netlist | Checksum: 18dd7c79b
INFO: [Opt 31-389] Phase Post Processing Netlist created 0 cells and removed 0 cells

Phase 9 Finalization

Phase 9.1 Finalizing Design Cores and Updating Shapes
Phase 9.1 Finalizing Design Cores and Updating Shapes | Checksum: 18dd7c79b

Time (s): cpu = 00:00:00.02 ; elapsed = 00:00:00.03 . Memory (MB): peak = 2903.543 ; gain = 34.984 ; free physical = 298 ; free virtual = 6360

Phase 9.2 Verifying Netlist Connectivity

Starting Connectivity Check Task

Time (s): cpu = 00:00:00 ; elapsed = 00:00:00 . Memory (MB): peak = 2903.543 ; gain = 0.000 ; free physical = 298 ; free virtual = 6360
Phase 9.2 Verifying Netlist Connectivity | Checksum: 18dd7c79b

Time (s): cpu = 00:00:00.02 ; elapsed = 00:00:00.03 . Memory (MB): peak = 2903.543 ; gain = 34.984 ; free physical = 298 ; free virtual = 6360
Phase 9 Finalization | Checksum: 18dd7c79b

Time (s): cpu = 00:00:00.02 ; elapsed = 00:00:00.03 . Memory (MB): peak = 2903.543 ; gain = 34.984 ; free physical = 298 ; free virtual = 6360
Opt_design Change Summary
=========================


-------------------------------------------------------------------------------------------------------------------------
|  Phase                        |  #Cells created  |  #Cells Removed  |  #Constrained objects preventing optimizations  |
-------------------------------------------------------------------------------------------------------------------------
|  Retarget                     |               0  |               0  |                                              0  |
|  Constant propagation         |               0  |               0  |                                              0  |
|  Sweep                        |               0  |               0  |                                              0  |
|  BUFG optimization            |               0  |               0  |                                              0  |
|  Shift Register Optimization  |               0  |               0  |                                              0  |
|  Post Processing Netlist      |               0  |               0  |                                              0  |
-------------------------------------------------------------------------------------------------------------------------


Ending Logic Optimization Task | Checksum: 18dd7c79b

Time (s): cpu = 00:00:00.02 ; elapsed = 00:00:00.03 . Memory (MB): peak = 2903.543 ; gain = 34.984 ; free physical = 298 ; free virtual = 6360

Starting Power Optimization Task
INFO: [Pwropt 34-132] Skipping clock gating for clocks with a period < 2.00 ns.
Ending Power Optimization Task | Checksum: 18dd7c79b

Time (s): cpu = 00:00:00 ; elapsed = 00:00:00 . Memory (MB): peak = 2903.543 ; gain = 0.000 ; free physical = 298 ; free virtual = 6361

Starting Final Cleanup Task
Ending Final Cleanup Task | Checksum: 18dd7c79b

Time (s): cpu = 00:00:00 ; elapsed = 00:00:00 . Memory (MB): peak = 2903.543 ; gain = 0.000 ; free physical = 298 ; free virtual = 6361
Netlist sorting complete. Time (s): cpu = 00:00:00 ; elapsed = 00:00:00 . Memory (MB): peak = 2903.543 ; gain = 0.000 ; free physical = 298 ; free virtual = 6361
INFO: [Common 17-83] Releasing license: Implementation
25 Infos, 0 Warnings, 0 Critical Warnings and 0 Errors encountered.
opt_design completed successfully
INFO: [Vivado 12-24828] Executing command : report_drc -file alu_top_drc_opted.rpt -pb alu_top_drc_opted.pb -rpx alu_top_drc_opted.rpx
Command: report_drc -file alu_top_drc_opted.rpt -pb alu_top_drc_opted.pb -rpx alu_top_drc_opted.rpx
INFO: [IP_Flow 19-234] Refreshing IP repositories
INFO: [IP_Flow 19-1704] No user IP repositories specified
INFO: [IP_Flow 19-2313] Loaded Vivado IP repository '/home/dmas/Xilinx/vivado_2025_2/2025.2/data/ip'.
INFO: [DRC 23-27] Running DRC with 8 threads
INFO: [Vivado_Tcl 2-168] The results of DRC are in file /home/dmas/robot_dreams/robot-dreams-code-fpga/task7-2/task7-2.runs/impl_1/alu_top_drc_opted.rpt.
report_drc completed successfully
INFO: [Timing 38-480] Writing timing data to binary archive.
Write ShapeDB Complete: Time (s): cpu = 00:00:00 ; elapsed = 00:00:00 . Memory (MB): peak = 2903.543 ; gain = 0.000 ; free physical = 336 ; free virtual = 6345
INFO: [Common 17-1381] The checkpoint '/home/dmas/robot_dreams/robot-dreams-code-fpga/task7-2/task7-2.runs/impl_1/alu_top_opt.dcp' has been generated.
Command: place_design
Attempting to get a license for feature 'Implementation' and/or device 'xc7z020'
INFO: [Common 17-349] Got license for feature 'Implementation' and/or device 'xc7z020'
INFO: [Common 17-83] Releasing license: Implementation
INFO: [DRC 23-27] Running DRC with 8 threads
INFO: [Vivado_Tcl 4-198] DRC finished with 0 Errors
INFO: [Vivado_Tcl 4-199] Please refer to the DRC report (report_drc) for more information.
INFO: [Timing 38-35] Done setting XDC timing constraints.
Running DRC as a precondition to command place_design
INFO: [DRC 23-27] Running DRC with 8 threads
INFO: [Vivado_Tcl 4-198] DRC finished with 0 Errors
INFO: [Vivado_Tcl 4-199] Please refer to the DRC report (report_drc) for more information.
INFO: [Place 30-611] Multithreading enabled for place_design using a maximum of 8 CPUs

Starting Placer Task

Phase 1 Placer Initialization

Phase 1.1 Placer Initialization Netlist Sorting
Netlist sorting complete. Time (s): cpu = 00:00:00 ; elapsed = 00:00:00 . Memory (MB): peak = 2903.543 ; gain = 0.000 ; free physical = 504 ; free virtual = 6403
Phase 1.1 Placer Initialization Netlist Sorting | Checksum: 1463b2940

Time (s): cpu = 00:00:00.01 ; elapsed = 00:00:00 . Memory (MB): peak = 2903.543 ; gain = 0.000 ; free physical = 504 ; free virtual = 6403
Netlist sorting complete. Time (s): cpu = 00:00:00 ; elapsed = 00:00:00 . Memory (MB): peak = 2903.543 ; gain = 0.000 ; free physical = 504 ; free virtual = 6403

Phase 1.2 IO Placement/ Clock Placement/ Build Placer Device
Phase 1.2 IO Placement/ Clock Placement/ Build Placer Device | Checksum: 16681cf7e

Time (s): cpu = 00:00:00.22 ; elapsed = 00:00:00.1 . Memory (MB): peak = 2903.543 ; gain = 0.000 ; free physical = 500 ; free virtual = 6403

Phase 1.3 Build Placer Netlist Model
Phase 1.3 Build Placer Netlist Model | Checksum: 18cf7ce2d

Time (s): cpu = 00:00:00.33 ; elapsed = 00:00:00.15 . Memory (MB): peak = 2935.559 ; gain = 32.016 ; free physical = 496 ; free virtual = 6401

Phase 1.4 Constrain Clocks/Macros
Phase 1.4 Constrain Clocks/Macros | Checksum: 18cf7ce2d

Time (s): cpu = 00:00:00.33 ; elapsed = 00:00:00.16 . Memory (MB): peak = 2935.559 ; gain = 32.016 ; free physical = 494 ; free virtual = 6399
Phase 1 Placer Initialization | Checksum: 18cf7ce2d

Time (s): cpu = 00:00:00.34 ; elapsed = 00:00:00.16 . Memory (MB): peak = 2935.559 ; gain = 32.016 ; free physical = 488 ; free virtual = 6393

Phase 2 Global Placement

Phase 2.1 Floorplanning
Phase 2.1 Floorplanning | Checksum: 23c8b8036

Time (s): cpu = 00:00:00.43 ; elapsed = 00:00:00.19 . Memory (MB): peak = 2935.559 ; gain = 32.016 ; free physical = 466 ; free virtual = 6371

Phase 2.2 Update Timing before SLR Path Opt
Phase 2.2 Update Timing before SLR Path Opt | Checksum: 1a35f6368

Time (s): cpu = 00:00:00.45 ; elapsed = 00:00:00.2 . Memory (MB): peak = 2935.559 ; gain = 32.016 ; free physical = 465 ; free virtual = 6370

Phase 2.3 Post-Processing in Floorplanning
Phase 2.3 Post-Processing in Floorplanning | Checksum: 1a35f6368

Time (s): cpu = 00:00:00.46 ; elapsed = 00:00:00.2 . Memory (MB): peak = 2935.559 ; gain = 32.016 ; free physical = 465 ; free virtual = 6370

Phase 2.4 Global Place Phase1
Phase 2.4 Global Place Phase1 | Checksum: 1c5586f97

Time (s): cpu = 00:00:00.9 ; elapsed = 00:00:00.32 . Memory (MB): peak = 2935.559 ; gain = 32.016 ; free physical = 427 ; free virtual = 6333

Phase 2.5 Global Place Phase2

Phase 2.5.1 UpdateTiming Before Physical Synthesis
Phase 2.5.1 UpdateTiming Before Physical Synthesis | Checksum: 1c5586f97

Time (s): cpu = 00:00:00.91 ; elapsed = 00:00:00.33 . Memory (MB): peak = 2935.559 ; gain = 32.016 ; free physical = 429 ; free virtual = 6334

Phase 2.5.2 Physical Synthesis In Placer
INFO: [Physopt 32-1044] Break lutnm for timing: one critical 0, two critical 0, total 0, new lutff created 0
INFO: [Physopt 32-1138] End 1 Pass. Optimized 0 net or LUT. Breaked 0 LUT, combined 0 existing LUT and moved 0 existing LUT
INFO: [Physopt 32-65] No nets found for high-fanout optimization.
INFO: [Physopt 32-232] Optimized 0 net. Created 0 new instance.
INFO: [Physopt 32-775] End 1 Pass. Optimized 0 net or cell. Created 0 new cell, deleted 0 existing cell and moved 0 existing cell
INFO: [Physopt 32-670] No setup violation found.  DSP Register Optimization was not performed.
INFO: [Physopt 32-670] No setup violation found.  Shift Register to Pipeline Optimization was not performed.
INFO: [Physopt 32-670] No setup violation found.  Shift Register Optimization was not performed.
INFO: [Physopt 32-670] No setup violation found.  BRAM Register Optimization was not performed.
INFO: [Physopt 32-670] No setup violation found.  URAM Register Optimization was not performed.
INFO: [Physopt 32-949] No candidate nets found for dynamic/static region interface net replication
INFO: [Physopt 32-775] End 1 Pass. Optimized 0 net or cell. Created 0 new cell, deleted 0 existing cell and moved 0 existing cell
Netlist sorting complete. Time (s): cpu = 00:00:00 ; elapsed = 00:00:00 . Memory (MB): peak = 2935.559 ; gain = 0.000 ; free physical = 447 ; free virtual = 6355

Summary of Physical Synthesis Optimizations
============================================


-----------------------------------------------------------------------------------------------------------------------------------------------------------
|  Optimization                                     |  Added Cells  |  Removed Cells  |  Optimized Cells/Nets  |  Dont Touch  |  Iterations  |  Elapsed   |
-----------------------------------------------------------------------------------------------------------------------------------------------------------
|  LUT Combining                                    |            0  |              0  |                     0  |           0  |           1  |  00:00:00  |
|  Retime                                           |            0  |              0  |                     0  |           0  |           1  |  00:00:00  |
|  Very High Fanout                                 |            0  |              0  |                     0  |           0  |           1  |  00:00:00  |
|  DSP Register                                     |            0  |              0  |                     0  |           0  |           0  |  00:00:00  |
|  Shift Register to Pipeline                       |            0  |              0  |                     0  |           0  |           0  |  00:00:00  |
|  Shift Register                                   |            0  |              0  |                     0  |           0  |           0  |  00:00:00  |
|  BRAM Register                                    |            0  |              0  |                     0  |           0  |           0  |  00:00:00  |
|  URAM Register                                    |            0  |              0  |                     0  |           0  |           0  |  00:00:00  |
|  Dynamic/Static Region Interface Net Replication  |            0  |              0  |                     0  |           0  |           1  |  00:00:00  |
|  Total                                            |            0  |              0  |                     0  |           0  |           4  |  00:00:00  |
-----------------------------------------------------------------------------------------------------------------------------------------------------------


Phase 2.5.2 Physical Synthesis In Placer | Checksum: 1c5586f97

Time (s): cpu = 00:00:01 ; elapsed = 00:00:00.46 . Memory (MB): peak = 2935.559 ; gain = 32.016 ; free physical = 447 ; free virtual = 6355
Phase 2.5 Global Place Phase2 | Checksum: 1ae0fd899

Time (s): cpu = 00:00:01 ; elapsed = 00:00:00.5 . Memory (MB): peak = 2935.559 ; gain = 32.016 ; free physical = 446 ; free virtual = 6355
Phase 2 Global Placement | Checksum: 1ae0fd899

Time (s): cpu = 00:00:01 ; elapsed = 00:00:00.5 . Memory (MB): peak = 2935.559 ; gain = 32.016 ; free physical = 446 ; free virtual = 6355

Phase 3 Detail Placement

Phase 3.1 Commit Multi Column Macros
Phase 3.1 Commit Multi Column Macros | Checksum: 1fdbc88c7

Time (s): cpu = 00:00:01 ; elapsed = 00:00:00.51 . Memory (MB): peak = 2935.559 ; gain = 32.016 ; free physical = 444 ; free virtual = 6354

Phase 3.2 Commit Most Macros & LUTRAMs
Phase 3.2 Commit Most Macros & LUTRAMs | Checksum: 21da7a9e9

Time (s): cpu = 00:00:01 ; elapsed = 00:00:00.54 . Memory (MB): peak = 2935.559 ; gain = 32.016 ; free physical = 444 ; free virtual = 6353

Phase 3.3 Area Swap Optimization
Phase 3.3 Area Swap Optimization | Checksum: 16bab9b02

Time (s): cpu = 00:00:01 ; elapsed = 00:00:00.54 . Memory (MB): peak = 2935.559 ; gain = 32.016 ; free physical = 444 ; free virtual = 6353

Phase 3.4 Pipeline Register Optimization
Phase 3.4 Pipeline Register Optimization | Checksum: 2531a0c35

Time (s): cpu = 00:00:01 ; elapsed = 00:00:00.54 . Memory (MB): peak = 2935.559 ; gain = 32.016 ; free physical = 444 ; free virtual = 6353

Phase 3.5 Small Shape Detail Placement
Phase 3.5 Small Shape Detail Placement | Checksum: 227c0e556

Time (s): cpu = 00:00:02 ; elapsed = 00:00:00.62 . Memory (MB): peak = 2935.559 ; gain = 32.016 ; free physical = 439 ; free virtual = 6350

Phase 3.6 Re-assign LUT pins
Phase 3.6 Re-assign LUT pins | Checksum: 201411749

Time (s): cpu = 00:00:02 ; elapsed = 00:00:00.62 . Memory (MB): peak = 2935.559 ; gain = 32.016 ; free physical = 439 ; free virtual = 6350

Phase 3.7 Pipeline Register Optimization
Phase 3.7 Pipeline Register Optimization | Checksum: 227afa816

Time (s): cpu = 00:00:02 ; elapsed = 00:00:00.63 . Memory (MB): peak = 2935.559 ; gain = 32.016 ; free physical = 439 ; free virtual = 6350
Phase 3 Detail Placement | Checksum: 227afa816

Time (s): cpu = 00:00:02 ; elapsed = 00:00:00.63 . Memory (MB): peak = 2935.559 ; gain = 32.016 ; free physical = 439 ; free virtual = 6350

Phase 4 Post Placement Optimization and Clean-Up

Phase 4.1 Post Commit Optimization
INFO: [Timing 38-35] Done setting XDC timing constraints.

Phase 4.1.1 Post Placement Optimization
Post Placement Optimization Initialization | Checksum: 22037c150

Phase 4.1.1.1 BUFG Insertion

Starting Physical Synthesis Task

Phase 1 Physical Synthesis Initialization
INFO: [Physopt 32-721] Multithreading enabled for phys_opt_design using a maximum of 8 CPUs
INFO: [Physopt 32-619] Estimated Timing Summary | WNS=8.170 | TNS=0.000 |
Phase 1 Physical Synthesis Initialization | Checksum: 1b0981903

Time (s): cpu = 00:00:00 ; elapsed = 00:00:00 . Memory (MB): peak = 2935.559 ; gain = 0.000 ; free physical = 439 ; free virtual = 6350
INFO: [Place 46-56] BUFG insertion identified 0 candidate nets. Inserted BUFG: 0, Replicated BUFG Driver: 0, Skipped due to Placement/Routing Conflicts: 0, Skipped due to Timing Degradation: 0, Skipped due to netlist editing failed: 0.
Ending Physical Synthesis Task | Checksum: 184e1ee66

Time (s): cpu = 00:00:00 ; elapsed = 00:00:00 . Memory (MB): peak = 2935.559 ; gain = 0.000 ; free physical = 439 ; free virtual = 6350
Phase 4.1.1.1 BUFG Insertion | Checksum: 22037c150

Time (s): cpu = 00:00:02 ; elapsed = 00:00:00.66 . Memory (MB): peak = 2935.559 ; gain = 32.016 ; free physical = 439 ; free virtual = 6350

Phase 4.1.1.2 Post Placement Timing Optimization
INFO: [Place 30-746] Post Placement Timing Summary WNS=8.170. For the most accurate timing information please run report_timing.
Phase 4.1.1.2 Post Placement Timing Optimization | Checksum: 144a8194f

Time (s): cpu = 00:00:02 ; elapsed = 00:00:00.67 . Memory (MB): peak = 2935.559 ; gain = 32.016 ; free physical = 439 ; free virtual = 6350

Time (s): cpu = 00:00:02 ; elapsed = 00:00:00.67 . Memory (MB): peak = 2935.559 ; gain = 32.016 ; free physical = 439 ; free virtual = 6350
Phase 4.1 Post Commit Optimization | Checksum: 144a8194f

Time (s): cpu = 00:00:02 ; elapsed = 00:00:00.67 . Memory (MB): peak = 2935.559 ; gain = 32.016 ; free physical = 439 ; free virtual = 6350

Phase 4.2 Post Placement Cleanup
Phase 4.2 Post Placement Cleanup | Checksum: 144a8194f

Time (s): cpu = 00:00:02 ; elapsed = 00:00:00.67 . Memory (MB): peak = 2935.559 ; gain = 32.016 ; free physical = 439 ; free virtual = 6350

Phase 4.3 Placer Reporting

Phase 4.3.1 Print Estimated Congestion
INFO: [Place 30-612] Post-Placement Estimated Congestion 
 ____________________________________________________
|           | Global Congestion | Short Congestion  |
| Direction | Region Size       | Region Size       |
|___________|___________________|___________________|
|      North|                1x1|                1x1|
|___________|___________________|___________________|
|      South|                1x1|                1x1|
|___________|___________________|___________________|
|       East|                1x1|                1x1|
|___________|___________________|___________________|
|       West|                1x1|                1x1|
|___________|___________________|___________________|

Phase 4.3.1 Print Estimated Congestion | Checksum: 144a8194f

Time (s): cpu = 00:00:02 ; elapsed = 00:00:00.67 . Memory (MB): peak = 2935.559 ; gain = 32.016 ; free physical = 439 ; free virtual = 6350
Phase 4.3 Placer Reporting | Checksum: 144a8194f

Time (s): cpu = 00:00:02 ; elapsed = 00:00:00.67 . Memory (MB): peak = 2935.559 ; gain = 32.016 ; free physical = 439 ; free virtual = 6350

Phase 4.4 Final Placement Cleanup
Netlist sorting complete. Time (s): cpu = 00:00:00.01 ; elapsed = 00:00:00 . Memory (MB): peak = 2935.559 ; gain = 0.000 ; free physical = 439 ; free virtual = 6350

Time (s): cpu = 00:00:02 ; elapsed = 00:00:00.67 . Memory (MB): peak = 2935.559 ; gain = 32.016 ; free physical = 439 ; free virtual = 6350
Phase 4 Post Placement Optimization and Clean-Up | Checksum: 190f39ded

Time (s): cpu = 00:00:02 ; elapsed = 00:00:00.67 . Memory (MB): peak = 2935.559 ; gain = 32.016 ; free physical = 439 ; free virtual = 6350
Ending Placer Task | Checksum: 18990d4a9

Time (s): cpu = 00:00:02 ; elapsed = 00:00:00.67 . Memory (MB): peak = 2935.559 ; gain = 32.016 ; free physical = 439 ; free virtual = 6350
61 Infos, 0 Warnings, 0 Critical Warnings and 0 Errors encountered.
place_design completed successfully
INFO: [Vivado 12-24838] Running report commands "report_control_sets, report_io, report_utilization" in parallel.
Running report generation with 3 threads.
INFO: [Vivado 12-24828] Executing command : report_control_sets -verbose -file alu_top_control_sets_placed.rpt
report_control_sets: Time (s): cpu = 00:00:00.02 ; elapsed = 00:00:00.08 . Memory (MB): peak = 2935.559 ; gain = 0.000 ; free physical = 409 ; free virtual = 6320
INFO: [Vivado 12-24828] Executing command : report_utilization -file alu_top_utilization_placed.rpt -pb alu_top_utilization_placed.pb
INFO: [Vivado 12-24828] Executing command : report_io -file alu_top_io_placed.rpt
report_io: Time (s): cpu = 00:00:00.09 ; elapsed = 00:00:00.18 . Memory (MB): peak = 2935.559 ; gain = 0.000 ; free physical = 403 ; free virtual = 6314
INFO: [Timing 38-480] Writing timing data to binary archive.
Wrote PlaceDB: Time (s): cpu = 00:00:00 ; elapsed = 00:00:00 . Memory (MB): peak = 2935.559 ; gain = 0.000 ; free physical = 404 ; free virtual = 6315
Write ShapeDB Complete: Time (s): cpu = 00:00:00 ; elapsed = 00:00:00 . Memory (MB): peak = 2935.559 ; gain = 0.000 ; free physical = 404 ; free virtual = 6315
Wrote PulsedLatchDB: Time (s): cpu = 00:00:00 ; elapsed = 00:00:00 . Memory (MB): peak = 2935.559 ; gain = 0.000 ; free physical = 404 ; free virtual = 6315
Writing XDEF routing.
Writing XDEF routing logical nets.
Writing XDEF routing special nets.
Wrote RouteStorage: Time (s): cpu = 00:00:00.02 ; elapsed = 00:00:00.01 . Memory (MB): peak = 2935.559 ; gain = 0.000 ; free physical = 403 ; free virtual = 6315
Wrote PlaceStorage: Time (s): cpu = 00:00:00 ; elapsed = 00:00:00 . Memory (MB): peak = 2935.559 ; gain = 0.000 ; free physical = 403 ; free virtual = 6315
Wrote Netlist Cache: Time (s): cpu = 00:00:00 ; elapsed = 00:00:00 . Memory (MB): peak = 2935.559 ; gain = 0.000 ; free physical = 403 ; free virtual = 6315
Wrote Device Cache: Time (s): cpu = 00:00:00.01 ; elapsed = 00:00:00.01 . Memory (MB): peak = 2935.559 ; gain = 0.000 ; free physical = 403 ; free virtual = 6315
Write Physdb Complete: Time (s): cpu = 00:00:00.03 ; elapsed = 00:00:00.02 . Memory (MB): peak = 2935.559 ; gain = 0.000 ; free physical = 403 ; free virtual = 6315
INFO: [Common 17-1381] The checkpoint '/home/dmas/robot_dreams/robot-dreams-code-fpga/task7-2/task7-2.runs/impl_1/alu_top_placed.dcp' has been generated.
Command: phys_opt_design
Attempting to get a license for feature 'Implementation' and/or device 'xc7z020'
INFO: [Common 17-349] Got license for feature 'Implementation' and/or device 'xc7z020'

Starting Initial Update Timing Task

Time (s): cpu = 00:00:00.01 ; elapsed = 00:00:00.01 . Memory (MB): peak = 2935.559 ; gain = 0.000 ; free physical = 399 ; free virtual = 6311
INFO: [Vivado_Tcl 4-2279] Estimated Timing Summary | WNS= 8.170 | TNS= 0.000 | 
INFO: [Vivado_Tcl 4-383] Design worst setup slack (WNS) is greater than or equal to 0.000 ns. All physical synthesis setup optimizations will be skipped.
INFO: [Vivado_Tcl 4-232] No setup violation found. The netlist was not modified.
INFO: [Common 17-83] Releasing license: Implementation
72 Infos, 0 Warnings, 0 Critical Warnings and 0 Errors encountered.
phys_opt_design completed successfully
INFO: [Timing 38-480] Writing timing data to binary archive.
Wrote PlaceDB: Time (s): cpu = 00:00:00.01 ; elapsed = 00:00:00 . Memory (MB): peak = 2935.559 ; gain = 0.000 ; free physical = 399 ; free virtual = 6311
Write ShapeDB Complete: Time (s): cpu = 00:00:00.01 ; elapsed = 00:00:00 . Memory (MB): peak = 2935.559 ; gain = 0.000 ; free physical = 399 ; free virtual = 6311
Wrote PulsedLatchDB: Time (s): cpu = 00:00:00 ; elapsed = 00:00:00 . Memory (MB): peak = 2935.559 ; gain = 0.000 ; free physical = 399 ; free virtual = 6311
Writing XDEF routing.
Writing XDEF routing logical nets.
Writing XDEF routing special nets.
Wrote RouteStorage: Time (s): cpu = 00:00:00.02 ; elapsed = 00:00:00.02 . Memory (MB): peak = 2935.559 ; gain = 0.000 ; free physical = 399 ; free virtual = 6311
Wrote PlaceStorage: Time (s): cpu = 00:00:00 ; elapsed = 00:00:00 . Memory (MB): peak = 2935.559 ; gain = 0.000 ; free physical = 398 ; free virtual = 6311
Wrote Netlist Cache: Time (s): cpu = 00:00:00 ; elapsed = 00:00:00 . Memory (MB): peak = 2935.559 ; gain = 0.000 ; free physical = 398 ; free virtual = 6311
Wrote Device Cache: Time (s): cpu = 00:00:00.01 ; elapsed = 00:00:00 . Memory (MB): peak = 2935.559 ; gain = 0.000 ; free physical = 398 ; free virtual = 6311
Write Physdb Complete: Time (s): cpu = 00:00:00.04 ; elapsed = 00:00:00.02 . Memory (MB): peak = 2935.559 ; gain = 0.000 ; free physical = 398 ; free virtual = 6311
INFO: [Common 17-1381] The checkpoint '/home/dmas/robot_dreams/robot-dreams-code-fpga/task7-2/task7-2.runs/impl_1/alu_top_physopt.dcp' has been generated.
Command: route_design
Attempting to get a license for feature 'Implementation' and/or device 'xc7z020'
INFO: [Common 17-349] Got license for feature 'Implementation' and/or device 'xc7z020'


Starting Routing Task
INFO: [Route 35-254] Multithreading enabled for route_design using a maximum of 8 CPUs

Phase 1 Build RT Design
Checksum: PlaceDB: a142d3b8 ConstDB: 0 ShapeSum: d2548e01 RouteDB: 15f972f0
Post Restoration Checksum: NetGraph: b6ecb6c4 | NumContArr: 47f8dd3c | Constraints: c2a8fa9d | Timing: c2a8fa9d
Phase 1 Build RT Design | Checksum: 28437893a

Time (s): cpu = 00:00:11 ; elapsed = 00:00:10 . Memory (MB): peak = 2935.559 ; gain = 0.000 ; free physical = 375 ; free virtual = 6288

Phase 2 Router Initialization

Phase 2.1 Fix Topology Constraints
Phase 2.1 Fix Topology Constraints | Checksum: 28437893a

Time (s): cpu = 00:00:11 ; elapsed = 00:00:10 . Memory (MB): peak = 2935.559 ; gain = 0.000 ; free physical = 375 ; free virtual = 6288

Phase 2.2 Pre Route Cleanup
Phase 2.2 Pre Route Cleanup | Checksum: 28437893a

Time (s): cpu = 00:00:11 ; elapsed = 00:00:10 . Memory (MB): peak = 2935.559 ; gain = 0.000 ; free physical = 375 ; free virtual = 6288
 Number of Nodes with overlaps = 0

Phase 2.3 Update Timing
Phase 2.3 Update Timing | Checksum: 339317d8a

Time (s): cpu = 00:00:12 ; elapsed = 00:00:10 . Memory (MB): peak = 2935.559 ; gain = 0.000 ; free physical = 375 ; free virtual = 6289
INFO: [Route 35-416] Intermediate Timing Summary | WNS=8.056  | TNS=0.000  | WHS=-0.159 | THS=-0.518 |


Phase 2.4 Soft Constraint Pins - Fast Budgeting
Phase 2.4 Soft Constraint Pins - Fast Budgeting | Checksum: 2f1b16266

Time (s): cpu = 00:00:12 ; elapsed = 00:00:10 . Memory (MB): peak = 2935.559 ; gain = 0.000 ; free physical = 372 ; free virtual = 6286

Router Utilization Summary
  Global Vertical Routing Utilization    = 0 %
  Global Horizontal Routing Utilization  = 0 %
  Routable Net Status*
  *Does not include unroutable nets such as driverless and loadless.
  Run report_route_status for detailed report.
  Number of Failed Nets               = 31
    (Failed Nets is the sum of unrouted and partially routed nets)
  Number of Unrouted Nets             = 31
  Number of Partially Routed Nets     = 0
  Number of Node Overlaps             = 0

Phase 2 Router Initialization | Checksum: 2f1b16266

Time (s): cpu = 00:00:12 ; elapsed = 00:00:10 . Memory (MB): peak = 2935.559 ; gain = 0.000 ; free physical = 371 ; free virtual = 6285

Phase 3 Global Routing
Phase 3 Global Routing | Checksum: 2f1b16266

Time (s): cpu = 00:00:12 ; elapsed = 00:00:10 . Memory (MB): peak = 2935.559 ; gain = 0.000 ; free physical = 371 ; free virtual = 6286

Phase 4 Initial Routing

Phase 4.1 Initial Net Routing Pass
Phase 4.1 Initial Net Routing Pass | Checksum: 2ce4c0415

Time (s): cpu = 00:00:12 ; elapsed = 00:00:10 . Memory (MB): peak = 2935.559 ; gain = 0.000 ; free physical = 372 ; free virtual = 6286
Phase 4 Initial Routing | Checksum: 2ce4c0415

Time (s): cpu = 00:00:12 ; elapsed = 00:00:10 . Memory (MB): peak = 2935.559 ; gain = 0.000 ; free physical = 372 ; free virtual = 6286

Phase 5 Rip-up And Reroute

Phase 5.1 Global Iteration 0
 Number of Nodes with overlaps = 0
INFO: [Route 35-416] Intermediate Timing Summary | WNS=7.912  | TNS=0.000  | WHS=N/A    | THS=N/A    |

Phase 5.1 Global Iteration 0 | Checksum: 26445e9b3

Time (s): cpu = 00:00:12 ; elapsed = 00:00:10 . Memory (MB): peak = 2935.559 ; gain = 0.000 ; free physical = 372 ; free virtual = 6286
Phase 5 Rip-up And Reroute | Checksum: 26445e9b3

Time (s): cpu = 00:00:12 ; elapsed = 00:00:10 . Memory (MB): peak = 2935.559 ; gain = 0.000 ; free physical = 372 ; free virtual = 6286

Phase 6 Delay and Skew Optimization

Phase 6.1 Delay CleanUp
Phase 6.1 Delay CleanUp | Checksum: 26445e9b3

Time (s): cpu = 00:00:12 ; elapsed = 00:00:10 . Memory (MB): peak = 2935.559 ; gain = 0.000 ; free physical = 372 ; free virtual = 6286

Phase 6.2 Clock Skew Optimization
Phase 6.2 Clock Skew Optimization | Checksum: 26445e9b3

Time (s): cpu = 00:00:12 ; elapsed = 00:00:10 . Memory (MB): peak = 2935.559 ; gain = 0.000 ; free physical = 372 ; free virtual = 6286
Phase 6 Delay and Skew Optimization | Checksum: 26445e9b3

Time (s): cpu = 00:00:12 ; elapsed = 00:00:10 . Memory (MB): peak = 2935.559 ; gain = 0.000 ; free physical = 372 ; free virtual = 6286

Phase 7 Post Hold Fix

Phase 7.1 Hold Fix Iter
INFO: [Route 35-416] Intermediate Timing Summary | WNS=8.043  | TNS=0.000  | WHS=0.141  | THS=0.000  |

Phase 7.1 Hold Fix Iter | Checksum: 2fe37dc3c

Time (s): cpu = 00:00:12 ; elapsed = 00:00:10 . Memory (MB): peak = 2935.559 ; gain = 0.000 ; free physical = 372 ; free virtual = 6286
Phase 7 Post Hold Fix | Checksum: 2fe37dc3c

Time (s): cpu = 00:00:12 ; elapsed = 00:00:10 . Memory (MB): peak = 2935.559 ; gain = 0.000 ; free physical = 372 ; free virtual = 6286

Phase 8 Route finalize

Router Utilization Summary
  Global Vertical Routing Utilization    = 0.00419385 %
  Global Horizontal Routing Utilization  = 0.00414131 %
  Routable Net Status*
  *Does not include unroutable nets such as driverless and loadless.
  Run report_route_status for detailed report.
  Number of Failed Nets               = 0
    (Failed Nets is the sum of unrouted and partially routed nets)
  Number of Unrouted Nets             = 0
  Number of Partially Routed Nets     = 0
  Number of Node Overlaps             = 0

Phase 8 Route finalize | Checksum: 2fe37dc3c

Time (s): cpu = 00:00:12 ; elapsed = 00:00:10 . Memory (MB): peak = 2935.559 ; gain = 0.000 ; free physical = 372 ; free virtual = 6287

Phase 9 Verifying routed nets

 Verification completed successfully
Phase 9 Verifying routed nets | Checksum: 2fe37dc3c

Time (s): cpu = 00:00:12 ; elapsed = 00:00:10 . Memory (MB): peak = 2935.559 ; gain = 0.000 ; free physical = 372 ; free virtual = 6287

Phase 10 Depositing Routes
Phase 10 Depositing Routes | Checksum: 2a4f14895

Time (s): cpu = 00:00:12 ; elapsed = 00:00:10 . Memory (MB): peak = 2935.559 ; gain = 0.000 ; free physical = 370 ; free virtual = 6285

Phase 11 Post Process Routing
Phase 11 Post Process Routing | Checksum: 2a4f14895

Time (s): cpu = 00:00:12 ; elapsed = 00:00:10 . Memory (MB): peak = 2935.559 ; gain = 0.000 ; free physical = 370 ; free virtual = 6285

Phase 12 Post Router Timing
INFO: [Route 35-57] Estimated Timing Summary | WNS=8.043  | TNS=0.000  | WHS=0.141  | THS=0.000  |

INFO: [Route 35-327] The final timing numbers are based on the router estimated timing analysis. For a complete and accurate timing signoff, please run report_timing_summary.
Phase 12 Post Router Timing | Checksum: 2a4f14895

Time (s): cpu = 00:00:12 ; elapsed = 00:00:10 . Memory (MB): peak = 2935.559 ; gain = 0.000 ; free physical = 370 ; free virtual = 6285
Total Elapsed time in route_design: 9.95 secs

Phase 13 Post-Route Event Processing
Phase 13 Post-Route Event Processing | Checksum: 254b819d3

Time (s): cpu = 00:00:12 ; elapsed = 00:00:10 . Memory (MB): peak = 2935.559 ; gain = 0.000 ; free physical = 370 ; free virtual = 6285
INFO: [Route 35-16] Router Completed Successfully
Ending Routing Task | Checksum: 254b819d3

Time (s): cpu = 00:00:12 ; elapsed = 00:00:10 . Memory (MB): peak = 2935.559 ; gain = 0.000 ; free physical = 370 ; free virtual = 6285

Routing Is Done.
INFO: [Common 17-83] Releasing license: Implementation
83 Infos, 0 Warnings, 0 Critical Warnings and 0 Errors encountered.
route_design completed successfully
route_design: Time (s): cpu = 00:00:12 ; elapsed = 00:00:10 . Memory (MB): peak = 2935.559 ; gain = 0.000 ; free physical = 370 ; free virtual = 6285
INFO: [Vivado 12-24828] Executing command : report_drc -file alu_top_drc_routed.rpt -pb alu_top_drc_routed.pb -rpx alu_top_drc_routed.rpx
Command: report_drc -file alu_top_drc_routed.rpt -pb alu_top_drc_routed.pb -rpx alu_top_drc_routed.rpx
INFO: [IP_Flow 19-1839] IP Catalog is up to date.
INFO: [DRC 23-27] Running DRC with 8 threads
INFO: [Vivado_Tcl 2-168] The results of DRC are in file /home/dmas/robot_dreams/robot-dreams-code-fpga/task7-2/task7-2.runs/impl_1/alu_top_drc_routed.rpt.
report_drc completed successfully
INFO: [Vivado 12-24828] Executing command : report_methodology -file alu_top_methodology_drc_routed.rpt -pb alu_top_methodology_drc_routed.pb -rpx alu_top_methodology_drc_routed.rpx
Command: report_methodology -file alu_top_methodology_drc_routed.rpt -pb alu_top_methodology_drc_routed.pb -rpx alu_top_methodology_drc_routed.rpx
INFO: [Timing 38-35] Done setting XDC timing constraints.
INFO: [DRC 23-133] Running Methodology with 8 threads
INFO: [Vivado_Tcl 2-1520] The results of Report Methodology are in file /home/dmas/robot_dreams/robot-dreams-code-fpga/task7-2/task7-2.runs/impl_1/alu_top_methodology_drc_routed.rpt.
report_methodology completed successfully
INFO: [Vivado 12-24828] Executing command : report_timing_summary -max_paths 10 -routable_nets -report_unconstrained -file alu_top_timing_summary_routed.rpt -pb alu_top_timing_summary_routed.pb -rpx alu_top_timing_summary_routed.rpx -warn_on_violation 
INFO: [Timing 38-35] Done setting XDC timing constraints.
INFO: [Timing 38-91] UpdateTimingParams: Speed grade: -2, Delay Type: min_max.
INFO: [Timing 38-191] Multithreading enabled for timing update using a maximum of 8 CPUs
INFO: [Vivado 12-24838] Running report commands "report_bus_skew, report_incremental_reuse, report_route_status" in parallel.
Running report generation with 3 threads.
INFO: [Vivado 12-24828] Executing command : report_route_status -file alu_top_route_status.rpt -pb alu_top_route_status.pb
INFO: [Vivado 12-24828] Executing command : report_incremental_reuse -file alu_top_incremental_reuse_routed.rpt
INFO: [Vivado_Tcl 4-1062] Incremental flow is disabled. No incremental reuse Info to report.
INFO: [Vivado 12-24828] Executing command : report_bus_skew -warn_on_violation -file alu_top_bus_skew_routed.rpt -pb alu_top_bus_skew_routed.pb -rpx alu_top_bus_skew_routed.rpx
INFO: [Timing 38-91] UpdateTimingParams: Speed grade: -2, Delay Type: min_max.
INFO: [Timing 38-191] Multithreading enabled for timing update using a maximum of 8 CPUs
INFO: [Vivado 12-24828] Executing command : report_power -file alu_top_power_routed.rpt -pb alu_top_power_summary_routed.pb -rpx alu_top_power_routed.rpx
Command: report_power -file alu_top_power_routed.rpt -pb alu_top_power_summary_routed.pb -rpx alu_top_power_routed.rpx
Running Vector-less Activity Propagation...

Finished Running Vector-less Activity Propagation
103 Infos, 0 Warnings, 0 Critical Warnings and 0 Errors encountered.
report_power completed successfully
INFO: [Vivado 12-24828] Executing command : report_clock_utilization -file alu_top_clock_utilization_routed.rpt
INFO: [Timing 38-480] Writing timing data to binary archive.
Write ShapeDB Complete: Time (s): cpu = 00:00:00 ; elapsed = 00:00:00 . Memory (MB): peak = 2966.680 ; gain = 0.000 ; free physical = 339 ; free virtual = 6256
Wrote PlaceDB: Time (s): cpu = 00:00:00 ; elapsed = 00:00:00 . Memory (MB): peak = 2966.680 ; gain = 0.000 ; free physical = 339 ; free virtual = 6256
Wrote PulsedLatchDB: Time (s): cpu = 00:00:00 ; elapsed = 00:00:00 . Memory (MB): peak = 2966.680 ; gain = 0.000 ; free physical = 339 ; free virtual = 6256
Writing XDEF routing.
Writing XDEF routing logical nets.
Writing XDEF routing special nets.
Wrote RouteStorage: Time (s): cpu = 00:00:00.02 ; elapsed = 00:00:00.01 . Memory (MB): peak = 2966.680 ; gain = 0.000 ; free physical = 335 ; free virtual = 6252
Wrote PlaceStorage: Time (s): cpu = 00:00:00 ; elapsed = 00:00:00 . Memory (MB): peak = 2966.680 ; gain = 0.000 ; free physical = 335 ; free virtual = 6252
Wrote Netlist Cache: Time (s): cpu = 00:00:00 ; elapsed = 00:00:00 . Memory (MB): peak = 2966.680 ; gain = 0.000 ; free physical = 335 ; free virtual = 6252
Wrote Device Cache: Time (s): cpu = 00:00:00.01 ; elapsed = 00:00:00.01 . Memory (MB): peak = 2966.680 ; gain = 0.000 ; free physical = 335 ; free virtual = 6252
Write Physdb Complete: Time (s): cpu = 00:00:00.03 ; elapsed = 00:00:00.02 . Memory (MB): peak = 2966.680 ; gain = 0.000 ; free physical = 335 ; free virtual = 6252
INFO: [Common 17-1381] The checkpoint '/home/dmas/robot_dreams/robot-dreams-code-fpga/task7-2/task7-2.runs/impl_1/alu_top_routed.dcp' has been generated.
INFO: [Common 17-206] Exiting Vivado at Sat Sep 19 16:04:24 2026...
