
*** Running vivado
    with args -log design_1_wrapper.vdi -applog -m64 -product Vivado -messageDb vivado.pb -mode batch -source design_1_wrapper.tcl -notrace


****** Vivado v2025.2 (64-bit)
  **** SW Build 6299465 on Fri Nov 14 12:34:56 MST 2025
  **** IP Build 6300035 on Fri Nov 14 10:48:45 MST 2025
  **** SharedData Build 6298862 on Thu Nov 13 04:50:51 MST 2025
  **** Start of session at: Sat Sep 26 13:29:13 2026
    ** Copyright 1986-2022 Xilinx, Inc. All Rights Reserved.
    ** Copyright 2022-2025 Advanced Micro Devices, Inc. All Rights Reserved.

source design_1_wrapper.tcl -notrace
INFO: [IP_Flow 19-234] Refreshing IP repositories
INFO: [IP_Flow 19-1700] Loaded user IP repository '/home/dmas/robot_dreams/robot-dreams-code-fpga/my_ips'.
INFO: [IP_Flow 19-2313] Loaded Vivado IP repository '/home/dmas/Xilinx/vivado_2025_2/2025.2/data/ip'.
Command: link_design -top design_1_wrapper -part xc7z020clg400-1
Design is defaulting to srcset: sources_1
Design is defaulting to constrset: constrs_1
INFO: [Device 21-403] Loading part xc7z020clg400-1
INFO: [Project 1-5699] Read binary netlist with skipMacroContent - 1
INFO: [Project 1-454] Reading design checkpoint '/home/dmas/robot_dreams/robot-dreams-code-fpga/task10-zynq2/task10-zynq2.gen/sources_1/bd/design_1/ip/design_1_axi_gpio_1_0/design_1_axi_gpio_1_0.dcp' for cell 'design_1_i/axi_btns'
INFO: [Project 1-454] Reading design checkpoint '/home/dmas/robot_dreams/robot-dreams-code-fpga/task10-zynq2/task10-zynq2.gen/sources_1/bd/design_1/ip/design_1_axi_gpio_2_0/design_1_axi_gpio_2_0.dcp' for cell 'design_1_i/axi_leds'
INFO: [Project 1-454] Reading design checkpoint '/home/dmas/robot_dreams/robot-dreams-code-fpga/task10-zynq2/task10-zynq2.gen/sources_1/bd/design_1/ip/design_1_axi_smc_0/design_1_axi_smc_0.dcp' for cell 'design_1_i/axi_smc'
INFO: [Project 1-454] Reading design checkpoint '/home/dmas/robot_dreams/robot-dreams-code-fpga/task10-zynq2/task10-zynq2.gen/sources_1/bd/design_1/ip/design_1_axi_gpio_0_0/design_1_axi_gpio_0_0.dcp' for cell 'design_1_i/axi_sws'
INFO: [Project 1-454] Reading design checkpoint '/home/dmas/robot_dreams/robot-dreams-code-fpga/task10-zynq2/task10-zynq2.gen/sources_1/bd/design_1/ip/design_1_axi_timer_0_0/design_1_axi_timer_0_0.dcp' for cell 'design_1_i/axi_timer_0'
INFO: [Project 1-454] Reading design checkpoint '/home/dmas/robot_dreams/robot-dreams-code-fpga/task10-zynq2/task10-zynq2.gen/sources_1/bd/design_1/ip/design_1_processing_system7_0_0/design_1_processing_system7_0_0.dcp' for cell 'design_1_i/processing_system7_0'
INFO: [Project 1-454] Reading design checkpoint '/home/dmas/robot_dreams/robot-dreams-code-fpga/task10-zynq2/task10-zynq2.gen/sources_1/bd/design_1/ip/design_1_rst_ps7_0_50M_0/design_1_rst_ps7_0_50M_0.dcp' for cell 'design_1_i/rst_ps7_0_50M'
Netlist sorting complete. Time (s): cpu = 00:00:00.08 ; elapsed = 00:00:00.08 . Memory (MB): peak = 1827.020 ; gain = 0.000 ; free physical = 9589 ; free virtual = 23738
INFO: [Netlist 29-17] Analyzing 59 Unisim elements for replacement
INFO: [Netlist 29-28] Unisim Transformation completed in 0 CPU seconds
INFO: [Project 1-479] Netlist was created with Vivado 2025.2
INFO: [Project 1-570] Preparing netlist for logic optimization
Parsing XDC File [/home/dmas/robot_dreams/robot-dreams-code-fpga/task10-zynq2/task10-zynq2.gen/sources_1/bd/design_1/ip/design_1_processing_system7_0_0/design_1_processing_system7_0_0.xdc] for cell 'design_1_i/processing_system7_0/inst'
Finished Parsing XDC File [/home/dmas/robot_dreams/robot-dreams-code-fpga/task10-zynq2/task10-zynq2.gen/sources_1/bd/design_1/ip/design_1_processing_system7_0_0/design_1_processing_system7_0_0.xdc] for cell 'design_1_i/processing_system7_0/inst'
Parsing XDC File [/home/dmas/robot_dreams/robot-dreams-code-fpga/task10-zynq2/task10-zynq2.gen/sources_1/bd/design_1/ip/design_1_axi_gpio_0_0/design_1_axi_gpio_0_0_board.xdc] for cell 'design_1_i/axi_sws/U0'
Finished Parsing XDC File [/home/dmas/robot_dreams/robot-dreams-code-fpga/task10-zynq2/task10-zynq2.gen/sources_1/bd/design_1/ip/design_1_axi_gpio_0_0/design_1_axi_gpio_0_0_board.xdc] for cell 'design_1_i/axi_sws/U0'
Parsing XDC File [/home/dmas/robot_dreams/robot-dreams-code-fpga/task10-zynq2/task10-zynq2.gen/sources_1/bd/design_1/ip/design_1_axi_gpio_1_0/design_1_axi_gpio_1_0_board.xdc] for cell 'design_1_i/axi_btns/U0'
Finished Parsing XDC File [/home/dmas/robot_dreams/robot-dreams-code-fpga/task10-zynq2/task10-zynq2.gen/sources_1/bd/design_1/ip/design_1_axi_gpio_1_0/design_1_axi_gpio_1_0_board.xdc] for cell 'design_1_i/axi_btns/U0'
Parsing XDC File [/home/dmas/robot_dreams/robot-dreams-code-fpga/task10-zynq2/task10-zynq2.gen/sources_1/bd/design_1/ip/design_1_axi_gpio_2_0/design_1_axi_gpio_2_0_board.xdc] for cell 'design_1_i/axi_leds/U0'
Finished Parsing XDC File [/home/dmas/robot_dreams/robot-dreams-code-fpga/task10-zynq2/task10-zynq2.gen/sources_1/bd/design_1/ip/design_1_axi_gpio_2_0/design_1_axi_gpio_2_0_board.xdc] for cell 'design_1_i/axi_leds/U0'
Parsing XDC File [/home/dmas/robot_dreams/robot-dreams-code-fpga/task10-zynq2/task10-zynq2.gen/sources_1/bd/design_1/ip/design_1_axi_smc_0/bd_0/ip/ip_1/bd_afc3_psr_aclk_0_board.xdc] for cell 'design_1_i/axi_smc/inst/clk_map/psr_aclk/U0'
Finished Parsing XDC File [/home/dmas/robot_dreams/robot-dreams-code-fpga/task10-zynq2/task10-zynq2.gen/sources_1/bd/design_1/ip/design_1_axi_smc_0/bd_0/ip/ip_1/bd_afc3_psr_aclk_0_board.xdc] for cell 'design_1_i/axi_smc/inst/clk_map/psr_aclk/U0'
Parsing XDC File [/home/dmas/robot_dreams/robot-dreams-code-fpga/task10-zynq2/task10-zynq2.gen/sources_1/bd/design_1/ip/design_1_axi_smc_0/smartconnect.xdc] for cell 'design_1_i/axi_smc/inst'
Finished Parsing XDC File [/home/dmas/robot_dreams/robot-dreams-code-fpga/task10-zynq2/task10-zynq2.gen/sources_1/bd/design_1/ip/design_1_axi_smc_0/smartconnect.xdc] for cell 'design_1_i/axi_smc/inst'
Parsing XDC File [/home/dmas/robot_dreams/robot-dreams-code-fpga/task10-zynq2/task10-zynq2.gen/sources_1/bd/design_1/ip/design_1_rst_ps7_0_50M_0/design_1_rst_ps7_0_50M_0_board.xdc] for cell 'design_1_i/rst_ps7_0_50M/U0'
Finished Parsing XDC File [/home/dmas/robot_dreams/robot-dreams-code-fpga/task10-zynq2/task10-zynq2.gen/sources_1/bd/design_1/ip/design_1_rst_ps7_0_50M_0/design_1_rst_ps7_0_50M_0_board.xdc] for cell 'design_1_i/rst_ps7_0_50M/U0'
Parsing XDC File [/home/dmas/robot_dreams/robot-dreams-code-fpga/task10-zynq2/task10-zynq2.srcs/constrs_1/new/task10-zynq2.xdc]
Finished Parsing XDC File [/home/dmas/robot_dreams/robot-dreams-code-fpga/task10-zynq2/task10-zynq2.srcs/constrs_1/new/task10-zynq2.xdc]
INFO: [Project 1-1714] 77 XPM XDC files have been applied to the design.
INFO: [Opt 31-138] Pushed 0 inverter(s) to 0 load pin(s).
Netlist sorting complete. Time (s): cpu = 00:00:00 ; elapsed = 00:00:00 . Memory (MB): peak = 2567.203 ; gain = 0.000 ; free physical = 9121 ; free virtual = 23284
INFO: [Project 1-111] Unisim Transformation Summary:
No Unisim elements were transformed.

19 Infos, 0 Warnings, 0 Critical Warnings and 0 Errors encountered.
link_design completed successfully
link_design: Time (s): cpu = 00:00:05 ; elapsed = 00:00:06 . Memory (MB): peak = 2567.238 ; gain = 975.797 ; free physical = 9121 ; free virtual = 23284
Command: opt_design
Attempting to get a license for feature 'Implementation' and/or device 'xc7z020'
INFO: [Common 17-349] Got license for feature 'Implementation' and/or device 'xc7z020'
Running DRC as a precondition to command opt_design

Starting DRC Task
INFO: [DRC 23-27] Running DRC with 8 threads
INFO: [Project 1-461] DRC finished with 0 Errors
INFO: [Project 1-462] Please refer to the DRC report (report_drc) for more information.

Time (s): cpu = 00:00:00.67 ; elapsed = 00:00:00.36 . Memory (MB): peak = 2575.555 ; gain = 8.316 ; free physical = 8989 ; free virtual = 23153

Starting Cache Timing Information Task
INFO: [Timing 38-35] Done setting XDC timing constraints.
Ending Cache Timing Information Task | Checksum: 189a82a8a

Time (s): cpu = 00:00:00.11 ; elapsed = 00:00:00.07 . Memory (MB): peak = 2575.555 ; gain = 0.000 ; free physical = 8989 ; free virtual = 23153

Starting Logic Optimization Task

Phase 1 Initialization

Phase 1.1 Core Generation And Design Setup
Phase 1.1 Core Generation And Design Setup | Checksum: 189a82a8a

Time (s): cpu = 00:00:00 ; elapsed = 00:00:00 . Memory (MB): peak = 2919.367 ; gain = 0.000 ; free physical = 8672 ; free virtual = 22836

Phase 1.2 Setup Constraints And Sort Netlist
Phase 1.2 Setup Constraints And Sort Netlist | Checksum: 189a82a8a

Time (s): cpu = 00:00:00.01 ; elapsed = 00:00:00.01 . Memory (MB): peak = 2919.367 ; gain = 0.000 ; free physical = 8672 ; free virtual = 22836
Phase 1 Initialization | Checksum: 189a82a8a

Time (s): cpu = 00:00:00.01 ; elapsed = 00:00:00.01 . Memory (MB): peak = 2919.367 ; gain = 0.000 ; free physical = 8672 ; free virtual = 22836

Phase 2 Timer Update And Timing Data Collection

Phase 2.1 Detect if minReqCache needed
Phase 2.1 Detect if minReqCache needed | Checksum: 189a82a8a

Time (s): cpu = 00:00:00.01 ; elapsed = 00:00:00.02 . Memory (MB): peak = 2922.336 ; gain = 2.969 ; free physical = 8665 ; free virtual = 22828

Phase 2.2 Timer Update
Phase 2.2 Timer Update | Checksum: 189a82a8a

Time (s): cpu = 00:00:00.06 ; elapsed = 00:00:00.03 . Memory (MB): peak = 2922.336 ; gain = 2.969 ; free physical = 8665 ; free virtual = 22828

Phase 2.3 Timing Data Collection
Phase 2.3 Timing Data Collection | Checksum: 189a82a8a

Time (s): cpu = 00:00:00.06 ; elapsed = 00:00:00.04 . Memory (MB): peak = 2922.336 ; gain = 2.969 ; free physical = 8665 ; free virtual = 22828
Phase 2 Timer Update And Timing Data Collection | Checksum: 189a82a8a

Time (s): cpu = 00:00:00.06 ; elapsed = 00:00:00.04 . Memory (MB): peak = 2922.336 ; gain = 2.969 ; free physical = 8665 ; free virtual = 22828

Phase 3 Retarget
INFO: [Opt 31-1851] Number of loadless carry chains removed were: 0
INFO: [Opt 31-1834] Total Chains To Be Transformed Were: 0 AND Number of Transformed insts Created are: 0
INFO: [Opt 31-138] Pushed 5 inverter(s) to 21 load pin(s).
INFO: [Opt 31-49] Retargeted 0 cell(s).
Phase 3 Retarget | Checksum: 24a7a964e

Time (s): cpu = 00:00:00.14 ; elapsed = 00:00:00.09 . Memory (MB): peak = 2922.336 ; gain = 2.969 ; free physical = 8665 ; free virtual = 22829
Retarget | Checksum: 24a7a964e
INFO: [Opt 31-389] Phase Retarget created 6 cells and removed 36 cells
INFO: [Opt 31-1021] In phase Retarget, 126 netlist objects are constrained preventing optimization. Please run opt_design with -debug_log to get more detail. 

Phase 4 Constant propagation
INFO: [Opt 31-138] Pushed 0 inverter(s) to 0 load pin(s).
Phase 4 Constant propagation | Checksum: 2ad1bf878

Time (s): cpu = 00:00:00.16 ; elapsed = 00:00:00.11 . Memory (MB): peak = 2922.336 ; gain = 2.969 ; free physical = 8665 ; free virtual = 22829
Constant propagation | Checksum: 2ad1bf878
INFO: [Opt 31-389] Phase Constant propagation created 45 cells and removed 85 cells
INFO: [Opt 31-1021] In phase Constant propagation, 120 netlist objects are constrained preventing optimization. Please run opt_design with -debug_log to get more detail. 

Phase 5 Sweep
INFO: [Constraints 18-11670] Building netlist checker database with flags, 0x8
Done building netlist checker database: Time (s): cpu = 00:00:00 ; elapsed = 00:00:00 . Memory (MB): peak = 2922.336 ; gain = 0.000 ; free physical = 8665 ; free virtual = 22829
INFO: [Constraints 18-11670] Building netlist checker database with flags, 0x8
Done building netlist checker database: Time (s): cpu = 00:00:00 ; elapsed = 00:00:00 . Memory (MB): peak = 2922.336 ; gain = 0.000 ; free physical = 8665 ; free virtual = 22829
Phase 5 Sweep | Checksum: 1d8023eb3

Time (s): cpu = 00:00:00.41 ; elapsed = 00:00:00.36 . Memory (MB): peak = 2922.336 ; gain = 2.969 ; free physical = 8665 ; free virtual = 22829
Sweep | Checksum: 1d8023eb3
INFO: [Opt 31-389] Phase Sweep created 4 cells and removed 239 cells
INFO: [Opt 31-1021] In phase Sweep, 150 netlist objects are constrained preventing optimization. Please run opt_design with -debug_log to get more detail. 

Phase 6 BUFG optimization
Phase 6 BUFG optimization | Checksum: 1d8023eb3

Time (s): cpu = 00:00:00.43 ; elapsed = 00:00:00.38 . Memory (MB): peak = 2954.352 ; gain = 34.984 ; free physical = 8664 ; free virtual = 22828
BUFG optimization | Checksum: 1d8023eb3
INFO: [Opt 31-662] Phase BUFG optimization created 0 cells of which 0 are BUFGs and removed 0 cells.

Phase 7 Shift Register Optimization
INFO: [Opt 31-1064] SRL Remap converted 0 SRLs to 0 registers and converted 0 registers of register chains to 0 SRLs
Phase 7 Shift Register Optimization | Checksum: 1d8023eb3

Time (s): cpu = 00:00:00.44 ; elapsed = 00:00:00.38 . Memory (MB): peak = 2954.352 ; gain = 34.984 ; free physical = 8664 ; free virtual = 22828
Shift Register Optimization | Checksum: 1d8023eb3
INFO: [Opt 31-389] Phase Shift Register Optimization created 0 cells and removed 0 cells

Phase 8 Post Processing Netlist
Phase 8 Post Processing Netlist | Checksum: 208d38f3b

Time (s): cpu = 00:00:00.45 ; elapsed = 00:00:00.39 . Memory (MB): peak = 2954.352 ; gain = 34.984 ; free physical = 8664 ; free virtual = 22828
Post Processing Netlist | Checksum: 208d38f3b
INFO: [Opt 31-389] Phase Post Processing Netlist created 0 cells and removed 0 cells
INFO: [Opt 31-1021] In phase Post Processing Netlist, 145 netlist objects are constrained preventing optimization. Please run opt_design with -debug_log to get more detail. 

Phase 9 Finalization

Phase 9.1 Finalizing Design Cores and Updating Shapes
Phase 9.1 Finalizing Design Cores and Updating Shapes | Checksum: 147eeb73e

Time (s): cpu = 00:00:00.53 ; elapsed = 00:00:00.44 . Memory (MB): peak = 2954.352 ; gain = 34.984 ; free physical = 8664 ; free virtual = 22828

Phase 9.2 Verifying Netlist Connectivity

Starting Connectivity Check Task

Time (s): cpu = 00:00:00 ; elapsed = 00:00:00.01 . Memory (MB): peak = 2954.352 ; gain = 0.000 ; free physical = 8664 ; free virtual = 22828
Phase 9.2 Verifying Netlist Connectivity | Checksum: 147eeb73e

Time (s): cpu = 00:00:00.53 ; elapsed = 00:00:00.45 . Memory (MB): peak = 2954.352 ; gain = 34.984 ; free physical = 8664 ; free virtual = 22828
Phase 9 Finalization | Checksum: 147eeb73e

Time (s): cpu = 00:00:00.53 ; elapsed = 00:00:00.45 . Memory (MB): peak = 2954.352 ; gain = 34.984 ; free physical = 8664 ; free virtual = 22828
Opt_design Change Summary
=========================


-------------------------------------------------------------------------------------------------------------------------
|  Phase                        |  #Cells created  |  #Cells Removed  |  #Constrained objects preventing optimizations  |
-------------------------------------------------------------------------------------------------------------------------
|  Retarget                     |               6  |              36  |                                            126  |
|  Constant propagation         |              45  |              85  |                                            120  |
|  Sweep                        |               4  |             239  |                                            150  |
|  BUFG optimization            |               0  |               0  |                                              0  |
|  Shift Register Optimization  |               0  |               0  |                                              0  |
|  Post Processing Netlist      |               0  |               0  |                                            145  |
-------------------------------------------------------------------------------------------------------------------------


Ending Logic Optimization Task | Checksum: 147eeb73e

Time (s): cpu = 00:00:00.53 ; elapsed = 00:00:00.45 . Memory (MB): peak = 2954.352 ; gain = 34.984 ; free physical = 8664 ; free virtual = 22828

Starting Power Optimization Task
INFO: [Pwropt 34-132] Skipping clock gating for clocks with a period < 2.00 ns.
Ending Power Optimization Task | Checksum: 147eeb73e

Time (s): cpu = 00:00:00 ; elapsed = 00:00:00.01 . Memory (MB): peak = 2954.352 ; gain = 0.000 ; free physical = 8664 ; free virtual = 22828

Starting Final Cleanup Task
Ending Final Cleanup Task | Checksum: 147eeb73e

Time (s): cpu = 00:00:00 ; elapsed = 00:00:00 . Memory (MB): peak = 2954.352 ; gain = 0.000 ; free physical = 8664 ; free virtual = 22828
Netlist sorting complete. Time (s): cpu = 00:00:00 ; elapsed = 00:00:00 . Memory (MB): peak = 2954.352 ; gain = 0.000 ; free physical = 8664 ; free virtual = 22828
INFO: [Common 17-83] Releasing license: Implementation
44 Infos, 0 Warnings, 0 Critical Warnings and 0 Errors encountered.
opt_design completed successfully
INFO: [Vivado 12-24828] Executing command : report_drc -file design_1_wrapper_drc_opted.rpt -pb design_1_wrapper_drc_opted.pb -rpx design_1_wrapper_drc_opted.rpx
Command: report_drc -file design_1_wrapper_drc_opted.rpt -pb design_1_wrapper_drc_opted.pb -rpx design_1_wrapper_drc_opted.rpx
INFO: [IP_Flow 19-1839] IP Catalog is up to date.
INFO: [DRC 23-27] Running DRC with 8 threads
INFO: [Vivado_Tcl 2-168] The results of DRC are in file /home/dmas/robot_dreams/robot-dreams-code-fpga/task10-zynq2/task10-zynq2.runs/impl_1/design_1_wrapper_drc_opted.rpt.
report_drc completed successfully
INFO: [Timing 38-480] Writing timing data to binary archive.
Wrote PlaceDB: Time (s): cpu = 00:00:00 ; elapsed = 00:00:00 . Memory (MB): peak = 2954.352 ; gain = 0.000 ; free physical = 8684 ; free virtual = 22849
Wrote PulsedLatchDB: Time (s): cpu = 00:00:00 ; elapsed = 00:00:00 . Memory (MB): peak = 2954.352 ; gain = 0.000 ; free physical = 8684 ; free virtual = 22849
Writing XDEF routing.
Write ShapeDB Complete: Time (s): cpu = 00:00:00.01 ; elapsed = 00:00:00 . Memory (MB): peak = 2954.352 ; gain = 0.000 ; free physical = 8684 ; free virtual = 22849
Writing XDEF routing logical nets.
Writing XDEF routing special nets.
Wrote RouteStorage: Time (s): cpu = 00:00:00.04 ; elapsed = 00:00:00.01 . Memory (MB): peak = 2954.352 ; gain = 0.000 ; free physical = 8684 ; free virtual = 22849
Wrote PlaceStorage: Time (s): cpu = 00:00:00.02 ; elapsed = 00:00:00 . Memory (MB): peak = 2954.352 ; gain = 0.000 ; free physical = 8683 ; free virtual = 22849
Wrote Netlist Cache: Time (s): cpu = 00:00:00 ; elapsed = 00:00:00 . Memory (MB): peak = 2954.352 ; gain = 0.000 ; free physical = 8683 ; free virtual = 22849
Wrote Device Cache: Time (s): cpu = 00:00:00.02 ; elapsed = 00:00:00.01 . Memory (MB): peak = 2954.352 ; gain = 0.000 ; free physical = 8682 ; free virtual = 22848
Write Physdb Complete: Time (s): cpu = 00:00:00.09 ; elapsed = 00:00:00.02 . Memory (MB): peak = 2954.352 ; gain = 0.000 ; free physical = 8682 ; free virtual = 22848
INFO: [Common 17-1381] The checkpoint '/home/dmas/robot_dreams/robot-dreams-code-fpga/task10-zynq2/task10-zynq2.runs/impl_1/design_1_wrapper_opt.dcp' has been generated.
Command: place_design
Attempting to get a license for feature 'Implementation' and/or device 'xc7z020'
INFO: [Common 17-349] Got license for feature 'Implementation' and/or device 'xc7z020'
INFO: [Common 17-83] Releasing license: Implementation
INFO: [DRC 23-27] Running DRC with 8 threads
INFO: [Vivado_Tcl 4-198] DRC finished with 0 Errors
INFO: [Vivado_Tcl 4-199] Please refer to the DRC report (report_drc) for more information.
INFO: [Timing 38-35] Done setting XDC timing constraints.
Running DRC as a precondition to command place_design
INFO: [DRC 23-27] Running DRC with 8 threads
INFO: [Vivado_Tcl 4-198] DRC finished with 0 Errors
INFO: [Vivado_Tcl 4-199] Please refer to the DRC report (report_drc) for more information.
INFO: [Place 30-611] Multithreading enabled for place_design using a maximum of 8 CPUs

Starting Placer Task

Phase 1 Placer Initialization

Phase 1.1 Placer Initialization Netlist Sorting
Netlist sorting complete. Time (s): cpu = 00:00:00 ; elapsed = 00:00:00 . Memory (MB): peak = 3066.406 ; gain = 0.000 ; free physical = 8656 ; free virtual = 22824
Phase 1.1 Placer Initialization Netlist Sorting | Checksum: 11d7b8535

Time (s): cpu = 00:00:00 ; elapsed = 00:00:00.01 . Memory (MB): peak = 3066.406 ; gain = 0.000 ; free physical = 8656 ; free virtual = 22824
Netlist sorting complete. Time (s): cpu = 00:00:00 ; elapsed = 00:00:00 . Memory (MB): peak = 3066.406 ; gain = 0.000 ; free physical = 8656 ; free virtual = 22824

Phase 1.2 IO Placement/ Clock Placement/ Build Placer Device
Phase 1.2 IO Placement/ Clock Placement/ Build Placer Device | Checksum: 8d9ccdc0

Time (s): cpu = 00:00:00.35 ; elapsed = 00:00:00.21 . Memory (MB): peak = 3066.406 ; gain = 0.000 ; free physical = 8655 ; free virtual = 22827

Phase 1.3 Build Placer Netlist Model
Phase 1.3 Build Placer Netlist Model | Checksum: 14eecac5a

Time (s): cpu = 00:00:00.78 ; elapsed = 00:00:00.41 . Memory (MB): peak = 3066.406 ; gain = 0.000 ; free physical = 8655 ; free virtual = 22828

Phase 1.4 Constrain Clocks/Macros
Phase 1.4 Constrain Clocks/Macros | Checksum: 14eecac5a

Time (s): cpu = 00:00:00.78 ; elapsed = 00:00:00.41 . Memory (MB): peak = 3066.406 ; gain = 0.000 ; free physical = 8655 ; free virtual = 22828
Phase 1 Placer Initialization | Checksum: 14eecac5a

Time (s): cpu = 00:00:00.79 ; elapsed = 00:00:00.42 . Memory (MB): peak = 3066.406 ; gain = 0.000 ; free physical = 8654 ; free virtual = 22827

Phase 2 Global Placement

Phase 2.1 Floorplanning
Phase 2.1 Floorplanning | Checksum: babb9f8d

Time (s): cpu = 00:00:01 ; elapsed = 00:00:00.51 . Memory (MB): peak = 3066.406 ; gain = 0.000 ; free physical = 8607 ; free virtual = 22781

Phase 2.2 Update Timing before SLR Path Opt
Phase 2.2 Update Timing before SLR Path Opt | Checksum: 157f8b9cf

Time (s): cpu = 00:00:01 ; elapsed = 00:00:00.56 . Memory (MB): peak = 3066.406 ; gain = 0.000 ; free physical = 8650 ; free virtual = 22823

Phase 2.3 Post-Processing in Floorplanning
Phase 2.3 Post-Processing in Floorplanning | Checksum: 157f8b9cf

Time (s): cpu = 00:00:01 ; elapsed = 00:00:00.56 . Memory (MB): peak = 3066.406 ; gain = 0.000 ; free physical = 8650 ; free virtual = 22823

Phase 2.4 Global Place Phase1
Phase 2.4 Global Place Phase1 | Checksum: 168c13c69

Time (s): cpu = 00:00:04 ; elapsed = 00:00:01 . Memory (MB): peak = 3066.406 ; gain = 0.000 ; free physical = 8628 ; free virtual = 22805

Phase 2.5 Global Place Phase2

Phase 2.5.1 UpdateTiming Before Physical Synthesis
Phase 2.5.1 UpdateTiming Before Physical Synthesis | Checksum: 168c13c69

Time (s): cpu = 00:00:04 ; elapsed = 00:00:01 . Memory (MB): peak = 3066.406 ; gain = 0.000 ; free physical = 8628 ; free virtual = 22805

Phase 2.5.2 Physical Synthesis In Placer
INFO: [Physopt 32-1035] Found 0 LUTNM shape to break, 107 LUT instances to create LUTNM shape
INFO: [Physopt 32-1044] Break lutnm for timing: one critical 0, two critical 0, total 0, new lutff created 0
INFO: [Physopt 32-1138] End 1 Pass. Optimized 42 nets or LUTs. Breaked 0 LUT, combined 42 existing LUTs and moved 0 existing LUT
INFO: [Physopt 32-65] No nets found for high-fanout optimization.
INFO: [Physopt 32-232] Optimized 0 net. Created 0 new instance.
INFO: [Physopt 32-775] End 1 Pass. Optimized 0 net or cell. Created 0 new cell, deleted 0 existing cell and moved 0 existing cell
INFO: [Physopt 32-670] No setup violation found.  DSP Register Optimization was not performed.
INFO: [Physopt 32-670] No setup violation found.  Shift Register to Pipeline Optimization was not performed.
INFO: [Physopt 32-670] No setup violation found.  Shift Register Optimization was not performed.
INFO: [Physopt 32-670] No setup violation found.  BRAM Register Optimization was not performed.
INFO: [Physopt 32-670] No setup violation found.  URAM Register Optimization was not performed.
INFO: [Physopt 32-949] No candidate nets found for dynamic/static region interface net replication
INFO: [Physopt 32-775] End 1 Pass. Optimized 0 net or cell. Created 0 new cell, deleted 0 existing cell and moved 0 existing cell
Netlist sorting complete. Time (s): cpu = 00:00:00 ; elapsed = 00:00:00 . Memory (MB): peak = 3066.406 ; gain = 0.000 ; free physical = 8616 ; free virtual = 22796

Summary of Physical Synthesis Optimizations
============================================


-----------------------------------------------------------------------------------------------------------------------------------------------------------
|  Optimization                                     |  Added Cells  |  Removed Cells  |  Optimized Cells/Nets  |  Dont Touch  |  Iterations  |  Elapsed   |
-----------------------------------------------------------------------------------------------------------------------------------------------------------
|  LUT Combining                                    |            0  |             42  |                    42  |           0  |           1  |  00:00:00  |
|  Retime                                           |            0  |              0  |                     0  |           0  |           1  |  00:00:00  |
|  Very High Fanout                                 |            0  |              0  |                     0  |           0  |           1  |  00:00:00  |
|  DSP Register                                     |            0  |              0  |                     0  |           0  |           0  |  00:00:00  |
|  Shift Register to Pipeline                       |            0  |              0  |                     0  |           0  |           0  |  00:00:00  |
|  Shift Register                                   |            0  |              0  |                     0  |           0  |           0  |  00:00:00  |
|  BRAM Register                                    |            0  |              0  |                     0  |           0  |           0  |  00:00:00  |
|  URAM Register                                    |            0  |              0  |                     0  |           0  |           0  |  00:00:00  |
|  Dynamic/Static Region Interface Net Replication  |            0  |              0  |                     0  |           0  |           1  |  00:00:00  |
|  Total                                            |            0  |             42  |                    42  |           0  |           4  |  00:00:00  |
-----------------------------------------------------------------------------------------------------------------------------------------------------------


Phase 2.5.2 Physical Synthesis In Placer | Checksum: f37c28ef

Time (s): cpu = 00:00:04 ; elapsed = 00:00:02 . Memory (MB): peak = 3066.406 ; gain = 0.000 ; free physical = 8616 ; free virtual = 22796
Phase 2.5 Global Place Phase2 | Checksum: f02254e7

Time (s): cpu = 00:00:05 ; elapsed = 00:00:02 . Memory (MB): peak = 3066.406 ; gain = 0.000 ; free physical = 8615 ; free virtual = 22796
Phase 2 Global Placement | Checksum: f02254e7

Time (s): cpu = 00:00:05 ; elapsed = 00:00:02 . Memory (MB): peak = 3066.406 ; gain = 0.000 ; free physical = 8615 ; free virtual = 22796

Phase 3 Detail Placement

Phase 3.1 Commit Multi Column Macros
Phase 3.1 Commit Multi Column Macros | Checksum: 1544fde65

Time (s): cpu = 00:00:05 ; elapsed = 00:00:02 . Memory (MB): peak = 3066.406 ; gain = 0.000 ; free physical = 8615 ; free virtual = 22796

Phase 3.2 Commit Most Macros & LUTRAMs
Phase 3.2 Commit Most Macros & LUTRAMs | Checksum: 10cefccce

Time (s): cpu = 00:00:05 ; elapsed = 00:00:02 . Memory (MB): peak = 3066.406 ; gain = 0.000 ; free physical = 8614 ; free virtual = 22796

Phase 3.3 Area Swap Optimization
Phase 3.3 Area Swap Optimization | Checksum: 14725af34

Time (s): cpu = 00:00:05 ; elapsed = 00:00:02 . Memory (MB): peak = 3066.406 ; gain = 0.000 ; free physical = 8614 ; free virtual = 22796

Phase 3.4 Pipeline Register Optimization
Phase 3.4 Pipeline Register Optimization | Checksum: 1207e5f70

Time (s): cpu = 00:00:05 ; elapsed = 00:00:02 . Memory (MB): peak = 3066.406 ; gain = 0.000 ; free physical = 8614 ; free virtual = 22796

Phase 3.5 Small Shape Detail Placement
Phase 3.5 Small Shape Detail Placement | Checksum: 1f859a44e

Time (s): cpu = 00:00:05 ; elapsed = 00:00:02 . Memory (MB): peak = 3066.406 ; gain = 0.000 ; free physical = 8612 ; free virtual = 22794

Phase 3.6 Re-assign LUT pins
Phase 3.6 Re-assign LUT pins | Checksum: 188b9ed5c

Time (s): cpu = 00:00:06 ; elapsed = 00:00:02 . Memory (MB): peak = 3066.406 ; gain = 0.000 ; free physical = 8612 ; free virtual = 22794

Phase 3.7 Pipeline Register Optimization
Phase 3.7 Pipeline Register Optimization | Checksum: 161111ea0

Time (s): cpu = 00:00:06 ; elapsed = 00:00:02 . Memory (MB): peak = 3066.406 ; gain = 0.000 ; free physical = 8612 ; free virtual = 22794
Phase 3 Detail Placement | Checksum: 161111ea0

Time (s): cpu = 00:00:06 ; elapsed = 00:00:02 . Memory (MB): peak = 3066.406 ; gain = 0.000 ; free physical = 8612 ; free virtual = 22794

Phase 4 Post Placement Optimization and Clean-Up

Phase 4.1 Post Commit Optimization
INFO: [Timing 38-35] Done setting XDC timing constraints.

Phase 4.1.1 Post Placement Optimization
Post Placement Optimization Initialization | Checksum: 1c603e897

Phase 4.1.1.1 BUFG Insertion

Starting Physical Synthesis Task

Phase 1 Physical Synthesis Initialization
INFO: [Physopt 32-721] Multithreading enabled for phys_opt_design using a maximum of 8 CPUs
INFO: [Physopt 32-619] Estimated Timing Summary | WNS=12.619 | TNS=0.000 |
Phase 1 Physical Synthesis Initialization | Checksum: 14f475dfd

Time (s): cpu = 00:00:00.05 ; elapsed = 00:00:00.01 . Memory (MB): peak = 3066.406 ; gain = 0.000 ; free physical = 8614 ; free virtual = 22796
INFO: [Place 46-56] BUFG insertion identified 0 candidate nets. Inserted BUFG: 0, Replicated BUFG Driver: 0, Skipped due to Placement/Routing Conflicts: 0, Skipped due to Timing Degradation: 0, Skipped due to netlist editing failed: 0.
Ending Physical Synthesis Task | Checksum: 16c3ef12a

Time (s): cpu = 00:00:00.06 ; elapsed = 00:00:00.02 . Memory (MB): peak = 3066.406 ; gain = 0.000 ; free physical = 8614 ; free virtual = 22795
Phase 4.1.1.1 BUFG Insertion | Checksum: 1c603e897

Time (s): cpu = 00:00:06 ; elapsed = 00:00:03 . Memory (MB): peak = 3066.406 ; gain = 0.000 ; free physical = 8614 ; free virtual = 22795

Phase 4.1.1.2 Post Placement Timing Optimization
INFO: [Place 30-746] Post Placement Timing Summary WNS=12.619. For the most accurate timing information please run report_timing.
Phase 4.1.1.2 Post Placement Timing Optimization | Checksum: 17e3fd329

Time (s): cpu = 00:00:06 ; elapsed = 00:00:03 . Memory (MB): peak = 3066.406 ; gain = 0.000 ; free physical = 8614 ; free virtual = 22795

Time (s): cpu = 00:00:06 ; elapsed = 00:00:03 . Memory (MB): peak = 3066.406 ; gain = 0.000 ; free physical = 8614 ; free virtual = 22795
Phase 4.1 Post Commit Optimization | Checksum: 17e3fd329

Time (s): cpu = 00:00:06 ; elapsed = 00:00:03 . Memory (MB): peak = 3066.406 ; gain = 0.000 ; free physical = 8614 ; free virtual = 22795

Phase 4.2 Post Placement Cleanup
Phase 4.2 Post Placement Cleanup | Checksum: 17e3fd329

Time (s): cpu = 00:00:06 ; elapsed = 00:00:03 . Memory (MB): peak = 3066.406 ; gain = 0.000 ; free physical = 8614 ; free virtual = 22795

Phase 4.3 Placer Reporting

Phase 4.3.1 Print Estimated Congestion
INFO: [Place 30-612] Post-Placement Estimated Congestion 
 ____________________________________________________
|           | Global Congestion | Short Congestion  |
| Direction | Region Size       | Region Size       |
|___________|___________________|___________________|
|      North|                1x1|                1x1|
|___________|___________________|___________________|
|      South|                1x1|                1x1|
|___________|___________________|___________________|
|       East|                1x1|                1x1|
|___________|___________________|___________________|
|       West|                1x1|                1x1|
|___________|___________________|___________________|

Phase 4.3.1 Print Estimated Congestion | Checksum: 17e3fd329

Time (s): cpu = 00:00:06 ; elapsed = 00:00:03 . Memory (MB): peak = 3066.406 ; gain = 0.000 ; free physical = 8614 ; free virtual = 22795
Phase 4.3 Placer Reporting | Checksum: 17e3fd329

Time (s): cpu = 00:00:06 ; elapsed = 00:00:03 . Memory (MB): peak = 3066.406 ; gain = 0.000 ; free physical = 8614 ; free virtual = 22795

Phase 4.4 Final Placement Cleanup
Netlist sorting complete. Time (s): cpu = 00:00:00 ; elapsed = 00:00:00 . Memory (MB): peak = 3066.406 ; gain = 0.000 ; free physical = 8614 ; free virtual = 22795

Time (s): cpu = 00:00:06 ; elapsed = 00:00:03 . Memory (MB): peak = 3066.406 ; gain = 0.000 ; free physical = 8614 ; free virtual = 22795
Phase 4 Post Placement Optimization and Clean-Up | Checksum: 133a00886

Time (s): cpu = 00:00:06 ; elapsed = 00:00:03 . Memory (MB): peak = 3066.406 ; gain = 0.000 ; free physical = 8614 ; free virtual = 22795
Ending Placer Task | Checksum: f72bf47e

Time (s): cpu = 00:00:06 ; elapsed = 00:00:03 . Memory (MB): peak = 3066.406 ; gain = 0.000 ; free physical = 8614 ; free virtual = 22796
79 Infos, 0 Warnings, 0 Critical Warnings and 0 Errors encountered.
place_design completed successfully
INFO: [Vivado 12-24838] Running report commands "report_control_sets, report_io, report_utilization" in parallel.
Running report generation with 3 threads.
INFO: [Vivado 12-24828] Executing command : report_control_sets -verbose -file design_1_wrapper_control_sets_placed.rpt
report_control_sets: Time (s): cpu = 00:00:00.04 ; elapsed = 00:00:00.07 . Memory (MB): peak = 3066.406 ; gain = 0.000 ; free physical = 8599 ; free virtual = 22781
INFO: [Vivado 12-24828] Executing command : report_utilization -file design_1_wrapper_utilization_placed.rpt -pb design_1_wrapper_utilization_placed.pb
INFO: [Vivado 12-24828] Executing command : report_io -file design_1_wrapper_io_placed.rpt
report_io: Time (s): cpu = 00:00:00.11 ; elapsed = 00:00:00.16 . Memory (MB): peak = 3066.406 ; gain = 0.000 ; free physical = 8618 ; free virtual = 22801
INFO: [Timing 38-480] Writing timing data to binary archive.
Wrote PlaceDB: Time (s): cpu = 00:00:00 ; elapsed = 00:00:00 . Memory (MB): peak = 3066.406 ; gain = 0.000 ; free physical = 8634 ; free virtual = 22816
Wrote PulsedLatchDB: Time (s): cpu = 00:00:00 ; elapsed = 00:00:00 . Memory (MB): peak = 3066.406 ; gain = 0.000 ; free physical = 8634 ; free virtual = 22816
Writing XDEF routing.
Write ShapeDB Complete: Time (s): cpu = 00:00:00.02 ; elapsed = 00:00:00 . Memory (MB): peak = 3066.406 ; gain = 0.000 ; free physical = 8634 ; free virtual = 22817
Writing XDEF routing logical nets.
Writing XDEF routing special nets.
Wrote RouteStorage: Time (s): cpu = 00:00:00.06 ; elapsed = 00:00:00.02 . Memory (MB): peak = 3066.406 ; gain = 0.000 ; free physical = 8634 ; free virtual = 22817
Wrote PlaceStorage: Time (s): cpu = 00:00:00.14 ; elapsed = 00:00:00.03 . Memory (MB): peak = 3066.406 ; gain = 0.000 ; free physical = 8629 ; free virtual = 22814
Wrote Netlist Cache: Time (s): cpu = 00:00:00 ; elapsed = 00:00:00.01 . Memory (MB): peak = 3066.406 ; gain = 0.000 ; free physical = 8629 ; free virtual = 22815
Wrote Device Cache: Time (s): cpu = 00:00:00.03 ; elapsed = 00:00:00 . Memory (MB): peak = 3066.406 ; gain = 0.000 ; free physical = 8629 ; free virtual = 22815
Write Physdb Complete: Time (s): cpu = 00:00:00.23 ; elapsed = 00:00:00.06 . Memory (MB): peak = 3066.406 ; gain = 0.000 ; free physical = 8629 ; free virtual = 22815
INFO: [Common 17-1381] The checkpoint '/home/dmas/robot_dreams/robot-dreams-code-fpga/task10-zynq2/task10-zynq2.runs/impl_1/design_1_wrapper_placed.dcp' has been generated.
Command: phys_opt_design
Attempting to get a license for feature 'Implementation' and/or device 'xc7z020'
INFO: [Common 17-349] Got license for feature 'Implementation' and/or device 'xc7z020'

Starting Initial Update Timing Task

Time (s): cpu = 00:00:00.25 ; elapsed = 00:00:00.07 . Memory (MB): peak = 3066.406 ; gain = 0.000 ; free physical = 8611 ; free virtual = 22795
INFO: [Vivado_Tcl 4-2279] Estimated Timing Summary | WNS= 12.619 | TNS= 0.000 | 
INFO: [Vivado_Tcl 4-383] Design worst setup slack (WNS) is greater than or equal to 0.000 ns. All physical synthesis setup optimizations will be skipped.
INFO: [Vivado_Tcl 4-232] No setup violation found. The netlist was not modified.
INFO: [Common 17-83] Releasing license: Implementation
90 Infos, 0 Warnings, 0 Critical Warnings and 0 Errors encountered.
phys_opt_design completed successfully
INFO: [Timing 38-480] Writing timing data to binary archive.
Wrote PlaceDB: Time (s): cpu = 00:00:00 ; elapsed = 00:00:00 . Memory (MB): peak = 3066.406 ; gain = 0.000 ; free physical = 8611 ; free virtual = 22795
Wrote PulsedLatchDB: Time (s): cpu = 00:00:00 ; elapsed = 00:00:00 . Memory (MB): peak = 3066.406 ; gain = 0.000 ; free physical = 8611 ; free virtual = 22795
Writing XDEF routing.
Write ShapeDB Complete: Time (s): cpu = 00:00:00.03 ; elapsed = 00:00:00 . Memory (MB): peak = 3066.406 ; gain = 0.000 ; free physical = 8610 ; free virtual = 22795
Writing XDEF routing logical nets.
Writing XDEF routing special nets.
Wrote RouteStorage: Time (s): cpu = 00:00:00.06 ; elapsed = 00:00:00.01 . Memory (MB): peak = 3066.406 ; gain = 0.000 ; free physical = 8610 ; free virtual = 22795
Wrote PlaceStorage: Time (s): cpu = 00:00:00.14 ; elapsed = 00:00:00.04 . Memory (MB): peak = 3066.406 ; gain = 0.000 ; free physical = 8609 ; free virtual = 22796
Wrote Netlist Cache: Time (s): cpu = 00:00:00.01 ; elapsed = 00:00:00 . Memory (MB): peak = 3066.406 ; gain = 0.000 ; free physical = 8609 ; free virtual = 22796
Wrote Device Cache: Time (s): cpu = 00:00:00.03 ; elapsed = 00:00:00.01 . Memory (MB): peak = 3066.406 ; gain = 0.000 ; free physical = 8608 ; free virtual = 22796
Write Physdb Complete: Time (s): cpu = 00:00:00.26 ; elapsed = 00:00:00.07 . Memory (MB): peak = 3066.406 ; gain = 0.000 ; free physical = 8608 ; free virtual = 22796
INFO: [Common 17-1381] The checkpoint '/home/dmas/robot_dreams/robot-dreams-code-fpga/task10-zynq2/task10-zynq2.runs/impl_1/design_1_wrapper_physopt.dcp' has been generated.
Command: route_design
Attempting to get a license for feature 'Implementation' and/or device 'xc7z020'
INFO: [Common 17-349] Got license for feature 'Implementation' and/or device 'xc7z020'


Starting Routing Task
INFO: [Route 35-254] Multithreading enabled for route_design using a maximum of 8 CPUs

Phase 1 Build RT Design
Checksum: PlaceDB: 1ace7d8a ConstDB: 0 ShapeSum: c6640404 RouteDB: 15f972f0
Post Restoration Checksum: NetGraph: 2b723a12 | NumContArr: 95e58834 | Constraints: c2a8fa9d | Timing: c2a8fa9d
Phase 1 Build RT Design | Checksum: 246a9b780

Time (s): cpu = 00:00:12 ; elapsed = 00:00:10 . Memory (MB): peak = 3066.406 ; gain = 0.000 ; free physical = 8749 ; free virtual = 22933

Phase 2 Router Initialization

Phase 2.1 Fix Topology Constraints
Phase 2.1 Fix Topology Constraints | Checksum: 246a9b780

Time (s): cpu = 00:00:12 ; elapsed = 00:00:10 . Memory (MB): peak = 3066.406 ; gain = 0.000 ; free physical = 8749 ; free virtual = 22934

Phase 2.2 Pre Route Cleanup
Phase 2.2 Pre Route Cleanup | Checksum: 246a9b780

Time (s): cpu = 00:00:12 ; elapsed = 00:00:10 . Memory (MB): peak = 3066.406 ; gain = 0.000 ; free physical = 8749 ; free virtual = 22934
 Number of Nodes with overlaps = 0

Phase 2.3 Update Timing
Phase 2.3 Update Timing | Checksum: 1cf025425

Time (s): cpu = 00:00:12 ; elapsed = 00:00:10 . Memory (MB): peak = 3066.406 ; gain = 0.000 ; free physical = 8751 ; free virtual = 22936
INFO: [Route 35-416] Intermediate Timing Summary | WNS=12.631 | TNS=0.000  | WHS=-0.144 | THS=-28.727|


Phase 2.4 Soft Constraint Pins - Fast Budgeting
Phase 2.4 Soft Constraint Pins - Fast Budgeting | Checksum: 1e28a5abc

Time (s): cpu = 00:00:13 ; elapsed = 00:00:10 . Memory (MB): peak = 3066.406 ; gain = 0.000 ; free physical = 8746 ; free virtual = 22931

Router Utilization Summary
  Global Vertical Routing Utilization    = 0 %
  Global Horizontal Routing Utilization  = 0 %
  Routable Net Status*
  *Does not include unroutable nets such as driverless and loadless.
  Run report_route_status for detailed report.
  Number of Failed Nets               = 2281
    (Failed Nets is the sum of unrouted and partially routed nets)
  Number of Unrouted Nets             = 2281
  Number of Partially Routed Nets     = 0
  Number of Node Overlaps             = 0

Phase 2 Router Initialization | Checksum: 27c9213cd

Time (s): cpu = 00:00:13 ; elapsed = 00:00:10 . Memory (MB): peak = 3066.406 ; gain = 0.000 ; free physical = 8746 ; free virtual = 22931

Phase 3 Global Routing
Phase 3 Global Routing | Checksum: 27c9213cd

Time (s): cpu = 00:00:13 ; elapsed = 00:00:10 . Memory (MB): peak = 3066.406 ; gain = 0.000 ; free physical = 8746 ; free virtual = 22932

Phase 4 Initial Routing

Phase 4.1 Initial Net Routing Pass
Phase 4.1 Initial Net Routing Pass | Checksum: 197755186

Time (s): cpu = 00:00:13 ; elapsed = 00:00:10 . Memory (MB): peak = 3066.406 ; gain = 0.000 ; free physical = 8747 ; free virtual = 22932
Phase 4 Initial Routing | Checksum: 197755186

Time (s): cpu = 00:00:13 ; elapsed = 00:00:10 . Memory (MB): peak = 3066.406 ; gain = 0.000 ; free physical = 8747 ; free virtual = 22932

Phase 5 Rip-up And Reroute

Phase 5.1 Global Iteration 0
 Number of Nodes with overlaps = 111
 Number of Nodes with overlaps = 0
INFO: [Route 35-416] Intermediate Timing Summary | WNS=12.048 | TNS=0.000  | WHS=N/A    | THS=N/A    |

Phase 5.1 Global Iteration 0 | Checksum: 3228dfc18

Time (s): cpu = 00:00:13 ; elapsed = 00:00:10 . Memory (MB): peak = 3066.406 ; gain = 0.000 ; free physical = 8747 ; free virtual = 22933

Phase 5.2 Global Iteration 1
 Number of Nodes with overlaps = 2
 Number of Nodes with overlaps = 0
INFO: [Route 35-416] Intermediate Timing Summary | WNS=12.048 | TNS=0.000  | WHS=N/A    | THS=N/A    |

Phase 5.2 Global Iteration 1 | Checksum: 215ffb884

Time (s): cpu = 00:00:14 ; elapsed = 00:00:10 . Memory (MB): peak = 3066.406 ; gain = 0.000 ; free physical = 8747 ; free virtual = 22933
Phase 5 Rip-up And Reroute | Checksum: 215ffb884

Time (s): cpu = 00:00:14 ; elapsed = 00:00:10 . Memory (MB): peak = 3066.406 ; gain = 0.000 ; free physical = 8747 ; free virtual = 22933

Phase 6 Delay and Skew Optimization

Phase 6.1 Delay CleanUp

Phase 6.1.1 Update Timing
Phase 6.1.1 Update Timing | Checksum: 204c27a09

Time (s): cpu = 00:00:14 ; elapsed = 00:00:10 . Memory (MB): peak = 3066.406 ; gain = 0.000 ; free physical = 8747 ; free virtual = 22933
INFO: [Route 35-416] Intermediate Timing Summary | WNS=12.163 | TNS=0.000  | WHS=N/A    | THS=N/A    |

Phase 6.1 Delay CleanUp | Checksum: 204c27a09

Time (s): cpu = 00:00:14 ; elapsed = 00:00:10 . Memory (MB): peak = 3066.406 ; gain = 0.000 ; free physical = 8747 ; free virtual = 22933

Phase 6.2 Clock Skew Optimization
Phase 6.2 Clock Skew Optimization | Checksum: 204c27a09

Time (s): cpu = 00:00:14 ; elapsed = 00:00:10 . Memory (MB): peak = 3066.406 ; gain = 0.000 ; free physical = 8747 ; free virtual = 22933
Phase 6 Delay and Skew Optimization | Checksum: 204c27a09

Time (s): cpu = 00:00:14 ; elapsed = 00:00:10 . Memory (MB): peak = 3066.406 ; gain = 0.000 ; free physical = 8747 ; free virtual = 22933

Phase 7 Post Hold Fix

Phase 7.1 Hold Fix Iter
INFO: [Route 35-416] Intermediate Timing Summary | WNS=12.163 | TNS=0.000  | WHS=0.085  | THS=0.000  |

Phase 7.1 Hold Fix Iter | Checksum: 253c69f9d

Time (s): cpu = 00:00:14 ; elapsed = 00:00:10 . Memory (MB): peak = 3066.406 ; gain = 0.000 ; free physical = 8747 ; free virtual = 22933
Phase 7 Post Hold Fix | Checksum: 253c69f9d

Time (s): cpu = 00:00:14 ; elapsed = 00:00:10 . Memory (MB): peak = 3066.406 ; gain = 0.000 ; free physical = 8747 ; free virtual = 22933

Phase 8 Route finalize

Router Utilization Summary
  Global Vertical Routing Utilization    = 0.276017 %
  Global Horizontal Routing Utilization  = 0.35404 %
  Routable Net Status*
  *Does not include unroutable nets such as driverless and loadless.
  Run report_route_status for detailed report.
  Number of Failed Nets               = 0
    (Failed Nets is the sum of unrouted and partially routed nets)
  Number of Unrouted Nets             = 0
  Number of Partially Routed Nets     = 0
  Number of Node Overlaps             = 0

Phase 8 Route finalize | Checksum: 253c69f9d

Time (s): cpu = 00:00:14 ; elapsed = 00:00:10 . Memory (MB): peak = 3066.406 ; gain = 0.000 ; free physical = 8747 ; free virtual = 22933

Phase 9 Verifying routed nets

 Verification completed successfully
Phase 9 Verifying routed nets | Checksum: 253c69f9d

Time (s): cpu = 00:00:14 ; elapsed = 00:00:10 . Memory (MB): peak = 3066.406 ; gain = 0.000 ; free physical = 8743 ; free virtual = 22929

Phase 10 Depositing Routes
Phase 10 Depositing Routes | Checksum: 269ad54b4

Time (s): cpu = 00:00:14 ; elapsed = 00:00:11 . Memory (MB): peak = 3066.406 ; gain = 0.000 ; free physical = 8743 ; free virtual = 22928

Phase 11 Post Process Routing
Phase 11 Post Process Routing | Checksum: 269ad54b4

Time (s): cpu = 00:00:14 ; elapsed = 00:00:11 . Memory (MB): peak = 3066.406 ; gain = 0.000 ; free physical = 8743 ; free virtual = 22928

Phase 12 Post Router Timing
INFO: [Route 35-57] Estimated Timing Summary | WNS=12.163 | TNS=0.000  | WHS=0.085  | THS=0.000  |

INFO: [Route 35-327] The final timing numbers are based on the router estimated timing analysis. For a complete and accurate timing signoff, please run report_timing_summary.
Phase 12 Post Router Timing | Checksum: 269ad54b4

Time (s): cpu = 00:00:14 ; elapsed = 00:00:11 . Memory (MB): peak = 3066.406 ; gain = 0.000 ; free physical = 8743 ; free virtual = 22928
Total Elapsed time in route_design: 10.53 secs

Phase 13 Post-Route Event Processing
Phase 13 Post-Route Event Processing | Checksum: 2067dbbca

Time (s): cpu = 00:00:14 ; elapsed = 00:00:11 . Memory (MB): peak = 3066.406 ; gain = 0.000 ; free physical = 8743 ; free virtual = 22928
INFO: [Route 35-16] Router Completed Successfully
Ending Routing Task | Checksum: 2067dbbca

Time (s): cpu = 00:00:14 ; elapsed = 00:00:11 . Memory (MB): peak = 3066.406 ; gain = 0.000 ; free physical = 8743 ; free virtual = 22928

Routing Is Done.
INFO: [Common 17-83] Releasing license: Implementation
103 Infos, 0 Warnings, 0 Critical Warnings and 0 Errors encountered.
route_design completed successfully
route_design: Time (s): cpu = 00:00:14 ; elapsed = 00:00:11 . Memory (MB): peak = 3066.406 ; gain = 0.000 ; free physical = 8743 ; free virtual = 22928
INFO: [Vivado 12-24828] Executing command : report_drc -file design_1_wrapper_drc_routed.rpt -pb design_1_wrapper_drc_routed.pb -rpx design_1_wrapper_drc_routed.rpx
Command: report_drc -file design_1_wrapper_drc_routed.rpt -pb design_1_wrapper_drc_routed.pb -rpx design_1_wrapper_drc_routed.rpx
INFO: [IP_Flow 19-1839] IP Catalog is up to date.
INFO: [DRC 23-27] Running DRC with 8 threads
INFO: [Vivado_Tcl 2-168] The results of DRC are in file /home/dmas/robot_dreams/robot-dreams-code-fpga/task10-zynq2/task10-zynq2.runs/impl_1/design_1_wrapper_drc_routed.rpt.
report_drc completed successfully
INFO: [Vivado 12-24828] Executing command : report_methodology -file design_1_wrapper_methodology_drc_routed.rpt -pb design_1_wrapper_methodology_drc_routed.pb -rpx design_1_wrapper_methodology_drc_routed.rpx
Command: report_methodology -file design_1_wrapper_methodology_drc_routed.rpt -pb design_1_wrapper_methodology_drc_routed.pb -rpx design_1_wrapper_methodology_drc_routed.rpx
INFO: [Timing 38-35] Done setting XDC timing constraints.
INFO: [DRC 23-133] Running Methodology with 8 threads
INFO: [Vivado_Tcl 2-1520] The results of Report Methodology are in file /home/dmas/robot_dreams/robot-dreams-code-fpga/task10-zynq2/task10-zynq2.runs/impl_1/design_1_wrapper_methodology_drc_routed.rpt.
report_methodology completed successfully
INFO: [Vivado 12-24828] Executing command : report_timing_summary -max_paths 10 -routable_nets -report_unconstrained -file design_1_wrapper_timing_summary_routed.rpt -pb design_1_wrapper_timing_summary_routed.pb -rpx design_1_wrapper_timing_summary_routed.rpx -warn_on_violation 
INFO: [Timing 38-35] Done setting XDC timing constraints.
INFO: [Timing 38-91] UpdateTimingParams: Speed grade: -1, Delay Type: min_max.
INFO: [Timing 38-191] Multithreading enabled for timing update using a maximum of 8 CPUs
INFO: [Vivado 12-24838] Running report commands "report_bus_skew, report_incremental_reuse, report_route_status" in parallel.
Running report generation with 3 threads.
INFO: [Vivado 12-24828] Executing command : report_incremental_reuse -file design_1_wrapper_incremental_reuse_routed.rpt
INFO: [Vivado_Tcl 4-1062] Incremental flow is disabled. No incremental reuse Info to report.
INFO: [Vivado 12-24828] Executing command : report_route_status -file design_1_wrapper_route_status.rpt -pb design_1_wrapper_route_status.pb
INFO: [Vivado 12-24828] Executing command : report_bus_skew -warn_on_violation -file design_1_wrapper_bus_skew_routed.rpt -pb design_1_wrapper_bus_skew_routed.pb -rpx design_1_wrapper_bus_skew_routed.rpx
INFO: [Timing 38-91] UpdateTimingParams: Speed grade: -1, Delay Type: min_max.
INFO: [Timing 38-191] Multithreading enabled for timing update using a maximum of 8 CPUs
INFO: [Vivado 12-24828] Executing command : report_power -file design_1_wrapper_power_routed.rpt -pb design_1_wrapper_power_summary_routed.pb -rpx design_1_wrapper_power_routed.rpx
Command: report_power -file design_1_wrapper_power_routed.rpt -pb design_1_wrapper_power_summary_routed.pb -rpx design_1_wrapper_power_routed.rpx
Running Vector-less Activity Propagation...

Finished Running Vector-less Activity Propagation
123 Infos, 0 Warnings, 0 Critical Warnings and 0 Errors encountered.
report_power completed successfully
INFO: [Vivado 12-24828] Executing command : report_clock_utilization -file design_1_wrapper_clock_utilization_routed.rpt
INFO: [Timing 38-480] Writing timing data to binary archive.
Wrote PlaceDB: Time (s): cpu = 00:00:00 ; elapsed = 00:00:00 . Memory (MB): peak = 3066.406 ; gain = 0.000 ; free physical = 8632 ; free virtual = 22820
Wrote PulsedLatchDB: Time (s): cpu = 00:00:00 ; elapsed = 00:00:00 . Memory (MB): peak = 3066.406 ; gain = 0.000 ; free physical = 8632 ; free virtual = 22820
Writing XDEF routing.
Write ShapeDB Complete: Time (s): cpu = 00:00:00.03 ; elapsed = 00:00:00.01 . Memory (MB): peak = 3066.406 ; gain = 0.000 ; free physical = 8632 ; free virtual = 22821
Writing XDEF routing logical nets.
Writing XDEF routing special nets.
Wrote RouteStorage: Time (s): cpu = 00:00:00.11 ; elapsed = 00:00:00.03 . Memory (MB): peak = 3066.406 ; gain = 0.000 ; free physical = 8631 ; free virtual = 22821
Wrote PlaceStorage: Time (s): cpu = 00:00:00.13 ; elapsed = 00:00:00.04 . Memory (MB): peak = 3066.406 ; gain = 0.000 ; free physical = 8630 ; free virtual = 22821
Wrote Netlist Cache: Time (s): cpu = 00:00:00.01 ; elapsed = 00:00:00 . Memory (MB): peak = 3066.406 ; gain = 0.000 ; free physical = 8630 ; free virtual = 22822
Wrote Device Cache: Time (s): cpu = 00:00:00.03 ; elapsed = 00:00:00.01 . Memory (MB): peak = 3066.406 ; gain = 0.000 ; free physical = 8630 ; free virtual = 22823
Write Physdb Complete: Time (s): cpu = 00:00:00.28 ; elapsed = 00:00:00.08 . Memory (MB): peak = 3066.406 ; gain = 0.000 ; free physical = 8630 ; free virtual = 22823
INFO: [Common 17-1381] The checkpoint '/home/dmas/robot_dreams/robot-dreams-code-fpga/task10-zynq2/task10-zynq2.runs/impl_1/design_1_wrapper_routed.dcp' has been generated.
Command: write_bitstream -force design_1_wrapper.bit
Attempting to get a license for feature 'Implementation' and/or device 'xc7z020'
INFO: [Common 17-349] Got license for feature 'Implementation' and/or device 'xc7z020'
Running DRC as a precondition to command write_bitstream
INFO: [IP_Flow 19-1839] IP Catalog is up to date.
INFO: [DRC 23-27] Running DRC with 8 threads
INFO: [Vivado 12-3199] DRC finished with 0 Errors
INFO: [Vivado 12-3200] Please refer to the DRC report (report_drc) for more information.
Integrating Hard IP ELF/MEM with the PDI.
INFO: [Designutils 20-2272] Running write_bitstream with 8 threads.
Loading data files...
Loading site data...
Loading route data...
Processing options...
Creating bitmap...
Creating bitstream...
Writing bitstream ./design_1_wrapper.bit...
INFO: [Vivado 12-1842] Bitgen Completed Successfully.
INFO: [Common 17-83] Releasing license: Implementation
134 Infos, 0 Warnings, 0 Critical Warnings and 0 Errors encountered.
write_bitstream completed successfully
write_bitstream: Time (s): cpu = 00:00:07 ; elapsed = 00:00:24 . Memory (MB): peak = 3234.559 ; gain = 168.152 ; free physical = 8296 ; free virtual = 22496
INFO: [Common 17-206] Exiting Vivado at Sat Sep 26 13:30:07 2026...
