
*** Running vivado
    with args -log design_1_wrapper.vdi -applog -m64 -product Vivado -messageDb vivado.pb -mode batch -source design_1_wrapper.tcl -notrace


****** Vivado v2025.2 (64-bit)
  **** SW Build 6299465 on Fri Nov 14 12:34:56 MST 2025
  **** IP Build 6300035 on Fri Nov 14 10:48:45 MST 2025
  **** SharedData Build 6298862 on Thu Nov 13 04:50:51 MST 2025
  **** Start of session at: Sat Sep 26 19:01:24 2026
    ** Copyright 1986-2022 Xilinx, Inc. All Rights Reserved.
    ** Copyright 2022-2025 Advanced Micro Devices, Inc. All Rights Reserved.

source design_1_wrapper.tcl -notrace
INFO: [IP_Flow 19-234] Refreshing IP repositories
INFO: [IP_Flow 19-1704] No user IP repositories specified
INFO: [IP_Flow 19-2313] Loaded Vivado IP repository '/home/dmas/Xilinx/vivado_2025_2/2025.2/data/ip'.
Command: link_design -top design_1_wrapper -part xc7z020clg400-1
Design is defaulting to srcset: sources_1
Design is defaulting to constrset: constrs_1
INFO: [Device 21-403] Loading part xc7z020clg400-1
INFO: [Project 1-5699] Read binary netlist with skipMacroContent - 1
INFO: [Project 1-454] Reading design checkpoint '/home/dmas/robot_dreams/robot-dreams-code-fpga/task10-microblaze/task10-microblaze.gen/sources_1/bd/design_1/ip/design_1_axi_gpio_2_1/design_1_axi_gpio_2_1.dcp' for cell 'design_1_i/axi_btns'
INFO: [Project 1-454] Reading design checkpoint '/home/dmas/robot_dreams/robot-dreams-code-fpga/task10-microblaze/task10-microblaze.gen/sources_1/bd/design_1/ip/design_1_axi_gpio_1_1/design_1_axi_gpio_1_1.dcp' for cell 'design_1_i/axi_leds'
INFO: [Project 1-454] Reading design checkpoint '/home/dmas/robot_dreams/robot-dreams-code-fpga/task10-microblaze/task10-microblaze.gen/sources_1/bd/design_1/ip/design_1_axi_gpio_0_1/design_1_axi_gpio_0_1.dcp' for cell 'design_1_i/axi_sws'
INFO: [Project 1-454] Reading design checkpoint '/home/dmas/robot_dreams/robot-dreams-code-fpga/task10-microblaze/task10-microblaze.gen/sources_1/bd/design_1/ip/design_1_axi_timer_0_1/design_1_axi_timer_0_1.dcp' for cell 'design_1_i/axi_timer_0'
INFO: [Project 1-454] Reading design checkpoint '/home/dmas/robot_dreams/robot-dreams-code-fpga/task10-microblaze/task10-microblaze.gen/sources_1/bd/design_1/ip/design_1_clk_wiz_1_1/design_1_clk_wiz_1_1.dcp' for cell 'design_1_i/clk_wiz_1'
INFO: [Project 1-454] Reading design checkpoint '/home/dmas/robot_dreams/robot-dreams-code-fpga/task10-microblaze/task10-microblaze.gen/sources_1/bd/design_1/ip/design_1_mdm_1_3/design_1_mdm_1_3.dcp' for cell 'design_1_i/mdm_1'
INFO: [Project 1-454] Reading design checkpoint '/home/dmas/robot_dreams/robot-dreams-code-fpga/task10-microblaze/task10-microblaze.gen/sources_1/bd/design_1/ip/design_1_microblaze_0_3/design_1_microblaze_0_3.dcp' for cell 'design_1_i/microblaze_0'
INFO: [Project 1-454] Reading design checkpoint '/home/dmas/robot_dreams/robot-dreams-code-fpga/task10-microblaze/task10-microblaze.gen/sources_1/bd/design_1/ip/design_1_microblaze_0_axi_intc_2/design_1_microblaze_0_axi_intc_2.dcp' for cell 'design_1_i/microblaze_0_axi_intc'
INFO: [Project 1-454] Reading design checkpoint '/home/dmas/robot_dreams/robot-dreams-code-fpga/task10-microblaze/task10-microblaze.gen/sources_1/bd/design_1/ip/design_1_microblaze_0_axi_periph_2/design_1_microblaze_0_axi_periph_2.dcp' for cell 'design_1_i/microblaze_0_axi_periph'
INFO: [Project 1-454] Reading design checkpoint '/home/dmas/robot_dreams/robot-dreams-code-fpga/task10-microblaze/task10-microblaze.gen/sources_1/bd/design_1/ip/design_1_rst_clk_wiz_1_100M_2/design_1_rst_clk_wiz_1_100M_2.dcp' for cell 'design_1_i/rst_clk_wiz_1_100M'
INFO: [Project 1-454] Reading design checkpoint '/home/dmas/robot_dreams/robot-dreams-code-fpga/task10-microblaze/task10-microblaze.gen/sources_1/bd/design_1/ip/design_1_dlmb_bram_if_cntlr_3/design_1_dlmb_bram_if_cntlr_3.dcp' for cell 'design_1_i/microblaze_0_local_memory/dlmb_bram_if_cntlr'
INFO: [Project 1-454] Reading design checkpoint '/home/dmas/robot_dreams/robot-dreams-code-fpga/task10-microblaze/task10-microblaze.gen/sources_1/bd/design_1/ip/design_1_dlmb_v10_3/design_1_dlmb_v10_3.dcp' for cell 'design_1_i/microblaze_0_local_memory/dlmb_v10'
INFO: [Project 1-454] Reading design checkpoint '/home/dmas/robot_dreams/robot-dreams-code-fpga/task10-microblaze/task10-microblaze.gen/sources_1/bd/design_1/ip/design_1_ilmb_bram_if_cntlr_3/design_1_ilmb_bram_if_cntlr_3.dcp' for cell 'design_1_i/microblaze_0_local_memory/ilmb_bram_if_cntlr'
INFO: [Project 1-454] Reading design checkpoint '/home/dmas/robot_dreams/robot-dreams-code-fpga/task10-microblaze/task10-microblaze.gen/sources_1/bd/design_1/ip/design_1_ilmb_v10_3/design_1_ilmb_v10_3.dcp' for cell 'design_1_i/microblaze_0_local_memory/ilmb_v10'
INFO: [Project 1-454] Reading design checkpoint '/home/dmas/robot_dreams/robot-dreams-code-fpga/task10-microblaze/task10-microblaze.gen/sources_1/bd/design_1/ip/design_1_lmb_bram_3/design_1_lmb_bram_3.dcp' for cell 'design_1_i/microblaze_0_local_memory/lmb_bram'
Netlist sorting complete. Time (s): cpu = 00:00:00.13 ; elapsed = 00:00:00.13 . Memory (MB): peak = 1879.906 ; gain = 0.000 ; free physical = 10019 ; free virtual = 24568
INFO: [Netlist 29-17] Analyzing 343 Unisim elements for replacement
INFO: [Netlist 29-28] Unisim Transformation completed in 0 CPU seconds
INFO: [Project 1-479] Netlist was created with Vivado 2025.2
INFO: [Project 1-570] Preparing netlist for logic optimization
Parsing XDC File [/home/dmas/robot_dreams/robot-dreams-code-fpga/task10-microblaze/task10-microblaze.gen/sources_1/bd/design_1/ip/design_1_microblaze_0_3/design_1_microblaze_0_3.xdc] for cell 'design_1_i/microblaze_0/U0'
Finished Parsing XDC File [/home/dmas/robot_dreams/robot-dreams-code-fpga/task10-microblaze/task10-microblaze.gen/sources_1/bd/design_1/ip/design_1_microblaze_0_3/design_1_microblaze_0_3.xdc] for cell 'design_1_i/microblaze_0/U0'
Parsing XDC File [/home/dmas/robot_dreams/robot-dreams-code-fpga/task10-microblaze/task10-microblaze.gen/sources_1/bd/design_1/ip/design_1_axi_gpio_0_1/design_1_axi_gpio_0_1_board.xdc] for cell 'design_1_i/axi_sws/U0'
Finished Parsing XDC File [/home/dmas/robot_dreams/robot-dreams-code-fpga/task10-microblaze/task10-microblaze.gen/sources_1/bd/design_1/ip/design_1_axi_gpio_0_1/design_1_axi_gpio_0_1_board.xdc] for cell 'design_1_i/axi_sws/U0'
Parsing XDC File [/home/dmas/robot_dreams/robot-dreams-code-fpga/task10-microblaze/task10-microblaze.gen/sources_1/bd/design_1/ip/design_1_axi_gpio_1_1/design_1_axi_gpio_1_1_board.xdc] for cell 'design_1_i/axi_leds/U0'
Finished Parsing XDC File [/home/dmas/robot_dreams/robot-dreams-code-fpga/task10-microblaze/task10-microblaze.gen/sources_1/bd/design_1/ip/design_1_axi_gpio_1_1/design_1_axi_gpio_1_1_board.xdc] for cell 'design_1_i/axi_leds/U0'
Parsing XDC File [/home/dmas/robot_dreams/robot-dreams-code-fpga/task10-microblaze/task10-microblaze.gen/sources_1/bd/design_1/ip/design_1_axi_gpio_2_1/design_1_axi_gpio_2_1_board.xdc] for cell 'design_1_i/axi_btns/U0'
Finished Parsing XDC File [/home/dmas/robot_dreams/robot-dreams-code-fpga/task10-microblaze/task10-microblaze.gen/sources_1/bd/design_1/ip/design_1_axi_gpio_2_1/design_1_axi_gpio_2_1_board.xdc] for cell 'design_1_i/axi_btns/U0'
Parsing XDC File [/home/dmas/robot_dreams/robot-dreams-code-fpga/task10-microblaze/task10-microblaze.gen/sources_1/bd/design_1/ip/design_1_microblaze_0_axi_periph_2/bd_0/ip/ip_1/bd_a633_psr_aclk_0_board.xdc] for cell 'design_1_i/microblaze_0_axi_periph/inst/clk_map/psr_aclk/U0'
Finished Parsing XDC File [/home/dmas/robot_dreams/robot-dreams-code-fpga/task10-microblaze/task10-microblaze.gen/sources_1/bd/design_1/ip/design_1_microblaze_0_axi_periph_2/bd_0/ip/ip_1/bd_a633_psr_aclk_0_board.xdc] for cell 'design_1_i/microblaze_0_axi_periph/inst/clk_map/psr_aclk/U0'
Parsing XDC File [/home/dmas/robot_dreams/robot-dreams-code-fpga/task10-microblaze/task10-microblaze.gen/sources_1/bd/design_1/ip/design_1_microblaze_0_axi_periph_2/smartconnect.xdc] for cell 'design_1_i/microblaze_0_axi_periph/inst'
Finished Parsing XDC File [/home/dmas/robot_dreams/robot-dreams-code-fpga/task10-microblaze/task10-microblaze.gen/sources_1/bd/design_1/ip/design_1_microblaze_0_axi_periph_2/smartconnect.xdc] for cell 'design_1_i/microblaze_0_axi_periph/inst'
Parsing XDC File [/home/dmas/robot_dreams/robot-dreams-code-fpga/task10-microblaze/task10-microblaze.gen/sources_1/bd/design_1/ip/design_1_microblaze_0_axi_intc_2/design_1_microblaze_0_axi_intc_2.xdc] for cell 'design_1_i/microblaze_0_axi_intc/U0'
Finished Parsing XDC File [/home/dmas/robot_dreams/robot-dreams-code-fpga/task10-microblaze/task10-microblaze.gen/sources_1/bd/design_1/ip/design_1_microblaze_0_axi_intc_2/design_1_microblaze_0_axi_intc_2.xdc] for cell 'design_1_i/microblaze_0_axi_intc/U0'
Parsing XDC File [/home/dmas/robot_dreams/robot-dreams-code-fpga/task10-microblaze/task10-microblaze.gen/sources_1/bd/design_1/ip/design_1_clk_wiz_1_1/design_1_clk_wiz_1_1_board.xdc] for cell 'design_1_i/clk_wiz_1/inst'
Finished Parsing XDC File [/home/dmas/robot_dreams/robot-dreams-code-fpga/task10-microblaze/task10-microblaze.gen/sources_1/bd/design_1/ip/design_1_clk_wiz_1_1/design_1_clk_wiz_1_1_board.xdc] for cell 'design_1_i/clk_wiz_1/inst'
Parsing XDC File [/home/dmas/robot_dreams/robot-dreams-code-fpga/task10-microblaze/task10-microblaze.gen/sources_1/bd/design_1/ip/design_1_clk_wiz_1_1/design_1_clk_wiz_1_1.xdc] for cell 'design_1_i/clk_wiz_1/inst'
INFO: [Timing 38-35] Done setting XDC timing constraints. [/home/dmas/robot_dreams/robot-dreams-code-fpga/task10-microblaze/task10-microblaze.gen/sources_1/bd/design_1/ip/design_1_clk_wiz_1_1/design_1_clk_wiz_1_1.xdc:54]
INFO: [Timing 38-2] Deriving generated clocks [/home/dmas/robot_dreams/robot-dreams-code-fpga/task10-microblaze/task10-microblaze.gen/sources_1/bd/design_1/ip/design_1_clk_wiz_1_1/design_1_clk_wiz_1_1.xdc:54]
Finished Parsing XDC File [/home/dmas/robot_dreams/robot-dreams-code-fpga/task10-microblaze/task10-microblaze.gen/sources_1/bd/design_1/ip/design_1_clk_wiz_1_1/design_1_clk_wiz_1_1.xdc] for cell 'design_1_i/clk_wiz_1/inst'
Parsing XDC File [/home/dmas/robot_dreams/robot-dreams-code-fpga/task10-microblaze/task10-microblaze.gen/sources_1/bd/design_1/ip/design_1_rst_clk_wiz_1_100M_2/design_1_rst_clk_wiz_1_100M_2_board.xdc] for cell 'design_1_i/rst_clk_wiz_1_100M/U0'
Finished Parsing XDC File [/home/dmas/robot_dreams/robot-dreams-code-fpga/task10-microblaze/task10-microblaze.gen/sources_1/bd/design_1/ip/design_1_rst_clk_wiz_1_100M_2/design_1_rst_clk_wiz_1_100M_2_board.xdc] for cell 'design_1_i/rst_clk_wiz_1_100M/U0'
Parsing XDC File [/home/dmas/robot_dreams/robot-dreams-code-fpga/task10-microblaze/task10-microblaze.srcs/constrs_1/new/task10-microblaze.xdc]
Finished Parsing XDC File [/home/dmas/robot_dreams/robot-dreams-code-fpga/task10-microblaze/task10-microblaze.srcs/constrs_1/new/task10-microblaze.xdc]
Parsing XDC File [/home/dmas/robot_dreams/robot-dreams-code-fpga/task10-microblaze/task10-microblaze.gen/sources_1/bd/design_1/ip/design_1_microblaze_0_axi_intc_2/design_1_microblaze_0_axi_intc_2_clocks.xdc] for cell 'design_1_i/microblaze_0_axi_intc/U0'
Finished Parsing XDC File [/home/dmas/robot_dreams/robot-dreams-code-fpga/task10-microblaze/task10-microblaze.gen/sources_1/bd/design_1/ip/design_1_microblaze_0_axi_intc_2/design_1_microblaze_0_axi_intc_2_clocks.xdc] for cell 'design_1_i/microblaze_0_axi_intc/U0'
Parsing XDC File [/home/dmas/robot_dreams/robot-dreams-code-fpga/task10-microblaze/task10-microblaze.gen/sources_1/bd/design_1/ip/design_1_mdm_1_3/design_1_mdm_1_3.xdc] for cell 'design_1_i/mdm_1/U0'
Finished Parsing XDC File [/home/dmas/robot_dreams/robot-dreams-code-fpga/task10-microblaze/task10-microblaze.gen/sources_1/bd/design_1/ip/design_1_mdm_1_3/design_1_mdm_1_3.xdc] for cell 'design_1_i/mdm_1/U0'
INFO: [Project 1-1714] 88 XPM XDC files have been applied to the design.
INFO: [Opt 31-138] Pushed 0 inverter(s) to 0 load pin(s).
Generating merged BMM file for the design top 'design_1_wrapper'...
INFO: [Memdata 28-144] Successfully populated the BRAM INIT strings from the following elf files: /home/dmas/robot_dreams/robot-dreams-code-fpga/task10-microblaze/task10-microblaze.gen/sources_1/bd/design_1/ip/design_1_microblaze_0_3/data/mb_bootloop_le.elf 
Netlist sorting complete. Time (s): cpu = 00:00:00 ; elapsed = 00:00:00.01 . Memory (MB): peak = 2612.184 ; gain = 0.000 ; free physical = 9469 ; free virtual = 24018
INFO: [Project 1-111] Unisim Transformation Summary:
  A total of 132 instances were transformed.
  IOBUF => IOBUF (IBUF, OBUFT): 4 instances
  LUT6_2 => LUT6_2 (LUT5, LUT6): 80 instances
  RAM16X1D => RAM32X1D (RAMD32(x2)): 32 instances
  RAM32M => RAM32M (RAMD32(x6), RAMS32(x2)): 16 instances

30 Infos, 0 Warnings, 0 Critical Warnings and 0 Errors encountered.
link_design completed successfully
link_design: Time (s): cpu = 00:00:06 ; elapsed = 00:00:06 . Memory (MB): peak = 2612.219 ; gain = 989.367 ; free physical = 9469 ; free virtual = 24018
Command: opt_design
Attempting to get a license for feature 'Implementation' and/or device 'xc7z020'
INFO: [Common 17-349] Got license for feature 'Implementation' and/or device 'xc7z020'
Running DRC as a precondition to command opt_design

Starting DRC Task
INFO: [DRC 23-27] Running DRC with 8 threads
INFO: [Project 1-461] DRC finished with 0 Errors
INFO: [Project 1-462] Please refer to the DRC report (report_drc) for more information.

Time (s): cpu = 00:00:01 ; elapsed = 00:00:00.41 . Memory (MB): peak = 2612.219 ; gain = 0.000 ; free physical = 9418 ; free virtual = 23967

Starting Cache Timing Information Task
INFO: [Timing 38-35] Done setting XDC timing constraints.
Ending Cache Timing Information Task | Checksum: 109d22a10

Time (s): cpu = 00:00:00.21 ; elapsed = 00:00:00.12 . Memory (MB): peak = 2612.219 ; gain = 0.000 ; free physical = 9416 ; free virtual = 23966

Starting Logic Optimization Task

Phase 1 Initialization

Phase 1.1 Core Generation And Design Setup
Phase 1.1 Core Generation And Design Setup | Checksum: 109d22a10

Time (s): cpu = 00:00:00.01 ; elapsed = 00:00:00.01 . Memory (MB): peak = 2962.996 ; gain = 0.000 ; free physical = 9054 ; free virtual = 23603

Phase 1.2 Setup Constraints And Sort Netlist
Phase 1.2 Setup Constraints And Sort Netlist | Checksum: 109d22a10

Time (s): cpu = 00:00:00.02 ; elapsed = 00:00:00.01 . Memory (MB): peak = 2962.996 ; gain = 0.000 ; free physical = 9054 ; free virtual = 23604
Phase 1 Initialization | Checksum: 109d22a10

Time (s): cpu = 00:00:00.02 ; elapsed = 00:00:00.01 . Memory (MB): peak = 2962.996 ; gain = 0.000 ; free physical = 9054 ; free virtual = 23604

Phase 2 Timer Update And Timing Data Collection

Phase 2.1 Detect if minReqCache needed
Phase 2.1 Detect if minReqCache needed | Checksum: 109d22a10

Time (s): cpu = 00:00:00.03 ; elapsed = 00:00:00.03 . Memory (MB): peak = 2965.965 ; gain = 2.969 ; free physical = 9050 ; free virtual = 23599

Phase 2.2 Timer Update
Phase 2.2 Timer Update | Checksum: 109d22a10

Time (s): cpu = 00:00:00.14 ; elapsed = 00:00:00.07 . Memory (MB): peak = 2965.965 ; gain = 2.969 ; free physical = 9049 ; free virtual = 23599

Phase 2.3 Timing Data Collection
Phase 2.3 Timing Data Collection | Checksum: 109d22a10

Time (s): cpu = 00:00:00.15 ; elapsed = 00:00:00.08 . Memory (MB): peak = 2965.965 ; gain = 2.969 ; free physical = 9047 ; free virtual = 23597
Phase 2 Timer Update And Timing Data Collection | Checksum: 109d22a10

Time (s): cpu = 00:00:00.15 ; elapsed = 00:00:00.08 . Memory (MB): peak = 2965.965 ; gain = 2.969 ; free physical = 9047 ; free virtual = 23597

Phase 3 Retarget
INFO: [Opt 31-1851] Number of loadless carry chains removed were: 0
INFO: [Opt 31-1834] Total Chains To Be Transformed Were: 0 AND Number of Transformed insts Created are: 0
INFO: [Opt 31-1566] Pulled 2 inverters resulting in an inversion of 18 pins
INFO: [Opt 31-138] Pushed 6 inverter(s) to 10 load pin(s).
INFO: [Opt 31-49] Retargeted 0 cell(s).
Phase 3 Retarget | Checksum: 129fe6746

Time (s): cpu = 00:00:00.26 ; elapsed = 00:00:00.15 . Memory (MB): peak = 2965.965 ; gain = 2.969 ; free physical = 9047 ; free virtual = 23597
Retarget | Checksum: 129fe6746
INFO: [Opt 31-389] Phase Retarget created 34 cells and removed 63 cells
INFO: [Opt 31-1021] In phase Retarget, 152 netlist objects are constrained preventing optimization. Please run opt_design with -debug_log to get more detail. 

Phase 4 Constant propagation
INFO: [Opt 31-138] Pushed 0 inverter(s) to 0 load pin(s).
Phase 4 Constant propagation | Checksum: 20b30435f

Time (s): cpu = 00:00:00.28 ; elapsed = 00:00:00.18 . Memory (MB): peak = 2965.965 ; gain = 2.969 ; free physical = 9047 ; free virtual = 23597
Constant propagation | Checksum: 20b30435f
INFO: [Opt 31-389] Phase Constant propagation created 9 cells and removed 63 cells
INFO: [Opt 31-1021] In phase Constant propagation, 141 netlist objects are constrained preventing optimization. Please run opt_design with -debug_log to get more detail. 

Phase 5 Sweep
INFO: [Constraints 18-11670] Building netlist checker database with flags, 0x8
Done building netlist checker database: Time (s): cpu = 00:00:00 ; elapsed = 00:00:00.01 . Memory (MB): peak = 2965.965 ; gain = 0.000 ; free physical = 9047 ; free virtual = 23596
INFO: [Constraints 18-11670] Building netlist checker database with flags, 0x8
Done building netlist checker database: Time (s): cpu = 00:00:00 ; elapsed = 00:00:00.01 . Memory (MB): peak = 2965.965 ; gain = 0.000 ; free physical = 9047 ; free virtual = 23597
Phase 5 Sweep | Checksum: 1f6282ac2

Time (s): cpu = 00:00:00.69 ; elapsed = 00:00:00.59 . Memory (MB): peak = 2965.965 ; gain = 2.969 ; free physical = 9047 ; free virtual = 23597
Sweep | Checksum: 1f6282ac2
INFO: [Opt 31-389] Phase Sweep created 0 cells and removed 260 cells
INFO: [Opt 31-1021] In phase Sweep, 176 netlist objects are constrained preventing optimization. Please run opt_design with -debug_log to get more detail. 

Phase 6 BUFG optimization
INFO: [Opt 31-194] Inserted BUFG design_1_i/mdm_1/U0/Use_E2.BSCAN_I/Dbg_Update_0_BUFG_inst to drive 40 load(s) on clock net design_1_i/mdm_1/U0/Use_E2.BSCAN_I/Dbg_Update_0_BUFG
INFO: [Opt 31-193] Inserted 1 BUFG(s) on clock nets
Phase 6 BUFG optimization | Checksum: 170fb22cd

Time (s): cpu = 00:00:00.76 ; elapsed = 00:00:00.63 . Memory (MB): peak = 2997.980 ; gain = 34.984 ; free physical = 9047 ; free virtual = 23596
BUFG optimization | Checksum: 170fb22cd
INFO: [Opt 31-662] Phase BUFG optimization created 1 cells of which 1 are BUFGs and removed 0 cells.

Phase 7 Shift Register Optimization
INFO: [Opt 31-1064] SRL Remap converted 0 SRLs to 0 registers and converted 0 registers of register chains to 0 SRLs
Phase 7 Shift Register Optimization | Checksum: 170fb22cd

Time (s): cpu = 00:00:00.76 ; elapsed = 00:00:00.63 . Memory (MB): peak = 2997.980 ; gain = 34.984 ; free physical = 9047 ; free virtual = 23596
Shift Register Optimization | Checksum: 170fb22cd
INFO: [Opt 31-389] Phase Shift Register Optimization created 0 cells and removed 0 cells

Phase 8 Post Processing Netlist
Phase 8 Post Processing Netlist | Checksum: 170fb22cd

Time (s): cpu = 00:00:00.78 ; elapsed = 00:00:00.65 . Memory (MB): peak = 2997.980 ; gain = 34.984 ; free physical = 9046 ; free virtual = 23596
Post Processing Netlist | Checksum: 170fb22cd
INFO: [Opt 31-389] Phase Post Processing Netlist created 0 cells and removed 0 cells
INFO: [Opt 31-1021] In phase Post Processing Netlist, 171 netlist objects are constrained preventing optimization. Please run opt_design with -debug_log to get more detail. 

Phase 9 Finalization

Phase 9.1 Finalizing Design Cores and Updating Shapes
Phase 9.1 Finalizing Design Cores and Updating Shapes | Checksum: 49b8e9a4

Time (s): cpu = 00:00:00.89 ; elapsed = 00:00:00.72 . Memory (MB): peak = 2997.980 ; gain = 34.984 ; free physical = 9047 ; free virtual = 23597

Phase 9.2 Verifying Netlist Connectivity

Starting Connectivity Check Task

Time (s): cpu = 00:00:00.01 ; elapsed = 00:00:00 . Memory (MB): peak = 2997.980 ; gain = 0.000 ; free physical = 9047 ; free virtual = 23597
Phase 9.2 Verifying Netlist Connectivity | Checksum: 49b8e9a4

Time (s): cpu = 00:00:00.9 ; elapsed = 00:00:00.73 . Memory (MB): peak = 2997.980 ; gain = 34.984 ; free physical = 9047 ; free virtual = 23597
Phase 9 Finalization | Checksum: 49b8e9a4

Time (s): cpu = 00:00:00.9 ; elapsed = 00:00:00.73 . Memory (MB): peak = 2997.980 ; gain = 34.984 ; free physical = 9047 ; free virtual = 23597
Opt_design Change Summary
=========================


-------------------------------------------------------------------------------------------------------------------------
|  Phase                        |  #Cells created  |  #Cells Removed  |  #Constrained objects preventing optimizations  |
-------------------------------------------------------------------------------------------------------------------------
|  Retarget                     |              34  |              63  |                                            152  |
|  Constant propagation         |               9  |              63  |                                            141  |
|  Sweep                        |               0  |             260  |                                            176  |
|  BUFG optimization            |               1  |               0  |                                              0  |
|  Shift Register Optimization  |               0  |               0  |                                              0  |
|  Post Processing Netlist      |               0  |               0  |                                            171  |
-------------------------------------------------------------------------------------------------------------------------


Ending Logic Optimization Task | Checksum: 49b8e9a4

Time (s): cpu = 00:00:00.9 ; elapsed = 00:00:00.73 . Memory (MB): peak = 2997.980 ; gain = 34.984 ; free physical = 9047 ; free virtual = 23597

Starting Power Optimization Task
INFO: [Pwropt 34-132] Skipping clock gating for clocks with a period < 2.00 ns.
INFO: [Timing 38-35] Done setting XDC timing constraints.
Running Vector-less Activity Propagation...
INFO: [Pwropt 34-9] Applying IDT optimizations ...
INFO: [Pwropt 34-10] Applying ODC optimizations ...

Finished Running Vector-less Activity Propagation


Starting PowerOpt Patch Enables Task
INFO: [Pwropt 34-162] WRITE_MODE attribute of 0 BRAM(s) out of a total of 16 has been updated to save power. Run report_power_opt to get a complete listing of the BRAMs updated.
INFO: [Pwropt 34-201] Structural ODC has moved 0 WE to EN ports
Number of BRAM Ports augmented: 0 newly gated: 0 Total Ports: 32
Ending PowerOpt Patch Enables Task | Checksum: 49b8e9a4

Time (s): cpu = 00:00:00.04 ; elapsed = 00:00:00.04 . Memory (MB): peak = 3166.031 ; gain = 0.000 ; free physical = 9015 ; free virtual = 23564
Ending Power Optimization Task | Checksum: 49b8e9a4

Time (s): cpu = 00:00:02 ; elapsed = 00:00:00.78 . Memory (MB): peak = 3166.031 ; gain = 168.051 ; free physical = 9015 ; free virtual = 23564

Starting Final Cleanup Task
Ending Final Cleanup Task | Checksum: 49b8e9a4

Time (s): cpu = 00:00:00 ; elapsed = 00:00:00 . Memory (MB): peak = 3166.031 ; gain = 0.000 ; free physical = 9015 ; free virtual = 23564
Netlist sorting complete. Time (s): cpu = 00:00:00 ; elapsed = 00:00:00.01 . Memory (MB): peak = 3166.031 ; gain = 0.000 ; free physical = 9015 ; free virtual = 23564
INFO: [Common 17-83] Releasing license: Implementation
63 Infos, 0 Warnings, 0 Critical Warnings and 0 Errors encountered.
opt_design completed successfully
INFO: [Vivado 12-24828] Executing command : report_drc -file design_1_wrapper_drc_opted.rpt -pb design_1_wrapper_drc_opted.pb -rpx design_1_wrapper_drc_opted.rpx
Command: report_drc -file design_1_wrapper_drc_opted.rpt -pb design_1_wrapper_drc_opted.pb -rpx design_1_wrapper_drc_opted.rpx
INFO: [IP_Flow 19-1839] IP Catalog is up to date.
INFO: [DRC 23-27] Running DRC with 8 threads
INFO: [Vivado_Tcl 2-168] The results of DRC are in file /home/dmas/robot_dreams/robot-dreams-code-fpga/task10-microblaze/task10-microblaze.runs/impl_1/design_1_wrapper_drc_opted.rpt.
report_drc completed successfully
INFO: [Timing 38-480] Writing timing data to binary archive.
Wrote PlaceDB: Time (s): cpu = 00:00:00 ; elapsed = 00:00:00 . Memory (MB): peak = 3166.031 ; gain = 0.000 ; free physical = 9026 ; free virtual = 23576
Wrote PulsedLatchDB: Time (s): cpu = 00:00:00 ; elapsed = 00:00:00 . Memory (MB): peak = 3166.031 ; gain = 0.000 ; free physical = 9026 ; free virtual = 23576
Writing XDEF routing.
Write ShapeDB Complete: Time (s): cpu = 00:00:00.02 ; elapsed = 00:00:00.01 . Memory (MB): peak = 3166.031 ; gain = 0.000 ; free physical = 9026 ; free virtual = 23576
Writing XDEF routing logical nets.
Writing XDEF routing special nets.
Wrote RouteStorage: Time (s): cpu = 00:00:00.06 ; elapsed = 00:00:00.02 . Memory (MB): peak = 3166.031 ; gain = 0.000 ; free physical = 9026 ; free virtual = 23576
Wrote PlaceStorage: Time (s): cpu = 00:00:00 ; elapsed = 00:00:00 . Memory (MB): peak = 3166.031 ; gain = 0.000 ; free physical = 9026 ; free virtual = 23576
Wrote Netlist Cache: Time (s): cpu = 00:00:00 ; elapsed = 00:00:00 . Memory (MB): peak = 3166.031 ; gain = 0.000 ; free physical = 9026 ; free virtual = 23576
Wrote Device Cache: Time (s): cpu = 00:00:00.02 ; elapsed = 00:00:00.01 . Memory (MB): peak = 3166.031 ; gain = 0.000 ; free physical = 9025 ; free virtual = 23576
Write Physdb Complete: Time (s): cpu = 00:00:00.08 ; elapsed = 00:00:00.03 . Memory (MB): peak = 3166.031 ; gain = 0.000 ; free physical = 9025 ; free virtual = 23576
INFO: [Common 17-1381] The checkpoint '/home/dmas/robot_dreams/robot-dreams-code-fpga/task10-microblaze/task10-microblaze.runs/impl_1/design_1_wrapper_opt.dcp' has been generated.
Command: place_design
Attempting to get a license for feature 'Implementation' and/or device 'xc7z020'
INFO: [Common 17-349] Got license for feature 'Implementation' and/or device 'xc7z020'
INFO: [Common 17-83] Releasing license: Implementation
INFO: [DRC 23-27] Running DRC with 8 threads
INFO: [Vivado_Tcl 4-198] DRC finished with 0 Errors
INFO: [Vivado_Tcl 4-199] Please refer to the DRC report (report_drc) for more information.
INFO: [Timing 38-35] Done setting XDC timing constraints.
Running DRC as a precondition to command place_design
INFO: [DRC 23-27] Running DRC with 8 threads
INFO: [Vivado_Tcl 4-198] DRC finished with 0 Errors
INFO: [Vivado_Tcl 4-199] Please refer to the DRC report (report_drc) for more information.
INFO: [Place 30-611] Multithreading enabled for place_design using a maximum of 8 CPUs

Starting Placer Task

Phase 1 Placer Initialization

Phase 1.1 Placer Initialization Netlist Sorting
Netlist sorting complete. Time (s): cpu = 00:00:00 ; elapsed = 00:00:00.01 . Memory (MB): peak = 3285.195 ; gain = 0.000 ; free physical = 9002 ; free virtual = 23554
Phase 1.1 Placer Initialization Netlist Sorting | Checksum: 2ac160b1

Time (s): cpu = 00:00:00.01 ; elapsed = 00:00:00.01 . Memory (MB): peak = 3285.195 ; gain = 0.000 ; free physical = 9002 ; free virtual = 23554
Netlist sorting complete. Time (s): cpu = 00:00:00 ; elapsed = 00:00:00 . Memory (MB): peak = 3285.195 ; gain = 0.000 ; free physical = 9002 ; free virtual = 23554

Phase 1.2 IO Placement/ Clock Placement/ Build Placer Device
Phase 1.2 IO Placement/ Clock Placement/ Build Placer Device | Checksum: 1486e2af8

Time (s): cpu = 00:00:00.36 ; elapsed = 00:00:00.17 . Memory (MB): peak = 3285.195 ; gain = 0.000 ; free physical = 9002 ; free virtual = 23553

Phase 1.3 Build Placer Netlist Model
Phase 1.3 Build Placer Netlist Model | Checksum: 16c8762f2

Time (s): cpu = 00:00:01 ; elapsed = 00:00:00.6 . Memory (MB): peak = 3285.195 ; gain = 0.000 ; free physical = 8983 ; free virtual = 23535

Phase 1.4 Constrain Clocks/Macros
Phase 1.4 Constrain Clocks/Macros | Checksum: 16c8762f2

Time (s): cpu = 00:00:01 ; elapsed = 00:00:00.61 . Memory (MB): peak = 3285.195 ; gain = 0.000 ; free physical = 8983 ; free virtual = 23535
Phase 1 Placer Initialization | Checksum: 16c8762f2

Time (s): cpu = 00:00:01 ; elapsed = 00:00:00.61 . Memory (MB): peak = 3285.195 ; gain = 0.000 ; free physical = 8983 ; free virtual = 23535

Phase 2 Global Placement

Phase 2.1 Floorplanning
Phase 2.1 Floorplanning | Checksum: 16d9d13eb

Time (s): cpu = 00:00:02 ; elapsed = 00:00:00.77 . Memory (MB): peak = 3285.195 ; gain = 0.000 ; free physical = 8967 ; free virtual = 23518

Phase 2.2 Update Timing before SLR Path Opt
Phase 2.2 Update Timing before SLR Path Opt | Checksum: 13f252fad

Time (s): cpu = 00:00:02 ; elapsed = 00:00:00.86 . Memory (MB): peak = 3285.195 ; gain = 0.000 ; free physical = 9014 ; free virtual = 23566

Phase 2.3 Post-Processing in Floorplanning
Phase 2.3 Post-Processing in Floorplanning | Checksum: 13f252fad

Time (s): cpu = 00:00:02 ; elapsed = 00:00:00.87 . Memory (MB): peak = 3285.195 ; gain = 0.000 ; free physical = 9017 ; free virtual = 23569

Phase 2.4 Global Place Phase1
Phase 2.4 Global Place Phase1 | Checksum: 12e82aee9

Time (s): cpu = 00:00:07 ; elapsed = 00:00:02 . Memory (MB): peak = 3285.195 ; gain = 0.000 ; free physical = 9379 ; free virtual = 23930

Phase 2.5 Global Place Phase2

Phase 2.5.1 UpdateTiming Before Physical Synthesis
Phase 2.5.1 UpdateTiming Before Physical Synthesis | Checksum: 12e82aee9

Time (s): cpu = 00:00:07 ; elapsed = 00:00:02 . Memory (MB): peak = 3285.195 ; gain = 0.000 ; free physical = 9381 ; free virtual = 23932

Phase 2.5.2 Physical Synthesis In Placer
INFO: [Physopt 32-1035] Found 0 LUTNM shape to break, 246 LUT instances to create LUTNM shape
INFO: [Physopt 32-1044] Break lutnm for timing: one critical 0, two critical 0, total 0, new lutff created 0
INFO: [Physopt 32-1138] End 1 Pass. Optimized 97 nets or LUTs. Breaked 0 LUT, combined 97 existing LUTs and moved 0 existing LUT
INFO: [Physopt 32-65] No nets found for high-fanout optimization.
INFO: [Physopt 32-232] Optimized 0 net. Created 0 new instance.
INFO: [Physopt 32-775] End 1 Pass. Optimized 0 net or cell. Created 0 new cell, deleted 0 existing cell and moved 0 existing cell
INFO: [Physopt 32-670] No setup violation found.  DSP Register Optimization was not performed.
INFO: [Physopt 32-670] No setup violation found.  Shift Register to Pipeline Optimization was not performed.
INFO: [Physopt 32-670] No setup violation found.  Shift Register Optimization was not performed.
INFO: [Physopt 32-670] No setup violation found.  BRAM Register Optimization was not performed.
INFO: [Physopt 32-670] No setup violation found.  URAM Register Optimization was not performed.
INFO: [Physopt 32-949] No candidate nets found for dynamic/static region interface net replication
INFO: [Physopt 32-775] End 1 Pass. Optimized 0 net or cell. Created 0 new cell, deleted 0 existing cell and moved 0 existing cell
Netlist sorting complete. Time (s): cpu = 00:00:00 ; elapsed = 00:00:00 . Memory (MB): peak = 3285.195 ; gain = 0.000 ; free physical = 9389 ; free virtual = 23941

Summary of Physical Synthesis Optimizations
============================================


-----------------------------------------------------------------------------------------------------------------------------------------------------------
|  Optimization                                     |  Added Cells  |  Removed Cells  |  Optimized Cells/Nets  |  Dont Touch  |  Iterations  |  Elapsed   |
-----------------------------------------------------------------------------------------------------------------------------------------------------------
|  LUT Combining                                    |            0  |             97  |                    97  |           0  |           1  |  00:00:00  |
|  Retime                                           |            0  |              0  |                     0  |           0  |           1  |  00:00:00  |
|  Very High Fanout                                 |            0  |              0  |                     0  |           0  |           1  |  00:00:00  |
|  DSP Register                                     |            0  |              0  |                     0  |           0  |           0  |  00:00:00  |
|  Shift Register to Pipeline                       |            0  |              0  |                     0  |           0  |           0  |  00:00:00  |
|  Shift Register                                   |            0  |              0  |                     0  |           0  |           0  |  00:00:00  |
|  BRAM Register                                    |            0  |              0  |                     0  |           0  |           0  |  00:00:00  |
|  URAM Register                                    |            0  |              0  |                     0  |           0  |           0  |  00:00:00  |
|  Dynamic/Static Region Interface Net Replication  |            0  |              0  |                     0  |           0  |           1  |  00:00:00  |
|  Total                                            |            0  |             97  |                    97  |           0  |           4  |  00:00:00  |
-----------------------------------------------------------------------------------------------------------------------------------------------------------


Phase 2.5.2 Physical Synthesis In Placer | Checksum: 1c7ea85e6

Time (s): cpu = 00:00:08 ; elapsed = 00:00:03 . Memory (MB): peak = 3285.195 ; gain = 0.000 ; free physical = 9386 ; free virtual = 23938
Phase 2.5 Global Place Phase2 | Checksum: 1aee79217

Time (s): cpu = 00:00:08 ; elapsed = 00:00:03 . Memory (MB): peak = 3285.195 ; gain = 0.000 ; free physical = 9386 ; free virtual = 23938
Phase 2 Global Placement | Checksum: 1aee79217

Time (s): cpu = 00:00:08 ; elapsed = 00:00:03 . Memory (MB): peak = 3285.195 ; gain = 0.000 ; free physical = 9386 ; free virtual = 23938

Phase 3 Detail Placement

Phase 3.1 Commit Multi Column Macros
Phase 3.1 Commit Multi Column Macros | Checksum: 1ad707ab7

Time (s): cpu = 00:00:09 ; elapsed = 00:00:03 . Memory (MB): peak = 3285.195 ; gain = 0.000 ; free physical = 9386 ; free virtual = 23937

Phase 3.2 Commit Most Macros & LUTRAMs
Phase 3.2 Commit Most Macros & LUTRAMs | Checksum: 16dedb5c3

Time (s): cpu = 00:00:09 ; elapsed = 00:00:03 . Memory (MB): peak = 3285.195 ; gain = 0.000 ; free physical = 9385 ; free virtual = 23937

Phase 3.3 Area Swap Optimization
Phase 3.3 Area Swap Optimization | Checksum: 192bbee4a

Time (s): cpu = 00:00:10 ; elapsed = 00:00:03 . Memory (MB): peak = 3285.195 ; gain = 0.000 ; free physical = 9385 ; free virtual = 23937

Phase 3.4 Pipeline Register Optimization
Phase 3.4 Pipeline Register Optimization | Checksum: 20a764192

Time (s): cpu = 00:00:10 ; elapsed = 00:00:03 . Memory (MB): peak = 3285.195 ; gain = 0.000 ; free physical = 9385 ; free virtual = 23937

Phase 3.5 Small Shape Detail Placement
Phase 3.5 Small Shape Detail Placement | Checksum: 19e313f64

Time (s): cpu = 00:00:10 ; elapsed = 00:00:04 . Memory (MB): peak = 3285.195 ; gain = 0.000 ; free physical = 9395 ; free virtual = 23947

Phase 3.6 Re-assign LUT pins
Phase 3.6 Re-assign LUT pins | Checksum: 12b64311b

Time (s): cpu = 00:00:10 ; elapsed = 00:00:04 . Memory (MB): peak = 3285.195 ; gain = 0.000 ; free physical = 9395 ; free virtual = 23947

Phase 3.7 Pipeline Register Optimization
Phase 3.7 Pipeline Register Optimization | Checksum: 1d833145e

Time (s): cpu = 00:00:10 ; elapsed = 00:00:04 . Memory (MB): peak = 3285.195 ; gain = 0.000 ; free physical = 9395 ; free virtual = 23947
Phase 3 Detail Placement | Checksum: 1d833145e

Time (s): cpu = 00:00:11 ; elapsed = 00:00:04 . Memory (MB): peak = 3285.195 ; gain = 0.000 ; free physical = 9395 ; free virtual = 23947

Phase 4 Post Placement Optimization and Clean-Up

Phase 4.1 Post Commit Optimization
INFO: [Timing 38-35] Done setting XDC timing constraints.

Phase 4.1.1 Post Placement Optimization
Post Placement Optimization Initialization | Checksum: 203d7ec86

Phase 4.1.1.1 BUFG Insertion

Starting Physical Synthesis Task

Phase 1 Physical Synthesis Initialization
INFO: [Physopt 32-721] Multithreading enabled for phys_opt_design using a maximum of 8 CPUs
INFO: [Physopt 32-619] Estimated Timing Summary | WNS=2.197 | TNS=0.000 |
Phase 1 Physical Synthesis Initialization | Checksum: 1940de4c9

Time (s): cpu = 00:00:00.1 ; elapsed = 00:00:00.03 . Memory (MB): peak = 3285.195 ; gain = 0.000 ; free physical = 9398 ; free virtual = 23950
INFO: [Place 46-56] BUFG insertion identified 0 candidate nets. Inserted BUFG: 0, Replicated BUFG Driver: 0, Skipped due to Placement/Routing Conflicts: 0, Skipped due to Timing Degradation: 0, Skipped due to netlist editing failed: 0.
Ending Physical Synthesis Task | Checksum: 181eeaa84

Time (s): cpu = 00:00:00.11 ; elapsed = 00:00:00.04 . Memory (MB): peak = 3285.195 ; gain = 0.000 ; free physical = 9398 ; free virtual = 23950
Phase 4.1.1.1 BUFG Insertion | Checksum: 203d7ec86

Time (s): cpu = 00:00:12 ; elapsed = 00:00:05 . Memory (MB): peak = 3285.195 ; gain = 0.000 ; free physical = 9398 ; free virtual = 23950

Phase 4.1.1.2 Post Placement Timing Optimization
INFO: [Place 30-746] Post Placement Timing Summary WNS=2.197. For the most accurate timing information please run report_timing.
Phase 4.1.1.2 Post Placement Timing Optimization | Checksum: 1d32b0b2a

Time (s): cpu = 00:00:12 ; elapsed = 00:00:05 . Memory (MB): peak = 3285.195 ; gain = 0.000 ; free physical = 9398 ; free virtual = 23950

Time (s): cpu = 00:00:12 ; elapsed = 00:00:05 . Memory (MB): peak = 3285.195 ; gain = 0.000 ; free physical = 9398 ; free virtual = 23950
Phase 4.1 Post Commit Optimization | Checksum: 1d32b0b2a

Time (s): cpu = 00:00:12 ; elapsed = 00:00:05 . Memory (MB): peak = 3285.195 ; gain = 0.000 ; free physical = 9398 ; free virtual = 23950

Phase 4.2 Post Placement Cleanup
Phase 4.2 Post Placement Cleanup | Checksum: 1d32b0b2a

Time (s): cpu = 00:00:12 ; elapsed = 00:00:05 . Memory (MB): peak = 3285.195 ; gain = 0.000 ; free physical = 9398 ; free virtual = 23950

Phase 4.3 Placer Reporting

Phase 4.3.1 Print Estimated Congestion
INFO: [Place 30-612] Post-Placement Estimated Congestion 
 ____________________________________________________
|           | Global Congestion | Short Congestion  |
| Direction | Region Size       | Region Size       |
|___________|___________________|___________________|
|      North|                1x1|                1x1|
|___________|___________________|___________________|
|      South|                1x1|                1x1|
|___________|___________________|___________________|
|       East|                1x1|                1x1|
|___________|___________________|___________________|
|       West|                1x1|                1x1|
|___________|___________________|___________________|

Phase 4.3.1 Print Estimated Congestion | Checksum: 1d32b0b2a

Time (s): cpu = 00:00:12 ; elapsed = 00:00:05 . Memory (MB): peak = 3285.195 ; gain = 0.000 ; free physical = 9398 ; free virtual = 23950
Phase 4.3 Placer Reporting | Checksum: 1d32b0b2a

Time (s): cpu = 00:00:12 ; elapsed = 00:00:05 . Memory (MB): peak = 3285.195 ; gain = 0.000 ; free physical = 9398 ; free virtual = 23950

Phase 4.4 Final Placement Cleanup
Netlist sorting complete. Time (s): cpu = 00:00:00 ; elapsed = 00:00:00 . Memory (MB): peak = 3285.195 ; gain = 0.000 ; free physical = 9398 ; free virtual = 23950

Time (s): cpu = 00:00:12 ; elapsed = 00:00:05 . Memory (MB): peak = 3285.195 ; gain = 0.000 ; free physical = 9398 ; free virtual = 23950
Phase 4 Post Placement Optimization and Clean-Up | Checksum: 206a87f96

Time (s): cpu = 00:00:12 ; elapsed = 00:00:05 . Memory (MB): peak = 3285.195 ; gain = 0.000 ; free physical = 9398 ; free virtual = 23950
Ending Placer Task | Checksum: 1967495fd

Time (s): cpu = 00:00:12 ; elapsed = 00:00:05 . Memory (MB): peak = 3285.195 ; gain = 0.000 ; free physical = 9398 ; free virtual = 23950
98 Infos, 0 Warnings, 0 Critical Warnings and 0 Errors encountered.
place_design completed successfully
place_design: Time (s): cpu = 00:00:14 ; elapsed = 00:00:06 . Memory (MB): peak = 3285.195 ; gain = 119.164 ; free physical = 9398 ; free virtual = 23950
INFO: [Vivado 12-24838] Running report commands "report_control_sets, report_io, report_utilization" in parallel.
Running report generation with 3 threads.
INFO: [Vivado 12-24828] Executing command : report_control_sets -verbose -file design_1_wrapper_control_sets_placed.rpt
report_control_sets: Time (s): cpu = 00:00:00.1 ; elapsed = 00:00:00.11 . Memory (MB): peak = 3285.195 ; gain = 0.000 ; free physical = 9374 ; free virtual = 23926
INFO: [Vivado 12-24828] Executing command : report_utilization -file design_1_wrapper_utilization_placed.rpt -pb design_1_wrapper_utilization_placed.pb
INFO: [Vivado 12-24828] Executing command : report_io -file design_1_wrapper_io_placed.rpt
report_io: Time (s): cpu = 00:00:00.14 ; elapsed = 00:00:00.19 . Memory (MB): peak = 3285.195 ; gain = 0.000 ; free physical = 9371 ; free virtual = 23923
INFO: [Timing 38-480] Writing timing data to binary archive.
Wrote PlaceDB: Time (s): cpu = 00:00:00 ; elapsed = 00:00:00 . Memory (MB): peak = 3285.195 ; gain = 0.000 ; free physical = 9371 ; free virtual = 23923
Wrote PulsedLatchDB: Time (s): cpu = 00:00:00 ; elapsed = 00:00:00 . Memory (MB): peak = 3285.195 ; gain = 0.000 ; free physical = 9371 ; free virtual = 23923
Writing XDEF routing.
Write ShapeDB Complete: Time (s): cpu = 00:00:00.04 ; elapsed = 00:00:00 . Memory (MB): peak = 3285.195 ; gain = 0.000 ; free physical = 9371 ; free virtual = 23923
Writing XDEF routing logical nets.
Writing XDEF routing special nets.
Wrote RouteStorage: Time (s): cpu = 00:00:00.08 ; elapsed = 00:00:00.02 . Memory (MB): peak = 3285.195 ; gain = 0.000 ; free physical = 9370 ; free virtual = 23923
Wrote PlaceStorage: Time (s): cpu = 00:00:00.28 ; elapsed = 00:00:00.07 . Memory (MB): peak = 3285.195 ; gain = 0.000 ; free physical = 9351 ; free virtual = 23907
Wrote Netlist Cache: Time (s): cpu = 00:00:00.01 ; elapsed = 00:00:00.01 . Memory (MB): peak = 3285.195 ; gain = 0.000 ; free physical = 9351 ; free virtual = 23908
Wrote Device Cache: Time (s): cpu = 00:00:00.02 ; elapsed = 00:00:00 . Memory (MB): peak = 3285.195 ; gain = 0.000 ; free physical = 9351 ; free virtual = 23908
Write Physdb Complete: Time (s): cpu = 00:00:00.4 ; elapsed = 00:00:00.11 . Memory (MB): peak = 3285.195 ; gain = 0.000 ; free physical = 9351 ; free virtual = 23908
INFO: [Common 17-1381] The checkpoint '/home/dmas/robot_dreams/robot-dreams-code-fpga/task10-microblaze/task10-microblaze.runs/impl_1/design_1_wrapper_placed.dcp' has been generated.
Command: phys_opt_design
Attempting to get a license for feature 'Implementation' and/or device 'xc7z020'
INFO: [Common 17-349] Got license for feature 'Implementation' and/or device 'xc7z020'

Starting Initial Update Timing Task

Time (s): cpu = 00:00:00.78 ; elapsed = 00:00:00.17 . Memory (MB): peak = 3285.195 ; gain = 0.000 ; free physical = 9356 ; free virtual = 23911
INFO: [Vivado_Tcl 4-2279] Estimated Timing Summary | WNS= 2.197 | TNS= 0.000 | 
INFO: [Vivado_Tcl 4-383] Design worst setup slack (WNS) is greater than or equal to 0.000 ns. All physical synthesis setup optimizations will be skipped.
INFO: [Vivado_Tcl 4-232] No setup violation found. The netlist was not modified.
INFO: [Common 17-83] Releasing license: Implementation
109 Infos, 0 Warnings, 0 Critical Warnings and 0 Errors encountered.
phys_opt_design completed successfully
INFO: [Timing 38-480] Writing timing data to binary archive.
Wrote PlaceDB: Time (s): cpu = 00:00:00 ; elapsed = 00:00:00 . Memory (MB): peak = 3285.195 ; gain = 0.000 ; free physical = 9356 ; free virtual = 23910
Wrote PulsedLatchDB: Time (s): cpu = 00:00:00 ; elapsed = 00:00:00 . Memory (MB): peak = 3285.195 ; gain = 0.000 ; free physical = 9356 ; free virtual = 23910
Writing XDEF routing.
Write ShapeDB Complete: Time (s): cpu = 00:00:00.03 ; elapsed = 00:00:00 . Memory (MB): peak = 3285.195 ; gain = 0.000 ; free physical = 9355 ; free virtual = 23910
Writing XDEF routing logical nets.
Writing XDEF routing special nets.
Wrote RouteStorage: Time (s): cpu = 00:00:00.08 ; elapsed = 00:00:00.02 . Memory (MB): peak = 3285.195 ; gain = 0.000 ; free physical = 9354 ; free virtual = 23910
Wrote PlaceStorage: Time (s): cpu = 00:00:00.26 ; elapsed = 00:00:00.07 . Memory (MB): peak = 3285.195 ; gain = 0.000 ; free physical = 9353 ; free virtual = 23912
Wrote Netlist Cache: Time (s): cpu = 00:00:00.01 ; elapsed = 00:00:00 . Memory (MB): peak = 3285.195 ; gain = 0.000 ; free physical = 9353 ; free virtual = 23912
Wrote Device Cache: Time (s): cpu = 00:00:00.02 ; elapsed = 00:00:00.01 . Memory (MB): peak = 3285.195 ; gain = 0.000 ; free physical = 9353 ; free virtual = 23913
Write Physdb Complete: Time (s): cpu = 00:00:00.39 ; elapsed = 00:00:00.1 . Memory (MB): peak = 3285.195 ; gain = 0.000 ; free physical = 9353 ; free virtual = 23913
INFO: [Common 17-1381] The checkpoint '/home/dmas/robot_dreams/robot-dreams-code-fpga/task10-microblaze/task10-microblaze.runs/impl_1/design_1_wrapper_physopt.dcp' has been generated.
Command: route_design
Attempting to get a license for feature 'Implementation' and/or device 'xc7z020'
INFO: [Common 17-349] Got license for feature 'Implementation' and/or device 'xc7z020'


Starting Routing Task
INFO: [Route 35-254] Multithreading enabled for route_design using a maximum of 8 CPUs

Phase 1 Build RT Design
Checksum: PlaceDB: d597af8f ConstDB: 0 ShapeSum: aae3737e RouteDB: 15f972f0
Post Restoration Checksum: NetGraph: 5c7182f6 | NumContArr: aa0ab4da | Constraints: c2a8fa9d | Timing: c2a8fa9d
Phase 1 Build RT Design | Checksum: 28bce2d0a

Time (s): cpu = 00:00:13 ; elapsed = 00:00:10 . Memory (MB): peak = 3285.195 ; gain = 0.000 ; free physical = 9374 ; free virtual = 23932

Phase 2 Router Initialization

Phase 2.1 Fix Topology Constraints
Phase 2.1 Fix Topology Constraints | Checksum: 28bce2d0a

Time (s): cpu = 00:00:13 ; elapsed = 00:00:10 . Memory (MB): peak = 3285.195 ; gain = 0.000 ; free physical = 9374 ; free virtual = 23932

Phase 2.2 Pre Route Cleanup
Phase 2.2 Pre Route Cleanup | Checksum: 28bce2d0a

Time (s): cpu = 00:00:13 ; elapsed = 00:00:10 . Memory (MB): peak = 3285.195 ; gain = 0.000 ; free physical = 9374 ; free virtual = 23932
 Number of Nodes with overlaps = 0

Phase 2.3 Update Timing
Phase 2.3 Update Timing | Checksum: 238a50c0e

Time (s): cpu = 00:00:14 ; elapsed = 00:00:11 . Memory (MB): peak = 3285.195 ; gain = 0.000 ; free physical = 9371 ; free virtual = 23929
INFO: [Route 35-416] Intermediate Timing Summary | WNS=2.213  | TNS=0.000  | WHS=-0.147 | THS=-47.737|


Phase 2.4 Soft Constraint Pins - Fast Budgeting
Phase 2.4 Soft Constraint Pins - Fast Budgeting | Checksum: 246c71b7a

Time (s): cpu = 00:00:14 ; elapsed = 00:00:11 . Memory (MB): peak = 3285.195 ; gain = 0.000 ; free physical = 9375 ; free virtual = 23933

Router Utilization Summary
  Global Vertical Routing Utilization    = 0.00227814 %
  Global Horizontal Routing Utilization  = 0.00211291 %
  Routable Net Status*
  *Does not include unroutable nets such as driverless and loadless.
  Run report_route_status for detailed report.
  Number of Failed Nets               = 4074
    (Failed Nets is the sum of unrouted and partially routed nets)
  Number of Unrouted Nets             = 4074
  Number of Partially Routed Nets     = 0
  Number of Node Overlaps             = 0

Phase 2 Router Initialization | Checksum: 242f4bc56

Time (s): cpu = 00:00:15 ; elapsed = 00:00:11 . Memory (MB): peak = 3285.195 ; gain = 0.000 ; free physical = 9375 ; free virtual = 23933

Phase 3 Global Routing
Phase 3 Global Routing | Checksum: 242f4bc56

Time (s): cpu = 00:00:15 ; elapsed = 00:00:11 . Memory (MB): peak = 3285.195 ; gain = 0.000 ; free physical = 9375 ; free virtual = 23933

Phase 4 Initial Routing

Phase 4.1 Initial Net Routing Pass
Phase 4.1 Initial Net Routing Pass | Checksum: 1fa46ccf8

Time (s): cpu = 00:00:16 ; elapsed = 00:00:11 . Memory (MB): peak = 3285.195 ; gain = 0.000 ; free physical = 9375 ; free virtual = 23932
Phase 4 Initial Routing | Checksum: 1fa46ccf8

Time (s): cpu = 00:00:16 ; elapsed = 00:00:11 . Memory (MB): peak = 3285.195 ; gain = 0.000 ; free physical = 9375 ; free virtual = 23932

Phase 5 Rip-up And Reroute

Phase 5.1 Global Iteration 0
 Number of Nodes with overlaps = 384
 Number of Nodes with overlaps = 27
 Number of Nodes with overlaps = 5
 Number of Nodes with overlaps = 2
 Number of Nodes with overlaps = 0
INFO: [Route 35-416] Intermediate Timing Summary | WNS=1.901  | TNS=0.000  | WHS=N/A    | THS=N/A    |

Phase 5.1 Global Iteration 0 | Checksum: 277001446

Time (s): cpu = 00:00:18 ; elapsed = 00:00:12 . Memory (MB): peak = 3285.195 ; gain = 0.000 ; free physical = 9375 ; free virtual = 23933

Phase 5.2 Global Iteration 1
 Number of Nodes with overlaps = 1
 Number of Nodes with overlaps = 0
INFO: [Route 35-416] Intermediate Timing Summary | WNS=1.901  | TNS=0.000  | WHS=N/A    | THS=N/A    |

Phase 5.2 Global Iteration 1 | Checksum: 27e087d69

Time (s): cpu = 00:00:18 ; elapsed = 00:00:12 . Memory (MB): peak = 3285.195 ; gain = 0.000 ; free physical = 9375 ; free virtual = 23933
Phase 5 Rip-up And Reroute | Checksum: 27e087d69

Time (s): cpu = 00:00:18 ; elapsed = 00:00:12 . Memory (MB): peak = 3285.195 ; gain = 0.000 ; free physical = 9375 ; free virtual = 23933

Phase 6 Delay and Skew Optimization

Phase 6.1 Delay CleanUp

Phase 6.1.1 Update Timing
Phase 6.1.1 Update Timing | Checksum: 257949243

Time (s): cpu = 00:00:18 ; elapsed = 00:00:12 . Memory (MB): peak = 3285.195 ; gain = 0.000 ; free physical = 9375 ; free virtual = 23933
INFO: [Route 35-416] Intermediate Timing Summary | WNS=2.016  | TNS=0.000  | WHS=N/A    | THS=N/A    |

Phase 6.1 Delay CleanUp | Checksum: 257949243

Time (s): cpu = 00:00:18 ; elapsed = 00:00:12 . Memory (MB): peak = 3285.195 ; gain = 0.000 ; free physical = 9375 ; free virtual = 23933

Phase 6.2 Clock Skew Optimization
Phase 6.2 Clock Skew Optimization | Checksum: 257949243

Time (s): cpu = 00:00:18 ; elapsed = 00:00:12 . Memory (MB): peak = 3285.195 ; gain = 0.000 ; free physical = 9375 ; free virtual = 23933
Phase 6 Delay and Skew Optimization | Checksum: 257949243

Time (s): cpu = 00:00:18 ; elapsed = 00:00:12 . Memory (MB): peak = 3285.195 ; gain = 0.000 ; free physical = 9375 ; free virtual = 23933

Phase 7 Post Hold Fix

Phase 7.1 Hold Fix Iter
INFO: [Route 35-416] Intermediate Timing Summary | WNS=2.016  | TNS=0.000  | WHS=0.105  | THS=0.000  |

Phase 7.1 Hold Fix Iter | Checksum: 22f73d309

Time (s): cpu = 00:00:18 ; elapsed = 00:00:12 . Memory (MB): peak = 3285.195 ; gain = 0.000 ; free physical = 9375 ; free virtual = 23933
Phase 7 Post Hold Fix | Checksum: 22f73d309

Time (s): cpu = 00:00:18 ; elapsed = 00:00:12 . Memory (MB): peak = 3285.195 ; gain = 0.000 ; free physical = 9375 ; free virtual = 23933

Phase 8 Route finalize

Router Utilization Summary
  Global Vertical Routing Utilization    = 0.876463 %
  Global Horizontal Routing Utilization  = 1.19397 %
  Routable Net Status*
  *Does not include unroutable nets such as driverless and loadless.
  Run report_route_status for detailed report.
  Number of Failed Nets               = 0
    (Failed Nets is the sum of unrouted and partially routed nets)
  Number of Unrouted Nets             = 0
  Number of Partially Routed Nets     = 0
  Number of Node Overlaps             = 0

Phase 8 Route finalize | Checksum: 22f73d309

Time (s): cpu = 00:00:18 ; elapsed = 00:00:12 . Memory (MB): peak = 3285.195 ; gain = 0.000 ; free physical = 9375 ; free virtual = 23933

Phase 9 Verifying routed nets

 Verification completed successfully
Phase 9 Verifying routed nets | Checksum: 22f73d309

Time (s): cpu = 00:00:18 ; elapsed = 00:00:12 . Memory (MB): peak = 3285.195 ; gain = 0.000 ; free physical = 9375 ; free virtual = 23932

Phase 10 Depositing Routes
Phase 10 Depositing Routes | Checksum: 1d61014ec

Time (s): cpu = 00:00:18 ; elapsed = 00:00:12 . Memory (MB): peak = 3285.195 ; gain = 0.000 ; free physical = 9373 ; free virtual = 23931

Phase 11 Post Process Routing
Phase 11 Post Process Routing | Checksum: 1d61014ec

Time (s): cpu = 00:00:18 ; elapsed = 00:00:12 . Memory (MB): peak = 3285.195 ; gain = 0.000 ; free physical = 9373 ; free virtual = 23931

Phase 12 Post Router Timing
INFO: [Route 35-57] Estimated Timing Summary | WNS=2.016  | TNS=0.000  | WHS=0.105  | THS=0.000  |

INFO: [Route 35-327] The final timing numbers are based on the router estimated timing analysis. For a complete and accurate timing signoff, please run report_timing_summary.
Phase 12 Post Router Timing | Checksum: 1d61014ec

Time (s): cpu = 00:00:18 ; elapsed = 00:00:12 . Memory (MB): peak = 3285.195 ; gain = 0.000 ; free physical = 9373 ; free virtual = 23931
Total Elapsed time in route_design: 12.21 secs

Phase 13 Post-Route Event Processing
Phase 13 Post-Route Event Processing | Checksum: 1afad9973

Time (s): cpu = 00:00:18 ; elapsed = 00:00:12 . Memory (MB): peak = 3285.195 ; gain = 0.000 ; free physical = 9373 ; free virtual = 23931
INFO: [Route 35-16] Router Completed Successfully
Ending Routing Task | Checksum: 1afad9973

Time (s): cpu = 00:00:18 ; elapsed = 00:00:12 . Memory (MB): peak = 3285.195 ; gain = 0.000 ; free physical = 9373 ; free virtual = 23931

Routing Is Done.
INFO: [Common 17-83] Releasing license: Implementation
122 Infos, 0 Warnings, 0 Critical Warnings and 0 Errors encountered.
route_design completed successfully
route_design: Time (s): cpu = 00:00:18 ; elapsed = 00:00:12 . Memory (MB): peak = 3285.195 ; gain = 0.000 ; free physical = 9373 ; free virtual = 23931
INFO: [Vivado 12-24828] Executing command : report_drc -file design_1_wrapper_drc_routed.rpt -pb design_1_wrapper_drc_routed.pb -rpx design_1_wrapper_drc_routed.rpx
Command: report_drc -file design_1_wrapper_drc_routed.rpt -pb design_1_wrapper_drc_routed.pb -rpx design_1_wrapper_drc_routed.rpx
INFO: [IP_Flow 19-1839] IP Catalog is up to date.
INFO: [DRC 23-27] Running DRC with 8 threads
INFO: [Vivado_Tcl 2-168] The results of DRC are in file /home/dmas/robot_dreams/robot-dreams-code-fpga/task10-microblaze/task10-microblaze.runs/impl_1/design_1_wrapper_drc_routed.rpt.
report_drc completed successfully
INFO: [Vivado 12-24828] Executing command : report_methodology -file design_1_wrapper_methodology_drc_routed.rpt -pb design_1_wrapper_methodology_drc_routed.pb -rpx design_1_wrapper_methodology_drc_routed.rpx
Command: report_methodology -file design_1_wrapper_methodology_drc_routed.rpt -pb design_1_wrapper_methodology_drc_routed.pb -rpx design_1_wrapper_methodology_drc_routed.rpx
INFO: [Timing 38-35] Done setting XDC timing constraints.
INFO: [DRC 23-133] Running Methodology with 8 threads
INFO: [Vivado_Tcl 2-1520] The results of Report Methodology are in file /home/dmas/robot_dreams/robot-dreams-code-fpga/task10-microblaze/task10-microblaze.runs/impl_1/design_1_wrapper_methodology_drc_routed.rpt.
report_methodology completed successfully
INFO: [Vivado 12-24828] Executing command : report_timing_summary -max_paths 10 -routable_nets -report_unconstrained -file design_1_wrapper_timing_summary_routed.rpt -pb design_1_wrapper_timing_summary_routed.pb -rpx design_1_wrapper_timing_summary_routed.rpx -warn_on_violation 
INFO: [Timing 38-35] Done setting XDC timing constraints.
INFO: [Timing 38-91] UpdateTimingParams: Speed grade: -1, Delay Type: min_max.
INFO: [Timing 38-191] Multithreading enabled for timing update using a maximum of 8 CPUs
INFO: [Vivado 12-24838] Running report commands "report_bus_skew, report_incremental_reuse, report_route_status" in parallel.
Running report generation with 3 threads.
INFO: [Vivado 12-24828] Executing command : report_incremental_reuse -file design_1_wrapper_incremental_reuse_routed.rpt
INFO: [Vivado_Tcl 4-1062] Incremental flow is disabled. No incremental reuse Info to report.
INFO: [Vivado 12-24828] Executing command : report_route_status -file design_1_wrapper_route_status.rpt -pb design_1_wrapper_route_status.pb
INFO: [Vivado 12-24828] Executing command : report_bus_skew -warn_on_violation -file design_1_wrapper_bus_skew_routed.rpt -pb design_1_wrapper_bus_skew_routed.pb -rpx design_1_wrapper_bus_skew_routed.rpx
INFO: [Timing 38-91] UpdateTimingParams: Speed grade: -1, Delay Type: min_max.
INFO: [Timing 38-191] Multithreading enabled for timing update using a maximum of 8 CPUs
INFO: [Vivado 12-24828] Executing command : report_power -file design_1_wrapper_power_routed.rpt -pb design_1_wrapper_power_summary_routed.pb -rpx design_1_wrapper_power_routed.rpx
Command: report_power -file design_1_wrapper_power_routed.rpt -pb design_1_wrapper_power_summary_routed.pb -rpx design_1_wrapper_power_routed.rpx
Running Vector-less Activity Propagation...

Finished Running Vector-less Activity Propagation
WARNING: [Power 33-332] Found switching activity that implies high-fanout reset nets being asserted for excessive periods of time which may result in inaccurate power analysis.
Resolution: To review and fix problems, please run Power Constraints Advisor in the GUI from Tools > Power Constraints Advisor or run report_power with the -advisory option to generate a text report.
142 Infos, 1 Warnings, 0 Critical Warnings and 0 Errors encountered.
report_power completed successfully
INFO: [Vivado 12-24828] Executing command : report_clock_utilization -file design_1_wrapper_clock_utilization_routed.rpt
INFO: [Timing 38-480] Writing timing data to binary archive.
Wrote PlaceDB: Time (s): cpu = 00:00:00 ; elapsed = 00:00:00 . Memory (MB): peak = 3285.195 ; gain = 0.000 ; free physical = 9377 ; free virtual = 23940
Wrote PulsedLatchDB: Time (s): cpu = 00:00:00 ; elapsed = 00:00:00 . Memory (MB): peak = 3285.195 ; gain = 0.000 ; free physical = 9377 ; free virtual = 23940
Writing XDEF routing.
Write ShapeDB Complete: Time (s): cpu = 00:00:00.03 ; elapsed = 00:00:00 . Memory (MB): peak = 3285.195 ; gain = 0.000 ; free physical = 9376 ; free virtual = 23940
Writing XDEF routing logical nets.
Writing XDEF routing special nets.
Wrote RouteStorage: Time (s): cpu = 00:00:00.15 ; elapsed = 00:00:00.03 . Memory (MB): peak = 3285.195 ; gain = 0.000 ; free physical = 9377 ; free virtual = 23941
Wrote PlaceStorage: Time (s): cpu = 00:00:00.24 ; elapsed = 00:00:00.07 . Memory (MB): peak = 3285.195 ; gain = 0.000 ; free physical = 9377 ; free virtual = 23946
Wrote Netlist Cache: Time (s): cpu = 00:00:00.02 ; elapsed = 00:00:00.01 . Memory (MB): peak = 3285.195 ; gain = 0.000 ; free physical = 9377 ; free virtual = 23946
Wrote Device Cache: Time (s): cpu = 00:00:00.01 ; elapsed = 00:00:00 . Memory (MB): peak = 3285.195 ; gain = 0.000 ; free physical = 9377 ; free virtual = 23947
Write Physdb Complete: Time (s): cpu = 00:00:00.43 ; elapsed = 00:00:00.11 . Memory (MB): peak = 3285.195 ; gain = 0.000 ; free physical = 9377 ; free virtual = 23947
INFO: [Common 17-1381] The checkpoint '/home/dmas/robot_dreams/robot-dreams-code-fpga/task10-microblaze/task10-microblaze.runs/impl_1/design_1_wrapper_routed.dcp' has been generated.
INFO: [Common 17-206] Exiting Vivado at Sat Sep 26 19:02:03 2026...

*** Running vivado
    with args -log design_1_wrapper.vdi -applog -m64 -product Vivado -messageDb vivado.pb -mode batch -source design_1_wrapper.tcl -notrace


****** Vivado v2025.2 (64-bit)
  **** SW Build 6299465 on Fri Nov 14 12:34:56 MST 2025
  **** IP Build 6300035 on Fri Nov 14 10:48:45 MST 2025
  **** SharedData Build 6298862 on Thu Nov 13 04:50:51 MST 2025
  **** Start of session at: Sat Sep 26 19:02:13 2026
    ** Copyright 1986-2022 Xilinx, Inc. All Rights Reserved.
    ** Copyright 2022-2025 Advanced Micro Devices, Inc. All Rights Reserved.

source design_1_wrapper.tcl -notrace
Command: open_checkpoint design_1_wrapper_routed.dcp
INFO: [Device 21-403] Loading part xc7z020clg400-1
Netlist sorting complete. Time (s): cpu = 00:00:00.1 ; elapsed = 00:00:00.1 . Memory (MB): peak = 1784.574 ; gain = 0.000 ; free physical = 10333 ; free virtual = 24901
INFO: [Netlist 29-17] Analyzing 342 Unisim elements for replacement
INFO: [Netlist 29-28] Unisim Transformation completed in 0 CPU seconds
INFO: [Project 1-479] Netlist was created with Vivado 2025.2
INFO: [Project 1-570] Preparing netlist for logic optimization
Read ShapeDB Complete: Time (s): cpu = 00:00:00 ; elapsed = 00:00:00 . Memory (MB): peak = 1888.168 ; gain = 2.000 ; free physical = 10230 ; free virtual = 24797
INFO: [Timing 38-478] Restoring timing data from binary archive.
INFO: [Timing 38-479] Binary timing data restore complete.
INFO: [Project 1-856] Restoring constraints from binary archive.
INFO: [Project 1-853] Binary constraint restore complete.
INFO: [Designutils 20-5722] Start Reading Physical Databases.
Reading placement.
Read Netlist Cache: Time (s): cpu = 00:00:00 ; elapsed = 00:00:00 . Memory (MB): peak = 2478.988 ; gain = 0.000 ; free physical = 9718 ; free virtual = 24285
Reading placer database...
Read Device Cache: Time (s): cpu = 00:00:00 ; elapsed = 00:00:00.01 . Memory (MB): peak = 2478.988 ; gain = 0.000 ; free physical = 9718 ; free virtual = 24285
Read PlaceDB: Time (s): cpu = 00:00:00 ; elapsed = 00:00:00 . Memory (MB): peak = 2478.988 ; gain = 0.000 ; free physical = 9718 ; free virtual = 24285
Read placeStorage: Time (s): cpu = 00:00:00.05 ; elapsed = 00:00:00.05 . Memory (MB): peak = 2478.988 ; gain = 0.000 ; free physical = 9718 ; free virtual = 24284
Read PulsedLatchDB: Time (s): cpu = 00:00:00 ; elapsed = 00:00:00 . Memory (MB): peak = 2478.988 ; gain = 0.000 ; free physical = 9718 ; free virtual = 24284
Reading routing.
Read RouteStorage: Time (s): cpu = 00:00:00.05 ; elapsed = 00:00:00.02 . Memory (MB): peak = 2478.988 ; gain = 0.000 ; free physical = 9717 ; free virtual = 24284
Read Physdb Files: Time (s): cpu = 00:00:00.1 ; elapsed = 00:00:00.08 . Memory (MB): peak = 2478.988 ; gain = 0.000 ; free physical = 9717 ; free virtual = 24284
Restored from archive | CPU: 0.120000 secs | Memory: 5.142151 MB |
Finished XDEF File Restore: Time (s): cpu = 00:00:00.12 ; elapsed = 00:00:00.1 . Memory (MB): peak = 2478.988 ; gain = 2.969 ; free physical = 9717 ; free virtual = 24284
Netlist sorting complete. Time (s): cpu = 00:00:00 ; elapsed = 00:00:00 . Memory (MB): peak = 2478.988 ; gain = 0.000 ; free physical = 9717 ; free virtual = 24284
INFO: [Project 1-111] Unisim Transformation Summary:
  A total of 132 instances were transformed.
  IOBUF => IOBUF (IBUF, OBUFT): 4 instances
  LUT6_2 => LUT6_2 (LUT5, LUT6): 79 instances
  RAM16X1D => RAM32X1D (RAMD32(x2)): 32 instances
  RAM32M => RAM32M (RAMD32(x6), RAMS32(x2)): 16 instances
  SRLC16E => SRL16E: 1 instance 

INFO: [Project 1-604] Checkpoint was created with Vivado v2025.2 (64-bit) build 6299465
open_checkpoint: Time (s): cpu = 00:00:10 ; elapsed = 00:00:06 . Memory (MB): peak = 2479.023 ; gain = 918.203 ; free physical = 9717 ; free virtual = 24284
Command: write_bitstream -force design_1_wrapper.bit
Attempting to get a license for feature 'Implementation' and/or device 'xc7z020'
INFO: [Common 17-349] Got license for feature 'Implementation' and/or device 'xc7z020'
Running DRC as a precondition to command write_bitstream
INFO: [IP_Flow 19-234] Refreshing IP repositories
INFO: [IP_Flow 19-1704] No user IP repositories specified
INFO: [IP_Flow 19-2313] Loaded Vivado IP repository '/home/dmas/Xilinx/vivado_2025_2/2025.2/data/ip'.
INFO: [DRC 23-27] Running DRC with 8 threads
INFO: [Vivado 12-3199] DRC finished with 0 Errors
INFO: [Vivado 12-3200] Please refer to the DRC report (report_drc) for more information.
Integrating Hard IP ELF/MEM with the PDI.
INFO: [Designutils 20-2272] Running write_bitstream with 8 threads.
Loading data files...
Loading site data...
Loading route data...
Processing options...
Creating bitmap...
Creating bitstream...
Writing bitstream ./design_1_wrapper.bit...
INFO: [Vivado 12-1842] Bitgen Completed Successfully.
INFO: [Common 17-83] Releasing license: Implementation
22 Infos, 0 Warnings, 0 Critical Warnings and 0 Errors encountered.
write_bitstream completed successfully
write_bitstream: Time (s): cpu = 00:00:09 ; elapsed = 00:00:24 . Memory (MB): peak = 2933.621 ; gain = 454.598 ; free physical = 9257 ; free virtual = 23828
INFO: [Common 17-206] Exiting Vivado at Sat Sep 26 19:02:45 2026...
