
*** Running vivado
    with args -log lock_controller_top.vds -m64 -product Vivado -mode batch -messageDb vivado.pb -notrace -source lock_controller_top.tcl


****** Vivado v2025.2 (64-bit)
  **** SW Build 6299465 on Fri Nov 14 12:34:56 MST 2025
  **** IP Build 6300035 on Fri Nov 14 10:48:45 MST 2025
  **** SharedData Build 6298862 on Thu Nov 13 04:50:51 MST 2025
  **** Start of session at: Sat Sep 19 20:20:00 2026
    ** Copyright 1986-2022 Xilinx, Inc. All Rights Reserved.
    ** Copyright 2022-2025 Advanced Micro Devices, Inc. All Rights Reserved.

source lock_controller_top.tcl -notrace
Command: read_checkpoint -auto_incremental -incremental /home/dmas/robot_dreams/robot-dreams-code-fpga/task7/task7.srcs/utils_1/imports/synth_1/lock_controller_top.dcp
INFO: [Vivado 12-5825] Read reference checkpoint from /home/dmas/robot_dreams/robot-dreams-code-fpga/task7/task7.srcs/utils_1/imports/synth_1/lock_controller_top.dcp for incremental synthesis
INFO: [Vivado 12-7989] Please ensure there are no constraint changes
Command: synth_design -top lock_controller_top -part xc7z020clg400-2
Starting synth_design
Attempting to get a license for feature 'Synthesis' and/or device 'xc7z020'
INFO: [Common 17-349] Got license for feature 'Synthesis' and/or device 'xc7z020'
INFO: [Designutils 20-5440] No compile time benefit to using incremental synthesis; A full resynthesis will be run
INFO: [Designutils 20-4379] Flow is switching to default flow due to incremental criteria not met. If you would like to alter this behaviour and have the flow terminate instead, please set the following parameter config_implementation {autoIncr.Synth.RejectBehavior Terminate}
INFO: [Synth 8-7079] Multithreading enabled for synth_design using a maximum of 7 processes.
INFO: [Synth 8-7078] Launching helper process for spawning children vivado processes
INFO: [Synth 8-7075] Helper process launched with PID 303600
---------------------------------------------------------------------------------
Starting Synthesize : Time (s): cpu = 00:00:02 ; elapsed = 00:00:02 . Memory (MB): peak = 2040.617 ; gain = 419.672 ; free physical = 7099 ; free virtual = 17620
---------------------------------------------------------------------------------
CRITICAL WARNING: [Synth 8-9873] overwriting previous definition of module 'debounce_filter' [/home/dmas/robot_dreams/robot-dreams-code-fpga/task7/task7.srcs/sources_1/new/debounce_filter.v:125]
INFO: [Synth 8-13127] previous definition of module 'debounce_filter' is here [/home/dmas/robot_dreams/robot-dreams-code-fpga/task7/task7.srcs/sources_1/new/debounce_filter.v:125]
INFO: [Synth 8-6157] synthesizing module 'lock_controller_top' [/home/dmas/robot_dreams/robot-dreams-code-fpga/task7/task7.srcs/sources_1/new/lock_controller_top.v:5]
INFO: [Synth 8-6157] synthesizing module 'debounce_filter' [/home/dmas/robot_dreams/robot-dreams-code-fpga/task7/task7.srcs/sources_1/new/debounce_filter.v:65]
	Parameter DEBOUNCE_CYCLES bound to: 5 - type: integer 
	Parameter COUNTER_WIDTH bound to: 3 - type: integer 
INFO: [Synth 8-6155] done synthesizing module 'debounce_filter' (0#1) [/home/dmas/robot_dreams/robot-dreams-code-fpga/task7/task7.srcs/sources_1/new/debounce_filter.v:65]
INFO: [Synth 8-226] default block is never used [/home/dmas/robot_dreams/robot-dreams-code-fpga/task7/task7.srcs/sources_1/new/lock_controller_top.v:99]
INFO: [Synth 8-6155] done synthesizing module 'lock_controller_top' (0#1) [/home/dmas/robot_dreams/robot-dreams-code-fpga/task7/task7.srcs/sources_1/new/lock_controller_top.v:5]
---------------------------------------------------------------------------------
Finished Synthesize : Time (s): cpu = 00:00:03 ; elapsed = 00:00:03 . Memory (MB): peak = 2124.586 ; gain = 503.641 ; free physical = 7006 ; free virtual = 17528
---------------------------------------------------------------------------------
---------------------------------------------------------------------------------
Finished Constraint Validation : Time (s): cpu = 00:00:03 ; elapsed = 00:00:03 . Memory (MB): peak = 2142.398 ; gain = 521.453 ; free physical = 7012 ; free virtual = 17534
---------------------------------------------------------------------------------
---------------------------------------------------------------------------------
Start Loading Part and Timing Information
---------------------------------------------------------------------------------
Loading part: xc7z020clg400-2
---------------------------------------------------------------------------------
INFO: [Device 21-403] Loading part xc7z020clg400-2
Finished Loading Part and Timing Information : Time (s): cpu = 00:00:03 ; elapsed = 00:00:03 . Memory (MB): peak = 2142.398 ; gain = 521.453 ; free physical = 7012 ; free virtual = 17534
---------------------------------------------------------------------------------
INFO: [Synth 8-802] inferred FSM for state register 'state_reg' in module 'lock_controller_top'
---------------------------------------------------------------------------------------------------
                   State |                     New Encoding |                Previous Encoding 
---------------------------------------------------------------------------------------------------
                  LOCKED |                               00 |                               00
                 WAIT_D2 |                               01 |                               01
                 WAIT_D3 |                               10 |                               10
                UNLOCKED |                               11 |                               11
---------------------------------------------------------------------------------------------------
INFO: [Synth 8-3354] encoded FSM with state register 'state_reg' using encoding 'sequential' in module 'lock_controller_top'
---------------------------------------------------------------------------------
Finished RTL Optimization Phase 2 : Time (s): cpu = 00:00:03 ; elapsed = 00:00:04 . Memory (MB): peak = 2148.336 ; gain = 527.391 ; free physical = 7002 ; free virtual = 17525
---------------------------------------------------------------------------------
No constraint files found.
---------------------------------------------------------------------------------
Start RTL Component Statistics 
---------------------------------------------------------------------------------
Detailed RTL Component Info : 
+---Adders : 
	   2 Input    3 Bit       Adders := 4     
+---Registers : 
	                4 Bit    Registers := 1     
	                3 Bit    Registers := 4     
	                1 Bit    Registers := 12    
+---Muxes : 
	   2 Input    3 Bit        Muxes := 4     
	   4 Input    2 Bit        Muxes := 1     
	   2 Input    2 Bit        Muxes := 3     
	   2 Input    1 Bit        Muxes := 9     
---------------------------------------------------------------------------------
Finished RTL Component Statistics 
---------------------------------------------------------------------------------
---------------------------------------------------------------------------------
Start Part Resource Summary
---------------------------------------------------------------------------------
Part Resources:
DSPs: 220 (col length:60)
BRAMs: 280 (col length: RAMB18 60 RAMB36 30)
---------------------------------------------------------------------------------
Finished Part Resource Summary
---------------------------------------------------------------------------------
No constraint files found.
---------------------------------------------------------------------------------
Start Cross Boundary and Area Optimization
---------------------------------------------------------------------------------
WARNING: [Synth 8-3332] Sequential element (FSM_sequential_state_reg[0]) is unused and will be removed from module lock_controller_top.
---------------------------------------------------------------------------------
Finished Cross Boundary and Area Optimization : Time (s): cpu = 00:00:05 ; elapsed = 00:00:05 . Memory (MB): peak = 2269.117 ; gain = 648.172 ; free physical = 6870 ; free virtual = 17396
---------------------------------------------------------------------------------
No constraint files found.
---------------------------------------------------------------------------------
Start Timing Optimization
---------------------------------------------------------------------------------
---------------------------------------------------------------------------------
Finished Timing Optimization : Time (s): cpu = 00:00:05 ; elapsed = 00:00:05 . Memory (MB): peak = 2292.930 ; gain = 671.984 ; free physical = 6863 ; free virtual = 17388
---------------------------------------------------------------------------------
---------------------------------------------------------------------------------
Start Technology Mapping
---------------------------------------------------------------------------------
---------------------------------------------------------------------------------
Finished Technology Mapping : Time (s): cpu = 00:00:05 ; elapsed = 00:00:05 . Memory (MB): peak = 2292.930 ; gain = 671.984 ; free physical = 6859 ; free virtual = 17385
---------------------------------------------------------------------------------
---------------------------------------------------------------------------------
Start IO Insertion
---------------------------------------------------------------------------------
---------------------------------------------------------------------------------
Start Flattening Before IO Insertion
---------------------------------------------------------------------------------
---------------------------------------------------------------------------------
Finished Flattening Before IO Insertion
---------------------------------------------------------------------------------
---------------------------------------------------------------------------------
Start Final Netlist Cleanup
---------------------------------------------------------------------------------
---------------------------------------------------------------------------------
Finished Final Netlist Cleanup
---------------------------------------------------------------------------------
---------------------------------------------------------------------------------
Finished IO Insertion : Time (s): cpu = 00:00:07 ; elapsed = 00:00:07 . Memory (MB): peak = 2478.742 ; gain = 857.797 ; free physical = 6731 ; free virtual = 17257
---------------------------------------------------------------------------------
---------------------------------------------------------------------------------
Start Renaming Generated Instances
---------------------------------------------------------------------------------
---------------------------------------------------------------------------------
Finished Renaming Generated Instances : Time (s): cpu = 00:00:07 ; elapsed = 00:00:07 . Memory (MB): peak = 2478.742 ; gain = 857.797 ; free physical = 6731 ; free virtual = 17257
---------------------------------------------------------------------------------
---------------------------------------------------------------------------------
Start Rebuilding User Hierarchy
---------------------------------------------------------------------------------
---------------------------------------------------------------------------------
Finished Rebuilding User Hierarchy : Time (s): cpu = 00:00:07 ; elapsed = 00:00:07 . Memory (MB): peak = 2478.742 ; gain = 857.797 ; free physical = 6731 ; free virtual = 17257
---------------------------------------------------------------------------------
---------------------------------------------------------------------------------
Start Renaming Generated Ports
---------------------------------------------------------------------------------
---------------------------------------------------------------------------------
Finished Renaming Generated Ports : Time (s): cpu = 00:00:07 ; elapsed = 00:00:07 . Memory (MB): peak = 2478.742 ; gain = 857.797 ; free physical = 6731 ; free virtual = 17257
---------------------------------------------------------------------------------
---------------------------------------------------------------------------------
Start Handling Custom Attributes
---------------------------------------------------------------------------------
---------------------------------------------------------------------------------
Finished Handling Custom Attributes : Time (s): cpu = 00:00:07 ; elapsed = 00:00:07 . Memory (MB): peak = 2478.742 ; gain = 857.797 ; free physical = 6731 ; free virtual = 17257
---------------------------------------------------------------------------------
---------------------------------------------------------------------------------
Start Renaming Generated Nets
---------------------------------------------------------------------------------
---------------------------------------------------------------------------------
Finished Renaming Generated Nets : Time (s): cpu = 00:00:07 ; elapsed = 00:00:07 . Memory (MB): peak = 2478.742 ; gain = 857.797 ; free physical = 6731 ; free virtual = 17257
---------------------------------------------------------------------------------
---------------------------------------------------------------------------------
Start Writing Synthesis Report
---------------------------------------------------------------------------------

Report BlackBoxes: 
+-+--------------+----------+
| |BlackBox name |Instances |
+-+--------------+----------+
+-+--------------+----------+

Report Cell Usage: 
+------+-----+------+
|      |Cell |Count |
+------+-----+------+
|1     |OBUF |     1|
+------+-----+------+

Report Instance Areas: 
+------+---------+-------+------+
|      |Instance |Module |Cells |
+------+---------+-------+------+
|1     |top      |       |     1|
+------+---------+-------+------+
---------------------------------------------------------------------------------
Finished Writing Synthesis Report : Time (s): cpu = 00:00:07 ; elapsed = 00:00:07 . Memory (MB): peak = 2478.742 ; gain = 857.797 ; free physical = 6731 ; free virtual = 17257
---------------------------------------------------------------------------------
Synthesis finished with 0 errors, 1 critical warnings and 1 warnings.
Synthesis Optimization Runtime : Time (s): cpu = 00:00:07 ; elapsed = 00:00:07 . Memory (MB): peak = 2478.742 ; gain = 857.797 ; free physical = 6731 ; free virtual = 17257
Synthesis Optimization Complete : Time (s): cpu = 00:00:07 ; elapsed = 00:00:07 . Memory (MB): peak = 2478.750 ; gain = 857.797 ; free physical = 6731 ; free virtual = 17257
INFO: [Project 1-571] Translating synthesized netlist
Netlist sorting complete. Time (s): cpu = 00:00:00 ; elapsed = 00:00:00 . Memory (MB): peak = 2492.617 ; gain = 0.000 ; free physical = 6856 ; free virtual = 17382
INFO: [Project 1-570] Preparing netlist for logic optimization
INFO: [Opt 31-138] Pushed 0 inverter(s) to 0 load pin(s).
Netlist sorting complete. Time (s): cpu = 00:00:00 ; elapsed = 00:00:00 . Memory (MB): peak = 2600.211 ; gain = 0.000 ; free physical = 6749 ; free virtual = 17275
INFO: [Project 1-111] Unisim Transformation Summary:
No Unisim elements were transformed.

Synth Design complete | Checksum: e8b80acd
INFO: [Common 17-83] Releasing license: Synthesis
22 Infos, 1 Warnings, 1 Critical Warnings and 0 Errors encountered.
synth_design completed successfully
synth_design: Time (s): cpu = 00:00:10 ; elapsed = 00:00:09 . Memory (MB): peak = 2600.246 ; gain = 979.301 ; free physical = 6749 ; free virtual = 17275
INFO: [Common 17-2834] synth_design peak Physical Memory [PSS] (MB): overall = 1714.419; main = 1714.419; forked = 0.000
INFO: [Common 17-2834] synth_design peak Virtual Memory [VSS] (MB): overall = 2600.215; main = 2600.215; forked = 0.000
INFO: [runtcl-6] Synthesis results are not added to the cache due to CRITICAL_WARNING
Write ShapeDB Complete: Time (s): cpu = 00:00:00 ; elapsed = 00:00:00 . Memory (MB): peak = 2608.215 ; gain = 0.000 ; free physical = 6749 ; free virtual = 17275
INFO: [Common 17-1381] The checkpoint '/home/dmas/robot_dreams/robot-dreams-code-fpga/task7/task7.runs/synth_1/lock_controller_top.dcp' has been generated.
INFO: [Vivado 12-24828] Executing command : report_utilization -file lock_controller_top_utilization_synth.rpt -pb lock_controller_top_utilization_synth.pb
INFO: [Common 17-206] Exiting Vivado at Sat Sep 19 20:20:11 2026...
