Copyright 1986-2022 Xilinx, Inc. All Rights Reserved. Copyright 2022-2025 Advanced Micro Devices, Inc. All Rights Reserved.
--------------------------------------------------------------------------------------------------------------------------------------------------------------------------------------------------------------------------------------------------
| Tool Version      : Vivado v.2025.2 (lin64) Build 6299465 Fri Nov 14 12:34:56 MST 2025
| Date              : Sun Sep  6 13:57:08 2026
| Host              : dmas-pc running 64-bit Ubuntu 24.04.4 LTS
| Command           : report_timing_summary -max_paths 10 -routable_nets -report_unconstrained -file decoder_top_timing_summary_routed.rpt -pb decoder_top_timing_summary_routed.pb -rpx decoder_top_timing_summary_routed.rpx -warn_on_violation
| Design            : decoder_top
| Device            : xczu7ev-ffvf1517
| Speed File        : -1LV  PRODUCTION 1.30 05-15-2022
| Design State      : Routed
| Temperature Grade : I
--------------------------------------------------------------------------------------------------------------------------------------------------------------------------------------------------------------------------------------------------

Timing Summary Report

------------------------------------------------------------------------------------------------
| Timer Settings
| --------------
------------------------------------------------------------------------------------------------

  Enable Multi Corner Analysis               :  Yes
  Enable Pessimism Removal                   :  Yes
  Pessimism Removal Resolution               :  Nearest Common Node
  Enable Input Delay Default Clock           :  No
  Enable Preset / Clear Arcs                 :  No
  Disable Flight Delays                      :  No
  Ignore I/O Paths                           :  No
  Timing Early Launch at Borrowing Latches   :  No
  Borrow Time for Max Delay Exceptions       :  Yes
  Merge Timing Exceptions                    :  Yes
  Inter-SLR Compensation                     :  Conservative

  Corner  Analyze    Analyze    
  Name    Max Paths  Min Paths  
  ------  ---------  ---------  
  Slow    Yes        Yes        
  Fast    Yes        Yes        


------------------------------------------------------------------------------------------------
| Report Methodology
| ------------------
------------------------------------------------------------------------------------------------

No report available as report_methodology has not been run prior. Run report_methodology on the current design for the summary of methodology violations.



check_timing report

Table of Contents
-----------------
1. checking no_clock (0)
2. checking constant_clock (0)
3. checking pulse_width_clock (0)
4. checking unconstrained_internal_endpoints (0)
5. checking no_input_delay (0)
6. checking no_output_delay (0)
7. checking multiple_clock (0)
8. checking generated_clocks (0)
9. checking loops (0)
10. checking partial_input_delay (0)
11. checking partial_output_delay (0)
12. checking latch_loops (0)

1. checking no_clock (0)
------------------------
 There are 0 register/latch pins with no clock.


2. checking constant_clock (0)
------------------------------
 There are 0 register/latch pins with constant_clock.


3. checking pulse_width_clock (0)
---------------------------------
 There are 0 register/latch pins which need pulse_width check


4. checking unconstrained_internal_endpoints (0)
------------------------------------------------
 There are 0 pins that are not constrained for maximum delay.

 There are 0 pins that are not constrained for maximum delay due to constant clock.


5. checking no_input_delay (0)
------------------------------
 There are 0 input ports with no input delay specified.

 There are 0 input ports with no input delay but user has a false path constraint.


6. checking no_output_delay (0)
-------------------------------
 There are 0 ports with no output delay specified.

 There are 0 ports with no output delay but user has a false path constraint

 There are 0 ports with no output delay but with a timing clock defined on it or propagating through it


7. checking multiple_clock (0)
------------------------------
 There are 0 register/latch pins with multiple clocks.


8. checking generated_clocks (0)
--------------------------------
 There are 0 generated clocks that are not connected to a clock source.


9. checking loops (0)
---------------------
 There are 0 combinational loops in the design.


10. checking partial_input_delay (0)
------------------------------------
 There are 0 input ports with partial input delay specified.


11. checking partial_output_delay (0)
-------------------------------------
 There are 0 ports with partial output delay specified.


12. checking latch_loops (0)
----------------------------
 There are 0 combinational latch loops in the design through latch input



------------------------------------------------------------------------------------------------
| Design Timing Summary
| ---------------------
------------------------------------------------------------------------------------------------

    WNS(ns)      TNS(ns)  TNS Failing Endpoints  TNS Total Endpoints      WHS(ns)      THS(ns)  THS Failing Endpoints  THS Total Endpoints     WPWS(ns)     TPWS(ns)  TPWS Failing Endpoints  TPWS Total Endpoints  
    -------      -------  ---------------------  -------------------      -------      -------  ---------------------  -------------------     --------     --------  ----------------------  --------------------  
        inf        0.000                      0                  256          inf        0.000                      0                  256           NA           NA                      NA                    NA  


There are no user specified timing constraints.


------------------------------------------------------------------------------------------------
| Clock Summary
| -------------
------------------------------------------------------------------------------------------------


------------------------------------------------------------------------------------------------
| Intra Clock Table
| -----------------
------------------------------------------------------------------------------------------------

Clock             WNS(ns)      TNS(ns)  TNS Failing Endpoints  TNS Total Endpoints      WHS(ns)      THS(ns)  THS Failing Endpoints  THS Total Endpoints     WPWS(ns)     TPWS(ns)  TPWS Failing Endpoints  TPWS Total Endpoints  
-----             -------      -------  ---------------------  -------------------      -------      -------  ---------------------  -------------------     --------     --------  ----------------------  --------------------  


------------------------------------------------------------------------------------------------
| Inter Clock Table
| -----------------
------------------------------------------------------------------------------------------------

From Clock    To Clock          WNS(ns)      TNS(ns)  TNS Failing Endpoints  TNS Total Endpoints      WHS(ns)      THS(ns)  THS Failing Endpoints  THS Total Endpoints  
----------    --------          -------      -------  ---------------------  -------------------      -------      -------  ---------------------  -------------------  


------------------------------------------------------------------------------------------------
| Other Path Groups Table
| -----------------------
------------------------------------------------------------------------------------------------

Path Group    From Clock    To Clock          WNS(ns)      TNS(ns)  TNS Failing Endpoints  TNS Total Endpoints      WHS(ns)      THS(ns)  THS Failing Endpoints  THS Total Endpoints  
----------    ----------    --------          -------      -------  ---------------------  -------------------      -------      -------  ---------------------  -------------------  


------------------------------------------------------------------------------------------------
| User Ignored Path Table
| -----------------------
------------------------------------------------------------------------------------------------

Path Group    From Clock    To Clock    
----------    ----------    --------    


------------------------------------------------------------------------------------------------
| Unconstrained Path Table
| ------------------------
------------------------------------------------------------------------------------------------

Path Group    From Clock    To Clock    
----------    ----------    --------    
(none)                                    


------------------------------------------------------------------------------------------------
| Timing Details
| --------------
------------------------------------------------------------------------------------------------


--------------------------------------------------------------------------------------
Path Group:  (none)
From Clock:  
  To Clock:  

Max Delay           256 Endpoints
Min Delay           256 Endpoints
--------------------------------------------------------------------------------------


Max Delay Paths
--------------------------------------------------------------------------------------
Slack:                    inf
  Source:                 binary_in[2]
                            (input port)
  Destination:            decoder_out[158]
                            (output port)
  Path Group:             (none)
  Path Type:              Max at Slow Process Corner
  Data Path Delay:        13.787ns  (logic 2.118ns (15.360%)  route 11.670ns (84.640%))
  Logic Levels:           4  (IBUFCTRL=1 INBUF=1 LUT5=1 OBUF=1)

    Location             Delay type                Incr(ns)  Path(ns)    Netlist Resource(s)
  -------------------------------------------------------------------    -------------------
    B13                                               0.000     0.000 r  binary_in[2] (IN)
                         net (fo=0)                   0.000     0.000    binary_in_IBUF[2]_inst/I
    B13                  INBUF (Prop_INBUF_HDIOB_M_PAD_O)
                                                      1.081     1.081 r  binary_in_IBUF[2]_inst/INBUF_INST/O
                         net (fo=1, routed)           0.000     1.081    binary_in_IBUF[2]_inst/OUT
    B13                  IBUFCTRL (Prop_IBUFCTRL_HDIOB_M_I_O)
                                                      0.000     1.081 r  binary_in_IBUF[2]_inst/IBUFCTRL_INST/O
                         net (fo=256, routed)         6.979     8.059    binary_in_IBUF[2]
    SLICE_X66Y197        LUT5 (Prop_C5LUT_SLICEL_I2_O)
                                                      0.111     8.170 r  decoder_out_OBUF[158]_inst_i_1/O
                         net (fo=1, routed)           4.691    12.861    decoder_out_OBUF[158]
    K28                  OBUF (Prop_OUTBUF_HPIOB_M_I_O)
                                                      0.926    13.787 r  decoder_out_OBUF[158]_inst/O
                         net (fo=0)                   0.000    13.787    decoder_out[158]
    K28                                                               r  decoder_out[158] (OUT)
  -------------------------------------------------------------------    -------------------

Slack:                    inf
  Source:                 binary_in[2]
                            (input port)
  Destination:            decoder_out[152]
                            (output port)
  Path Group:             (none)
  Path Type:              Max at Slow Process Corner
  Data Path Delay:        13.688ns  (logic 2.122ns (15.505%)  route 11.566ns (84.495%))
  Logic Levels:           4  (IBUFCTRL=1 INBUF=1 LUT5=1 OBUF=1)

    Location             Delay type                Incr(ns)  Path(ns)    Netlist Resource(s)
  -------------------------------------------------------------------    -------------------
    B13                                               0.000     0.000 f  binary_in[2] (IN)
                         net (fo=0)                   0.000     0.000    binary_in_IBUF[2]_inst/I
    B13                  INBUF (Prop_INBUF_HDIOB_M_PAD_O)
                                                      1.081     1.081 f  binary_in_IBUF[2]_inst/INBUF_INST/O
                         net (fo=1, routed)           0.000     1.081    binary_in_IBUF[2]_inst/OUT
    B13                  IBUFCTRL (Prop_IBUFCTRL_HDIOB_M_I_O)
                                                      0.000     1.081 f  binary_in_IBUF[2]_inst/IBUFCTRL_INST/O
                         net (fo=256, routed)         6.985     8.065    binary_in_IBUF[2]
    SLICE_X66Y197        LUT5 (Prop_A5LUT_SLICEL_I3_O)
                                                      0.113     8.178 r  decoder_out_OBUF[152]_inst_i_1/O
                         net (fo=1, routed)           4.581    12.759    decoder_out_OBUF[152]
    M25                  OBUF (Prop_OUTBUF_HPIOB_M_I_O)
                                                      0.929    13.688 r  decoder_out_OBUF[152]_inst/O
                         net (fo=0)                   0.000    13.688    decoder_out[152]
    M25                                                               r  decoder_out[152] (OUT)
  -------------------------------------------------------------------    -------------------

Slack:                    inf
  Source:                 binary_in[2]
                            (input port)
  Destination:            decoder_out[146]
                            (output port)
  Path Group:             (none)
  Path Type:              Max at Slow Process Corner
  Data Path Delay:        11.875ns  (logic 2.289ns (19.276%)  route 9.586ns (80.724%))
  Logic Levels:           4  (IBUFCTRL=1 INBUF=1 LUT5=1 OBUF=1)

    Location             Delay type                Incr(ns)  Path(ns)    Netlist Resource(s)
  -------------------------------------------------------------------    -------------------
    B13                                               0.000     0.000 f  binary_in[2] (IN)
                         net (fo=0)                   0.000     0.000    binary_in_IBUF[2]_inst/I
    B13                  INBUF (Prop_INBUF_HDIOB_M_PAD_O)
                                                      1.081     1.081 f  binary_in_IBUF[2]_inst/INBUF_INST/O
                         net (fo=1, routed)           0.000     1.081    binary_in_IBUF[2]_inst/OUT
    B13                  IBUFCTRL (Prop_IBUFCTRL_HDIOB_M_I_O)
                                                      0.000     1.081 f  binary_in_IBUF[2]_inst/IBUFCTRL_INST/O
                         net (fo=256, routed)         6.979     8.059    binary_in_IBUF[2]
    SLICE_X66Y197        LUT5 (Prop_C6LUT_SLICEL_I2_O)
                                                      0.092     8.151 r  decoder_out_OBUF[146]_inst_i_1/O
                         net (fo=1, routed)           2.607    10.758    decoder_out_OBUF[146]
    AR2                  OBUF (Prop_OUTBUF_HPIOB_M_I_O)
                                                      1.116    11.875 r  decoder_out_OBUF[146]_inst/O
                         net (fo=0)                   0.000    11.875    decoder_out[146]
    AR2                                                               r  decoder_out[146] (OUT)
  -------------------------------------------------------------------    -------------------

Slack:                    inf
  Source:                 binary_in[2]
                            (input port)
  Destination:            decoder_out[102]
                            (output port)
  Path Group:             (none)
  Path Type:              Max at Slow Process Corner
  Data Path Delay:        11.146ns  (logic 2.229ns (19.996%)  route 8.917ns (80.004%))
  Logic Levels:           4  (IBUFCTRL=1 INBUF=1 LUT5=1 OBUF=1)

    Location             Delay type                Incr(ns)  Path(ns)    Netlist Resource(s)
  -------------------------------------------------------------------    -------------------
    B13                                               0.000     0.000 r  binary_in[2] (IN)
                         net (fo=0)                   0.000     0.000    binary_in_IBUF[2]_inst/I
    B13                  INBUF (Prop_INBUF_HDIOB_M_PAD_O)
                                                      1.081     1.081 r  binary_in_IBUF[2]_inst/INBUF_INST/O
                         net (fo=1, routed)           0.000     1.081    binary_in_IBUF[2]_inst/OUT
    B13                  IBUFCTRL (Prop_IBUFCTRL_HDIOB_M_I_O)
                                                      0.000     1.081 r  binary_in_IBUF[2]_inst/IBUFCTRL_INST/O
                         net (fo=256, routed)         7.470     8.551    binary_in_IBUF[2]
    SLICE_X66Y236        LUT5 (Prop_D6LUT_SLICEL_I2_O)
                                                      0.173     8.724 r  decoder_out_OBUF[102]_inst_i_1/O
                         net (fo=1, routed)           1.447    10.171    decoder_out_OBUF[102]
    K18                  OBUF (Prop_OUTBUF_HPIOB_SNGL_I_O)
                                                      0.975    11.146 r  decoder_out_OBUF[102]_inst/O
                         net (fo=0)                   0.000    11.146    decoder_out[102]
    K18                                                               r  decoder_out[102] (OUT)
  -------------------------------------------------------------------    -------------------

Slack:                    inf
  Source:                 binary_in[2]
                            (input port)
  Destination:            decoder_out[125]
                            (output port)
  Path Group:             (none)
  Path Type:              Max at Slow Process Corner
  Data Path Delay:        11.123ns  (logic 2.358ns (21.198%)  route 8.765ns (78.802%))
  Logic Levels:           4  (IBUFCTRL=1 INBUF=1 LUT5=1 OBUF=1)

    Location             Delay type                Incr(ns)  Path(ns)    Netlist Resource(s)
  -------------------------------------------------------------------    -------------------
    B13                                               0.000     0.000 r  binary_in[2] (IN)
                         net (fo=0)                   0.000     0.000    binary_in_IBUF[2]_inst/I
    B13                  INBUF (Prop_INBUF_HDIOB_M_PAD_O)
                                                      1.081     1.081 r  binary_in_IBUF[2]_inst/INBUF_INST/O
                         net (fo=1, routed)           0.000     1.081    binary_in_IBUF[2]_inst/OUT
    B13                  IBUFCTRL (Prop_IBUFCTRL_HDIOB_M_I_O)
                                                      0.000     1.081 r  binary_in_IBUF[2]_inst/IBUFCTRL_INST/O
                         net (fo=256, routed)         7.399     8.480    binary_in_IBUF[2]
    SLICE_X66Y213        LUT5 (Prop_D5LUT_SLICEL_I2_O)
                                                      0.185     8.665 r  decoder_out_OBUF[125]_inst_i_1/O
                         net (fo=1, routed)           1.366    10.031    decoder_out_OBUF[125]
    AT5                  OBUF (Prop_OUTBUF_HPIOB_S_I_O)
                                                      1.092    11.123 r  decoder_out_OBUF[125]_inst/O
                         net (fo=0)                   0.000    11.123    decoder_out[125]
    AT5                                                               r  decoder_out[125] (OUT)
  -------------------------------------------------------------------    -------------------

Slack:                    inf
  Source:                 binary_in[2]
                            (input port)
  Destination:            decoder_out[113]
                            (output port)
  Path Group:             (none)
  Path Type:              Max at Slow Process Corner
  Data Path Delay:        11.121ns  (logic 2.349ns (21.119%)  route 8.772ns (78.881%))
  Logic Levels:           4  (IBUFCTRL=1 INBUF=1 LUT5=1 OBUF=1)

    Location             Delay type                Incr(ns)  Path(ns)    Netlist Resource(s)
  -------------------------------------------------------------------    -------------------
    B13                                               0.000     0.000 f  binary_in[2] (IN)
                         net (fo=0)                   0.000     0.000    binary_in_IBUF[2]_inst/I
    B13                  INBUF (Prop_INBUF_HDIOB_M_PAD_O)
                                                      1.081     1.081 f  binary_in_IBUF[2]_inst/INBUF_INST/O
                         net (fo=1, routed)           0.000     1.081    binary_in_IBUF[2]_inst/OUT
    B13                  IBUFCTRL (Prop_IBUFCTRL_HDIOB_M_I_O)
                                                      0.000     1.081 f  binary_in_IBUF[2]_inst/IBUFCTRL_INST/O
                         net (fo=256, routed)         7.406     8.487    binary_in_IBUF[2]
    SLICE_X66Y228        LUT5 (Prop_D5LUT_SLICEL_I2_O)
                                                      0.185     8.672 r  decoder_out_OBUF[113]_inst_i_1/O
                         net (fo=1, routed)           1.366    10.038    decoder_out_OBUF[113]
    AR9                  OBUF (Prop_OUTBUF_HPIOB_S_I_O)
                                                      1.083    11.121 r  decoder_out_OBUF[113]_inst/O
                         net (fo=0)                   0.000    11.121    decoder_out[113]
    AR9                                                               r  decoder_out[113] (OUT)
  -------------------------------------------------------------------    -------------------

Slack:                    inf
  Source:                 binary_in[2]
                            (input port)
  Destination:            decoder_out[106]
                            (output port)
  Path Group:             (none)
  Path Type:              Max at Slow Process Corner
  Data Path Delay:        11.089ns  (logic 2.321ns (20.932%)  route 8.768ns (79.068%))
  Logic Levels:           4  (IBUFCTRL=1 INBUF=1 LUT5=1 OBUF=1)

    Location             Delay type                Incr(ns)  Path(ns)    Netlist Resource(s)
  -------------------------------------------------------------------    -------------------
    B13                                               0.000     0.000 f  binary_in[2] (IN)
                         net (fo=0)                   0.000     0.000    binary_in_IBUF[2]_inst/I
    B13                  INBUF (Prop_INBUF_HDIOB_M_PAD_O)
                                                      1.081     1.081 f  binary_in_IBUF[2]_inst/INBUF_INST/O
                         net (fo=1, routed)           0.000     1.081    binary_in_IBUF[2]_inst/OUT
    B13                  IBUFCTRL (Prop_IBUFCTRL_HDIOB_M_I_O)
                                                      0.000     1.081 f  binary_in_IBUF[2]_inst/IBUFCTRL_INST/O
                         net (fo=256, routed)         7.470     8.551    binary_in_IBUF[2]
    SLICE_X66Y236        LUT5 (Prop_D5LUT_SLICEL_I3_O)
                                                      0.185     8.736 r  decoder_out_OBUF[106]_inst_i_1/O
                         net (fo=1, routed)           1.298    10.034    decoder_out_OBUF[106]
    AK10                 OBUF (Prop_OUTBUF_HPIOB_M_I_O)
                                                      1.056    11.089 r  decoder_out_OBUF[106]_inst/O
                         net (fo=0)                   0.000    11.089    decoder_out[106]
    AK10                                                              r  decoder_out[106] (OUT)
  -------------------------------------------------------------------    -------------------

Slack:                    inf
  Source:                 binary_in[2]
                            (input port)
  Destination:            decoder_out[119]
                            (output port)
  Path Group:             (none)
  Path Type:              Max at Slow Process Corner
  Data Path Delay:        11.026ns  (logic 2.336ns (21.183%)  route 8.690ns (78.817%))
  Logic Levels:           4  (IBUFCTRL=1 INBUF=1 LUT5=1 OBUF=1)

    Location             Delay type                Incr(ns)  Path(ns)    Netlist Resource(s)
  -------------------------------------------------------------------    -------------------
    B13                                               0.000     0.000 r  binary_in[2] (IN)
                         net (fo=0)                   0.000     0.000    binary_in_IBUF[2]_inst/I
    B13                  INBUF (Prop_INBUF_HDIOB_M_PAD_O)
                                                      1.081     1.081 r  binary_in_IBUF[2]_inst/INBUF_INST/O
                         net (fo=1, routed)           0.000     1.081    binary_in_IBUF[2]_inst/OUT
    B13                  IBUFCTRL (Prop_IBUFCTRL_HDIOB_M_I_O)
                                                      0.000     1.081 r  binary_in_IBUF[2]_inst/IBUFCTRL_INST/O
                         net (fo=256, routed)         7.387     8.468    binary_in_IBUF[2]
    SLICE_X66Y219        LUT5 (Prop_D5LUT_SLICEL_I2_O)
                                                      0.162     8.630 r  decoder_out_OBUF[119]_inst_i_1/O
                         net (fo=1, routed)           1.303     9.933    decoder_out_OBUF[119]
    AR7                  OBUF (Prop_OUTBUF_HPIOB_S_I_O)
                                                      1.093    11.026 r  decoder_out_OBUF[119]_inst/O
                         net (fo=0)                   0.000    11.026    decoder_out[119]
    AR7                                                               r  decoder_out[119] (OUT)
  -------------------------------------------------------------------    -------------------

Slack:                    inf
  Source:                 binary_in[2]
                            (input port)
  Destination:            decoder_out[117]
                            (output port)
  Path Group:             (none)
  Path Type:              Max at Slow Process Corner
  Data Path Delay:        11.023ns  (logic 2.385ns (21.641%)  route 8.637ns (78.359%))
  Logic Levels:           4  (IBUFCTRL=1 INBUF=1 LUT5=1 OBUF=1)

    Location             Delay type                Incr(ns)  Path(ns)    Netlist Resource(s)
  -------------------------------------------------------------------    -------------------
    B13                                               0.000     0.000 r  binary_in[2] (IN)
                         net (fo=0)                   0.000     0.000    binary_in_IBUF[2]_inst/I
    B13                  INBUF (Prop_INBUF_HDIOB_M_PAD_O)
                                                      1.081     1.081 r  binary_in_IBUF[2]_inst/INBUF_INST/O
                         net (fo=1, routed)           0.000     1.081    binary_in_IBUF[2]_inst/OUT
    B13                  IBUFCTRL (Prop_IBUFCTRL_HDIOB_M_I_O)
                                                      0.000     1.081 r  binary_in_IBUF[2]_inst/IBUFCTRL_INST/O
                         net (fo=256, routed)         7.400     8.481    binary_in_IBUF[2]
    SLICE_X66Y222        LUT5 (Prop_D5LUT_SLICEL_I2_O)
                                                      0.185     8.666 r  decoder_out_OBUF[117]_inst_i_1/O
                         net (fo=1, routed)           1.237     9.903    decoder_out_OBUF[117]
    AP4                  OBUF (Prop_OUTBUF_HPIOB_S_I_O)
                                                      1.120    11.023 r  decoder_out_OBUF[117]_inst/O
                         net (fo=0)                   0.000    11.023    decoder_out[117]
    AP4                                                               r  decoder_out[117] (OUT)
  -------------------------------------------------------------------    -------------------

Slack:                    inf
  Source:                 binary_in[2]
                            (input port)
  Destination:            decoder_out[149]
                            (output port)
  Path Group:             (none)
  Path Type:              Max at Slow Process Corner
  Data Path Delay:        11.021ns  (logic 2.309ns (20.954%)  route 8.712ns (79.046%))
  Logic Levels:           4  (IBUFCTRL=1 INBUF=1 LUT5=1 OBUF=1)

    Location             Delay type                Incr(ns)  Path(ns)    Netlist Resource(s)
  -------------------------------------------------------------------    -------------------
    B13                                               0.000     0.000 r  binary_in[2] (IN)
                         net (fo=0)                   0.000     0.000    binary_in_IBUF[2]_inst/I
    B13                  INBUF (Prop_INBUF_HDIOB_M_PAD_O)
                                                      1.081     1.081 r  binary_in_IBUF[2]_inst/INBUF_INST/O
                         net (fo=1, routed)           0.000     1.081    binary_in_IBUF[2]_inst/OUT
    B13                  IBUFCTRL (Prop_IBUFCTRL_HDIOB_M_I_O)
                                                      0.000     1.081 r  binary_in_IBUF[2]_inst/IBUFCTRL_INST/O
                         net (fo=256, routed)         6.976     8.056    binary_in_IBUF[2]
    SLICE_X66Y197        LUT5 (Prop_D5LUT_SLICEL_I2_O)
                                                      0.108     8.164 r  decoder_out_OBUF[149]_inst_i_1/O
                         net (fo=1, routed)           1.736     9.900    decoder_out_OBUF[149]
    AW2                  OBUF (Prop_OUTBUF_HPIOB_S_I_O)
                                                      1.121    11.021 r  decoder_out_OBUF[149]_inst/O
                         net (fo=0)                   0.000    11.021    decoder_out[149]
    AW2                                                               r  decoder_out[149] (OUT)
  -------------------------------------------------------------------    -------------------





Min Delay Paths
--------------------------------------------------------------------------------------
Slack:                    inf
  Source:                 binary_in[3]
                            (input port)
  Destination:            decoder_out[50]
                            (output port)
  Path Group:             (none)
  Path Type:              Min at Fast Process Corner
  Data Path Delay:        1.998ns  (logic 0.910ns (45.560%)  route 1.088ns (54.440%))
  Logic Levels:           4  (IBUFCTRL=1 INBUF=1 LUT5=1 OBUF=1)

    Location             Delay type                Incr(ns)  Path(ns)    Netlist Resource(s)
  -------------------------------------------------------------------    -------------------
    A13                                               0.000     0.000 f  binary_in[3] (IN)
                         net (fo=0)                   0.000     0.000    binary_in_IBUF[3]_inst/I
    A13                  INBUF (Prop_INBUF_HDIOB_S_PAD_O)
                                                      0.465     0.465 f  binary_in_IBUF[3]_inst/INBUF_INST/O
                         net (fo=1, routed)           0.000     0.465    binary_in_IBUF[3]_inst/OUT
    A13                  IBUFCTRL (Prop_IBUFCTRL_HDIOB_S_I_O)
                                                      0.000     0.465 f  binary_in_IBUF[3]_inst/IBUFCTRL_INST/O
                         net (fo=256, routed)         0.622     1.087    binary_in_IBUF[3]
    SLICE_X66Y319        LUT5 (Prop_D6LUT_SLICEL_I3_O)
                                                      0.037     1.124 r  decoder_out_OBUF[50]_inst_i_1/O
                         net (fo=1, routed)           0.466     1.590    decoder_out_OBUF[50]
    E22                  OBUF (Prop_OUTBUF_HPIOB_SNGL_I_O)
                                                      0.408     1.998 r  decoder_out_OBUF[50]_inst/O
                         net (fo=0)                   0.000     1.998    decoder_out[50]
    E22                                                               r  decoder_out[50] (OUT)
  -------------------------------------------------------------------    -------------------

Slack:                    inf
  Source:                 binary_in[7]
                            (input port)
  Destination:            decoder_out[13]
                            (output port)
  Path Group:             (none)
  Path Type:              Min at Fast Process Corner
  Data Path Delay:        2.030ns  (logic 0.930ns (45.823%)  route 1.100ns (54.177%))
  Logic Levels:           5  (IBUFCTRL=1 INBUF=1 LUT4=1 LUT5=1 OBUF=1)

    Location             Delay type                Incr(ns)  Path(ns)    Netlist Resource(s)
  -------------------------------------------------------------------    -------------------
    C13                                               0.000     0.000 f  binary_in[7] (IN)
                         net (fo=0)                   0.000     0.000    binary_in_IBUF[7]_inst/I
    C13                  INBUF (Prop_INBUF_HDIOB_S_PAD_O)
                                                      0.453     0.453 f  binary_in_IBUF[7]_inst/INBUF_INST/O
                         net (fo=1, routed)           0.000     0.453    binary_in_IBUF[7]_inst/OUT
    C13                  IBUFCTRL (Prop_IBUFCTRL_HDIOB_S_I_O)
                                                      0.000     0.453 f  binary_in_IBUF[7]_inst/IBUFCTRL_INST/O
                         net (fo=16, routed)          0.539     0.993    binary_in_IBUF[7]
    SLICE_X66Y341        LUT4 (Prop_C5LUT_SLICEL_I0_O)
                                                      0.053     1.046 r  decoder_out_OBUF[15]_inst_i_2/O
                         net (fo=16, routed)          0.102     1.147    decoder_out_OBUF[15]_inst_i_2_n_0
    SLICE_X66Y342        LUT5 (Prop_D5LUT_SLICEL_I4_O)
                                                      0.043     1.190 r  decoder_out_OBUF[13]_inst_i_1/O
                         net (fo=1, routed)           0.459     1.649    decoder_out_OBUF[13]
    H22                  OBUF (Prop_OUTBUF_HPIOB_S_I_O)
                                                      0.381     2.030 r  decoder_out_OBUF[13]_inst/O
                         net (fo=0)                   0.000     2.030    decoder_out[13]
    H22                                                               r  decoder_out[13] (OUT)
  -------------------------------------------------------------------    -------------------

Slack:                    inf
  Source:                 binary_in[7]
                            (input port)
  Destination:            decoder_out[12]
                            (output port)
  Path Group:             (none)
  Path Type:              Min at Fast Process Corner
  Data Path Delay:        2.032ns  (logic 0.965ns (47.462%)  route 1.068ns (52.538%))
  Logic Levels:           5  (IBUFCTRL=1 INBUF=1 LUT4=1 LUT5=1 OBUF=1)

    Location             Delay type                Incr(ns)  Path(ns)    Netlist Resource(s)
  -------------------------------------------------------------------    -------------------
    C13                                               0.000     0.000 f  binary_in[7] (IN)
                         net (fo=0)                   0.000     0.000    binary_in_IBUF[7]_inst/I
    C13                  INBUF (Prop_INBUF_HDIOB_S_PAD_O)
                                                      0.453     0.453 f  binary_in_IBUF[7]_inst/INBUF_INST/O
                         net (fo=1, routed)           0.000     0.453    binary_in_IBUF[7]_inst/OUT
    C13                  IBUFCTRL (Prop_IBUFCTRL_HDIOB_S_I_O)
                                                      0.000     0.453 f  binary_in_IBUF[7]_inst/IBUFCTRL_INST/O
                         net (fo=16, routed)          0.539     0.993    binary_in_IBUF[7]
    SLICE_X66Y341        LUT4 (Prop_C5LUT_SLICEL_I0_O)
                                                      0.053     1.046 r  decoder_out_OBUF[15]_inst_i_2/O
                         net (fo=16, routed)          0.102     1.147    decoder_out_OBUF[15]_inst_i_2_n_0
    SLICE_X66Y342        LUT5 (Prop_D6LUT_SLICEL_I4_O)
                                                      0.077     1.224 r  decoder_out_OBUF[12]_inst_i_1/O
                         net (fo=1, routed)           0.427     1.651    decoder_out_OBUF[12]
    J22                  OBUF (Prop_OUTBUF_HPIOB_M_I_O)
                                                      0.381     2.032 r  decoder_out_OBUF[12]_inst/O
                         net (fo=0)                   0.000     2.032    decoder_out[12]
    J22                                                               r  decoder_out[12] (OUT)
  -------------------------------------------------------------------    -------------------

Slack:                    inf
  Source:                 binary_in[3]
                            (input port)
  Destination:            decoder_out[29]
                            (output port)
  Path Group:             (none)
  Path Type:              Min at Fast Process Corner
  Data Path Delay:        2.039ns  (logic 0.921ns (45.156%)  route 1.118ns (54.844%))
  Logic Levels:           4  (IBUFCTRL=1 INBUF=1 LUT5=1 OBUF=1)

    Location             Delay type                Incr(ns)  Path(ns)    Netlist Resource(s)
  -------------------------------------------------------------------    -------------------
    A13                                               0.000     0.000 r  binary_in[3] (IN)
                         net (fo=0)                   0.000     0.000    binary_in_IBUF[3]_inst/I
    A13                  INBUF (Prop_INBUF_HDIOB_S_PAD_O)
                                                      0.465     0.465 r  binary_in_IBUF[3]_inst/INBUF_INST/O
                         net (fo=1, routed)           0.000     0.465    binary_in_IBUF[3]_inst/OUT
    A13                  IBUFCTRL (Prop_IBUFCTRL_HDIOB_S_I_O)
                                                      0.000     0.465 r  binary_in_IBUF[3]_inst/IBUFCTRL_INST/O
                         net (fo=256, routed)         0.659     1.124    binary_in_IBUF[3]
    SLICE_X66Y323        LUT5 (Prop_D5LUT_SLICEL_I3_O)
                                                      0.023     1.147 r  decoder_out_OBUF[29]_inst_i_1/O
                         net (fo=1, routed)           0.459     1.606    decoder_out_OBUF[29]
    C24                  OBUF (Prop_OUTBUF_HPIOB_S_I_O)
                                                      0.433     2.039 r  decoder_out_OBUF[29]_inst/O
                         net (fo=0)                   0.000     2.039    decoder_out[29]
    C24                                                               r  decoder_out[29] (OUT)
  -------------------------------------------------------------------    -------------------

Slack:                    inf
  Source:                 binary_in[3]
                            (input port)
  Destination:            decoder_out[28]
                            (output port)
  Path Group:             (none)
  Path Type:              Min at Fast Process Corner
  Data Path Delay:        2.044ns  (logic 0.936ns (45.783%)  route 1.108ns (54.217%))
  Logic Levels:           4  (IBUFCTRL=1 INBUF=1 LUT5=1 OBUF=1)

    Location             Delay type                Incr(ns)  Path(ns)    Netlist Resource(s)
  -------------------------------------------------------------------    -------------------
    A13                                               0.000     0.000 r  binary_in[3] (IN)
                         net (fo=0)                   0.000     0.000    binary_in_IBUF[3]_inst/I
    A13                  INBUF (Prop_INBUF_HDIOB_S_PAD_O)
                                                      0.465     0.465 r  binary_in_IBUF[3]_inst/INBUF_INST/O
                         net (fo=1, routed)           0.000     0.465    binary_in_IBUF[3]_inst/OUT
    A13                  IBUFCTRL (Prop_IBUFCTRL_HDIOB_S_I_O)
                                                      0.000     0.465 r  binary_in_IBUF[3]_inst/IBUFCTRL_INST/O
                         net (fo=256, routed)         0.659     1.124    binary_in_IBUF[3]
    SLICE_X66Y323        LUT5 (Prop_D6LUT_SLICEL_I3_O)
                                                      0.037     1.161 r  decoder_out_OBUF[28]_inst_i_1/O
                         net (fo=1, routed)           0.449     1.610    decoder_out_OBUF[28]
    D24                  OBUF (Prop_OUTBUF_HPIOB_M_I_O)
                                                      0.434     2.044 r  decoder_out_OBUF[28]_inst/O
                         net (fo=0)                   0.000     2.044    decoder_out[28]
    D24                                                               r  decoder_out[28] (OUT)
  -------------------------------------------------------------------    -------------------

Slack:                    inf
  Source:                 binary_in[7]
                            (input port)
  Destination:            decoder_out[9]
                            (output port)
  Path Group:             (none)
  Path Type:              Min at Fast Process Corner
  Data Path Delay:        2.050ns  (logic 0.962ns (46.912%)  route 1.088ns (53.088%))
  Logic Levels:           5  (IBUFCTRL=1 INBUF=1 LUT4=1 LUT5=1 OBUF=1)

    Location             Delay type                Incr(ns)  Path(ns)    Netlist Resource(s)
  -------------------------------------------------------------------    -------------------
    C13                                               0.000     0.000 f  binary_in[7] (IN)
                         net (fo=0)                   0.000     0.000    binary_in_IBUF[7]_inst/I
    C13                  INBUF (Prop_INBUF_HDIOB_S_PAD_O)
                                                      0.453     0.453 f  binary_in_IBUF[7]_inst/INBUF_INST/O
                         net (fo=1, routed)           0.000     0.453    binary_in_IBUF[7]_inst/OUT
    C13                  IBUFCTRL (Prop_IBUFCTRL_HDIOB_S_I_O)
                                                      0.000     0.453 f  binary_in_IBUF[7]_inst/IBUFCTRL_INST/O
                         net (fo=16, routed)          0.539     0.993    binary_in_IBUF[7]
    SLICE_X66Y341        LUT4 (Prop_C5LUT_SLICEL_I0_O)
                                                      0.053     1.046 r  decoder_out_OBUF[15]_inst_i_2/O
                         net (fo=16, routed)          0.123     1.169    decoder_out_OBUF[15]_inst_i_2_n_0
    SLICE_X66Y349        LUT5 (Prop_B6LUT_SLICEL_I4_O)
                                                      0.068     1.237 r  decoder_out_OBUF[9]_inst_i_1/O
                         net (fo=1, routed)           0.426     1.663    decoder_out_OBUF[9]
    K24                  OBUF (Prop_OUTBUF_HPIOB_S_I_O)
                                                      0.387     2.050 r  decoder_out_OBUF[9]_inst/O
                         net (fo=0)                   0.000     2.050    decoder_out[9]
    K24                                                               r  decoder_out[9] (OUT)
  -------------------------------------------------------------------    -------------------

Slack:                    inf
  Source:                 binary_in[3]
                            (input port)
  Destination:            decoder_out[27]
                            (output port)
  Path Group:             (none)
  Path Type:              Min at Fast Process Corner
  Data Path Delay:        2.052ns  (logic 0.916ns (44.647%)  route 1.136ns (55.353%))
  Logic Levels:           4  (IBUFCTRL=1 INBUF=1 LUT5=1 OBUF=1)

    Location             Delay type                Incr(ns)  Path(ns)    Netlist Resource(s)
  -------------------------------------------------------------------    -------------------
    A13                                               0.000     0.000 r  binary_in[3] (IN)
                         net (fo=0)                   0.000     0.000    binary_in_IBUF[3]_inst/I
    A13                  INBUF (Prop_INBUF_HDIOB_S_PAD_O)
                                                      0.465     0.465 r  binary_in_IBUF[3]_inst/INBUF_INST/O
                         net (fo=1, routed)           0.000     0.465    binary_in_IBUF[3]_inst/OUT
    A13                  IBUFCTRL (Prop_IBUFCTRL_HDIOB_S_I_O)
                                                      0.000     0.465 r  binary_in_IBUF[3]_inst/IBUFCTRL_INST/O
                         net (fo=256, routed)         0.673     1.138    binary_in_IBUF[3]
    SLICE_X66Y325        LUT5 (Prop_C6LUT_SLICEL_I2_O)
                                                      0.037     1.175 r  decoder_out_OBUF[27]_inst_i_1/O
                         net (fo=1, routed)           0.463     1.638    decoder_out_OBUF[27]
    F22                  OBUF (Prop_OUTBUF_HPIOB_S_I_O)
                                                      0.414     2.052 r  decoder_out_OBUF[27]_inst/O
                         net (fo=0)                   0.000     2.052    decoder_out[27]
    F22                                                               r  decoder_out[27] (OUT)
  -------------------------------------------------------------------    -------------------

Slack:                    inf
  Source:                 binary_in[7]
                            (input port)
  Destination:            decoder_out[11]
                            (output port)
  Path Group:             (none)
  Path Type:              Min at Fast Process Corner
  Data Path Delay:        2.061ns  (logic 0.959ns (46.530%)  route 1.102ns (53.470%))
  Logic Levels:           5  (IBUFCTRL=1 INBUF=1 LUT4=1 LUT5=1 OBUF=1)

    Location             Delay type                Incr(ns)  Path(ns)    Netlist Resource(s)
  -------------------------------------------------------------------    -------------------
    C13                                               0.000     0.000 f  binary_in[7] (IN)
                         net (fo=0)                   0.000     0.000    binary_in_IBUF[7]_inst/I
    C13                  INBUF (Prop_INBUF_HDIOB_S_PAD_O)
                                                      0.453     0.453 f  binary_in_IBUF[7]_inst/INBUF_INST/O
                         net (fo=1, routed)           0.000     0.453    binary_in_IBUF[7]_inst/OUT
    C13                  IBUFCTRL (Prop_IBUFCTRL_HDIOB_S_I_O)
                                                      0.000     0.453 f  binary_in_IBUF[7]_inst/IBUFCTRL_INST/O
                         net (fo=16, routed)          0.539     0.993    binary_in_IBUF[7]
    SLICE_X66Y341        LUT4 (Prop_C5LUT_SLICEL_I0_O)
                                                      0.053     1.046 r  decoder_out_OBUF[15]_inst_i_2/O
                         net (fo=16, routed)          0.095     1.141    decoder_out_OBUF[15]_inst_i_2_n_0
    SLICE_X66Y345        LUT5 (Prop_D6LUT_SLICEL_I4_O)
                                                      0.090     1.231 r  decoder_out_OBUF[11]_inst_i_1/O
                         net (fo=1, routed)           0.468     1.699    decoder_out_OBUF[11]
    M21                  OBUF (Prop_OUTBUF_HPIOB_S_I_O)
                                                      0.363     2.061 r  decoder_out_OBUF[11]_inst/O
                         net (fo=0)                   0.000     2.061    decoder_out[11]
    M21                                                               r  decoder_out[11] (OUT)
  -------------------------------------------------------------------    -------------------

Slack:                    inf
  Source:                 binary_in[3]
                            (input port)
  Destination:            decoder_out[43]
                            (output port)
  Path Group:             (none)
  Path Type:              Min at Fast Process Corner
  Data Path Delay:        2.063ns  (logic 0.944ns (45.751%)  route 1.119ns (54.249%))
  Logic Levels:           4  (IBUFCTRL=1 INBUF=1 LUT5=1 OBUF=1)

    Location             Delay type                Incr(ns)  Path(ns)    Netlist Resource(s)
  -------------------------------------------------------------------    -------------------
    A13                                               0.000     0.000 r  binary_in[3] (IN)
                         net (fo=0)                   0.000     0.000    binary_in_IBUF[3]_inst/I
    A13                  INBUF (Prop_INBUF_HDIOB_S_PAD_O)
                                                      0.465     0.465 r  binary_in_IBUF[3]_inst/INBUF_INST/O
                         net (fo=1, routed)           0.000     0.465    binary_in_IBUF[3]_inst/OUT
    A13                  IBUFCTRL (Prop_IBUFCTRL_HDIOB_S_I_O)
                                                      0.000     0.465 r  binary_in_IBUF[3]_inst/IBUFCTRL_INST/O
                         net (fo=256, routed)         0.669     1.134    binary_in_IBUF[3]
    SLICE_X66Y304        LUT5 (Prop_C6LUT_SLICEL_I2_O)
                                                      0.037     1.171 r  decoder_out_OBUF[43]_inst_i_1/O
                         net (fo=1, routed)           0.450     1.621    decoder_out_OBUF[43]
    A21                  OBUF (Prop_OUTBUF_HPIOB_S_I_O)
                                                      0.442     2.063 r  decoder_out_OBUF[43]_inst/O
                         net (fo=0)                   0.000     2.063    decoder_out[43]
    A21                                                               r  decoder_out[43] (OUT)
  -------------------------------------------------------------------    -------------------

Slack:                    inf
  Source:                 binary_in[7]
                            (input port)
  Destination:            decoder_out[6]
                            (output port)
  Path Group:             (none)
  Path Type:              Min at Fast Process Corner
  Data Path Delay:        2.066ns  (logic 0.912ns (44.167%)  route 1.153ns (55.833%))
  Logic Levels:           5  (IBUFCTRL=1 INBUF=1 LUT4=1 LUT5=1 OBUF=1)

    Location             Delay type                Incr(ns)  Path(ns)    Netlist Resource(s)
  -------------------------------------------------------------------    -------------------
    C13                                               0.000     0.000 f  binary_in[7] (IN)
                         net (fo=0)                   0.000     0.000    binary_in_IBUF[7]_inst/I
    C13                  INBUF (Prop_INBUF_HDIOB_S_PAD_O)
                                                      0.453     0.453 f  binary_in_IBUF[7]_inst/INBUF_INST/O
                         net (fo=1, routed)           0.000     0.453    binary_in_IBUF[7]_inst/OUT
    C13                  IBUFCTRL (Prop_IBUFCTRL_HDIOB_S_I_O)
                                                      0.000     0.453 f  binary_in_IBUF[7]_inst/IBUFCTRL_INST/O
                         net (fo=16, routed)          0.539     0.993    binary_in_IBUF[7]
    SLICE_X66Y341        LUT4 (Prop_C5LUT_SLICEL_I0_O)
                                                      0.053     1.046 r  decoder_out_OBUF[15]_inst_i_2/O
                         net (fo=16, routed)          0.151     1.197    decoder_out_OBUF[15]_inst_i_2_n_0
    SLICE_X66Y349        LUT5 (Prop_H5LUT_SLICEL_I4_O)
                                                      0.043     1.240 r  decoder_out_OBUF[6]_inst_i_1/O
                         net (fo=1, routed)           0.463     1.703    decoder_out_OBUF[6]
    M20                  OBUF (Prop_OUTBUF_HPIOB_M_I_O)
                                                      0.363     2.066 r  decoder_out_OBUF[6]_inst/O
                         net (fo=0)                   0.000     2.066    decoder_out[6]
    M20                                                               r  decoder_out[6] (OUT)
  -------------------------------------------------------------------    -------------------





