
*** Running vivado
    with args -log decoder_top.vdi -applog -m64 -product Vivado -messageDb vivado.pb -mode batch -source decoder_top.tcl -notrace


****** Vivado v2025.2 (64-bit)
  **** SW Build 6299465 on Fri Nov 14 12:34:56 MST 2025
  **** IP Build 6300035 on Fri Nov 14 10:48:45 MST 2025
  **** SharedData Build 6298862 on Thu Nov 13 04:50:51 MST 2025
  **** Start of session at: Sun Sep  6 13:56:22 2026
    ** Copyright 1986-2022 Xilinx, Inc. All Rights Reserved.
    ** Copyright 2022-2025 Advanced Micro Devices, Inc. All Rights Reserved.

source decoder_top.tcl -notrace
Command: link_design -top decoder_top -part xczu7ev-ffvf1517-1LV-i
Design is defaulting to srcset: sources_1
Design is defaulting to constrset: constrs_1
INFO: [Device 21-403] Loading part xczu7ev-ffvf1517-1LV-i
Netlist sorting complete. Time (s): cpu = 00:00:00 ; elapsed = 00:00:00 . Memory (MB): peak = 2737.426 ; gain = 0.000 ; free physical = 3022 ; free virtual = 17095
INFO: [Netlist 29-17] Analyzing 8 Unisim elements for replacement
INFO: [Netlist 29-28] Unisim Transformation completed in 0 CPU seconds
INFO: [Project 1-479] Netlist was created with Vivado 2025.2
INFO: [Project 1-570] Preparing netlist for logic optimization
Read ShapeDB Complete: Time (s): cpu = 00:00:00 ; elapsed = 00:00:00 . Memory (MB): peak = 2737.426 ; gain = 0.000 ; free physical = 3017 ; free virtual = 17090
Netlist sorting complete. Time (s): cpu = 00:00:00 ; elapsed = 00:00:00 . Memory (MB): peak = 2930.066 ; gain = 0.000 ; free physical = 2831 ; free virtual = 16904
INFO: [Project 1-111] Unisim Transformation Summary:
  A total of 8 instances were transformed.
  IBUF => IBUF (IBUFCTRL, INBUF): 8 instances

6 Infos, 0 Warnings, 0 Critical Warnings and 0 Errors encountered.
link_design completed successfully
link_design: Time (s): cpu = 00:00:08 ; elapsed = 00:00:08 . Memory (MB): peak = 2930.102 ; gain = 1307.223 ; free physical = 2827 ; free virtual = 16900
Command: opt_design
Attempting to get a license for feature 'Implementation' and/or device 'xczu7ev'
INFO: [Common 17-349] Got license for feature 'Implementation' and/or device 'xczu7ev'
Running DRC as a precondition to command opt_design

Starting DRC Task
INFO: [DRC 23-27] Running DRC with 8 threads
INFO: [Project 1-461] DRC finished with 0 Errors
INFO: [Project 1-462] Please refer to the DRC report (report_drc) for more information.

Time (s): cpu = 00:00:00.59 ; elapsed = 00:00:00.21 . Memory (MB): peak = 3122.777 ; gain = 192.676 ; free physical = 2772 ; free virtual = 16845

Starting Cache Timing Information Task
INFO: [Timing 38-35] Done setting XDC timing constraints.
Ending Cache Timing Information Task | Checksum: 1dc82285b

Time (s): cpu = 00:00:01 ; elapsed = 00:00:01 . Memory (MB): peak = 3429.684 ; gain = 306.906 ; free physical = 2537 ; free virtual = 16610

Starting Logic Optimization Task

Phase 1 Initialization

Phase 1.1 Core Generation And Design Setup
Phase 1.1 Core Generation And Design Setup | Checksum: 1dc82285b

Time (s): cpu = 00:00:00 ; elapsed = 00:00:00 . Memory (MB): peak = 3815.402 ; gain = 0.000 ; free physical = 2180 ; free virtual = 16253

Phase 1.2 Setup Constraints And Sort Netlist
Phase 1.2 Setup Constraints And Sort Netlist | Checksum: 1dc82285b

Time (s): cpu = 00:00:00.01 ; elapsed = 00:00:00 . Memory (MB): peak = 3815.402 ; gain = 0.000 ; free physical = 2180 ; free virtual = 16253
Phase 1 Initialization | Checksum: 1dc82285b

Time (s): cpu = 00:00:00.01 ; elapsed = 00:00:00 . Memory (MB): peak = 3815.402 ; gain = 0.000 ; free physical = 2180 ; free virtual = 16253

Phase 2 Timer Update And Timing Data Collection

Phase 2.1 Detect if minReqCache needed
Phase 2.1 Detect if minReqCache needed | Checksum: 1dc82285b

Time (s): cpu = 00:00:00.01 ; elapsed = 00:00:00 . Memory (MB): peak = 3815.402 ; gain = 0.000 ; free physical = 2180 ; free virtual = 16253

Phase 2.2 Timer Update
Phase 2.2 Timer Update | Checksum: 1dc82285b

Time (s): cpu = 00:00:00.01 ; elapsed = 00:00:00 . Memory (MB): peak = 3815.402 ; gain = 0.000 ; free physical = 2180 ; free virtual = 16253
Phase 2 Timer Update And Timing Data Collection | Checksum: 1dc82285b

Time (s): cpu = 00:00:00.01 ; elapsed = 00:00:00 . Memory (MB): peak = 3815.402 ; gain = 0.000 ; free physical = 2180 ; free virtual = 16253

Phase 3 Retarget
INFO: [Opt 31-1851] Number of loadless carry chains removed were: 0
INFO: [Opt 31-1834] Total Chains To Be Transformed Were: 0 AND Number of Transformed insts Created are: 0
INFO: [Opt 31-138] Pushed 0 inverter(s) to 0 load pin(s).
INFO: [Opt 31-49] Retargeted 0 cell(s).
Phase 3 Retarget | Checksum: 1dc82285b

Time (s): cpu = 00:00:00.02 ; elapsed = 00:00:00.02 . Memory (MB): peak = 3815.402 ; gain = 0.000 ; free physical = 2180 ; free virtual = 16253
Retarget | Checksum: 1dc82285b
INFO: [Opt 31-389] Phase Retarget created 0 cells and removed 0 cells

Phase 4 Constant propagation
INFO: [Opt 31-138] Pushed 0 inverter(s) to 0 load pin(s).
Phase 4 Constant propagation | Checksum: 1dc82285b

Time (s): cpu = 00:00:00.02 ; elapsed = 00:00:00.02 . Memory (MB): peak = 3815.402 ; gain = 0.000 ; free physical = 2180 ; free virtual = 16253
Constant propagation | Checksum: 1dc82285b
INFO: [Opt 31-389] Phase Constant propagation created 0 cells and removed 0 cells

Phase 5 Sweep
INFO: [Constraints 18-11670] Building netlist checker database with flags, 0x8
Done building netlist checker database: Time (s): cpu = 00:00:00 ; elapsed = 00:00:00 . Memory (MB): peak = 3815.402 ; gain = 0.000 ; free physical = 2180 ; free virtual = 16253
Phase 5 Sweep | Checksum: 1dc82285b

Time (s): cpu = 00:00:00.03 ; elapsed = 00:00:00.03 . Memory (MB): peak = 3815.402 ; gain = 0.000 ; free physical = 2180 ; free virtual = 16253
Sweep | Checksum: 1dc82285b
INFO: [Opt 31-389] Phase Sweep created 0 cells and removed 0 cells

Phase 6 BUFG optimization
INFO: [Opt 31-1077] Phase BUFG optimization inserted 0 global clock buffer(s) for CLOCK_LOW_FANOUT.
Phase 6 BUFG optimization | Checksum: 1dc82285b

Time (s): cpu = 00:00:00.04 ; elapsed = 00:00:00.03 . Memory (MB): peak = 3847.418 ; gain = 32.016 ; free physical = 2180 ; free virtual = 16253
BUFG optimization | Checksum: 1dc82285b
INFO: [Opt 31-662] Phase BUFG optimization created 0 cells of which 0 are BUFGs and removed 0 cells.

Phase 7 Shift Register Optimization
INFO: [Opt 31-1064] SRL Remap converted 0 SRLs to 0 registers and converted 0 registers of register chains to 0 SRLs
Phase 7 Shift Register Optimization | Checksum: 1dc82285b

Time (s): cpu = 00:00:00.04 ; elapsed = 00:00:00.03 . Memory (MB): peak = 3847.418 ; gain = 32.016 ; free physical = 2180 ; free virtual = 16253
Shift Register Optimization | Checksum: 1dc82285b
INFO: [Opt 31-389] Phase Shift Register Optimization created 0 cells and removed 0 cells

Phase 8 Post Processing Netlist
Phase 8 Post Processing Netlist | Checksum: 1dc82285b

Time (s): cpu = 00:00:00.04 ; elapsed = 00:00:00.03 . Memory (MB): peak = 3847.418 ; gain = 32.016 ; free physical = 2180 ; free virtual = 16253
Post Processing Netlist | Checksum: 1dc82285b
INFO: [Opt 31-389] Phase Post Processing Netlist created 0 cells and removed 0 cells

Phase 9 Finalization

Phase 9.1 Finalizing Design Cores and Updating Shapes
Phase 9.1 Finalizing Design Cores and Updating Shapes | Checksum: 1dc82285b

Time (s): cpu = 00:00:00.04 ; elapsed = 00:00:00.04 . Memory (MB): peak = 3847.418 ; gain = 32.016 ; free physical = 2180 ; free virtual = 16253

Phase 9.2 Verifying Netlist Connectivity

Starting Connectivity Check Task

Time (s): cpu = 00:00:00 ; elapsed = 00:00:00 . Memory (MB): peak = 3847.418 ; gain = 0.000 ; free physical = 2180 ; free virtual = 16253
Phase 9.2 Verifying Netlist Connectivity | Checksum: 1dc82285b

Time (s): cpu = 00:00:00.04 ; elapsed = 00:00:00.04 . Memory (MB): peak = 3847.418 ; gain = 32.016 ; free physical = 2180 ; free virtual = 16253
Phase 9 Finalization | Checksum: 1dc82285b

Time (s): cpu = 00:00:00.04 ; elapsed = 00:00:00.04 . Memory (MB): peak = 3847.418 ; gain = 32.016 ; free physical = 2180 ; free virtual = 16253
Opt_design Change Summary
=========================


-------------------------------------------------------------------------------------------------------------------------
|  Phase                        |  #Cells created  |  #Cells Removed  |  #Constrained objects preventing optimizations  |
-------------------------------------------------------------------------------------------------------------------------
|  Retarget                     |               0  |               0  |                                              0  |
|  Constant propagation         |               0  |               0  |                                              0  |
|  Sweep                        |               0  |               0  |                                              0  |
|  BUFG optimization            |               0  |               0  |                                              0  |
|  Shift Register Optimization  |               0  |               0  |                                              0  |
|  Post Processing Netlist      |               0  |               0  |                                              0  |
-------------------------------------------------------------------------------------------------------------------------


Ending Logic Optimization Task | Checksum: 1dc82285b

Time (s): cpu = 00:00:00.04 ; elapsed = 00:00:00.04 . Memory (MB): peak = 3847.418 ; gain = 32.016 ; free physical = 2180 ; free virtual = 16253

Starting Power Optimization Task
INFO: [Pwropt 34-132] Skipping clock gating for clocks with a period < 2.00 ns.
Ending Power Optimization Task | Checksum: 1dc82285b

Time (s): cpu = 00:00:00 ; elapsed = 00:00:00 . Memory (MB): peak = 3847.418 ; gain = 0.000 ; free physical = 2180 ; free virtual = 16253

Starting Final Cleanup Task
Ending Final Cleanup Task | Checksum: 1dc82285b

Time (s): cpu = 00:00:00 ; elapsed = 00:00:00 . Memory (MB): peak = 3847.418 ; gain = 0.000 ; free physical = 2180 ; free virtual = 16253
Netlist sorting complete. Time (s): cpu = 00:00:00 ; elapsed = 00:00:00 . Memory (MB): peak = 3847.418 ; gain = 0.000 ; free physical = 2180 ; free virtual = 16253
INFO: [Common 17-83] Releasing license: Implementation
27 Infos, 0 Warnings, 0 Critical Warnings and 0 Errors encountered.
opt_design completed successfully
INFO: [Vivado 12-24828] Executing command : report_drc -file decoder_top_drc_opted.rpt -pb decoder_top_drc_opted.pb -rpx decoder_top_drc_opted.rpx
Command: report_drc -file decoder_top_drc_opted.rpt -pb decoder_top_drc_opted.pb -rpx decoder_top_drc_opted.rpx
INFO: [IP_Flow 19-234] Refreshing IP repositories
INFO: [IP_Flow 19-1704] No user IP repositories specified
INFO: [IP_Flow 19-2313] Loaded Vivado IP repository '/home/dmas/Xilinx/vivado_2025_2/2025.2/data/ip'.
INFO: [Timing 38-35] Done setting XDC timing constraints.
INFO: [DRC 23-27] Running DRC with 8 threads
INFO: [Vivado_Tcl 2-168] The results of DRC are in file /home/dmas/robot_dreams/robot-dreams-code-fpga/task4/decoder/decoder.runs/impl_1/decoder_top_drc_opted.rpt.
report_drc completed successfully
report_drc: Time (s): cpu = 00:00:08 ; elapsed = 00:00:07 . Memory (MB): peak = 4316.504 ; gain = 469.086 ; free physical = 1543 ; free virtual = 15617
generate_parallel_reports: Time (s): cpu = 00:00:08 ; elapsed = 00:00:07 . Memory (MB): peak = 4316.504 ; gain = 469.086 ; free physical = 1543 ; free virtual = 15617
Write ShapeDB Complete: Time (s): cpu = 00:00:00.01 ; elapsed = 00:00:00 . Memory (MB): peak = 4316.504 ; gain = 0.000 ; free physical = 1543 ; free virtual = 15617
INFO: [Common 17-1381] The checkpoint '/home/dmas/robot_dreams/robot-dreams-code-fpga/task4/decoder/decoder.runs/impl_1/decoder_top_opt.dcp' has been generated.
Command: place_design
Attempting to get a license for feature 'Implementation' and/or device 'xczu7ev'
INFO: [Common 17-349] Got license for feature 'Implementation' and/or device 'xczu7ev'
INFO: [Common 17-83] Releasing license: Implementation
INFO: [DRC 23-27] Running DRC with 8 threads
INFO: [Vivado_Tcl 4-198] DRC finished with 0 Errors
INFO: [Vivado_Tcl 4-199] Please refer to the DRC report (report_drc) for more information.
Running DRC as a precondition to command place_design
INFO: [DRC 23-27] Running DRC with 8 threads
INFO: [Vivado_Tcl 4-198] DRC finished with 0 Errors
INFO: [Vivado_Tcl 4-199] Please refer to the DRC report (report_drc) for more information.
INFO: [Place 30-611] Multithreading enabled for place_design using a maximum of 8 CPUs

Starting Placer Task

Phase 1 Placer Initialization

Phase 1.1 Placer Initialization Netlist Sorting
Netlist sorting complete. Time (s): cpu = 00:00:00 ; elapsed = 00:00:00 . Memory (MB): peak = 4316.504 ; gain = 0.000 ; free physical = 1532 ; free virtual = 15605
Phase 1.1 Placer Initialization Netlist Sorting | Checksum: 11ad19303

Time (s): cpu = 00:00:00 ; elapsed = 00:00:00 . Memory (MB): peak = 4316.504 ; gain = 0.000 ; free physical = 1532 ; free virtual = 15605
Netlist sorting complete. Time (s): cpu = 00:00:00 ; elapsed = 00:00:00 . Memory (MB): peak = 4316.504 ; gain = 0.000 ; free physical = 1532 ; free virtual = 15605

Phase 1.2 IO Placement/ Clock Placement/ Build Placer Device
Phase 1.2 IO Placement/ Clock Placement/ Build Placer Device | Checksum: 1d8e6815f

Time (s): cpu = 00:00:00.5 ; elapsed = 00:00:00.39 . Memory (MB): peak = 4372.531 ; gain = 56.027 ; free physical = 1536 ; free virtual = 15609

Phase 1.3 Build Placer Netlist Model
Phase 1.3 Build Placer Netlist Model | Checksum: 29da558a5

Time (s): cpu = 00:00:00.75 ; elapsed = 00:00:00.54 . Memory (MB): peak = 4404.547 ; gain = 88.043 ; free physical = 1541 ; free virtual = 15614

Phase 1.4 Constrain Clocks/Macros
Phase 1.4 Constrain Clocks/Macros | Checksum: 29da558a5

Time (s): cpu = 00:00:00.75 ; elapsed = 00:00:00.55 . Memory (MB): peak = 4404.547 ; gain = 88.043 ; free physical = 1541 ; free virtual = 15614
Phase 1 Placer Initialization | Checksum: 29da558a5

Time (s): cpu = 00:00:00.76 ; elapsed = 00:00:00.55 . Memory (MB): peak = 4404.547 ; gain = 88.043 ; free physical = 1541 ; free virtual = 15614

Phase 2 Global Placement

Phase 2.1 Floorplanning

Phase 2.1.1 Partition Driven Placement

Phase 2.1.1.1 PBP: Partition Driven Placement
Phase 2.1.1.1 PBP: Partition Driven Placement | Checksum: 21bfe1d55

Time (s): cpu = 00:00:00.81 ; elapsed = 00:00:00.59 . Memory (MB): peak = 4404.547 ; gain = 88.043 ; free physical = 1542 ; free virtual = 15615

Phase 2.1.1.2 PBP: Clock Region Placement
INFO: [Place 30-3164] Check ILP status : ILP-based clock placer is skipped.
Phase 2.1.1.2 PBP: Clock Region Placement | Checksum: 21bfe1d55

Time (s): cpu = 00:00:00.83 ; elapsed = 00:00:00.61 . Memory (MB): peak = 4404.547 ; gain = 88.043 ; free physical = 1542 ; free virtual = 15615

Phase 2.1.1.3 PBP: Compute Congestion
Phase 2.1.1.3 PBP: Compute Congestion | Checksum: 21bfe1d55

Time (s): cpu = 00:00:08 ; elapsed = 00:00:03 . Memory (MB): peak = 4733.527 ; gain = 417.023 ; free physical = 1157 ; free virtual = 15230

Phase 2.1.1.4 PBP: Add part constraints
Phase 2.1.1.4 PBP: Add part constraints | Checksum: 21bfe1d55

Time (s): cpu = 00:00:08 ; elapsed = 00:00:03 . Memory (MB): peak = 4733.527 ; gain = 417.023 ; free physical = 1157 ; free virtual = 15230
Phase 2.1.1 Partition Driven Placement | Checksum: 21bfe1d55

Time (s): cpu = 00:00:08 ; elapsed = 00:00:03 . Memory (MB): peak = 4733.527 ; gain = 417.023 ; free physical = 1157 ; free virtual = 15230
Phase 2.1 Floorplanning | Checksum: 21bfe1d55

Time (s): cpu = 00:00:08 ; elapsed = 00:00:03 . Memory (MB): peak = 4733.527 ; gain = 417.023 ; free physical = 1157 ; free virtual = 15230

Phase 2.2 Update Timing before SLR Path Opt
Phase 2.2 Update Timing before SLR Path Opt | Checksum: 21bfe1d55

Time (s): cpu = 00:00:08 ; elapsed = 00:00:03 . Memory (MB): peak = 4733.527 ; gain = 417.023 ; free physical = 1157 ; free virtual = 15230

Phase 2.3 Post-Processing in Floorplanning
Phase 2.3 Post-Processing in Floorplanning | Checksum: 21bfe1d55

Time (s): cpu = 00:00:08 ; elapsed = 00:00:03 . Memory (MB): peak = 4733.527 ; gain = 417.023 ; free physical = 1157 ; free virtual = 15230

Phase 2.4 Global Place Phase1
Phase 2.4 Global Place Phase1 | Checksum: 2b738676f

Time (s): cpu = 00:00:16 ; elapsed = 00:00:05 . Memory (MB): peak = 4865.559 ; gain = 549.055 ; free physical = 1065 ; free virtual = 15138

Phase 2.5 Global Place Phase2
WARNING: [Place 46-29] Timing had been disabled during Placer and, therefore, physical synthesis in Placer will be skipped.
Phase 2.5 Global Place Phase2 | Checksum: 2b562845f

Time (s): cpu = 00:00:24 ; elapsed = 00:00:07 . Memory (MB): peak = 4870.559 ; gain = 554.055 ; free physical = 1058 ; free virtual = 15131
Phase 2 Global Placement | Checksum: 2b562845f

Time (s): cpu = 00:00:24 ; elapsed = 00:00:07 . Memory (MB): peak = 4870.559 ; gain = 554.055 ; free physical = 1058 ; free virtual = 15131

Phase 3 Detail Placement

Phase 3.1 Commit Multi Column Macros
Phase 3.1 Commit Multi Column Macros | Checksum: 2b562845f

Time (s): cpu = 00:00:31 ; elapsed = 00:00:09 . Memory (MB): peak = 4870.559 ; gain = 554.055 ; free physical = 1068 ; free virtual = 15141

Phase 3.2 Commit Most Macros & LUTRAMs
Phase 3.2 Commit Most Macros & LUTRAMs | Checksum: 2b562845f

Time (s): cpu = 00:00:31 ; elapsed = 00:00:09 . Memory (MB): peak = 4870.559 ; gain = 554.055 ; free physical = 1068 ; free virtual = 15141

Phase 3.3 Small Shape DP

Phase 3.3.1 Small Shape Clustering
Phase 3.3.1 Small Shape Clustering | Checksum: 2c9c99656

Time (s): cpu = 00:00:38 ; elapsed = 00:00:11 . Memory (MB): peak = 4870.559 ; gain = 554.055 ; free physical = 1059 ; free virtual = 15132

Phase 3.3.2 Slice Area Swap

Phase 3.3.2.1 Slice Area Swap Initial
Phase 3.3.2.1 Slice Area Swap Initial | Checksum: 22d356b44

Time (s): cpu = 00:00:38 ; elapsed = 00:00:11 . Memory (MB): peak = 4870.559 ; gain = 554.055 ; free physical = 1059 ; free virtual = 15132
Phase 3.3.2 Slice Area Swap | Checksum: 22d356b44

Time (s): cpu = 00:00:38 ; elapsed = 00:00:11 . Memory (MB): peak = 4870.559 ; gain = 554.055 ; free physical = 1059 ; free virtual = 15132
Phase 3.3 Small Shape DP | Checksum: 1bdef5e8a

Time (s): cpu = 00:00:38 ; elapsed = 00:00:11 . Memory (MB): peak = 4870.559 ; gain = 554.055 ; free physical = 1059 ; free virtual = 15132

Phase 3.4 Re-assign LUT pins
Phase 3.4 Re-assign LUT pins | Checksum: 1bdef5e8a

Time (s): cpu = 00:00:38 ; elapsed = 00:00:11 . Memory (MB): peak = 4870.559 ; gain = 554.055 ; free physical = 1059 ; free virtual = 15132

Phase 3.5 Pipeline Register Optimization
Phase 3.5 Pipeline Register Optimization | Checksum: 1bdef5e8a

Time (s): cpu = 00:00:38 ; elapsed = 00:00:11 . Memory (MB): peak = 4870.559 ; gain = 554.055 ; free physical = 1059 ; free virtual = 15132
Phase 3 Detail Placement | Checksum: 1bdef5e8a

Time (s): cpu = 00:00:38 ; elapsed = 00:00:11 . Memory (MB): peak = 4870.559 ; gain = 554.055 ; free physical = 1059 ; free virtual = 15132

Phase 4 Post Placement Optimization and Clean-Up

Phase 4.1 Post Commit Optimization
Phase 4.1 Post Commit Optimization | Checksum: 1bdef5e8a

Time (s): cpu = 00:00:45 ; elapsed = 00:00:13 . Memory (MB): peak = 4870.559 ; gain = 554.055 ; free physical = 1065 ; free virtual = 15139

Phase 4.2 Post Placement Cleanup
Phase 4.2 Post Placement Cleanup | Checksum: 1bdef5e8a

Time (s): cpu = 00:00:55 ; elapsed = 00:00:18 . Memory (MB): peak = 4876.559 ; gain = 560.055 ; free physical = 1066 ; free virtual = 15139

Phase 4.3 Placer Reporting

Phase 4.3.1 Print Estimated Congestion
INFO: [Place 30-612] Post-Placement Estimated Congestion 
 ________________________________________________________________________
|           | Global Congestion | Long Congestion   | Short Congestion  |
| Direction | Region Size       | Region Size       | Region Size       |
|___________|___________________|___________________|___________________|
|      North|                1x1|                1x1|                1x1|
|___________|___________________|___________________|___________________|
|      South|                1x1|                1x1|                1x1|
|___________|___________________|___________________|___________________|
|       East|                1x1|                1x1|                1x1|
|___________|___________________|___________________|___________________|
|       West|                1x1|                1x1|                1x1|
|___________|___________________|___________________|___________________|

Phase 4.3.1 Print Estimated Congestion | Checksum: 1bdef5e8a

Time (s): cpu = 00:00:55 ; elapsed = 00:00:18 . Memory (MB): peak = 4876.559 ; gain = 560.055 ; free physical = 1066 ; free virtual = 15139
Phase 4.3 Placer Reporting | Checksum: 1bdef5e8a

Time (s): cpu = 00:00:55 ; elapsed = 00:00:18 . Memory (MB): peak = 4876.559 ; gain = 560.055 ; free physical = 1066 ; free virtual = 15139

Phase 4.4 Final Placement Cleanup
Netlist sorting complete. Time (s): cpu = 00:00:00 ; elapsed = 00:00:00 . Memory (MB): peak = 4876.559 ; gain = 0.000 ; free physical = 1066 ; free virtual = 15139

Time (s): cpu = 00:00:55 ; elapsed = 00:00:18 . Memory (MB): peak = 4876.559 ; gain = 560.055 ; free physical = 1066 ; free virtual = 15139
Phase 4 Post Placement Optimization and Clean-Up | Checksum: 1bdef5e8a

Time (s): cpu = 00:00:55 ; elapsed = 00:00:18 . Memory (MB): peak = 4876.559 ; gain = 560.055 ; free physical = 1066 ; free virtual = 15139
Ending Placer Task | Checksum: 165c589d6

Time (s): cpu = 00:00:55 ; elapsed = 00:00:18 . Memory (MB): peak = 4876.559 ; gain = 560.055 ; free physical = 1066 ; free virtual = 15139
46 Infos, 1 Warnings, 0 Critical Warnings and 0 Errors encountered.
place_design completed successfully
place_design: Time (s): cpu = 00:00:57 ; elapsed = 00:00:18 . Memory (MB): peak = 4876.559 ; gain = 560.055 ; free physical = 1066 ; free virtual = 15139
INFO: [Vivado 12-24838] Running report commands "report_control_sets, report_io, report_utilization" in parallel.
Running report generation with 3 threads.
INFO: [Vivado 12-24828] Executing command : report_control_sets -verbose -file decoder_top_control_sets_placed.rpt
report_control_sets: Time (s): cpu = 00:00:00.04 ; elapsed = 00:00:00.13 . Memory (MB): peak = 4876.559 ; gain = 0.000 ; free physical = 1042 ; free virtual = 15115
INFO: [Vivado 12-24828] Executing command : report_utilization -file decoder_top_utilization_placed.rpt -pb decoder_top_utilization_placed.pb
INFO: [Vivado 12-24828] Executing command : report_io -file decoder_top_io_placed.rpt
report_io: Time (s): cpu = 00:00:00.28 ; elapsed = 00:00:00.41 . Memory (MB): peak = 4876.559 ; gain = 0.000 ; free physical = 1019 ; free virtual = 15093
Write ShapeDB Complete: Time (s): cpu = 00:00:00.01 ; elapsed = 00:00:00.01 . Memory (MB): peak = 4876.559 ; gain = 0.000 ; free physical = 1019 ; free virtual = 15093
Wrote PlaceDB: Time (s): cpu = 00:00:00.03 ; elapsed = 00:00:00.01 . Memory (MB): peak = 4876.559 ; gain = 0.000 ; free physical = 1019 ; free virtual = 15093
Wrote PulsedLatchDB: Time (s): cpu = 00:00:00 ; elapsed = 00:00:00 . Memory (MB): peak = 4876.559 ; gain = 0.000 ; free physical = 1019 ; free virtual = 15093
Writing XDEF routing.
Writing XDEF routing logical nets.
Writing XDEF routing special nets.
Wrote RouteStorage: Time (s): cpu = 00:00:00.05 ; elapsed = 00:00:00.05 . Memory (MB): peak = 4876.559 ; gain = 0.000 ; free physical = 1019 ; free virtual = 15094
Wrote Netlist Cache: Time (s): cpu = 00:00:00 ; elapsed = 00:00:00 . Memory (MB): peak = 4876.559 ; gain = 0.000 ; free physical = 1019 ; free virtual = 15094
Wrote Device Cache: Time (s): cpu = 00:00:00.01 ; elapsed = 00:00:00.02 . Memory (MB): peak = 4876.559 ; gain = 0.000 ; free physical = 1016 ; free virtual = 15093
Write Physdb Complete: Time (s): cpu = 00:00:00.09 ; elapsed = 00:00:00.08 . Memory (MB): peak = 4876.559 ; gain = 0.000 ; free physical = 1016 ; free virtual = 15093
INFO: [Common 17-1381] The checkpoint '/home/dmas/robot_dreams/robot-dreams-code-fpga/task4/decoder/decoder.runs/impl_1/decoder_top_placed.dcp' has been generated.
Command: phys_opt_design
Attempting to get a license for feature 'Implementation' and/or device 'xczu7ev'
INFO: [Common 17-349] Got license for feature 'Implementation' and/or device 'xczu7ev'

Starting Initial Update Timing Task

Time (s): cpu = 00:00:00.01 ; elapsed = 00:00:00 . Memory (MB): peak = 4876.559 ; gain = 0.000 ; free physical = 1021 ; free virtual = 15095
INFO: [Vivado_Tcl 4-235] No timing constraint found. The netlist was not modified.
INFO: [Common 17-83] Releasing license: Implementation
54 Infos, 1 Warnings, 0 Critical Warnings and 0 Errors encountered.
phys_opt_design completed successfully
Write ShapeDB Complete: Time (s): cpu = 00:00:00.01 ; elapsed = 00:00:00 . Memory (MB): peak = 4876.559 ; gain = 0.000 ; free physical = 1021 ; free virtual = 15095
Wrote PlaceDB: Time (s): cpu = 00:00:00.03 ; elapsed = 00:00:00.01 . Memory (MB): peak = 4876.559 ; gain = 0.000 ; free physical = 1021 ; free virtual = 15095
Wrote PulsedLatchDB: Time (s): cpu = 00:00:00 ; elapsed = 00:00:00 . Memory (MB): peak = 4876.559 ; gain = 0.000 ; free physical = 1021 ; free virtual = 15095
Writing XDEF routing.
Writing XDEF routing logical nets.
Writing XDEF routing special nets.
Wrote RouteStorage: Time (s): cpu = 00:00:00.02 ; elapsed = 00:00:00.03 . Memory (MB): peak = 4876.559 ; gain = 0.000 ; free physical = 1021 ; free virtual = 15096
Wrote Netlist Cache: Time (s): cpu = 00:00:00 ; elapsed = 00:00:00 . Memory (MB): peak = 4876.559 ; gain = 0.000 ; free physical = 1021 ; free virtual = 15096
Wrote Device Cache: Time (s): cpu = 00:00:00.01 ; elapsed = 00:00:00.01 . Memory (MB): peak = 4876.559 ; gain = 0.000 ; free physical = 1021 ; free virtual = 15098
Write Physdb Complete: Time (s): cpu = 00:00:00.07 ; elapsed = 00:00:00.06 . Memory (MB): peak = 4876.559 ; gain = 0.000 ; free physical = 1021 ; free virtual = 15099
INFO: [Common 17-1381] The checkpoint '/home/dmas/robot_dreams/robot-dreams-code-fpga/task4/decoder/decoder.runs/impl_1/decoder_top_physopt.dcp' has been generated.
Command: route_design
Attempting to get a license for feature 'Implementation' and/or device 'xczu7ev'
INFO: [Common 17-349] Got license for feature 'Implementation' and/or device 'xczu7ev'


Starting Routing Task
INFO: [Route 35-254] Multithreading enabled for route_design using a maximum of 8 CPUs

Phase 1 Build RT Design
Checksum: PlaceDB: 4af3f6d3 ConstDB: 0 ShapeSum: 1e522581 RouteDB: fc7f6d82
Nodegraph reading from file.  Time (s): cpu = 00:00:00.47 ; elapsed = 00:00:00.51 . Memory (MB): peak = 4876.559 ; gain = 0.000 ; free physical = 1036 ; free virtual = 15111
Post Restoration Checksum: NetGraph: c9ba8c76 | NumContArr: 727d2407 | Constraints: c2a8fa9d | Timing: c2a8fa9d
Phase 1 Build RT Design | Checksum: 2c189a5b7

Time (s): cpu = 00:00:03 ; elapsed = 00:00:03 . Memory (MB): peak = 4876.559 ; gain = 0.000 ; free physical = 1016 ; free virtual = 15092

Phase 2 Router Initialization
INFO: [Route 35-64] No timing constraints were detected. The router will operate in resource-optimization mode.

Phase 2.1 Fix Topology Constraints
Phase 2.1 Fix Topology Constraints | Checksum: 2c189a5b7

Time (s): cpu = 00:00:03 ; elapsed = 00:00:03 . Memory (MB): peak = 4876.559 ; gain = 0.000 ; free physical = 1016 ; free virtual = 15092

Phase 2.2 Pre Route Cleanup
Phase 2.2 Pre Route Cleanup | Checksum: 2c189a5b7

Time (s): cpu = 00:00:03 ; elapsed = 00:00:03 . Memory (MB): peak = 4876.559 ; gain = 0.000 ; free physical = 1016 ; free virtual = 15092

Phase 2.3 Global Clock Net Routing
Phase 2.3 Global Clock Net Routing | Checksum: 2c189a5b7

Time (s): cpu = 00:00:04 ; elapsed = 00:00:04 . Memory (MB): peak = 4876.559 ; gain = 0.000 ; free physical = 1020 ; free virtual = 15096

Router Utilization Summary
  Global Vertical Routing Utilization    = 0 %
  Global Horizontal Routing Utilization  = 0 %
  Routable Net Status*
  *Does not include unroutable nets such as driverless and loadless.
  Run report_route_status for detailed report.
  Number of Failed Nets               = 281
    (Failed Nets is the sum of unrouted and partially routed nets)
  Number of Unrouted Nets             = 281
  Number of Partially Routed Nets     = 0
  Number of Node Overlaps             = 0

Phase 2 Router Initialization | Checksum: 2c189a5b7

Time (s): cpu = 00:00:05 ; elapsed = 00:00:04 . Memory (MB): peak = 4876.559 ; gain = 0.000 ; free physical = 1018 ; free virtual = 15094

Phase 3 Global Routing
Phase 3 Global Routing | Checksum: 2c189a5b7

Time (s): cpu = 00:00:05 ; elapsed = 00:00:04 . Memory (MB): peak = 4876.559 ; gain = 0.000 ; free physical = 1018 ; free virtual = 15094

Phase 4 Initial Routing

Phase 4.1 Initial Net Routing Pass
Phase 4.1 Initial Net Routing Pass | Checksum: 21ba6f349

Time (s): cpu = 00:00:06 ; elapsed = 00:00:04 . Memory (MB): peak = 4876.559 ; gain = 0.000 ; free physical = 1016 ; free virtual = 15093
Phase 4 Initial Routing | Checksum: 21ba6f349

Time (s): cpu = 00:00:06 ; elapsed = 00:00:04 . Memory (MB): peak = 4876.559 ; gain = 0.000 ; free physical = 1016 ; free virtual = 15093

Phase 5 Rip-up And Reroute

Phase 5.1 Global Iteration 0
 Number of Nodes with overlaps = 7
 Number of Nodes with overlaps = 0
Phase 5.1 Global Iteration 0 | Checksum: 2f8b71bd9

Time (s): cpu = 00:00:06 ; elapsed = 00:00:04 . Memory (MB): peak = 4876.559 ; gain = 0.000 ; free physical = 1016 ; free virtual = 15092
Phase 5 Rip-up And Reroute | Checksum: 2f8b71bd9

Time (s): cpu = 00:00:06 ; elapsed = 00:00:04 . Memory (MB): peak = 4876.559 ; gain = 0.000 ; free physical = 1016 ; free virtual = 15092

Phase 6 Delay and Skew Optimization
Phase 6 Delay and Skew Optimization | Checksum: 3339ce688

Time (s): cpu = 00:00:06 ; elapsed = 00:00:04 . Memory (MB): peak = 4876.559 ; gain = 0.000 ; free physical = 1016 ; free virtual = 15092

Phase 7 Post Hold Fix

Phase 7.1 Hold Fix Iter
Phase 7.1 Hold Fix Iter | Checksum: 3339ce688

Time (s): cpu = 00:00:06 ; elapsed = 00:00:04 . Memory (MB): peak = 4876.559 ; gain = 0.000 ; free physical = 1016 ; free virtual = 15092
Phase 7 Post Hold Fix | Checksum: 3339ce688

Time (s): cpu = 00:00:06 ; elapsed = 00:00:04 . Memory (MB): peak = 4876.559 ; gain = 0.000 ; free physical = 1016 ; free virtual = 15092

Phase 8 Route finalize

Router Utilization Summary
  Global Vertical Routing Utilization    = 0.0470654 %
  Global Horizontal Routing Utilization  = 0.0251558 %
  Routable Net Status*
  *Does not include unroutable nets such as driverless and loadless.
  Run report_route_status for detailed report.
  Number of Failed Nets               = 0
    (Failed Nets is the sum of unrouted and partially routed nets)
  Number of Unrouted Nets             = 0
  Number of Partially Routed Nets     = 0
  Number of Node Overlaps             = 0


--GLOBAL Congestion:
Utilization threshold used for congestion level computation: 0.85
Congestion Report
North Dir 1x1 Area, Max Cong = 23.0047%, No Congested Regions.
South Dir 1x1 Area, Max Cong = 15.6398%, No Congested Regions.
East Dir 1x1 Area, Max Cong = 8.65385%, No Congested Regions.
West Dir 1x1 Area, Max Cong = 11.5385%, No Congested Regions.

------------------------------
Reporting congestion hotspots
------------------------------
Direction: North
----------------
Congested clusters found at Level 0
Effective congestion level: 0 Aspect Ratio: 1 Sparse Ratio: 0
Direction: South
----------------
Congested clusters found at Level 0
Effective congestion level: 0 Aspect Ratio: 1 Sparse Ratio: 0
Direction: East
----------------
Congested clusters found at Level 0
Effective congestion level: 0 Aspect Ratio: 1 Sparse Ratio: 0
Direction: West
----------------
Congested clusters found at Level 0
Effective congestion level: 0 Aspect Ratio: 1 Sparse Ratio: 0

Phase 8 Route finalize | Checksum: 3339ce688

Time (s): cpu = 00:00:06 ; elapsed = 00:00:04 . Memory (MB): peak = 4876.559 ; gain = 0.000 ; free physical = 1011 ; free virtual = 15087

Phase 9 Verifying routed nets

 Verification completed successfully
Phase 9 Verifying routed nets | Checksum: 3339ce688

Time (s): cpu = 00:00:06 ; elapsed = 00:00:04 . Memory (MB): peak = 4876.559 ; gain = 0.000 ; free physical = 1011 ; free virtual = 15087

Phase 10 Depositing Routes
Phase 10 Depositing Routes | Checksum: 3339ce688

Time (s): cpu = 00:00:06 ; elapsed = 00:00:04 . Memory (MB): peak = 4876.559 ; gain = 0.000 ; free physical = 1010 ; free virtual = 15087

Phase 11 Resolve XTalk

Skipping xtalk assignment for non timing driven mode.
Phase 11 Resolve XTalk | Checksum: 3339ce688

Time (s): cpu = 00:00:06 ; elapsed = 00:00:04 . Memory (MB): peak = 4876.559 ; gain = 0.000 ; free physical = 1010 ; free virtual = 15087

Phase 12 Post Process Routing
Phase 12 Post Process Routing | Checksum: 3339ce688

Time (s): cpu = 00:00:06 ; elapsed = 00:00:04 . Memory (MB): peak = 4876.559 ; gain = 0.000 ; free physical = 1010 ; free virtual = 15087
Time taken to check if laguna hold fix is required (in secs): 0
Skip PhysOpt in Router because non-negative WNS value: 1e+30 .
Total Elapsed time in route_design: 4.35 secs

Phase 13 Post-Route Event Processing
Phase 13 Post-Route Event Processing | Checksum: 18c243d93

Time (s): cpu = 00:00:06 ; elapsed = 00:00:04 . Memory (MB): peak = 4876.559 ; gain = 0.000 ; free physical = 1010 ; free virtual = 15087
INFO: [Route 35-16] Router Completed Successfully
Ending Routing Task | Checksum: 18c243d93

Time (s): cpu = 00:00:06 ; elapsed = 00:00:04 . Memory (MB): peak = 4876.559 ; gain = 0.000 ; free physical = 1010 ; free virtual = 15087

Routing Is Done.
INFO: [Common 17-83] Releasing license: Implementation
60 Infos, 1 Warnings, 0 Critical Warnings and 0 Errors encountered.
route_design completed successfully
INFO: [Vivado 12-24828] Executing command : report_drc -file decoder_top_drc_routed.rpt -pb decoder_top_drc_routed.pb -rpx decoder_top_drc_routed.rpx
Command: report_drc -file decoder_top_drc_routed.rpt -pb decoder_top_drc_routed.pb -rpx decoder_top_drc_routed.rpx
INFO: [IP_Flow 19-1839] IP Catalog is up to date.
INFO: [DRC 23-27] Running DRC with 8 threads
INFO: [Vivado_Tcl 2-168] The results of DRC are in file /home/dmas/robot_dreams/robot-dreams-code-fpga/task4/decoder/decoder.runs/impl_1/decoder_top_drc_routed.rpt.
report_drc completed successfully
INFO: [Vivado 12-24828] Executing command : report_methodology -file decoder_top_methodology_drc_routed.rpt -pb decoder_top_methodology_drc_routed.pb -rpx decoder_top_methodology_drc_routed.rpx
Command: report_methodology -file decoder_top_methodology_drc_routed.rpt -pb decoder_top_methodology_drc_routed.pb -rpx decoder_top_methodology_drc_routed.rpx
INFO: [Timing 38-35] Done setting XDC timing constraints.
INFO: [DRC 23-133] Running Methodology with 8 threads
INFO: [Vivado_Tcl 2-1520] The results of Report Methodology are in file /home/dmas/robot_dreams/robot-dreams-code-fpga/task4/decoder/decoder.runs/impl_1/decoder_top_methodology_drc_routed.rpt.
report_methodology completed successfully
INFO: [Vivado 12-24828] Executing command : report_timing_summary -max_paths 10 -routable_nets -report_unconstrained -file decoder_top_timing_summary_routed.rpt -pb decoder_top_timing_summary_routed.pb -rpx decoder_top_timing_summary_routed.rpx -warn_on_violation 
INFO: [Timing 38-35] Done setting XDC timing constraints.
INFO: [Timing 38-91] UpdateTimingParams: Speed grade: -1LV, Temperature grade: I, Delay Type: min_max.
INFO: [Timing 38-191] Multithreading enabled for timing update using a maximum of 8 CPUs
WARNING: [Timing 38-313] There are no user specified timing constraints. Timing constraints are needed for proper timing analysis.
INFO: [Vivado 12-24838] Running report commands "report_bus_skew, report_incremental_reuse, report_route_status" in parallel.
Running report generation with 3 threads.
INFO: [Vivado 12-24828] Executing command : report_route_status -file decoder_top_route_status.rpt -pb decoder_top_route_status.pb
INFO: [Vivado 12-24828] Executing command : report_incremental_reuse -file decoder_top_incremental_reuse_routed.rpt
INFO: [Vivado_Tcl 4-1062] Incremental flow is disabled. No incremental reuse Info to report.
INFO: [Vivado 12-24828] Executing command : report_bus_skew -warn_on_violation -file decoder_top_bus_skew_routed.rpt -pb decoder_top_bus_skew_routed.pb -rpx decoder_top_bus_skew_routed.rpx
INFO: [Timing 38-91] UpdateTimingParams: Speed grade: -1LV, Temperature grade: I, Delay Type: min_max.
INFO: [Timing 38-191] Multithreading enabled for timing update using a maximum of 8 CPUs
INFO: [Vivado 12-24828] Executing command : report_power -file decoder_top_power_routed.rpt -pb decoder_top_power_summary_routed.pb -rpx decoder_top_power_routed.rpx
Command: report_power -file decoder_top_power_routed.rpt -pb decoder_top_power_summary_routed.pb -rpx decoder_top_power_routed.rpx
WARNING: [Power 33-232] No user defined clocks were found in the design! Power estimation will be inaccurate until this is corrected.
Resolution: Please specify clocks using create_clock/create_generated_clock for sequential elements. For pure combinatorial circuits, please specify a virtual clock, otherwise the vectorless estimation might be inaccurate
Running Vector-less Activity Propagation...

Finished Running Vector-less Activity Propagation
80 Infos, 3 Warnings, 0 Critical Warnings and 0 Errors encountered.
report_power completed successfully
INFO: [Vivado 12-24828] Executing command : report_clock_utilization -file decoder_top_clock_utilization_routed.rpt
generate_parallel_reports: Time (s): cpu = 00:00:10 ; elapsed = 00:00:07 . Memory (MB): peak = 4905.668 ; gain = 29.109 ; free physical = 932 ; free virtual = 15027
Write ShapeDB Complete: Time (s): cpu = 00:00:00.01 ; elapsed = 00:00:00 . Memory (MB): peak = 4905.668 ; gain = 0.000 ; free physical = 932 ; free virtual = 15027
Wrote PlaceDB: Time (s): cpu = 00:00:00.03 ; elapsed = 00:00:00.01 . Memory (MB): peak = 4905.668 ; gain = 0.000 ; free physical = 932 ; free virtual = 15026
Wrote PulsedLatchDB: Time (s): cpu = 00:00:00 ; elapsed = 00:00:00 . Memory (MB): peak = 4905.668 ; gain = 0.000 ; free physical = 932 ; free virtual = 15026
Writing XDEF routing.
Writing XDEF routing logical nets.
Writing XDEF routing special nets.
Wrote RouteStorage: Time (s): cpu = 00:00:00.02 ; elapsed = 00:00:00.03 . Memory (MB): peak = 4905.668 ; gain = 0.000 ; free physical = 929 ; free virtual = 15024
Wrote Netlist Cache: Time (s): cpu = 00:00:00 ; elapsed = 00:00:00 . Memory (MB): peak = 4905.668 ; gain = 0.000 ; free physical = 929 ; free virtual = 15024
Wrote Device Cache: Time (s): cpu = 00:00:00.01 ; elapsed = 00:00:00.01 . Memory (MB): peak = 4905.668 ; gain = 0.000 ; free physical = 926 ; free virtual = 15024
Write Physdb Complete: Time (s): cpu = 00:00:00.06 ; elapsed = 00:00:00.05 . Memory (MB): peak = 4905.668 ; gain = 0.000 ; free physical = 926 ; free virtual = 15024
INFO: [Common 17-1381] The checkpoint '/home/dmas/robot_dreams/robot-dreams-code-fpga/task4/decoder/decoder.runs/impl_1/decoder_top_routed.dcp' has been generated.
INFO: [Common 17-206] Exiting Vivado at Sun Sep  6 13:57:14 2026...
