#-----------------------------------------------------------
# Vivado v2025.2 (64-bit)
# SW Build 6299465 on Fri Nov 14 12:34:56 MST 2025
# IP Build 6300035 on Fri Nov 14 10:48:45 MST 2025
# SharedData Build 6298862 on Thu Nov 13 04:50:51 MST 2025
# Start of session at: Sun Sep  6 13:56:22 2026
# Process ID         : 89325
# Current directory  : /home/dmas/robot_dreams/robot-dreams-code-fpga/task4/decoder/decoder.runs/impl_1
# Command line       : vivado -log decoder_top.vdi -applog -product Vivado -messageDb vivado.pb -mode batch -source decoder_top.tcl -notrace
# Log file           : /home/dmas/robot_dreams/robot-dreams-code-fpga/task4/decoder/decoder.runs/impl_1/decoder_top.vdi
# Journal file       : /home/dmas/robot_dreams/robot-dreams-code-fpga/task4/decoder/decoder.runs/impl_1/vivado.jou
# Running On         : dmas-pc
# Platform           : Ubuntu
# Operating System   : Ubuntu 24.04.4 LTS
# Processor Detail   : AMD Ryzen 9 8940HX with Radeon Graphics
# CPU Frequency      : 5107.818 MHz
# CPU Physical cores : 16
# CPU Logical cores  : 32
# Host memory        : 32897 MB
# Swap memory        : 8589 MB
# Total Virtual      : 41487 MB
# Available Virtual  : 19552 MB
#-----------------------------------------------------------
source decoder_top.tcl -notrace
