Copyright 1986-2022 Xilinx, Inc. All Rights Reserved. Copyright 2022-2025 Advanced Micro Devices, Inc. All Rights Reserved.
--------------------------------------------------------------------------------------------------------------------------------------------------------------------------------------------------------------------------------------------------
| Tool Version      : Vivado v.2025.2 (lin64) Build 6299465 Fri Nov 14 12:34:56 MST 2025
| Date              : Sun Sep  6 14:46:01 2026
| Host              : dmas-pc running 64-bit Ubuntu 24.04.4 LTS
| Command           : report_timing_summary -max_paths 10 -routable_nets -report_unconstrained -file counter_top_timing_summary_routed.rpt -pb counter_top_timing_summary_routed.pb -rpx counter_top_timing_summary_routed.rpx -warn_on_violation
| Design            : counter_top
| Device            : xczu7ev-ffvf1517
| Speed File        : -1LV  PRODUCTION 1.30 05-15-2022
| Design State      : Routed
| Temperature Grade : I
--------------------------------------------------------------------------------------------------------------------------------------------------------------------------------------------------------------------------------------------------

Timing Summary Report

------------------------------------------------------------------------------------------------
| Timer Settings
| --------------
------------------------------------------------------------------------------------------------

  Enable Multi Corner Analysis               :  Yes
  Enable Pessimism Removal                   :  Yes
  Pessimism Removal Resolution               :  Nearest Common Node
  Enable Input Delay Default Clock           :  No
  Enable Preset / Clear Arcs                 :  No
  Disable Flight Delays                      :  No
  Ignore I/O Paths                           :  No
  Timing Early Launch at Borrowing Latches   :  No
  Borrow Time for Max Delay Exceptions       :  Yes
  Merge Timing Exceptions                    :  Yes
  Inter-SLR Compensation                     :  Conservative

  Corner  Analyze    Analyze    
  Name    Max Paths  Min Paths  
  ------  ---------  ---------  
  Slow    Yes        Yes        
  Fast    Yes        Yes        


------------------------------------------------------------------------------------------------
| Report Methodology
| ------------------
------------------------------------------------------------------------------------------------

Rule       Severity          Description                  Violations  
---------  ----------------  ---------------------------  ----------  
TIMING-17  Critical Warning  Non-clocked sequential cell  4           

Note: This report is based on the most recent report_methodology run and may not be up-to-date. Run report_methodology on the current design for the latest report.



check_timing report

Table of Contents
-----------------
1. checking no_clock (4)
2. checking constant_clock (0)
3. checking pulse_width_clock (0)
4. checking unconstrained_internal_endpoints (8)
5. checking no_input_delay (1)
6. checking no_output_delay (4)
7. checking multiple_clock (0)
8. checking generated_clocks (0)
9. checking loops (0)
10. checking partial_input_delay (0)
11. checking partial_output_delay (0)
12. checking latch_loops (0)

1. checking no_clock (4)
------------------------
 There are 4 register/latch pins with no clock driven by root clock pin: clk (HIGH)


2. checking constant_clock (0)
------------------------------
 There are 0 register/latch pins with constant_clock.


3. checking pulse_width_clock (0)
---------------------------------
 There are 0 register/latch pins which need pulse_width check


4. checking unconstrained_internal_endpoints (8)
------------------------------------------------
 There are 8 pins that are not constrained for maximum delay. (HIGH)

 There are 0 pins that are not constrained for maximum delay due to constant clock.


5. checking no_input_delay (1)
------------------------------
 There is 1 input port with no input delay specified. (HIGH)

 There are 0 input ports with no input delay but user has a false path constraint.


6. checking no_output_delay (4)
-------------------------------
 There are 4 ports with no output delay specified. (HIGH)

 There are 0 ports with no output delay but user has a false path constraint

 There are 0 ports with no output delay but with a timing clock defined on it or propagating through it


7. checking multiple_clock (0)
------------------------------
 There are 0 register/latch pins with multiple clocks.


8. checking generated_clocks (0)
--------------------------------
 There are 0 generated clocks that are not connected to a clock source.


9. checking loops (0)
---------------------
 There are 0 combinational loops in the design.


10. checking partial_input_delay (0)
------------------------------------
 There are 0 input ports with partial input delay specified.


11. checking partial_output_delay (0)
-------------------------------------
 There are 0 ports with partial output delay specified.


12. checking latch_loops (0)
----------------------------
 There are 0 combinational latch loops in the design through latch input



------------------------------------------------------------------------------------------------
| Design Timing Summary
| ---------------------
------------------------------------------------------------------------------------------------

    WNS(ns)      TNS(ns)  TNS Failing Endpoints  TNS Total Endpoints      WHS(ns)      THS(ns)  THS Failing Endpoints  THS Total Endpoints     WPWS(ns)     TPWS(ns)  TPWS Failing Endpoints  TPWS Total Endpoints  
    -------      -------  ---------------------  -------------------      -------      -------  ---------------------  -------------------     --------     --------  ----------------------  --------------------  
        inf        0.000                      0                    8          inf        0.000                      0                    8           NA           NA                      NA                    NA  


There are no user specified timing constraints.


------------------------------------------------------------------------------------------------
| Clock Summary
| -------------
------------------------------------------------------------------------------------------------


------------------------------------------------------------------------------------------------
| Intra Clock Table
| -----------------
------------------------------------------------------------------------------------------------

Clock             WNS(ns)      TNS(ns)  TNS Failing Endpoints  TNS Total Endpoints      WHS(ns)      THS(ns)  THS Failing Endpoints  THS Total Endpoints     WPWS(ns)     TPWS(ns)  TPWS Failing Endpoints  TPWS Total Endpoints  
-----             -------      -------  ---------------------  -------------------      -------      -------  ---------------------  -------------------     --------     --------  ----------------------  --------------------  


------------------------------------------------------------------------------------------------
| Inter Clock Table
| -----------------
------------------------------------------------------------------------------------------------

From Clock    To Clock          WNS(ns)      TNS(ns)  TNS Failing Endpoints  TNS Total Endpoints      WHS(ns)      THS(ns)  THS Failing Endpoints  THS Total Endpoints  
----------    --------          -------      -------  ---------------------  -------------------      -------      -------  ---------------------  -------------------  


------------------------------------------------------------------------------------------------
| Other Path Groups Table
| -----------------------
------------------------------------------------------------------------------------------------

Path Group    From Clock    To Clock          WNS(ns)      TNS(ns)  TNS Failing Endpoints  TNS Total Endpoints      WHS(ns)      THS(ns)  THS Failing Endpoints  THS Total Endpoints  
----------    ----------    --------          -------      -------  ---------------------  -------------------      -------      -------  ---------------------  -------------------  


------------------------------------------------------------------------------------------------
| User Ignored Path Table
| -----------------------
------------------------------------------------------------------------------------------------

Path Group    From Clock    To Clock    
----------    ----------    --------    


------------------------------------------------------------------------------------------------
| Unconstrained Path Table
| ------------------------
------------------------------------------------------------------------------------------------

Path Group    From Clock    To Clock    
----------    ----------    --------    
(none)                                    


------------------------------------------------------------------------------------------------
| Timing Details
| --------------
------------------------------------------------------------------------------------------------


--------------------------------------------------------------------------------------
Path Group:  (none)
From Clock:  
  To Clock:  

Max Delay             8 Endpoints
Min Delay             8 Endpoints
--------------------------------------------------------------------------------------


Max Delay Paths
--------------------------------------------------------------------------------------
Slack:                    inf
  Source:                 cnt_reg[0]/C
                            (rising edge-triggered cell FDCE)
  Destination:            cnt[0]
                            (output port)
  Path Group:             (none)
  Path Type:              Max at Slow Process Corner
  Data Path Delay:        3.932ns  (logic 3.042ns (77.353%)  route 0.891ns (22.647%))
  Logic Levels:           2  (FDCE=1 OBUF=1)

    Location             Delay type                Incr(ns)  Path(ns)    Netlist Resource(s)
  -------------------------------------------------------------------    -------------------
    SLICE_X99Y354        FDCE                         0.000     0.000 r  cnt_reg[0]/C
    SLICE_X99Y354        FDCE (Prop_DFF_SLICEL_C_Q)
                                                      0.134     0.134 r  cnt_reg[0]/Q
                         net (fo=5, routed)           0.891     1.025    cnt_OBUF[0]
    B15                  OBUF (Prop_OUTBUF_HDIOB_M_I_O)
                                                      2.908     3.932 r  cnt_OBUF[0]_inst/O
                         net (fo=0)                   0.000     3.932    cnt[0]
    B15                                                               r  cnt[0] (OUT)
  -------------------------------------------------------------------    -------------------

Slack:                    inf
  Source:                 cnt_reg[2]/C
                            (rising edge-triggered cell FDCE)
  Destination:            cnt[2]
                            (output port)
  Path Group:             (none)
  Path Type:              Max at Slow Process Corner
  Data Path Delay:        3.852ns  (logic 3.049ns (79.141%)  route 0.804ns (20.859%))
  Logic Levels:           2  (FDCE=1 OBUF=1)

    Location             Delay type                Incr(ns)  Path(ns)    Netlist Resource(s)
  -------------------------------------------------------------------    -------------------
    SLICE_X99Y354        FDCE                         0.000     0.000 r  cnt_reg[2]/C
    SLICE_X99Y354        FDCE (Prop_CFF_SLICEL_C_Q)
                                                      0.135     0.135 r  cnt_reg[2]/Q
                         net (fo=3, routed)           0.804     0.939    cnt_OBUF[2]
    B13                  OBUF (Prop_OUTBUF_HDIOB_M_I_O)
                                                      2.914     3.852 r  cnt_OBUF[2]_inst/O
                         net (fo=0)                   0.000     3.852    cnt[2]
    B13                                                               r  cnt[2] (OUT)
  -------------------------------------------------------------------    -------------------

Slack:                    inf
  Source:                 cnt_reg[1]/C
                            (rising edge-triggered cell FDCE)
  Destination:            cnt[1]
                            (output port)
  Path Group:             (none)
  Path Type:              Max at Slow Process Corner
  Data Path Delay:        3.819ns  (logic 3.046ns (79.763%)  route 0.773ns (20.237%))
  Logic Levels:           2  (FDCE=1 OBUF=1)

    Location             Delay type                Incr(ns)  Path(ns)    Netlist Resource(s)
  -------------------------------------------------------------------    -------------------
    SLICE_X99Y354        FDCE                         0.000     0.000 r  cnt_reg[1]/C
    SLICE_X99Y354        FDCE (Prop_DFF2_SLICEL_C_Q)
                                                      0.136     0.136 r  cnt_reg[1]/Q
                         net (fo=4, routed)           0.773     0.909    cnt_OBUF[1]
    A15                  OBUF (Prop_OUTBUF_HDIOB_S_I_O)
                                                      2.910     3.819 r  cnt_OBUF[1]_inst/O
                         net (fo=0)                   0.000     3.819    cnt[1]
    A15                                                               r  cnt[1] (OUT)
  -------------------------------------------------------------------    -------------------

Slack:                    inf
  Source:                 cnt_reg[3]/C
                            (rising edge-triggered cell FDCE)
  Destination:            cnt[3]
                            (output port)
  Path Group:             (none)
  Path Type:              Max at Slow Process Corner
  Data Path Delay:        3.774ns  (logic 3.053ns (80.909%)  route 0.720ns (19.091%))
  Logic Levels:           2  (FDCE=1 OBUF=1)

    Location             Delay type                Incr(ns)  Path(ns)    Netlist Resource(s)
  -------------------------------------------------------------------    -------------------
    SLICE_X99Y354        FDCE                         0.000     0.000 r  cnt_reg[3]/C
    SLICE_X99Y354        FDCE (Prop_CFF2_SLICEL_C_Q)
                                                      0.136     0.136 r  cnt_reg[3]/Q
                         net (fo=2, routed)           0.720     0.856    cnt_OBUF[3]
    A13                  OBUF (Prop_OUTBUF_HDIOB_S_I_O)
                                                      2.917     3.774 r  cnt_OBUF[3]_inst/O
                         net (fo=0)                   0.000     3.774    cnt[3]
    A13                                                               r  cnt[3] (OUT)
  -------------------------------------------------------------------    -------------------

Slack:                    inf
  Source:                 cnt_reg[1]/C
                            (rising edge-triggered cell FDCE)
  Destination:            cnt_reg[2]/D
  Path Group:             (none)
  Path Type:              Max at Slow Process Corner
  Data Path Delay:        0.784ns  (logic 0.351ns (44.785%)  route 0.433ns (55.215%))
  Logic Levels:           2  (FDCE=1 LUT3=1)

    Location             Delay type                Incr(ns)  Path(ns)    Netlist Resource(s)
  -------------------------------------------------------------------    -------------------
    SLICE_X99Y354        FDCE                         0.000     0.000 r  cnt_reg[1]/C
    SLICE_X99Y354        FDCE (Prop_DFF2_SLICEL_C_Q)
                                                      0.136     0.136 r  cnt_reg[1]/Q
                         net (fo=4, routed)           0.355     0.491    cnt_OBUF[1]
    SLICE_X99Y354        LUT3 (Prop_C6LUT_SLICEL_I1_O)
                                                      0.215     0.706 r  cnt[2]_i_1/O
                         net (fo=1, routed)           0.078     0.784    p_0_in[2]
    SLICE_X99Y354        FDCE                                         r  cnt_reg[2]/D
  -------------------------------------------------------------------    -------------------

Slack:                    inf
  Source:                 cnt_reg[1]/C
                            (rising edge-triggered cell FDCE)
  Destination:            cnt_reg[3]/D
  Path Group:             (none)
  Path Type:              Max at Slow Process Corner
  Data Path Delay:        0.754ns  (logic 0.367ns (48.690%)  route 0.387ns (51.310%))
  Logic Levels:           2  (FDCE=1 LUT4=1)

    Location             Delay type                Incr(ns)  Path(ns)    Netlist Resource(s)
  -------------------------------------------------------------------    -------------------
    SLICE_X99Y354        FDCE                         0.000     0.000 r  cnt_reg[1]/C
    SLICE_X99Y354        FDCE (Prop_DFF2_SLICEL_C_Q)
                                                      0.136     0.136 r  cnt_reg[1]/Q
                         net (fo=4, routed)           0.355     0.491    cnt_OBUF[1]
    SLICE_X99Y354        LUT4 (Prop_C5LUT_SLICEL_I0_O)
                                                      0.231     0.722 r  cnt[3]_i_1/O
                         net (fo=1, routed)           0.032     0.754    p_0_in[3]
    SLICE_X99Y354        FDCE                                         r  cnt_reg[3]/D
  -------------------------------------------------------------------    -------------------

Slack:                    inf
  Source:                 cnt_reg[1]/C
                            (rising edge-triggered cell FDCE)
  Destination:            cnt_reg[1]/D
  Path Group:             (none)
  Path Type:              Max at Slow Process Corner
  Data Path Delay:        0.671ns  (logic 0.363ns (54.118%)  route 0.308ns (45.882%))
  Logic Levels:           2  (FDCE=1 LUT2=1)

    Location             Delay type                Incr(ns)  Path(ns)    Netlist Resource(s)
  -------------------------------------------------------------------    -------------------
    SLICE_X99Y354        FDCE                         0.000     0.000 r  cnt_reg[1]/C
    SLICE_X99Y354        FDCE (Prop_DFF2_SLICEL_C_Q)
                                                      0.136     0.136 r  cnt_reg[1]/Q
                         net (fo=4, routed)           0.277     0.413    cnt_OBUF[1]
    SLICE_X99Y354        LUT2 (Prop_D5LUT_SLICEL_I1_O)
                                                      0.227     0.640 r  cnt[1]_i_1/O
                         net (fo=1, routed)           0.031     0.671    p_0_in[1]
    SLICE_X99Y354        FDCE                                         r  cnt_reg[1]/D
  -------------------------------------------------------------------    -------------------

Slack:                    inf
  Source:                 cnt_reg[0]/C
                            (rising edge-triggered cell FDCE)
  Destination:            cnt_reg[0]/D
  Path Group:             (none)
  Path Type:              Max at Slow Process Corner
  Data Path Delay:        0.436ns  (logic 0.285ns (65.364%)  route 0.151ns (34.636%))
  Logic Levels:           2  (FDCE=1 LUT1=1)

    Location             Delay type                Incr(ns)  Path(ns)    Netlist Resource(s)
  -------------------------------------------------------------------    -------------------
    SLICE_X99Y354        FDCE                         0.000     0.000 r  cnt_reg[0]/C
    SLICE_X99Y354        FDCE (Prop_DFF_SLICEL_C_Q)
                                                      0.134     0.134 f  cnt_reg[0]/Q
                         net (fo=5, routed)           0.076     0.210    cnt_OBUF[0]
    SLICE_X99Y354        LUT1 (Prop_D6LUT_SLICEL_I0_O)
                                                      0.151     0.361 r  cnt[0]_i_1/O
                         net (fo=1, routed)           0.075     0.436    p_0_in[0]
    SLICE_X99Y354        FDCE                                         r  cnt_reg[0]/D
  -------------------------------------------------------------------    -------------------





Min Delay Paths
--------------------------------------------------------------------------------------
Slack:                    inf
  Source:                 cnt_reg[0]/C
                            (rising edge-triggered cell FDCE)
  Destination:            cnt_reg[1]/D
  Path Group:             (none)
  Path Type:              Min at Fast Process Corner
  Data Path Delay:        0.157ns  (logic 0.121ns (77.254%)  route 0.036ns (22.746%))
  Logic Levels:           2  (FDCE=1 LUT2=1)

    Location             Delay type                Incr(ns)  Path(ns)    Netlist Resource(s)
  -------------------------------------------------------------------    -------------------
    SLICE_X99Y354        FDCE                         0.000     0.000 r  cnt_reg[0]/C
    SLICE_X99Y354        FDCE (Prop_DFF_SLICEL_C_Q)
                                                      0.084     0.084 r  cnt_reg[0]/Q
                         net (fo=5, routed)           0.029     0.113    cnt_OBUF[0]
    SLICE_X99Y354        LUT2 (Prop_D5LUT_SLICEL_I0_O)
                                                      0.037     0.150 r  cnt[1]_i_1/O
                         net (fo=1, routed)           0.007     0.157    p_0_in[1]
    SLICE_X99Y354        FDCE                                         r  cnt_reg[1]/D
  -------------------------------------------------------------------    -------------------

Slack:                    inf
  Source:                 cnt_reg[2]/C
                            (rising edge-triggered cell FDCE)
  Destination:            cnt_reg[3]/D
  Path Group:             (none)
  Path Type:              Min at Fast Process Corner
  Data Path Delay:        0.166ns  (logic 0.107ns (64.599%)  route 0.059ns (35.401%))
  Logic Levels:           2  (FDCE=1 LUT4=1)

    Location             Delay type                Incr(ns)  Path(ns)    Netlist Resource(s)
  -------------------------------------------------------------------    -------------------
    SLICE_X99Y354        FDCE                         0.000     0.000 r  cnt_reg[2]/C
    SLICE_X99Y354        FDCE (Prop_CFF_SLICEL_C_Q)
                                                      0.084     0.084 r  cnt_reg[2]/Q
                         net (fo=3, routed)           0.052     0.136    cnt_OBUF[2]
    SLICE_X99Y354        LUT4 (Prop_C5LUT_SLICEL_I2_O)
                                                      0.023     0.159 r  cnt[3]_i_1/O
                         net (fo=1, routed)           0.007     0.166    p_0_in[3]
    SLICE_X99Y354        FDCE                                         r  cnt_reg[3]/D
  -------------------------------------------------------------------    -------------------

Slack:                    inf
  Source:                 cnt_reg[2]/C
                            (rising edge-triggered cell FDCE)
  Destination:            cnt_reg[2]/D
  Path Group:             (none)
  Path Type:              Min at Fast Process Corner
  Data Path Delay:        0.192ns  (logic 0.121ns (63.141%)  route 0.071ns (36.859%))
  Logic Levels:           2  (FDCE=1 LUT3=1)

    Location             Delay type                Incr(ns)  Path(ns)    Netlist Resource(s)
  -------------------------------------------------------------------    -------------------
    SLICE_X99Y354        FDCE                         0.000     0.000 r  cnt_reg[2]/C
    SLICE_X99Y354        FDCE (Prop_CFF_SLICEL_C_Q)
                                                      0.084     0.084 r  cnt_reg[2]/Q
                         net (fo=3, routed)           0.052     0.136    cnt_OBUF[2]
    SLICE_X99Y354        LUT3 (Prop_C6LUT_SLICEL_I2_O)
                                                      0.037     0.173 r  cnt[2]_i_1/O
                         net (fo=1, routed)           0.019     0.192    p_0_in[2]
    SLICE_X99Y354        FDCE                                         r  cnt_reg[2]/D
  -------------------------------------------------------------------    -------------------

Slack:                    inf
  Source:                 cnt_reg[0]/C
                            (rising edge-triggered cell FDCE)
  Destination:            cnt_reg[0]/D
  Path Group:             (none)
  Path Type:              Min at Fast Process Corner
  Data Path Delay:        0.198ns  (logic 0.151ns (76.407%)  route 0.047ns (23.593%))
  Logic Levels:           2  (FDCE=1 LUT1=1)

    Location             Delay type                Incr(ns)  Path(ns)    Netlist Resource(s)
  -------------------------------------------------------------------    -------------------
    SLICE_X99Y354        FDCE                         0.000     0.000 r  cnt_reg[0]/C
    SLICE_X99Y354        FDCE (Prop_DFF_SLICEL_C_Q)
                                                      0.084     0.084 f  cnt_reg[0]/Q
                         net (fo=5, routed)           0.029     0.113    cnt_OBUF[0]
    SLICE_X99Y354        LUT1 (Prop_D6LUT_SLICEL_I0_O)
                                                      0.067     0.180 r  cnt[0]_i_1/O
                         net (fo=1, routed)           0.018     0.198    p_0_in[0]
    SLICE_X99Y354        FDCE                                         r  cnt_reg[0]/D
  -------------------------------------------------------------------    -------------------

Slack:                    inf
  Source:                 cnt_reg[3]/C
                            (rising edge-triggered cell FDCE)
  Destination:            cnt[3]
                            (output port)
  Path Group:             (none)
  Path Type:              Min at Fast Process Corner
  Data Path Delay:        1.588ns  (logic 1.419ns (89.359%)  route 0.169ns (10.641%))
  Logic Levels:           2  (FDCE=1 OBUF=1)

    Location             Delay type                Incr(ns)  Path(ns)    Netlist Resource(s)
  -------------------------------------------------------------------    -------------------
    SLICE_X99Y354        FDCE                         0.000     0.000 r  cnt_reg[3]/C
    SLICE_X99Y354        FDCE (Prop_CFF2_SLICEL_C_Q)
                                                      0.085     0.085 r  cnt_reg[3]/Q
                         net (fo=2, routed)           0.169     0.254    cnt_OBUF[3]
    A13                  OBUF (Prop_OUTBUF_HDIOB_S_I_O)
                                                      1.334     1.588 r  cnt_OBUF[3]_inst/O
                         net (fo=0)                   0.000     1.588    cnt[3]
    A13                                                               r  cnt[3] (OUT)
  -------------------------------------------------------------------    -------------------

Slack:                    inf
  Source:                 cnt_reg[1]/C
                            (rising edge-triggered cell FDCE)
  Destination:            cnt[1]
                            (output port)
  Path Group:             (none)
  Path Type:              Min at Fast Process Corner
  Data Path Delay:        1.597ns  (logic 1.413ns (88.470%)  route 0.184ns (11.530%))
  Logic Levels:           2  (FDCE=1 OBUF=1)

    Location             Delay type                Incr(ns)  Path(ns)    Netlist Resource(s)
  -------------------------------------------------------------------    -------------------
    SLICE_X99Y354        FDCE                         0.000     0.000 r  cnt_reg[1]/C
    SLICE_X99Y354        FDCE (Prop_DFF2_SLICEL_C_Q)
                                                      0.086     0.086 r  cnt_reg[1]/Q
                         net (fo=4, routed)           0.184     0.270    cnt_OBUF[1]
    A15                  OBUF (Prop_OUTBUF_HDIOB_S_I_O)
                                                      1.327     1.597 r  cnt_OBUF[1]_inst/O
                         net (fo=0)                   0.000     1.597    cnt[1]
    A15                                                               r  cnt[1] (OUT)
  -------------------------------------------------------------------    -------------------

Slack:                    inf
  Source:                 cnt_reg[2]/C
                            (rising edge-triggered cell FDCE)
  Destination:            cnt[2]
                            (output port)
  Path Group:             (none)
  Path Type:              Min at Fast Process Corner
  Data Path Delay:        1.667ns  (logic 1.414ns (84.870%)  route 0.252ns (15.130%))
  Logic Levels:           2  (FDCE=1 OBUF=1)

    Location             Delay type                Incr(ns)  Path(ns)    Netlist Resource(s)
  -------------------------------------------------------------------    -------------------
    SLICE_X99Y354        FDCE                         0.000     0.000 r  cnt_reg[2]/C
    SLICE_X99Y354        FDCE (Prop_CFF_SLICEL_C_Q)
                                                      0.084     0.084 r  cnt_reg[2]/Q
                         net (fo=3, routed)           0.252     0.336    cnt_OBUF[2]
    B13                  OBUF (Prop_OUTBUF_HDIOB_M_I_O)
                                                      1.330     1.667 r  cnt_OBUF[2]_inst/O
                         net (fo=0)                   0.000     1.667    cnt[2]
    B13                                                               r  cnt[2] (OUT)
  -------------------------------------------------------------------    -------------------

Slack:                    inf
  Source:                 cnt_reg[0]/C
                            (rising edge-triggered cell FDCE)
  Destination:            cnt[0]
                            (output port)
  Path Group:             (none)
  Path Type:              Min at Fast Process Corner
  Data Path Delay:        1.713ns  (logic 1.408ns (82.241%)  route 0.304ns (17.759%))
  Logic Levels:           2  (FDCE=1 OBUF=1)

    Location             Delay type                Incr(ns)  Path(ns)    Netlist Resource(s)
  -------------------------------------------------------------------    -------------------
    SLICE_X99Y354        FDCE                         0.000     0.000 r  cnt_reg[0]/C
    SLICE_X99Y354        FDCE (Prop_DFF_SLICEL_C_Q)
                                                      0.084     0.084 r  cnt_reg[0]/Q
                         net (fo=5, routed)           0.304     0.388    cnt_OBUF[0]
    B15                  OBUF (Prop_OUTBUF_HDIOB_M_I_O)
                                                      1.324     1.713 r  cnt_OBUF[0]_inst/O
                         net (fo=0)                   0.000     1.713    cnt[0]
    B15                                                               r  cnt[0] (OUT)
  -------------------------------------------------------------------    -------------------





