
*** Running vivado
    with args -log counter_top.vdi -applog -m64 -product Vivado -messageDb vivado.pb -mode batch -source counter_top.tcl -notrace


****** Vivado v2025.2 (64-bit)
  **** SW Build 6299465 on Fri Nov 14 12:34:56 MST 2025
  **** IP Build 6300035 on Fri Nov 14 10:48:45 MST 2025
  **** SharedData Build 6298862 on Thu Nov 13 04:50:51 MST 2025
  **** Start of session at: Sun Sep  6 14:45:16 2026
    ** Copyright 1986-2022 Xilinx, Inc. All Rights Reserved.
    ** Copyright 2022-2025 Advanced Micro Devices, Inc. All Rights Reserved.

source counter_top.tcl -notrace
Command: link_design -top counter_top -part xczu7ev-ffvf1517-1LV-i
Design is defaulting to srcset: sources_1
Design is defaulting to constrset: constrs_1
INFO: [Device 21-403] Loading part xczu7ev-ffvf1517-1LV-i
Netlist sorting complete. Time (s): cpu = 00:00:00 ; elapsed = 00:00:00 . Memory (MB): peak = 2737.324 ; gain = 0.000 ; free physical = 2497 ; free virtual = 16623
INFO: [Netlist 29-17] Analyzing 2 Unisim elements for replacement
INFO: [Netlist 29-28] Unisim Transformation completed in 0 CPU seconds
INFO: [Project 1-479] Netlist was created with Vivado 2025.2
INFO: [Project 1-570] Preparing netlist for logic optimization
Read ShapeDB Complete: Time (s): cpu = 00:00:00 ; elapsed = 00:00:00 . Memory (MB): peak = 2737.324 ; gain = 0.000 ; free physical = 2497 ; free virtual = 16623
Netlist sorting complete. Time (s): cpu = 00:00:00 ; elapsed = 00:00:00 . Memory (MB): peak = 2930.199 ; gain = 0.000 ; free physical = 2265 ; free virtual = 16396
INFO: [Project 1-111] Unisim Transformation Summary:
  A total of 2 instances were transformed.
  IBUF => IBUF (IBUFCTRL, INBUF): 2 instances

6 Infos, 0 Warnings, 0 Critical Warnings and 0 Errors encountered.
link_design completed successfully
link_design: Time (s): cpu = 00:00:08 ; elapsed = 00:00:08 . Memory (MB): peak = 2930.234 ; gain = 1353.402 ; free physical = 2264 ; free virtual = 16396
Command: opt_design
Attempting to get a license for feature 'Implementation' and/or device 'xczu7ev'
INFO: [Common 17-349] Got license for feature 'Implementation' and/or device 'xczu7ev'
Running DRC as a precondition to command opt_design

Starting DRC Task
INFO: [DRC 23-27] Running DRC with 8 threads
INFO: [Project 1-461] DRC finished with 0 Errors
INFO: [Project 1-462] Please refer to the DRC report (report_drc) for more information.

Time (s): cpu = 00:00:00.21 ; elapsed = 00:00:00.17 . Memory (MB): peak = 2995.871 ; gain = 65.637 ; free physical = 2242 ; free virtual = 16375

Starting Cache Timing Information Task
INFO: [Timing 38-35] Done setting XDC timing constraints.
Ending Cache Timing Information Task | Checksum: 245f0fc9f

Time (s): cpu = 00:00:01 ; elapsed = 00:00:01 . Memory (MB): peak = 3385.730 ; gain = 389.859 ; free physical = 1937 ; free virtual = 16074

Starting Logic Optimization Task

Phase 1 Initialization

Phase 1.1 Core Generation And Design Setup
Phase 1.1 Core Generation And Design Setup | Checksum: 245f0fc9f

Time (s): cpu = 00:00:00 ; elapsed = 00:00:00 . Memory (MB): peak = 3761.480 ; gain = 0.000 ; free physical = 1582 ; free virtual = 15716

Phase 1.2 Setup Constraints And Sort Netlist
Phase 1.2 Setup Constraints And Sort Netlist | Checksum: 245f0fc9f

Time (s): cpu = 00:00:00 ; elapsed = 00:00:00 . Memory (MB): peak = 3761.480 ; gain = 0.000 ; free physical = 1582 ; free virtual = 15716
Phase 1 Initialization | Checksum: 245f0fc9f

Time (s): cpu = 00:00:00 ; elapsed = 00:00:00 . Memory (MB): peak = 3761.480 ; gain = 0.000 ; free physical = 1582 ; free virtual = 15716

Phase 2 Timer Update And Timing Data Collection

Phase 2.1 Detect if minReqCache needed
Phase 2.1 Detect if minReqCache needed | Checksum: 245f0fc9f

Time (s): cpu = 00:00:00 ; elapsed = 00:00:00 . Memory (MB): peak = 3761.480 ; gain = 0.000 ; free physical = 1582 ; free virtual = 15716

Phase 2.2 Timer Update
Phase 2.2 Timer Update | Checksum: 245f0fc9f

Time (s): cpu = 00:00:00 ; elapsed = 00:00:00 . Memory (MB): peak = 3761.480 ; gain = 0.000 ; free physical = 1582 ; free virtual = 15716

Phase 2.3 Timing Data Collection
Phase 2.3 Timing Data Collection | Checksum: 245f0fc9f

Time (s): cpu = 00:00:00 ; elapsed = 00:00:00 . Memory (MB): peak = 3761.480 ; gain = 0.000 ; free physical = 1582 ; free virtual = 15716
Phase 2 Timer Update And Timing Data Collection | Checksum: 245f0fc9f

Time (s): cpu = 00:00:00 ; elapsed = 00:00:00 . Memory (MB): peak = 3761.480 ; gain = 0.000 ; free physical = 1582 ; free virtual = 15716

Phase 3 Retarget
INFO: [Opt 31-1851] Number of loadless carry chains removed were: 0
INFO: [Opt 31-1834] Total Chains To Be Transformed Were: 0 AND Number of Transformed insts Created are: 0
INFO: [Opt 31-138] Pushed 1 inverter(s) to 4 load pin(s).
INFO: [Opt 31-49] Retargeted 0 cell(s).
Phase 3 Retarget | Checksum: 25435c5c5

Time (s): cpu = 00:00:00.05 ; elapsed = 00:00:00.02 . Memory (MB): peak = 3817.508 ; gain = 56.027 ; free physical = 1578 ; free virtual = 15712
Retarget | Checksum: 25435c5c5
INFO: [Opt 31-389] Phase Retarget created 0 cells and removed 1 cells

Phase 4 Constant propagation
INFO: [Opt 31-138] Pushed 0 inverter(s) to 0 load pin(s).
Phase 4 Constant propagation | Checksum: 25435c5c5

Time (s): cpu = 00:00:00.05 ; elapsed = 00:00:00.02 . Memory (MB): peak = 3817.508 ; gain = 56.027 ; free physical = 1578 ; free virtual = 15712
Constant propagation | Checksum: 25435c5c5
INFO: [Opt 31-389] Phase Constant propagation created 0 cells and removed 0 cells

Phase 5 Sweep
INFO: [Constraints 18-11670] Building netlist checker database with flags, 0x8
Done building netlist checker database: Time (s): cpu = 00:00:00 ; elapsed = 00:00:00 . Memory (MB): peak = 3817.508 ; gain = 0.000 ; free physical = 1578 ; free virtual = 15712
Phase 5 Sweep | Checksum: 25435c5c5

Time (s): cpu = 00:00:00.05 ; elapsed = 00:00:00.02 . Memory (MB): peak = 3817.508 ; gain = 56.027 ; free physical = 1578 ; free virtual = 15712
Sweep | Checksum: 25435c5c5
INFO: [Opt 31-389] Phase Sweep created 0 cells and removed 0 cells

Phase 6 BUFG optimization
INFO: [Opt 31-1077] Phase BUFG optimization inserted 0 global clock buffer(s) for CLOCK_LOW_FANOUT.
Phase 6 BUFG optimization | Checksum: 25435c5c5

Time (s): cpu = 00:00:00.05 ; elapsed = 00:00:00.03 . Memory (MB): peak = 3849.523 ; gain = 88.043 ; free physical = 1578 ; free virtual = 15712
BUFG optimization | Checksum: 25435c5c5
INFO: [Opt 31-662] Phase BUFG optimization created 0 cells of which 0 are BUFGs and removed 0 cells.

Phase 7 Shift Register Optimization
INFO: [Opt 31-1064] SRL Remap converted 0 SRLs to 0 registers and converted 0 registers of register chains to 0 SRLs
Phase 7 Shift Register Optimization | Checksum: 25435c5c5

Time (s): cpu = 00:00:00.06 ; elapsed = 00:00:00.03 . Memory (MB): peak = 3849.523 ; gain = 88.043 ; free physical = 1578 ; free virtual = 15712
Shift Register Optimization | Checksum: 25435c5c5
INFO: [Opt 31-389] Phase Shift Register Optimization created 0 cells and removed 0 cells

Phase 8 Post Processing Netlist
Phase 8 Post Processing Netlist | Checksum: 25435c5c5

Time (s): cpu = 00:00:00.06 ; elapsed = 00:00:00.03 . Memory (MB): peak = 3849.523 ; gain = 88.043 ; free physical = 1578 ; free virtual = 15712
Post Processing Netlist | Checksum: 25435c5c5
INFO: [Opt 31-389] Phase Post Processing Netlist created 0 cells and removed 0 cells

Phase 9 Finalization

Phase 9.1 Finalizing Design Cores and Updating Shapes
Phase 9.1 Finalizing Design Cores and Updating Shapes | Checksum: 25435c5c5

Time (s): cpu = 00:00:00.06 ; elapsed = 00:00:00.03 . Memory (MB): peak = 3849.523 ; gain = 88.043 ; free physical = 1578 ; free virtual = 15712

Phase 9.2 Verifying Netlist Connectivity

Starting Connectivity Check Task

Time (s): cpu = 00:00:00 ; elapsed = 00:00:00 . Memory (MB): peak = 3849.523 ; gain = 0.000 ; free physical = 1578 ; free virtual = 15712
Phase 9.2 Verifying Netlist Connectivity | Checksum: 25435c5c5

Time (s): cpu = 00:00:00.06 ; elapsed = 00:00:00.03 . Memory (MB): peak = 3849.523 ; gain = 88.043 ; free physical = 1578 ; free virtual = 15712
Phase 9 Finalization | Checksum: 25435c5c5

Time (s): cpu = 00:00:00.06 ; elapsed = 00:00:00.03 . Memory (MB): peak = 3849.523 ; gain = 88.043 ; free physical = 1578 ; free virtual = 15712
Opt_design Change Summary
=========================


-------------------------------------------------------------------------------------------------------------------------
|  Phase                        |  #Cells created  |  #Cells Removed  |  #Constrained objects preventing optimizations  |
-------------------------------------------------------------------------------------------------------------------------
|  Retarget                     |               0  |               1  |                                              0  |
|  Constant propagation         |               0  |               0  |                                              0  |
|  Sweep                        |               0  |               0  |                                              0  |
|  BUFG optimization            |               0  |               0  |                                              0  |
|  Shift Register Optimization  |               0  |               0  |                                              0  |
|  Post Processing Netlist      |               0  |               0  |                                              0  |
-------------------------------------------------------------------------------------------------------------------------


Ending Logic Optimization Task | Checksum: 25435c5c5

Time (s): cpu = 00:00:00.06 ; elapsed = 00:00:00.03 . Memory (MB): peak = 3849.523 ; gain = 88.043 ; free physical = 1578 ; free virtual = 15712

Starting Power Optimization Task
INFO: [Pwropt 34-132] Skipping clock gating for clocks with a period < 2.00 ns.
Ending Power Optimization Task | Checksum: 25435c5c5

Time (s): cpu = 00:00:00 ; elapsed = 00:00:00 . Memory (MB): peak = 3849.523 ; gain = 0.000 ; free physical = 1578 ; free virtual = 15712

Starting Final Cleanup Task
Ending Final Cleanup Task | Checksum: 25435c5c5

Time (s): cpu = 00:00:00 ; elapsed = 00:00:00 . Memory (MB): peak = 3849.523 ; gain = 0.000 ; free physical = 1578 ; free virtual = 15712
Netlist sorting complete. Time (s): cpu = 00:00:00 ; elapsed = 00:00:00 . Memory (MB): peak = 3849.523 ; gain = 0.000 ; free physical = 1578 ; free virtual = 15712
INFO: [Common 17-83] Releasing license: Implementation
27 Infos, 0 Warnings, 0 Critical Warnings and 0 Errors encountered.
opt_design completed successfully
INFO: [Vivado 12-24828] Executing command : report_drc -file counter_top_drc_opted.rpt -pb counter_top_drc_opted.pb -rpx counter_top_drc_opted.rpx
Command: report_drc -file counter_top_drc_opted.rpt -pb counter_top_drc_opted.pb -rpx counter_top_drc_opted.rpx
INFO: [IP_Flow 19-234] Refreshing IP repositories
INFO: [IP_Flow 19-1704] No user IP repositories specified
INFO: [IP_Flow 19-2313] Loaded Vivado IP repository '/home/dmas/Xilinx/vivado_2025_2/2025.2/data/ip'.
INFO: [Timing 38-35] Done setting XDC timing constraints.
INFO: [DRC 23-27] Running DRC with 8 threads
INFO: [Vivado_Tcl 2-168] The results of DRC are in file /home/dmas/robot_dreams/robot-dreams-code-fpga/task4/counter/counter.runs/impl_1/counter_top_drc_opted.rpt.
report_drc completed successfully
report_drc: Time (s): cpu = 00:00:08 ; elapsed = 00:00:08 . Memory (MB): peak = 4392.609 ; gain = 543.086 ; free physical = 817 ; free virtual = 14953
generate_parallel_reports: Time (s): cpu = 00:00:08 ; elapsed = 00:00:08 . Memory (MB): peak = 4392.609 ; gain = 543.086 ; free physical = 817 ; free virtual = 14953
Write ShapeDB Complete: Time (s): cpu = 00:00:00 ; elapsed = 00:00:00.01 . Memory (MB): peak = 4392.609 ; gain = 0.000 ; free physical = 817 ; free virtual = 14953
INFO: [Common 17-1381] The checkpoint '/home/dmas/robot_dreams/robot-dreams-code-fpga/task4/counter/counter.runs/impl_1/counter_top_opt.dcp' has been generated.
Command: place_design
Attempting to get a license for feature 'Implementation' and/or device 'xczu7ev'
INFO: [Common 17-349] Got license for feature 'Implementation' and/or device 'xczu7ev'
INFO: [Common 17-83] Releasing license: Implementation
INFO: [DRC 23-27] Running DRC with 8 threads
INFO: [Vivado_Tcl 4-198] DRC finished with 0 Errors
INFO: [Vivado_Tcl 4-199] Please refer to the DRC report (report_drc) for more information.
Running DRC as a precondition to command place_design
INFO: [DRC 23-27] Running DRC with 8 threads
INFO: [Vivado_Tcl 4-198] DRC finished with 0 Errors
INFO: [Vivado_Tcl 4-199] Please refer to the DRC report (report_drc) for more information.
INFO: [Place 30-611] Multithreading enabled for place_design using a maximum of 8 CPUs

Starting Placer Task

Phase 1 Placer Initialization

Phase 1.1 Placer Initialization Netlist Sorting
Netlist sorting complete. Time (s): cpu = 00:00:00 ; elapsed = 00:00:00 . Memory (MB): peak = 4392.609 ; gain = 0.000 ; free physical = 812 ; free virtual = 14948
Phase 1.1 Placer Initialization Netlist Sorting | Checksum: 1f3d5152a

Time (s): cpu = 00:00:00 ; elapsed = 00:00:00 . Memory (MB): peak = 4392.609 ; gain = 0.000 ; free physical = 812 ; free virtual = 14948
Netlist sorting complete. Time (s): cpu = 00:00:00 ; elapsed = 00:00:00 . Memory (MB): peak = 4392.609 ; gain = 0.000 ; free physical = 812 ; free virtual = 14948

Phase 1.2 IO Placement/ Clock Placement/ Build Placer Device
Phase 1.2 IO Placement/ Clock Placement/ Build Placer Device | Checksum: 1dc5f00c0

Time (s): cpu = 00:00:00.27 ; elapsed = 00:00:00.11 . Memory (MB): peak = 4392.609 ; gain = 0.000 ; free physical = 803 ; free virtual = 14939

Phase 1.3 Build Placer Netlist Model
Phase 1.3 Build Placer Netlist Model | Checksum: 217b11797

Time (s): cpu = 00:00:00.49 ; elapsed = 00:00:00.24 . Memory (MB): peak = 4424.625 ; gain = 32.016 ; free physical = 802 ; free virtual = 14938

Phase 1.4 Constrain Clocks/Macros
Phase 1.4 Constrain Clocks/Macros | Checksum: 217b11797

Time (s): cpu = 00:00:00.49 ; elapsed = 00:00:00.24 . Memory (MB): peak = 4424.625 ; gain = 32.016 ; free physical = 802 ; free virtual = 14938
Phase 1 Placer Initialization | Checksum: 217b11797

Time (s): cpu = 00:00:00.5 ; elapsed = 00:00:00.24 . Memory (MB): peak = 4424.625 ; gain = 32.016 ; free physical = 802 ; free virtual = 14938

Phase 2 Global Placement

Phase 2.1 Floorplanning

Phase 2.1.1 Partition Driven Placement

Phase 2.1.1.1 PBP: Partition Driven Placement
Phase 2.1.1.1 PBP: Partition Driven Placement | Checksum: 2b983ebf6

Time (s): cpu = 00:00:00.52 ; elapsed = 00:00:00.27 . Memory (MB): peak = 4424.625 ; gain = 32.016 ; free physical = 802 ; free virtual = 14938

Phase 2.1.1.2 PBP: Clock Region Placement
INFO: [Place 30-3162] Check ILP status : ILP-based clock placer completed successfully.
Phase 2.1.1.2 PBP: Clock Region Placement | Checksum: 2b983ebf6

Time (s): cpu = 00:00:00.62 ; elapsed = 00:00:00.38 . Memory (MB): peak = 4424.625 ; gain = 32.016 ; free physical = 801 ; free virtual = 14938

Phase 2.1.1.3 PBP: Compute Congestion
Phase 2.1.1.3 PBP: Compute Congestion | Checksum: 2b983ebf6

Time (s): cpu = 00:00:08 ; elapsed = 00:00:02 . Memory (MB): peak = 4687.605 ; gain = 294.996 ; free physical = 361 ; free virtual = 14498

Phase 2.1.1.4 PBP: Add part constraints
Phase 2.1.1.4 PBP: Add part constraints | Checksum: 2b983ebf6

Time (s): cpu = 00:00:08 ; elapsed = 00:00:02 . Memory (MB): peak = 4687.605 ; gain = 294.996 ; free physical = 361 ; free virtual = 14498
Phase 2.1.1 Partition Driven Placement | Checksum: 2b983ebf6

Time (s): cpu = 00:00:08 ; elapsed = 00:00:02 . Memory (MB): peak = 4687.605 ; gain = 294.996 ; free physical = 361 ; free virtual = 14498
Phase 2.1 Floorplanning | Checksum: 2b983ebf6

Time (s): cpu = 00:00:08 ; elapsed = 00:00:02 . Memory (MB): peak = 4687.605 ; gain = 294.996 ; free physical = 361 ; free virtual = 14498

Phase 2.2 Update Timing before SLR Path Opt
Phase 2.2 Update Timing before SLR Path Opt | Checksum: 2b983ebf6

Time (s): cpu = 00:00:08 ; elapsed = 00:00:02 . Memory (MB): peak = 4687.605 ; gain = 294.996 ; free physical = 361 ; free virtual = 14498

Phase 2.3 Post-Processing in Floorplanning
Phase 2.3 Post-Processing in Floorplanning | Checksum: 2b983ebf6

Time (s): cpu = 00:00:08 ; elapsed = 00:00:02 . Memory (MB): peak = 4687.605 ; gain = 294.996 ; free physical = 361 ; free virtual = 14498

Phase 2.4 Global Place Phase1
Phase 2.4 Global Place Phase1 | Checksum: 26a35712e

Time (s): cpu = 00:00:16 ; elapsed = 00:00:05 . Memory (MB): peak = 4818.637 ; gain = 426.027 ; free physical = 266 ; free virtual = 14406

Phase 2.5 Global Place Phase2
WARNING: [Place 46-29] Timing had been disabled during Placer and, therefore, physical synthesis in Placer will be skipped.
Phase 2.5 Global Place Phase2 | Checksum: 26a35712e

Time (s): cpu = 00:00:23 ; elapsed = 00:00:07 . Memory (MB): peak = 4824.637 ; gain = 432.027 ; free physical = 282 ; free virtual = 14421
Phase 2 Global Placement | Checksum: 26a35712e

Time (s): cpu = 00:00:23 ; elapsed = 00:00:07 . Memory (MB): peak = 4824.637 ; gain = 432.027 ; free physical = 282 ; free virtual = 14421

Phase 3 Detail Placement

Phase 3.1 Commit Multi Column Macros
Phase 3.1 Commit Multi Column Macros | Checksum: 26a35712e

Time (s): cpu = 00:00:31 ; elapsed = 00:00:09 . Memory (MB): peak = 4824.637 ; gain = 432.027 ; free physical = 253 ; free virtual = 14393

Phase 3.2 Commit Most Macros & LUTRAMs
Phase 3.2 Commit Most Macros & LUTRAMs | Checksum: 26a35712e

Time (s): cpu = 00:00:31 ; elapsed = 00:00:09 . Memory (MB): peak = 4824.637 ; gain = 432.027 ; free physical = 253 ; free virtual = 14393

Phase 3.3 Small Shape DP

Phase 3.3.1 Small Shape Clustering
Phase 3.3.1 Small Shape Clustering | Checksum: 2bff7f6c4

Time (s): cpu = 00:00:38 ; elapsed = 00:00:11 . Memory (MB): peak = 4824.637 ; gain = 432.027 ; free physical = 492 ; free virtual = 14592

Phase 3.3.2 Slice Area Swap

Phase 3.3.2.1 Slice Area Swap Initial
Phase 3.3.2.1 Slice Area Swap Initial | Checksum: 1e1874ce7

Time (s): cpu = 00:00:38 ; elapsed = 00:00:11 . Memory (MB): peak = 4824.637 ; gain = 432.027 ; free physical = 492 ; free virtual = 14592
Phase 3.3.2 Slice Area Swap | Checksum: 1e1874ce7

Time (s): cpu = 00:00:38 ; elapsed = 00:00:11 . Memory (MB): peak = 4824.637 ; gain = 432.027 ; free physical = 491 ; free virtual = 14591
Phase 3.3 Small Shape DP | Checksum: 2df739638

Time (s): cpu = 00:00:38 ; elapsed = 00:00:11 . Memory (MB): peak = 4824.637 ; gain = 432.027 ; free physical = 496 ; free virtual = 14596

Phase 3.4 Re-assign LUT pins
Phase 3.4 Re-assign LUT pins | Checksum: 2df739638

Time (s): cpu = 00:00:38 ; elapsed = 00:00:11 . Memory (MB): peak = 4824.637 ; gain = 432.027 ; free physical = 496 ; free virtual = 14596

Phase 3.5 Pipeline Register Optimization
Phase 3.5 Pipeline Register Optimization | Checksum: 2df739638

Time (s): cpu = 00:00:38 ; elapsed = 00:00:11 . Memory (MB): peak = 4824.637 ; gain = 432.027 ; free physical = 496 ; free virtual = 14596
Phase 3 Detail Placement | Checksum: 2df739638

Time (s): cpu = 00:00:38 ; elapsed = 00:00:11 . Memory (MB): peak = 4824.637 ; gain = 432.027 ; free physical = 496 ; free virtual = 14596

Phase 4 Post Placement Optimization and Clean-Up

Phase 4.1 Post Commit Optimization
Phase 4.1 Post Commit Optimization | Checksum: 2df739638

Time (s): cpu = 00:00:45 ; elapsed = 00:00:13 . Memory (MB): peak = 4824.637 ; gain = 432.027 ; free physical = 510 ; free virtual = 14609
Netlist sorting complete. Time (s): cpu = 00:00:00 ; elapsed = 00:00:00 . Memory (MB): peak = 4830.637 ; gain = 0.000 ; free physical = 544 ; free virtual = 14643

Phase 4.2 Post Placement Cleanup
Phase 4.2 Post Placement Cleanup | Checksum: 22598a1a6

Time (s): cpu = 00:00:55 ; elapsed = 00:00:18 . Memory (MB): peak = 4830.637 ; gain = 438.027 ; free physical = 544 ; free virtual = 14643

Phase 4.3 Placer Reporting

Phase 4.3.1 Print Estimated Congestion
INFO: [Place 30-612] Post-Placement Estimated Congestion 
 ________________________________________________________________________
|           | Global Congestion | Long Congestion   | Short Congestion  |
| Direction | Region Size       | Region Size       | Region Size       |
|___________|___________________|___________________|___________________|
|      North|                1x1|                1x1|                1x1|
|___________|___________________|___________________|___________________|
|      South|                1x1|                1x1|                1x1|
|___________|___________________|___________________|___________________|
|       East|                1x1|                1x1|                1x1|
|___________|___________________|___________________|___________________|
|       West|                1x1|                1x1|                1x1|
|___________|___________________|___________________|___________________|

Phase 4.3.1 Print Estimated Congestion | Checksum: 22598a1a6

Time (s): cpu = 00:00:55 ; elapsed = 00:00:18 . Memory (MB): peak = 4830.637 ; gain = 438.027 ; free physical = 544 ; free virtual = 14643
Phase 4.3 Placer Reporting | Checksum: 22598a1a6

Time (s): cpu = 00:00:55 ; elapsed = 00:00:18 . Memory (MB): peak = 4830.637 ; gain = 438.027 ; free physical = 544 ; free virtual = 14643

Phase 4.4 Final Placement Cleanup
Netlist sorting complete. Time (s): cpu = 00:00:00 ; elapsed = 00:00:00 . Memory (MB): peak = 4830.637 ; gain = 0.000 ; free physical = 544 ; free virtual = 14643

Time (s): cpu = 00:00:55 ; elapsed = 00:00:18 . Memory (MB): peak = 4830.637 ; gain = 438.027 ; free physical = 544 ; free virtual = 14643
Phase 4 Post Placement Optimization and Clean-Up | Checksum: 24518fba0

Time (s): cpu = 00:00:55 ; elapsed = 00:00:18 . Memory (MB): peak = 4830.637 ; gain = 438.027 ; free physical = 544 ; free virtual = 14643
Ending Placer Task | Checksum: 1ca1274c9

Time (s): cpu = 00:00:55 ; elapsed = 00:00:18 . Memory (MB): peak = 4830.637 ; gain = 438.027 ; free physical = 544 ; free virtual = 14643
46 Infos, 1 Warnings, 0 Critical Warnings and 0 Errors encountered.
place_design completed successfully
place_design: Time (s): cpu = 00:00:56 ; elapsed = 00:00:18 . Memory (MB): peak = 4830.637 ; gain = 438.027 ; free physical = 546 ; free virtual = 14645
INFO: [Vivado 12-24838] Running report commands "report_control_sets, report_io, report_utilization" in parallel.
Running report generation with 3 threads.
INFO: [Vivado 12-24828] Executing command : report_control_sets -verbose -file counter_top_control_sets_placed.rpt
report_control_sets: Time (s): cpu = 00:00:00.05 ; elapsed = 00:00:00.14 . Memory (MB): peak = 4830.637 ; gain = 0.000 ; free physical = 554 ; free virtual = 14653
INFO: [Vivado 12-24828] Executing command : report_utilization -file counter_top_utilization_placed.rpt -pb counter_top_utilization_placed.pb
INFO: [Vivado 12-24828] Executing command : report_io -file counter_top_io_placed.rpt
report_io: Time (s): cpu = 00:00:00.29 ; elapsed = 00:00:00.42 . Memory (MB): peak = 4830.637 ; gain = 0.000 ; free physical = 521 ; free virtual = 14621
Write ShapeDB Complete: Time (s): cpu = 00:00:00 ; elapsed = 00:00:00 . Memory (MB): peak = 4830.637 ; gain = 0.000 ; free physical = 521 ; free virtual = 14621
Wrote PlaceDB: Time (s): cpu = 00:00:00 ; elapsed = 00:00:00 . Memory (MB): peak = 4830.637 ; gain = 0.000 ; free physical = 521 ; free virtual = 14621
Wrote PulsedLatchDB: Time (s): cpu = 00:00:00 ; elapsed = 00:00:00 . Memory (MB): peak = 4830.637 ; gain = 0.000 ; free physical = 521 ; free virtual = 14621
Writing XDEF routing.
Writing XDEF routing logical nets.
Writing XDEF routing special nets.
Wrote RouteStorage: Time (s): cpu = 00:00:00.05 ; elapsed = 00:00:00.05 . Memory (MB): peak = 4830.637 ; gain = 0.000 ; free physical = 520 ; free virtual = 14620
Wrote Netlist Cache: Time (s): cpu = 00:00:00 ; elapsed = 00:00:00 . Memory (MB): peak = 4830.637 ; gain = 0.000 ; free physical = 520 ; free virtual = 14620
Wrote Device Cache: Time (s): cpu = 00:00:00.01 ; elapsed = 00:00:00.02 . Memory (MB): peak = 4830.637 ; gain = 0.000 ; free physical = 520 ; free virtual = 14623
Write Physdb Complete: Time (s): cpu = 00:00:00.06 ; elapsed = 00:00:00.07 . Memory (MB): peak = 4830.637 ; gain = 0.000 ; free physical = 520 ; free virtual = 14623
INFO: [Common 17-1381] The checkpoint '/home/dmas/robot_dreams/robot-dreams-code-fpga/task4/counter/counter.runs/impl_1/counter_top_placed.dcp' has been generated.
Command: phys_opt_design
Attempting to get a license for feature 'Implementation' and/or device 'xczu7ev'
INFO: [Common 17-349] Got license for feature 'Implementation' and/or device 'xczu7ev'

Starting Initial Update Timing Task

Time (s): cpu = 00:00:00 ; elapsed = 00:00:00.01 . Memory (MB): peak = 4830.637 ; gain = 0.000 ; free physical = 528 ; free virtual = 14629
INFO: [Vivado_Tcl 4-235] No timing constraint found. The netlist was not modified.
INFO: [Common 17-83] Releasing license: Implementation
54 Infos, 1 Warnings, 0 Critical Warnings and 0 Errors encountered.
phys_opt_design completed successfully
Write ShapeDB Complete: Time (s): cpu = 00:00:00.01 ; elapsed = 00:00:00 . Memory (MB): peak = 4830.637 ; gain = 0.000 ; free physical = 528 ; free virtual = 14629
Wrote PlaceDB: Time (s): cpu = 00:00:00 ; elapsed = 00:00:00 . Memory (MB): peak = 4830.637 ; gain = 0.000 ; free physical = 528 ; free virtual = 14629
Wrote PulsedLatchDB: Time (s): cpu = 00:00:00 ; elapsed = 00:00:00 . Memory (MB): peak = 4830.637 ; gain = 0.000 ; free physical = 528 ; free virtual = 14629
Writing XDEF routing.
Writing XDEF routing logical nets.
Writing XDEF routing special nets.
Wrote RouteStorage: Time (s): cpu = 00:00:00.02 ; elapsed = 00:00:00.03 . Memory (MB): peak = 4830.637 ; gain = 0.000 ; free physical = 528 ; free virtual = 14628
Wrote Netlist Cache: Time (s): cpu = 00:00:00 ; elapsed = 00:00:00 . Memory (MB): peak = 4830.637 ; gain = 0.000 ; free physical = 528 ; free virtual = 14628
Wrote Device Cache: Time (s): cpu = 00:00:00.01 ; elapsed = 00:00:00.01 . Memory (MB): peak = 4830.637 ; gain = 0.000 ; free physical = 526 ; free virtual = 14630
Write Physdb Complete: Time (s): cpu = 00:00:00.04 ; elapsed = 00:00:00.05 . Memory (MB): peak = 4830.637 ; gain = 0.000 ; free physical = 526 ; free virtual = 14630
INFO: [Common 17-1381] The checkpoint '/home/dmas/robot_dreams/robot-dreams-code-fpga/task4/counter/counter.runs/impl_1/counter_top_physopt.dcp' has been generated.
Command: route_design
Attempting to get a license for feature 'Implementation' and/or device 'xczu7ev'
INFO: [Common 17-349] Got license for feature 'Implementation' and/or device 'xczu7ev'


Starting Routing Task
INFO: [Route 35-254] Multithreading enabled for route_design using a maximum of 8 CPUs

Phase 1 Build RT Design
Checksum: PlaceDB: c786cb59 ConstDB: 0 ShapeSum: bfe73080 RouteDB: 42a478f0
Nodegraph reading from file.  Time (s): cpu = 00:00:00.47 ; elapsed = 00:00:00.5 . Memory (MB): peak = 4830.637 ; gain = 0.000 ; free physical = 537 ; free virtual = 14638
Post Restoration Checksum: NetGraph: 68445b24 | NumContArr: 18601e96 | Constraints: c3815442 | Timing: c2a8fa9d
Phase 1 Build RT Design | Checksum: 206cec899

Time (s): cpu = 00:00:03 ; elapsed = 00:00:03 . Memory (MB): peak = 4830.637 ; gain = 0.000 ; free physical = 557 ; free virtual = 14658

Phase 2 Router Initialization
INFO: [Route 35-64] No timing constraints were detected. The router will operate in resource-optimization mode.

Phase 2.1 Fix Topology Constraints
Phase 2.1 Fix Topology Constraints | Checksum: 206cec899

Time (s): cpu = 00:00:03 ; elapsed = 00:00:03 . Memory (MB): peak = 4830.637 ; gain = 0.000 ; free physical = 557 ; free virtual = 14658

Phase 2.2 Pre Route Cleanup
Phase 2.2 Pre Route Cleanup | Checksum: 206cec899

Time (s): cpu = 00:00:03 ; elapsed = 00:00:03 . Memory (MB): peak = 4830.637 ; gain = 0.000 ; free physical = 557 ; free virtual = 14658

Phase 2.3 Global Clock Net Routing
 Number of Nodes with overlaps = 0
Phase 2.3 Global Clock Net Routing | Checksum: 298910984

Time (s): cpu = 00:00:04 ; elapsed = 00:00:04 . Memory (MB): peak = 4830.637 ; gain = 0.000 ; free physical = 557 ; free virtual = 14658

Router Utilization Summary
  Global Vertical Routing Utilization    = 0 %
  Global Horizontal Routing Utilization  = 0 %
  Routable Net Status*
  *Does not include unroutable nets such as driverless and loadless.
  Run report_route_status for detailed report.
  Number of Failed Nets               = 7
    (Failed Nets is the sum of unrouted and partially routed nets)
  Number of Unrouted Nets             = 7
  Number of Partially Routed Nets     = 0
  Number of Node Overlaps             = 0

Phase 2 Router Initialization | Checksum: 298910984

Time (s): cpu = 00:00:05 ; elapsed = 00:00:04 . Memory (MB): peak = 4830.637 ; gain = 0.000 ; free physical = 563 ; free virtual = 14664

Phase 3 Global Routing
Phase 3 Global Routing | Checksum: 298910984

Time (s): cpu = 00:00:05 ; elapsed = 00:00:04 . Memory (MB): peak = 4830.637 ; gain = 0.000 ; free physical = 563 ; free virtual = 14664

Phase 4 Initial Routing

Phase 4.1 Initial Net Routing Pass
Phase 4.1 Initial Net Routing Pass | Checksum: 22b63d9b5

Time (s): cpu = 00:00:05 ; elapsed = 00:00:04 . Memory (MB): peak = 4830.637 ; gain = 0.000 ; free physical = 560 ; free virtual = 14661
Phase 4 Initial Routing | Checksum: 22b63d9b5

Time (s): cpu = 00:00:05 ; elapsed = 00:00:04 . Memory (MB): peak = 4830.637 ; gain = 0.000 ; free physical = 556 ; free virtual = 14657

Phase 5 Rip-up And Reroute

Phase 5.1 Global Iteration 0
 Number of Nodes with overlaps = 0
Phase 5.1 Global Iteration 0 | Checksum: 2dd6e7185

Time (s): cpu = 00:00:05 ; elapsed = 00:00:04 . Memory (MB): peak = 4830.637 ; gain = 0.000 ; free physical = 558 ; free virtual = 14661
Phase 5 Rip-up And Reroute | Checksum: 2dd6e7185

Time (s): cpu = 00:00:05 ; elapsed = 00:00:04 . Memory (MB): peak = 4830.637 ; gain = 0.000 ; free physical = 558 ; free virtual = 14661

Phase 6 Delay and Skew Optimization
Phase 6 Delay and Skew Optimization | Checksum: 2dd6e7185

Time (s): cpu = 00:00:05 ; elapsed = 00:00:04 . Memory (MB): peak = 4830.637 ; gain = 0.000 ; free physical = 558 ; free virtual = 14659

Phase 7 Post Hold Fix

Phase 7.1 Hold Fix Iter
Phase 7.1 Hold Fix Iter | Checksum: 2dd6e7185

Time (s): cpu = 00:00:05 ; elapsed = 00:00:04 . Memory (MB): peak = 4830.637 ; gain = 0.000 ; free physical = 558 ; free virtual = 14659
Phase 7 Post Hold Fix | Checksum: 2dd6e7185

Time (s): cpu = 00:00:05 ; elapsed = 00:00:04 . Memory (MB): peak = 4830.637 ; gain = 0.000 ; free physical = 558 ; free virtual = 14659

Phase 8 Route finalize

Router Utilization Summary
  Global Vertical Routing Utilization    = 0.000189068 %
  Global Horizontal Routing Utilization  = 0 %
  Routable Net Status*
  *Does not include unroutable nets such as driverless and loadless.
  Run report_route_status for detailed report.
  Number of Failed Nets               = 0
    (Failed Nets is the sum of unrouted and partially routed nets)
  Number of Unrouted Nets             = 0
  Number of Partially Routed Nets     = 0
  Number of Node Overlaps             = 0


--GLOBAL Congestion:
Utilization threshold used for congestion level computation: 0.85
Congestion Report
North Dir 1x1 Area, Max Cong = 0.938967%, No Congested Regions.
South Dir 1x1 Area, Max Cong = 1.89573%, No Congested Regions.
East Dir 1x1 Area, Max Cong = 0%, No Congested Regions.
West Dir 1x1 Area, Max Cong = 0%, No Congested Regions.

------------------------------
Reporting congestion hotspots
------------------------------
Direction: North
----------------
Congested clusters found at Level 0
Effective congestion level: 0 Aspect Ratio: 1 Sparse Ratio: 0
Direction: South
----------------
Congested clusters found at Level 0
Effective congestion level: 0 Aspect Ratio: 1 Sparse Ratio: 0
Direction: East
----------------
Congested clusters found at Level 0
Effective congestion level: 0 Aspect Ratio: 1 Sparse Ratio: 0
Direction: West
----------------
Congested clusters found at Level 0
Effective congestion level: 0 Aspect Ratio: 1 Sparse Ratio: 0

Phase 8 Route finalize | Checksum: 2dd6e7185

Time (s): cpu = 00:00:06 ; elapsed = 00:00:04 . Memory (MB): peak = 4830.637 ; gain = 0.000 ; free physical = 559 ; free virtual = 14660

Phase 9 Verifying routed nets

 Verification completed successfully
Phase 9 Verifying routed nets | Checksum: 2dd6e7185

Time (s): cpu = 00:00:06 ; elapsed = 00:00:04 . Memory (MB): peak = 4830.637 ; gain = 0.000 ; free physical = 559 ; free virtual = 14660

Phase 10 Depositing Routes
Phase 10 Depositing Routes | Checksum: 2dd6e7185

Time (s): cpu = 00:00:06 ; elapsed = 00:00:04 . Memory (MB): peak = 4830.637 ; gain = 0.000 ; free physical = 559 ; free virtual = 14660

Phase 11 Resolve XTalk

Skipping xtalk assignment for non timing driven mode.
Phase 11 Resolve XTalk | Checksum: 2dd6e7185

Time (s): cpu = 00:00:06 ; elapsed = 00:00:04 . Memory (MB): peak = 4830.637 ; gain = 0.000 ; free physical = 559 ; free virtual = 14660

Phase 12 Post Process Routing
Phase 12 Post Process Routing | Checksum: 2dd6e7185

Time (s): cpu = 00:00:06 ; elapsed = 00:00:04 . Memory (MB): peak = 4830.637 ; gain = 0.000 ; free physical = 559 ; free virtual = 14660
Time taken to check if laguna hold fix is required (in secs): 0
Skip PhysOpt in Router because non-negative WNS value: 1e+30 .
Total Elapsed time in route_design: 4.12 secs

Phase 13 Post-Route Event Processing
Phase 13 Post-Route Event Processing | Checksum: 2038fed40

Time (s): cpu = 00:00:06 ; elapsed = 00:00:04 . Memory (MB): peak = 4830.637 ; gain = 0.000 ; free physical = 559 ; free virtual = 14660
INFO: [Route 35-16] Router Completed Successfully
Ending Routing Task | Checksum: 2038fed40

Time (s): cpu = 00:00:06 ; elapsed = 00:00:04 . Memory (MB): peak = 4830.637 ; gain = 0.000 ; free physical = 559 ; free virtual = 14660

Routing Is Done.
INFO: [Common 17-83] Releasing license: Implementation
60 Infos, 1 Warnings, 0 Critical Warnings and 0 Errors encountered.
route_design completed successfully
INFO: [Vivado 12-24828] Executing command : report_drc -file counter_top_drc_routed.rpt -pb counter_top_drc_routed.pb -rpx counter_top_drc_routed.rpx
Command: report_drc -file counter_top_drc_routed.rpt -pb counter_top_drc_routed.pb -rpx counter_top_drc_routed.rpx
INFO: [IP_Flow 19-1839] IP Catalog is up to date.
INFO: [DRC 23-27] Running DRC with 8 threads
INFO: [Vivado_Tcl 2-168] The results of DRC are in file /home/dmas/robot_dreams/robot-dreams-code-fpga/task4/counter/counter.runs/impl_1/counter_top_drc_routed.rpt.
report_drc completed successfully
INFO: [Vivado 12-24828] Executing command : report_methodology -file counter_top_methodology_drc_routed.rpt -pb counter_top_methodology_drc_routed.pb -rpx counter_top_methodology_drc_routed.rpx
Command: report_methodology -file counter_top_methodology_drc_routed.rpt -pb counter_top_methodology_drc_routed.pb -rpx counter_top_methodology_drc_routed.rpx
INFO: [Timing 38-35] Done setting XDC timing constraints.
INFO: [DRC 23-133] Running Methodology with 8 threads
INFO: [Vivado_Tcl 2-1520] The results of Report Methodology are in file /home/dmas/robot_dreams/robot-dreams-code-fpga/task4/counter/counter.runs/impl_1/counter_top_methodology_drc_routed.rpt.
report_methodology completed successfully
INFO: [Vivado 12-24828] Executing command : report_timing_summary -max_paths 10 -routable_nets -report_unconstrained -file counter_top_timing_summary_routed.rpt -pb counter_top_timing_summary_routed.pb -rpx counter_top_timing_summary_routed.rpx -warn_on_violation 
INFO: [Timing 38-35] Done setting XDC timing constraints.
INFO: [Timing 38-91] UpdateTimingParams: Speed grade: -1LV, Temperature grade: I, Delay Type: min_max.
INFO: [Timing 38-191] Multithreading enabled for timing update using a maximum of 8 CPUs
WARNING: [Timing 38-313] There are no user specified timing constraints. Timing constraints are needed for proper timing analysis.
INFO: [Vivado 12-24838] Running report commands "report_bus_skew, report_incremental_reuse, report_route_status" in parallel.
Running report generation with 3 threads.
INFO: [Vivado 12-24828] Executing command : report_route_status -file counter_top_route_status.rpt -pb counter_top_route_status.pb
INFO: [Vivado 12-24828] Executing command : report_incremental_reuse -file counter_top_incremental_reuse_routed.rpt
INFO: [Vivado_Tcl 4-1062] Incremental flow is disabled. No incremental reuse Info to report.
INFO: [Vivado 12-24828] Executing command : report_bus_skew -warn_on_violation -file counter_top_bus_skew_routed.rpt -pb counter_top_bus_skew_routed.pb -rpx counter_top_bus_skew_routed.rpx
INFO: [Timing 38-91] UpdateTimingParams: Speed grade: -1LV, Temperature grade: I, Delay Type: min_max.
INFO: [Timing 38-191] Multithreading enabled for timing update using a maximum of 8 CPUs
INFO: [Vivado 12-24828] Executing command : report_power -file counter_top_power_routed.rpt -pb counter_top_power_summary_routed.pb -rpx counter_top_power_routed.rpx
Command: report_power -file counter_top_power_routed.rpt -pb counter_top_power_summary_routed.pb -rpx counter_top_power_routed.rpx
WARNING: [Power 33-232] No user defined clocks were found in the design! Power estimation will be inaccurate until this is corrected.
Resolution: Please specify clocks using create_clock/create_generated_clock for sequential elements. For pure combinatorial circuits, please specify a virtual clock, otherwise the vectorless estimation might be inaccurate
Running Vector-less Activity Propagation...

Finished Running Vector-less Activity Propagation
80 Infos, 3 Warnings, 0 Critical Warnings and 0 Errors encountered.
report_power completed successfully
INFO: [Vivado 12-24828] Executing command : report_clock_utilization -file counter_top_clock_utilization_routed.rpt
generate_parallel_reports: Time (s): cpu = 00:00:06 ; elapsed = 00:00:06 . Memory (MB): peak = 4858.746 ; gain = 28.109 ; free physical = 587 ; free virtual = 14689
Write ShapeDB Complete: Time (s): cpu = 00:00:00 ; elapsed = 00:00:00 . Memory (MB): peak = 4858.746 ; gain = 0.000 ; free physical = 587 ; free virtual = 14689
Wrote PlaceDB: Time (s): cpu = 00:00:00 ; elapsed = 00:00:00 . Memory (MB): peak = 4858.746 ; gain = 0.000 ; free physical = 587 ; free virtual = 14688
Wrote PulsedLatchDB: Time (s): cpu = 00:00:00 ; elapsed = 00:00:00 . Memory (MB): peak = 4858.746 ; gain = 0.000 ; free physical = 587 ; free virtual = 14688
Writing XDEF routing.
Writing XDEF routing logical nets.
Writing XDEF routing special nets.
Wrote RouteStorage: Time (s): cpu = 00:00:00.02 ; elapsed = 00:00:00.02 . Memory (MB): peak = 4858.746 ; gain = 0.000 ; free physical = 586 ; free virtual = 14688
Wrote Netlist Cache: Time (s): cpu = 00:00:00 ; elapsed = 00:00:00 . Memory (MB): peak = 4858.746 ; gain = 0.000 ; free physical = 586 ; free virtual = 14688
Wrote Device Cache: Time (s): cpu = 00:00:00.01 ; elapsed = 00:00:00.01 . Memory (MB): peak = 4858.746 ; gain = 0.000 ; free physical = 586 ; free virtual = 14690
Write Physdb Complete: Time (s): cpu = 00:00:00.03 ; elapsed = 00:00:00.04 . Memory (MB): peak = 4858.746 ; gain = 0.000 ; free physical = 586 ; free virtual = 14690
INFO: [Common 17-1381] The checkpoint '/home/dmas/robot_dreams/robot-dreams-code-fpga/task4/counter/counter.runs/impl_1/counter_top_routed.dcp' has been generated.
INFO: [Common 17-206] Exiting Vivado at Sun Sep  6 14:46:06 2026...
