

================================================================
== Vitis HLS Report for 'moving_max_Pipeline_MAIN_LOOP'
================================================================
* Date:           Thu Oct  8 21:08:02 2026

* Version:        2025.2 (Build 6295257 on Nov 14 2025)
* Project:        hls_component
* Solution:       hls (Vivado IP Flow Target)
* Product family: zynq
* Target device:  xc7z020-clg400-2


================================================================
== Performance Estimates
================================================================
+ Timing: 
    * Summary: 
    +--------+----------+----------+------------+
    |  Clock |  Target  | Estimated| Uncertainty|
    +--------+----------+----------+------------+
    |ap_clk  |  10.00 ns|  7.098 ns|     2.70 ns|
    +--------+----------+----------+------------+

+ Latency: 
    * Summary: 
    +---------+---------+----------+----------+-----+-----+-------------------+
    |  Latency (cycles) |  Latency (absolute) |  Interval |      Pipeline     |
    |   min   |   max   |    min   |    max   | min | max |        Type       |
    +---------+---------+----------+----------+-----+-----+-------------------+
    |       68|       68|  0.680 us|  0.680 us|    0|    0|  loop pipeline stp|
    +---------+---------+----------+----------+-----+-----+-------------------+

    + Detail: 
        * Instance: 
        N/A

        * Loop: 
        +-------------+---------+---------+----------+-----------+-----------+------+----------+
        |             |  Latency (cycles) | Iteration|  Initiation Interval  | Trip |          |
        |  Loop Name  |   min   |   max   |  Latency |  achieved |   target  | Count| Pipelined|
        +-------------+---------+---------+----------+-----------+-----------+------+----------+
        |- MAIN_LOOP  |       66|       66|         4|          1|          1|    64|       yes|
        +-------------+---------+---------+----------+-----------+-----------+------+----------+

============================================================
+ Verbose Summary: Synthesis Manager
============================================================
InlineROM: 1
ExposeGlobal: 0
============================================================
+ Verbose Summary: CDFG Model
============================================================
IsTopModel: 0
ResetActiveHigh: 1
IsCombinational: 0
IsDatapathOnly: 0
HasWiredReturn: 1
HasMFsm: 2
HasVarLatency: 1
IsPipeline: 0
IsRtlPipelined: 0
IsInstanceOverlapped: 0
IsDontTouch: 0
HasImplIP: 0
IsGatedGlobalClock: 0

+ Individual pipeline summary: 
  * Pipeline-0: initiation interval (II) = 1, depth = 4


============================================================
+ Verbose Summary: Schedule
============================================================
* Number of FSM states : 4
* Pipeline : 1
  Pipeline-0 : II = 1, D = 4, States = { 1 2 3 4 }
* Dataflow Pipeline: 0

* FSM state transitions: 
1 --> 2 
2 --> 3 
3 --> 4 
4 --> 

* FSM state operations: 

State 1 <SV = 0> <Delay = 3.91>
ST_1 : Operation 7 [1/1] (0.00ns)   --->   "%max_val_13 = alloca i32 1" [moving_max.cpp:30]   --->   Operation 7 'alloca' 'max_val_13' <Predicate = true> <Delay = 0.00>
ST_1 : Operation 8 [1/1] (0.00ns)   --->   "%n = alloca i32 1" [moving_max.cpp:18]   --->   Operation 8 'alloca' 'n' <Predicate = true> <Delay = 0.00>
ST_1 : Operation 9 [1/1] (0.00ns)   --->   "%max_val_11 = alloca i32 1" [moving_max.cpp:30]   --->   Operation 9 'alloca' 'max_val_11' <Predicate = true> <Delay = 0.00>
ST_1 : Operation 10 [1/1] (0.00ns)   --->   "%max_val_9 = alloca i32 1" [moving_max.cpp:30]   --->   Operation 10 'alloca' 'max_val_9' <Predicate = true> <Delay = 0.00>
ST_1 : Operation 11 [1/1] (0.00ns)   --->   "%max_val_7 = alloca i32 1" [moving_max.cpp:30]   --->   Operation 11 'alloca' 'max_val_7' <Predicate = true> <Delay = 0.00>
ST_1 : Operation 12 [1/1] (0.00ns)   --->   "%max_val_5 = alloca i32 1" [moving_max.cpp:30]   --->   Operation 12 'alloca' 'max_val_5' <Predicate = true> <Delay = 0.00>
ST_1 : Operation 13 [1/1] (0.00ns)   --->   "%max_val_3 = alloca i32 1" [moving_max.cpp:30]   --->   Operation 13 'alloca' 'max_val_3' <Predicate = true> <Delay = 0.00>
ST_1 : Operation 14 [1/1] (0.00ns)   --->   "%max_val_1 = alloca i32 1" [moving_max.cpp:30]   --->   Operation 14 'alloca' 'max_val_1' <Predicate = true> <Delay = 0.00>
ST_1 : Operation 15 [1/1] (0.00ns)   --->   "%specinterface_ln0 = specinterface void @_ssdm_op_SpecInterface, i32 %out_data, void @empty, i32 0, i32 0, void @empty_0, i32 4294967295, i32 0, void @empty_0, void @empty_0, void @empty_0, i32 0, i32 0, i32 0, i32 0, void @empty_0, void @empty_0, i32 4294967295, i32 0, i32 0, i32 0"   --->   Operation 15 'specinterface' 'specinterface_ln0' <Predicate = true> <Delay = 0.00>
ST_1 : Operation 16 [1/1] (0.00ns)   --->   "%specinterface_ln0 = specinterface void @_ssdm_op_SpecInterface, i32 %in_data, void @empty, i32 0, i32 0, void @empty_0, i32 4294967295, i32 0, void @empty_0, void @empty_0, void @empty_0, i32 0, i32 0, i32 0, i32 0, void @empty_0, void @empty_0, i32 4294967295, i32 0, i32 0, i32 0"   --->   Operation 16 'specinterface' 'specinterface_ln0' <Predicate = true> <Delay = 0.00>
ST_1 : Operation 17 [1/1] (0.00ns)   --->   "%window_load_read = read i32 @_ssdm_op_Read.ap_auto.i32, i32 %window_load"   --->   Operation 17 'read' 'window_load_read' <Predicate = true> <Delay = 0.00>
ST_1 : Operation 18 [1/1] (0.00ns)   --->   "%window_load_1_read = read i32 @_ssdm_op_Read.ap_auto.i32, i32 %window_load_1"   --->   Operation 18 'read' 'window_load_1_read' <Predicate = true> <Delay = 0.00>
ST_1 : Operation 19 [1/1] (0.00ns)   --->   "%window_load_2_read = read i32 @_ssdm_op_Read.ap_auto.i32, i32 %window_load_2"   --->   Operation 19 'read' 'window_load_2_read' <Predicate = true> <Delay = 0.00>
ST_1 : Operation 20 [1/1] (0.00ns)   --->   "%window_load_3_read = read i32 @_ssdm_op_Read.ap_auto.i32, i32 %window_load_3"   --->   Operation 20 'read' 'window_load_3_read' <Predicate = true> <Delay = 0.00>
ST_1 : Operation 21 [1/1] (0.00ns)   --->   "%window_load_4_read = read i32 @_ssdm_op_Read.ap_auto.i32, i32 %window_load_4"   --->   Operation 21 'read' 'window_load_4_read' <Predicate = true> <Delay = 0.00>
ST_1 : Operation 22 [1/1] (0.00ns)   --->   "%window_load_5_read = read i32 @_ssdm_op_Read.ap_auto.i32, i32 %window_load_5"   --->   Operation 22 'read' 'window_load_5_read' <Predicate = true> <Delay = 0.00>
ST_1 : Operation 23 [1/1] (0.00ns)   --->   "%window_load_6_read = read i32 @_ssdm_op_Read.ap_auto.i32, i32 %window_load_6"   --->   Operation 23 'read' 'window_load_6_read' <Predicate = true> <Delay = 0.00>
ST_1 : Operation 24 [1/1] (1.29ns)   --->   "%store_ln30 = store i32 %window_load_6_read, i32 %max_val_1" [moving_max.cpp:30]   --->   Operation 24 'store' 'store_ln30' <Predicate = true> <Delay = 1.29>
ST_1 : Operation 25 [1/1] (1.29ns)   --->   "%store_ln30 = store i32 %window_load_5_read, i32 %max_val_3" [moving_max.cpp:30]   --->   Operation 25 'store' 'store_ln30' <Predicate = true> <Delay = 1.29>
ST_1 : Operation 26 [1/1] (1.29ns)   --->   "%store_ln30 = store i32 %window_load_4_read, i32 %max_val_5" [moving_max.cpp:30]   --->   Operation 26 'store' 'store_ln30' <Predicate = true> <Delay = 1.29>
ST_1 : Operation 27 [1/1] (1.29ns)   --->   "%store_ln30 = store i32 %window_load_3_read, i32 %max_val_7" [moving_max.cpp:30]   --->   Operation 27 'store' 'store_ln30' <Predicate = true> <Delay = 1.29>
ST_1 : Operation 28 [1/1] (1.29ns)   --->   "%store_ln30 = store i32 %window_load_2_read, i32 %max_val_9" [moving_max.cpp:30]   --->   Operation 28 'store' 'store_ln30' <Predicate = true> <Delay = 1.29>
ST_1 : Operation 29 [1/1] (1.29ns)   --->   "%store_ln30 = store i32 %window_load_1_read, i32 %max_val_11" [moving_max.cpp:30]   --->   Operation 29 'store' 'store_ln30' <Predicate = true> <Delay = 1.29>
ST_1 : Operation 30 [1/1] (1.29ns)   --->   "%store_ln18 = store i7 0, i7 %n" [moving_max.cpp:18]   --->   Operation 30 'store' 'store_ln18' <Predicate = true> <Delay = 1.29>
ST_1 : Operation 31 [1/1] (1.29ns)   --->   "%store_ln30 = store i32 %window_load_read, i32 %max_val_13" [moving_max.cpp:30]   --->   Operation 31 'store' 'store_ln30' <Predicate = true> <Delay = 1.29>
ST_1 : Operation 32 [1/1] (0.00ns)   --->   "%br_ln0 = br void %SHIFT_LOOP"   --->   Operation 32 'br' 'br_ln0' <Predicate = true> <Delay = 0.00>
ST_1 : Operation 33 [1/1] (0.00ns)   --->   "%n_1 = load i7 %n" [moving_max.cpp:18]   --->   Operation 33 'load' 'n_1' <Predicate = true> <Delay = 0.00>
ST_1 : Operation 34 [1/1] (1.31ns)   --->   "%icmp_ln18 = icmp_eq  i7 %n_1, i7 64" [moving_max.cpp:18]   --->   Operation 34 'icmp' 'icmp_ln18' <Predicate = true> <Delay = 1.31> <CoreInst = "Cmp">   --->   Core 9 'Cmp' <Latency = 0> <II = 1> <Delay = 1.31> <FuncUnit> <Opcode : 'seteq' 'setne' 'setle' 'setge' 'setlt' 'setgt'> <InPorts = 2> <OutPorts = 1>
ST_1 : Operation 35 [1/1] (1.31ns)   --->   "%add_ln18 = add i7 %n_1, i7 1" [moving_max.cpp:18]   --->   Operation 35 'add' 'add_ln18' <Predicate = true> <Delay = 1.31> <CoreInst = "Adder">   --->   Core 1 'Adder' <Latency = 0> <II = 1> <Delay = 1.31> <FuncUnit> <Opcode : 'add' 'sub'> <InPorts = 2> <OutPorts = 1>
ST_1 : Operation 36 [1/1] (0.00ns)   --->   "%br_ln18 = br i1 %icmp_ln18, void %SHIFT_LOOP.split, void %for.end37.exitStub" [moving_max.cpp:18]   --->   Operation 36 'br' 'br_ln18' <Predicate = true> <Delay = 0.00>
ST_1 : Operation 37 [1/1] (0.00ns)   --->   "%zext_ln18 = zext i7 %n_1" [moving_max.cpp:18]   --->   Operation 37 'zext' 'zext_ln18' <Predicate = (!icmp_ln18)> <Delay = 0.00>
ST_1 : Operation 38 [1/1] (0.00ns)   --->   "%in_data_addr = getelementptr i32 %in_data, i64 0, i64 %zext_ln18" [moving_max.cpp:29]   --->   Operation 38 'getelementptr' 'in_data_addr' <Predicate = (!icmp_ln18)> <Delay = 0.00>
ST_1 : Operation 39 [2/2] (0.00ns)   --->   "%max_val = load i6 %in_data_addr" [moving_max.cpp:29]   --->   Operation 39 'load' 'max_val' <Predicate = (!icmp_ln18)> <Delay = 0.00> <CoreInst = "RAM">   --->   Core 81 'RAM' <Latency = 1> <II = 1> <Delay = 2.77> <Storage> <Opcode : 'load' 'store'> <Ports = 2> <Width = 32> <Depth = 64> <RAM>
ST_1 : Operation 40 [1/1] (1.29ns)   --->   "%store_ln18 = store i7 %add_ln18, i7 %n" [moving_max.cpp:18]   --->   Operation 40 'store' 'store_ln18' <Predicate = (!icmp_ln18)> <Delay = 1.29>

State 2 <SV = 1> <Delay = 7.09>
ST_2 : Operation 41 [1/1] (0.00ns)   --->   "%max_val_19 = load i32 %max_val_5" [moving_max.cpp:35]   --->   Operation 41 'load' 'max_val_19' <Predicate = true> <Delay = 0.00>
ST_2 : Operation 42 [1/1] (0.00ns)   --->   "%max_val_17 = load i32 %max_val_3" [moving_max.cpp:35]   --->   Operation 42 'load' 'max_val_17' <Predicate = true> <Delay = 0.00>
ST_2 : Operation 43 [1/1] (0.00ns)   --->   "%max_val_15 = load i32 %max_val_1" [moving_max.cpp:35]   --->   Operation 43 'load' 'max_val_15' <Predicate = true> <Delay = 0.00>
ST_2 : Operation 44 [1/2] ( I:0.00ns O:0.00ns )   --->   "%max_val = load i6 %in_data_addr" [moving_max.cpp:29]   --->   Operation 44 'load' 'max_val' <Predicate = (!icmp_ln18)> <Delay = 0.00> <CoreInst = "RAM">   --->   Core 81 'RAM' <Latency = 1> <II = 1> <Delay = 2.77> <Storage> <Opcode : 'load' 'store'> <Ports = 2> <Width = 32> <Depth = 64> <RAM>
ST_2 : Operation 45 [1/1] (1.89ns)   --->   "%icmp_ln35 = icmp_sgt  i32 %max_val_15, i32 %max_val" [moving_max.cpp:35]   --->   Operation 45 'icmp' 'icmp_ln35' <Predicate = (!icmp_ln18)> <Delay = 1.89> <CoreInst = "Cmp">   --->   Core 9 'Cmp' <Latency = 0> <II = 1> <Delay = 1.89> <FuncUnit> <Opcode : 'seteq' 'setne' 'setle' 'setge' 'setlt' 'setgt'> <InPorts = 2> <OutPorts = 1>
ST_2 : Operation 46 [1/1] (0.70ns)   --->   "%max_val_16 = select i1 %icmp_ln35, i32 %max_val_15, i32 %max_val" [moving_max.cpp:35]   --->   Operation 46 'select' 'max_val_16' <Predicate = (!icmp_ln18)> <Delay = 0.70> <CoreInst = "Sel">   --->   Core 73 'Sel' <Latency = 0> <II = 1> <Delay = 0.70> <FuncUnit> <Opcode : 'select'> <InPorts = 3> <OutPorts = 1>
ST_2 : Operation 47 [1/1] (1.89ns)   --->   "%icmp_ln35_1 = icmp_sgt  i32 %max_val_17, i32 %max_val_16" [moving_max.cpp:35]   --->   Operation 47 'icmp' 'icmp_ln35_1' <Predicate = (!icmp_ln18)> <Delay = 1.89> <CoreInst = "Cmp">   --->   Core 9 'Cmp' <Latency = 0> <II = 1> <Delay = 1.89> <FuncUnit> <Opcode : 'seteq' 'setne' 'setle' 'setge' 'setlt' 'setgt'> <InPorts = 2> <OutPorts = 1>
ST_2 : Operation 48 [1/1] (0.70ns)   --->   "%max_val_18 = select i1 %icmp_ln35_1, i32 %max_val_17, i32 %max_val_16" [moving_max.cpp:35]   --->   Operation 48 'select' 'max_val_18' <Predicate = (!icmp_ln18)> <Delay = 0.70> <CoreInst = "Sel">   --->   Core 73 'Sel' <Latency = 0> <II = 1> <Delay = 0.70> <FuncUnit> <Opcode : 'select'> <InPorts = 3> <OutPorts = 1>
ST_2 : Operation 49 [1/1] (1.89ns)   --->   "%icmp_ln35_2 = icmp_sgt  i32 %max_val_19, i32 %max_val_18" [moving_max.cpp:35]   --->   Operation 49 'icmp' 'icmp_ln35_2' <Predicate = (!icmp_ln18)> <Delay = 1.89> <CoreInst = "Cmp">   --->   Core 9 'Cmp' <Latency = 0> <II = 1> <Delay = 1.89> <FuncUnit> <Opcode : 'seteq' 'setne' 'setle' 'setge' 'setlt' 'setgt'> <InPorts = 2> <OutPorts = 1>
ST_2 : Operation 50 [1/1] (1.29ns)   --->   "%store_ln30 = store i32 %max_val, i32 %max_val_1" [moving_max.cpp:30]   --->   Operation 50 'store' 'store_ln30' <Predicate = (!icmp_ln18)> <Delay = 1.29>
ST_2 : Operation 51 [1/1] (1.29ns)   --->   "%store_ln30 = store i32 %max_val_15, i32 %max_val_3" [moving_max.cpp:30]   --->   Operation 51 'store' 'store_ln30' <Predicate = (!icmp_ln18)> <Delay = 1.29>
ST_2 : Operation 52 [1/1] (1.29ns)   --->   "%store_ln30 = store i32 %max_val_17, i32 %max_val_5" [moving_max.cpp:30]   --->   Operation 52 'store' 'store_ln30' <Predicate = (!icmp_ln18)> <Delay = 1.29>

State 3 <SV = 2> <Delay = 5.90>
ST_3 : Operation 53 [1/1] (0.00ns)   --->   "%max_val_25 = load i32 %max_val_11" [moving_max.cpp:35]   --->   Operation 53 'load' 'max_val_25' <Predicate = true> <Delay = 0.00>
ST_3 : Operation 54 [1/1] (0.00ns)   --->   "%max_val_23 = load i32 %max_val_9" [moving_max.cpp:35]   --->   Operation 54 'load' 'max_val_23' <Predicate = true> <Delay = 0.00>
ST_3 : Operation 55 [1/1] (0.00ns)   --->   "%max_val_21 = load i32 %max_val_7" [moving_max.cpp:35]   --->   Operation 55 'load' 'max_val_21' <Predicate = true> <Delay = 0.00>
ST_3 : Operation 56 [1/1] (0.70ns)   --->   "%max_val_20 = select i1 %icmp_ln35_2, i32 %max_val_19, i32 %max_val_18" [moving_max.cpp:35]   --->   Operation 56 'select' 'max_val_20' <Predicate = (!icmp_ln18)> <Delay = 0.70> <CoreInst = "Sel">   --->   Core 73 'Sel' <Latency = 0> <II = 1> <Delay = 0.70> <FuncUnit> <Opcode : 'select'> <InPorts = 3> <OutPorts = 1>
ST_3 : Operation 57 [1/1] (1.89ns)   --->   "%icmp_ln35_3 = icmp_sgt  i32 %max_val_21, i32 %max_val_20" [moving_max.cpp:35]   --->   Operation 57 'icmp' 'icmp_ln35_3' <Predicate = (!icmp_ln18)> <Delay = 1.89> <CoreInst = "Cmp">   --->   Core 9 'Cmp' <Latency = 0> <II = 1> <Delay = 1.89> <FuncUnit> <Opcode : 'seteq' 'setne' 'setle' 'setge' 'setlt' 'setgt'> <InPorts = 2> <OutPorts = 1>
ST_3 : Operation 58 [1/1] (0.70ns)   --->   "%max_val_22 = select i1 %icmp_ln35_3, i32 %max_val_21, i32 %max_val_20" [moving_max.cpp:35]   --->   Operation 58 'select' 'max_val_22' <Predicate = (!icmp_ln18)> <Delay = 0.70> <CoreInst = "Sel">   --->   Core 73 'Sel' <Latency = 0> <II = 1> <Delay = 0.70> <FuncUnit> <Opcode : 'select'> <InPorts = 3> <OutPorts = 1>
ST_3 : Operation 59 [1/1] (1.89ns)   --->   "%icmp_ln35_4 = icmp_sgt  i32 %max_val_23, i32 %max_val_22" [moving_max.cpp:35]   --->   Operation 59 'icmp' 'icmp_ln35_4' <Predicate = (!icmp_ln18)> <Delay = 1.89> <CoreInst = "Cmp">   --->   Core 9 'Cmp' <Latency = 0> <II = 1> <Delay = 1.89> <FuncUnit> <Opcode : 'seteq' 'setne' 'setle' 'setge' 'setlt' 'setgt'> <InPorts = 2> <OutPorts = 1>
ST_3 : Operation 60 [1/1] (0.70ns)   --->   "%max_val_24 = select i1 %icmp_ln35_4, i32 %max_val_23, i32 %max_val_22" [moving_max.cpp:35]   --->   Operation 60 'select' 'max_val_24' <Predicate = (!icmp_ln18)> <Delay = 0.70> <CoreInst = "Sel">   --->   Core 73 'Sel' <Latency = 0> <II = 1> <Delay = 0.70> <FuncUnit> <Opcode : 'select'> <InPorts = 3> <OutPorts = 1>
ST_3 : Operation 61 [1/1] (1.29ns)   --->   "%store_ln30 = store i32 %max_val_19, i32 %max_val_7" [moving_max.cpp:30]   --->   Operation 61 'store' 'store_ln30' <Predicate = (!icmp_ln18)> <Delay = 1.29>
ST_3 : Operation 62 [1/1] (1.29ns)   --->   "%store_ln30 = store i32 %max_val_21, i32 %max_val_9" [moving_max.cpp:30]   --->   Operation 62 'store' 'store_ln30' <Predicate = (!icmp_ln18)> <Delay = 1.29>
ST_3 : Operation 63 [1/1] (1.29ns)   --->   "%store_ln30 = store i32 %max_val_23, i32 %max_val_11" [moving_max.cpp:30]   --->   Operation 63 'store' 'store_ln30' <Predicate = (!icmp_ln18)> <Delay = 1.29>
ST_3 : Operation 76 [1/1] (1.29ns)   --->   "%ret_ln0 = ret"   --->   Operation 76 'ret' 'ret_ln0' <Predicate = (icmp_ln18)> <Delay = 1.29>

State 4 <SV = 3> <Delay = 5.20>
ST_4 : Operation 64 [1/1] (0.00ns)   --->   "%max_val_13_load = load i32 %max_val_13" [moving_max.cpp:35]   --->   Operation 64 'load' 'max_val_13_load' <Predicate = true> <Delay = 0.00>
ST_4 : Operation 65 [1/1] (0.00ns)   --->   "%specpipeline_ln19 = specpipeline void @_ssdm_op_SpecPipeline, i32 1, i32 0, i32 0, i32 0, i32 4294967295, void @empty_0" [moving_max.cpp:19]   --->   Operation 65 'specpipeline' 'specpipeline_ln19' <Predicate = true> <Delay = 0.00>
ST_4 : Operation 66 [1/1] (0.00ns)   --->   "%speclooptripcount_ln18 = speclooptripcount void @_ssdm_op_SpecLoopTripCount, i64 64, i64 64, i64 64" [moving_max.cpp:18]   --->   Operation 66 'speclooptripcount' 'speclooptripcount_ln18' <Predicate = true> <Delay = 0.00>
ST_4 : Operation 67 [1/1] (0.00ns)   --->   "%specloopname_ln18 = specloopname void @_ssdm_op_SpecLoopName, void @empty_2" [moving_max.cpp:18]   --->   Operation 67 'specloopname' 'specloopname_ln18' <Predicate = true> <Delay = 0.00>
ST_4 : Operation 68 [1/1] (1.89ns)   --->   "%icmp_ln35_5 = icmp_sgt  i32 %max_val_25, i32 %max_val_24" [moving_max.cpp:35]   --->   Operation 68 'icmp' 'icmp_ln35_5' <Predicate = true> <Delay = 1.89> <CoreInst = "Cmp">   --->   Core 9 'Cmp' <Latency = 0> <II = 1> <Delay = 1.89> <FuncUnit> <Opcode : 'seteq' 'setne' 'setle' 'setge' 'setlt' 'setgt'> <InPorts = 2> <OutPorts = 1>
ST_4 : Operation 69 [1/1] (0.70ns)   --->   "%max_val_26 = select i1 %icmp_ln35_5, i32 %max_val_25, i32 %max_val_24" [moving_max.cpp:35]   --->   Operation 69 'select' 'max_val_26' <Predicate = true> <Delay = 0.70> <CoreInst = "Sel">   --->   Core 73 'Sel' <Latency = 0> <II = 1> <Delay = 0.70> <FuncUnit> <Opcode : 'select'> <InPorts = 3> <OutPorts = 1>
ST_4 : Operation 70 [1/1] (1.89ns)   --->   "%icmp_ln35_6 = icmp_sgt  i32 %max_val_13_load, i32 %max_val_26" [moving_max.cpp:35]   --->   Operation 70 'icmp' 'icmp_ln35_6' <Predicate = true> <Delay = 1.89> <CoreInst = "Cmp">   --->   Core 9 'Cmp' <Latency = 0> <II = 1> <Delay = 1.89> <FuncUnit> <Opcode : 'seteq' 'setne' 'setle' 'setge' 'setlt' 'setgt'> <InPorts = 2> <OutPorts = 1>
ST_4 : Operation 71 [1/1] (0.70ns)   --->   "%max_val_27 = select i1 %icmp_ln35_6, i32 %max_val_13_load, i32 %max_val_26" [moving_max.cpp:35]   --->   Operation 71 'select' 'max_val_27' <Predicate = true> <Delay = 0.70> <CoreInst = "Sel">   --->   Core 73 'Sel' <Latency = 0> <II = 1> <Delay = 0.70> <FuncUnit> <Opcode : 'select'> <InPorts = 3> <OutPorts = 1>
ST_4 : Operation 72 [1/1] (0.00ns)   --->   "%out_data_addr = getelementptr i32 %out_data, i64 0, i64 %zext_ln18" [moving_max.cpp:39]   --->   Operation 72 'getelementptr' 'out_data_addr' <Predicate = true> <Delay = 0.00>
ST_4 : Operation 73 [1/1] ( I:0.00ns O:0.00ns )   --->   "%store_ln39 = store i32 %max_val_27, i6 %out_data_addr" [moving_max.cpp:39]   --->   Operation 73 'store' 'store_ln39' <Predicate = true> <Delay = 0.00> <CoreInst = "RAM">   --->   Core 81 'RAM' <Latency = 1> <II = 1> <Delay = 2.77> <Storage> <Opcode : 'load' 'store'> <Ports = 2> <Width = 32> <Depth = 64> <RAM>
ST_4 : Operation 74 [1/1] (1.29ns)   --->   "%store_ln30 = store i32 %max_val_25, i32 %max_val_13" [moving_max.cpp:30]   --->   Operation 74 'store' 'store_ln30' <Predicate = true> <Delay = 1.29>
ST_4 : Operation 75 [1/1] (0.00ns)   --->   "%br_ln18 = br void %SHIFT_LOOP" [moving_max.cpp:18]   --->   Operation 75 'br' 'br_ln18' <Predicate = true> <Delay = 0.00>


============================================================
+ Verbose Summary: Binding
============================================================
STG Binding: 
---------------- STG Properties BEGIN ----------------
- Is combinational: 0
- Is one-state seq: 0
- Is datapath-only: 0
- Is pipelined: 0
- Is top level: 0
Port [ Return ] is wired: 1; IO mode=ap_ctrl_hs:ce=0
Port [ window_load_6]:  wired=1; compound=0; hidden=0; nouse=0; global=0; static=0; extern=0; dir=0; type=0; pingpong=0; private_global=0; IO mode=ap_none:ce=0
Port [ window_load_5]:  wired=1; compound=0; hidden=0; nouse=0; global=0; static=0; extern=0; dir=0; type=0; pingpong=0; private_global=0; IO mode=ap_none:ce=0
Port [ window_load_4]:  wired=1; compound=0; hidden=0; nouse=0; global=0; static=0; extern=0; dir=0; type=0; pingpong=0; private_global=0; IO mode=ap_none:ce=0
Port [ window_load_3]:  wired=1; compound=0; hidden=0; nouse=0; global=0; static=0; extern=0; dir=0; type=0; pingpong=0; private_global=0; IO mode=ap_none:ce=0
Port [ window_load_2]:  wired=1; compound=0; hidden=0; nouse=0; global=0; static=0; extern=0; dir=0; type=0; pingpong=0; private_global=0; IO mode=ap_none:ce=0
Port [ window_load_1]:  wired=1; compound=0; hidden=0; nouse=0; global=0; static=0; extern=0; dir=0; type=0; pingpong=0; private_global=0; IO mode=ap_none:ce=0
Port [ window_load]:  wired=1; compound=0; hidden=0; nouse=0; global=0; static=0; extern=0; dir=0; type=0; pingpong=0; private_global=0; IO mode=ap_none:ce=0
Port [ in_data]:  wired=1; compound=1; hidden=0; nouse=0; global=0; static=0; extern=0; dir=0; type=1; pingpong=0; private_global=0; MemPort=[13]; IO mode=ap_memory:ce=0
Port [ out_data]:  wired=1; compound=1; hidden=0; nouse=0; global=0; static=0; extern=0; dir=1; type=1; pingpong=0; private_global=0; MemPort=[03]; IO mode=ap_memory:ce=0
---------------- STG Properties END ------------------

---------------- Datapath Model BEGIN ----------------

<LifeTime>
<method=bitvector/>
max_val_13             (alloca           ) [ 01111]
n                      (alloca           ) [ 01000]
max_val_11             (alloca           ) [ 01110]
max_val_9              (alloca           ) [ 01110]
max_val_7              (alloca           ) [ 01110]
max_val_5              (alloca           ) [ 01100]
max_val_3              (alloca           ) [ 01100]
max_val_1              (alloca           ) [ 01100]
specinterface_ln0      (specinterface    ) [ 00000]
specinterface_ln0      (specinterface    ) [ 00000]
window_load_read       (read             ) [ 00000]
window_load_1_read     (read             ) [ 00000]
window_load_2_read     (read             ) [ 00000]
window_load_3_read     (read             ) [ 00000]
window_load_4_read     (read             ) [ 00000]
window_load_5_read     (read             ) [ 00000]
window_load_6_read     (read             ) [ 00000]
store_ln30             (store            ) [ 00000]
store_ln30             (store            ) [ 00000]
store_ln30             (store            ) [ 00000]
store_ln30             (store            ) [ 00000]
store_ln30             (store            ) [ 00000]
store_ln30             (store            ) [ 00000]
store_ln18             (store            ) [ 00000]
store_ln30             (store            ) [ 00000]
br_ln0                 (br               ) [ 00000]
n_1                    (load             ) [ 00000]
icmp_ln18              (icmp             ) [ 01110]
add_ln18               (add              ) [ 00000]
br_ln18                (br               ) [ 00000]
zext_ln18              (zext             ) [ 01111]
in_data_addr           (getelementptr    ) [ 01100]
store_ln18             (store            ) [ 00000]
max_val_19             (load             ) [ 01010]
max_val_17             (load             ) [ 00000]
max_val_15             (load             ) [ 00000]
max_val                (load             ) [ 00000]
icmp_ln35              (icmp             ) [ 00000]
max_val_16             (select           ) [ 00000]
icmp_ln35_1            (icmp             ) [ 00000]
max_val_18             (select           ) [ 01010]
icmp_ln35_2            (icmp             ) [ 01010]
store_ln30             (store            ) [ 00000]
store_ln30             (store            ) [ 00000]
store_ln30             (store            ) [ 00000]
max_val_25             (load             ) [ 01001]
max_val_23             (load             ) [ 00000]
max_val_21             (load             ) [ 00000]
max_val_20             (select           ) [ 00000]
icmp_ln35_3            (icmp             ) [ 00000]
max_val_22             (select           ) [ 00000]
icmp_ln35_4            (icmp             ) [ 00000]
max_val_24             (select           ) [ 01001]
store_ln30             (store            ) [ 00000]
store_ln30             (store            ) [ 00000]
store_ln30             (store            ) [ 00000]
max_val_13_load        (load             ) [ 00000]
specpipeline_ln19      (specpipeline     ) [ 00000]
speclooptripcount_ln18 (speclooptripcount) [ 00000]
specloopname_ln18      (specloopname     ) [ 00000]
icmp_ln35_5            (icmp             ) [ 00000]
max_val_26             (select           ) [ 00000]
icmp_ln35_6            (icmp             ) [ 00000]
max_val_27             (select           ) [ 00000]
out_data_addr          (getelementptr    ) [ 00000]
store_ln39             (store            ) [ 00000]
store_ln30             (store            ) [ 00000]
br_ln18                (br               ) [ 00000]
ret_ln0                (ret              ) [ 00000]
</LifeTime>

<model>

<comp_list>
<comp id="0" class="1000" name="window_load_6">
<pin_list>
<pin id="1" dir="1" index="0" bw="1" slack="0"/>
</pin_list>
<bind>
<StgValue><ssdm name="window_load_6"/></StgValue>
</bind>
</comp>

<comp id="2" class="1000" name="window_load_5">
<pin_list>
<pin id="3" dir="1" index="0" bw="1" slack="0"/>
</pin_list>
<bind>
<StgValue><ssdm name="window_load_5"/></StgValue>
</bind>
</comp>

<comp id="4" class="1000" name="window_load_4">
<pin_list>
<pin id="5" dir="1" index="0" bw="1" slack="0"/>
</pin_list>
<bind>
<StgValue><ssdm name="window_load_4"/></StgValue>
</bind>
</comp>

<comp id="6" class="1000" name="window_load_3">
<pin_list>
<pin id="7" dir="1" index="0" bw="1" slack="0"/>
</pin_list>
<bind>
<StgValue><ssdm name="window_load_3"/></StgValue>
</bind>
</comp>

<comp id="8" class="1000" name="window_load_2">
<pin_list>
<pin id="9" dir="1" index="0" bw="1" slack="0"/>
</pin_list>
<bind>
<StgValue><ssdm name="window_load_2"/></StgValue>
</bind>
</comp>

<comp id="10" class="1000" name="window_load_1">
<pin_list>
<pin id="11" dir="1" index="0" bw="1" slack="0"/>
</pin_list>
<bind>
<StgValue><ssdm name="window_load_1"/></StgValue>
</bind>
</comp>

<comp id="12" class="1000" name="window_load">
<pin_list>
<pin id="13" dir="1" index="0" bw="1" slack="0"/>
</pin_list>
<bind>
<StgValue><ssdm name="window_load"/></StgValue>
</bind>
</comp>

<comp id="14" class="1000" name="in_data">
<pin_list>
<pin id="15" dir="1" index="0" bw="1" slack="0"/>
</pin_list>
<bind>
<StgValue><ssdm name="in_data"/><MemPortTyVec>1 3 </MemPortTyVec>
</StgValue>
</bind>
</comp>

<comp id="16" class="1000" name="out_data">
<pin_list>
<pin id="17" dir="1" index="0" bw="1" slack="0"/>
</pin_list>
<bind>
<StgValue><ssdm name="out_data"/><MemPortTyVec>0 3 </MemPortTyVec>
</StgValue>
</bind>
</comp>

<comp id="18" class="1001" name="const_18">
<pin_list>
<pin id="19" dir="1" index="0" bw="1" slack="0"/>
</pin_list>
<bind>
<StgValue><ssdm name=""/></StgValue>
</bind>
</comp>

<comp id="20" class="1001" name="const_20">
<pin_list>
<pin id="21" dir="1" index="0" bw="1" slack="2147483647"/>
</pin_list>
<bind>
<StgValue><ssdm name="_ssdm_op_SpecInterface"/></StgValue>
</bind>
</comp>

<comp id="22" class="1001" name="const_22">
<pin_list>
<pin id="23" dir="1" index="0" bw="1" slack="2147483647"/>
</pin_list>
<bind>
<StgValue><ssdm name="empty"/></StgValue>
</bind>
</comp>

<comp id="24" class="1001" name="const_24">
<pin_list>
<pin id="25" dir="1" index="0" bw="1" slack="2147483647"/>
</pin_list>
<bind>
<StgValue><ssdm name=""/></StgValue>
</bind>
</comp>

<comp id="26" class="1001" name="const_26">
<pin_list>
<pin id="27" dir="1" index="0" bw="1" slack="2147483647"/>
</pin_list>
<bind>
<StgValue><ssdm name="empty_0"/></StgValue>
</bind>
</comp>

<comp id="28" class="1001" name="const_28">
<pin_list>
<pin id="29" dir="1" index="0" bw="1" slack="2147483647"/>
</pin_list>
<bind>
<StgValue><ssdm name=""/></StgValue>
</bind>
</comp>

<comp id="30" class="1001" name="const_30">
<pin_list>
<pin id="31" dir="1" index="0" bw="1" slack="0"/>
</pin_list>
<bind>
<StgValue><ssdm name="_ssdm_op_Read.ap_auto.i32"/></StgValue>
</bind>
</comp>

<comp id="32" class="1001" name="const_32">
<pin_list>
<pin id="33" dir="1" index="0" bw="1" slack="0"/>
</pin_list>
<bind>
<StgValue><ssdm name=""/></StgValue>
</bind>
</comp>

<comp id="34" class="1001" name="const_34">
<pin_list>
<pin id="35" dir="1" index="0" bw="1" slack="0"/>
</pin_list>
<bind>
<StgValue><ssdm name=""/></StgValue>
</bind>
</comp>

<comp id="36" class="1001" name="const_36">
<pin_list>
<pin id="37" dir="1" index="0" bw="1" slack="0"/>
</pin_list>
<bind>
<StgValue><ssdm name=""/></StgValue>
</bind>
</comp>

<comp id="38" class="1001" name="const_38">
<pin_list>
<pin id="39" dir="1" index="0" bw="1" slack="0"/>
</pin_list>
<bind>
<StgValue><ssdm name=""/></StgValue>
</bind>
</comp>

<comp id="40" class="1001" name="const_40">
<pin_list>
<pin id="41" dir="1" index="0" bw="1" slack="2147483647"/>
</pin_list>
<bind>
<StgValue><ssdm name="_ssdm_op_SpecPipeline"/></StgValue>
</bind>
</comp>

<comp id="42" class="1001" name="const_42">
<pin_list>
<pin id="43" dir="1" index="0" bw="1" slack="2147483647"/>
</pin_list>
<bind>
<StgValue><ssdm name="_ssdm_op_SpecLoopTripCount"/></StgValue>
</bind>
</comp>

<comp id="44" class="1001" name="const_44">
<pin_list>
<pin id="45" dir="1" index="0" bw="1" slack="2147483647"/>
</pin_list>
<bind>
<StgValue><ssdm name=""/></StgValue>
</bind>
</comp>

<comp id="46" class="1001" name="const_46">
<pin_list>
<pin id="47" dir="1" index="0" bw="1" slack="2147483647"/>
</pin_list>
<bind>
<StgValue><ssdm name="_ssdm_op_SpecLoopName"/></StgValue>
</bind>
</comp>

<comp id="48" class="1001" name="const_48">
<pin_list>
<pin id="49" dir="1" index="0" bw="1" slack="2147483647"/>
</pin_list>
<bind>
<StgValue><ssdm name="empty_2"/></StgValue>
</bind>
</comp>

<comp id="50" class="1004" name="max_val_13_fu_50">
<pin_list>
<pin id="51" dir="0" index="0" bw="1" slack="0"/>
<pin id="52" dir="1" index="1" bw="32" slack="0"/>
</pin_list>
<bind>
<opcode="alloca(26) " fcode="alloca"/>
<opset="max_val_13/1 "/>
</bind>
</comp>

<comp id="54" class="1004" name="n_fu_54">
<pin_list>
<pin id="55" dir="0" index="0" bw="1" slack="0"/>
<pin id="56" dir="1" index="1" bw="7" slack="0"/>
</pin_list>
<bind>
<opcode="alloca(26) " fcode="alloca"/>
<opset="n/1 "/>
</bind>
</comp>

<comp id="58" class="1004" name="max_val_11_fu_58">
<pin_list>
<pin id="59" dir="0" index="0" bw="1" slack="0"/>
<pin id="60" dir="1" index="1" bw="32" slack="0"/>
</pin_list>
<bind>
<opcode="alloca(26) " fcode="alloca"/>
<opset="max_val_11/1 "/>
</bind>
</comp>

<comp id="62" class="1004" name="max_val_9_fu_62">
<pin_list>
<pin id="63" dir="0" index="0" bw="1" slack="0"/>
<pin id="64" dir="1" index="1" bw="32" slack="0"/>
</pin_list>
<bind>
<opcode="alloca(26) " fcode="alloca"/>
<opset="max_val_9/1 "/>
</bind>
</comp>

<comp id="66" class="1004" name="max_val_7_fu_66">
<pin_list>
<pin id="67" dir="0" index="0" bw="1" slack="0"/>
<pin id="68" dir="1" index="1" bw="32" slack="0"/>
</pin_list>
<bind>
<opcode="alloca(26) " fcode="alloca"/>
<opset="max_val_7/1 "/>
</bind>
</comp>

<comp id="70" class="1004" name="max_val_5_fu_70">
<pin_list>
<pin id="71" dir="0" index="0" bw="1" slack="0"/>
<pin id="72" dir="1" index="1" bw="32" slack="0"/>
</pin_list>
<bind>
<opcode="alloca(26) " fcode="alloca"/>
<opset="max_val_5/1 "/>
</bind>
</comp>

<comp id="74" class="1004" name="max_val_3_fu_74">
<pin_list>
<pin id="75" dir="0" index="0" bw="1" slack="0"/>
<pin id="76" dir="1" index="1" bw="32" slack="0"/>
</pin_list>
<bind>
<opcode="alloca(26) " fcode="alloca"/>
<opset="max_val_3/1 "/>
</bind>
</comp>

<comp id="78" class="1004" name="max_val_1_fu_78">
<pin_list>
<pin id="79" dir="0" index="0" bw="1" slack="0"/>
<pin id="80" dir="1" index="1" bw="32" slack="0"/>
</pin_list>
<bind>
<opcode="alloca(26) " fcode="alloca"/>
<opset="max_val_1/1 "/>
</bind>
</comp>

<comp id="82" class="1004" name="window_load_read_read_fu_82">
<pin_list>
<pin id="83" dir="0" index="0" bw="32" slack="0"/>
<pin id="84" dir="0" index="1" bw="32" slack="0"/>
<pin id="85" dir="1" index="2" bw="32" slack="0"/>
</pin_list>
<bind>
<opcode="read(1150) " fcode="read"/>
<opset="window_load_read/1 "/>
</bind>
</comp>

<comp id="88" class="1004" name="window_load_1_read_read_fu_88">
<pin_list>
<pin id="89" dir="0" index="0" bw="32" slack="0"/>
<pin id="90" dir="0" index="1" bw="32" slack="0"/>
<pin id="91" dir="1" index="2" bw="32" slack="0"/>
</pin_list>
<bind>
<opcode="read(1150) " fcode="read"/>
<opset="window_load_1_read/1 "/>
</bind>
</comp>

<comp id="94" class="1004" name="window_load_2_read_read_fu_94">
<pin_list>
<pin id="95" dir="0" index="0" bw="32" slack="0"/>
<pin id="96" dir="0" index="1" bw="32" slack="0"/>
<pin id="97" dir="1" index="2" bw="32" slack="0"/>
</pin_list>
<bind>
<opcode="read(1150) " fcode="read"/>
<opset="window_load_2_read/1 "/>
</bind>
</comp>

<comp id="100" class="1004" name="window_load_3_read_read_fu_100">
<pin_list>
<pin id="101" dir="0" index="0" bw="32" slack="0"/>
<pin id="102" dir="0" index="1" bw="32" slack="0"/>
<pin id="103" dir="1" index="2" bw="32" slack="0"/>
</pin_list>
<bind>
<opcode="read(1150) " fcode="read"/>
<opset="window_load_3_read/1 "/>
</bind>
</comp>

<comp id="106" class="1004" name="window_load_4_read_read_fu_106">
<pin_list>
<pin id="107" dir="0" index="0" bw="32" slack="0"/>
<pin id="108" dir="0" index="1" bw="32" slack="0"/>
<pin id="109" dir="1" index="2" bw="32" slack="0"/>
</pin_list>
<bind>
<opcode="read(1150) " fcode="read"/>
<opset="window_load_4_read/1 "/>
</bind>
</comp>

<comp id="112" class="1004" name="window_load_5_read_read_fu_112">
<pin_list>
<pin id="113" dir="0" index="0" bw="32" slack="0"/>
<pin id="114" dir="0" index="1" bw="32" slack="0"/>
<pin id="115" dir="1" index="2" bw="32" slack="0"/>
</pin_list>
<bind>
<opcode="read(1150) " fcode="read"/>
<opset="window_load_5_read/1 "/>
</bind>
</comp>

<comp id="118" class="1004" name="window_load_6_read_read_fu_118">
<pin_list>
<pin id="119" dir="0" index="0" bw="32" slack="0"/>
<pin id="120" dir="0" index="1" bw="32" slack="0"/>
<pin id="121" dir="1" index="2" bw="32" slack="0"/>
</pin_list>
<bind>
<opcode="read(1150) " fcode="read"/>
<opset="window_load_6_read/1 "/>
</bind>
</comp>

<comp id="124" class="1004" name="in_data_addr_gep_fu_124">
<pin_list>
<pin id="125" dir="0" index="0" bw="32" slack="0"/>
<pin id="126" dir="0" index="1" bw="1" slack="0"/>
<pin id="127" dir="0" index="2" bw="7" slack="0"/>
<pin id="128" dir="1" index="3" bw="6" slack="0"/>
</pin_list>
<bind>
<opcode="getelementptr(29) " fcode="getelementptr"/>
<opset="in_data_addr/1 "/>
</bind>
</comp>

<comp id="131" class="1004" name="grp_access_fu_131">
<pin_list>
<pin id="132" dir="0" index="0" bw="6" slack="0"/>
<pin id="133" dir="0" index="1" bw="32" slack="2147483647"/>
<pin id="134" dir="0" index="2" bw="0" slack="2147483647"/>
<pin id="135" dir="1" index="3" bw="32" slack="0"/>
</pin_list>
<bind>
<opcode="load(27) " fcode="load"/>
<opset="max_val/1 "/>
</bind>
</comp>

<comp id="137" class="1004" name="out_data_addr_gep_fu_137">
<pin_list>
<pin id="138" dir="0" index="0" bw="32" slack="0"/>
<pin id="139" dir="0" index="1" bw="1" slack="0"/>
<pin id="140" dir="0" index="2" bw="7" slack="3"/>
<pin id="141" dir="1" index="3" bw="6" slack="0"/>
</pin_list>
<bind>
<opcode="getelementptr(29) " fcode="getelementptr"/>
<opset="out_data_addr/4 "/>
</bind>
</comp>

<comp id="144" class="1004" name="store_ln39_access_fu_144">
<pin_list>
<pin id="145" dir="0" index="0" bw="6" slack="0"/>
<pin id="146" dir="0" index="1" bw="32" slack="0"/>
<pin id="147" dir="0" index="2" bw="0" slack="2147483647"/>
<pin id="148" dir="1" index="3" bw="32" slack="2147483647"/>
</pin_list>
<bind>
<opcode="store(28) " fcode="store"/>
<opset="store_ln39/4 "/>
</bind>
</comp>

<comp id="150" class="1004" name="store_ln30_store_fu_150">
<pin_list>
<pin id="151" dir="0" index="0" bw="32" slack="0"/>
<pin id="152" dir="0" index="1" bw="32" slack="0"/>
<pin id="153" dir="1" index="2" bw="0" slack="2147483647"/>
</pin_list>
<bind>
<opcode="store(28) " fcode="store"/>
<opset="store_ln30/1 "/>
</bind>
</comp>

<comp id="155" class="1004" name="store_ln30_store_fu_155">
<pin_list>
<pin id="156" dir="0" index="0" bw="32" slack="0"/>
<pin id="157" dir="0" index="1" bw="32" slack="0"/>
<pin id="158" dir="1" index="2" bw="0" slack="2147483647"/>
</pin_list>
<bind>
<opcode="store(28) " fcode="store"/>
<opset="store_ln30/1 "/>
</bind>
</comp>

<comp id="160" class="1004" name="store_ln30_store_fu_160">
<pin_list>
<pin id="161" dir="0" index="0" bw="32" slack="0"/>
<pin id="162" dir="0" index="1" bw="32" slack="0"/>
<pin id="163" dir="1" index="2" bw="0" slack="2147483647"/>
</pin_list>
<bind>
<opcode="store(28) " fcode="store"/>
<opset="store_ln30/1 "/>
</bind>
</comp>

<comp id="165" class="1004" name="store_ln30_store_fu_165">
<pin_list>
<pin id="166" dir="0" index="0" bw="32" slack="0"/>
<pin id="167" dir="0" index="1" bw="32" slack="0"/>
<pin id="168" dir="1" index="2" bw="0" slack="2147483647"/>
</pin_list>
<bind>
<opcode="store(28) " fcode="store"/>
<opset="store_ln30/1 "/>
</bind>
</comp>

<comp id="170" class="1004" name="store_ln30_store_fu_170">
<pin_list>
<pin id="171" dir="0" index="0" bw="32" slack="0"/>
<pin id="172" dir="0" index="1" bw="32" slack="0"/>
<pin id="173" dir="1" index="2" bw="0" slack="2147483647"/>
</pin_list>
<bind>
<opcode="store(28) " fcode="store"/>
<opset="store_ln30/1 "/>
</bind>
</comp>

<comp id="175" class="1004" name="store_ln30_store_fu_175">
<pin_list>
<pin id="176" dir="0" index="0" bw="32" slack="0"/>
<pin id="177" dir="0" index="1" bw="32" slack="0"/>
<pin id="178" dir="1" index="2" bw="0" slack="2147483647"/>
</pin_list>
<bind>
<opcode="store(28) " fcode="store"/>
<opset="store_ln30/1 "/>
</bind>
</comp>

<comp id="180" class="1004" name="store_ln18_store_fu_180">
<pin_list>
<pin id="181" dir="0" index="0" bw="1" slack="0"/>
<pin id="182" dir="0" index="1" bw="7" slack="0"/>
<pin id="183" dir="1" index="2" bw="0" slack="2147483647"/>
</pin_list>
<bind>
<opcode="store(28) " fcode="store"/>
<opset="store_ln18/1 "/>
</bind>
</comp>

<comp id="185" class="1004" name="store_ln30_store_fu_185">
<pin_list>
<pin id="186" dir="0" index="0" bw="32" slack="0"/>
<pin id="187" dir="0" index="1" bw="32" slack="0"/>
<pin id="188" dir="1" index="2" bw="0" slack="2147483647"/>
</pin_list>
<bind>
<opcode="store(28) " fcode="store"/>
<opset="store_ln30/1 "/>
</bind>
</comp>

<comp id="190" class="1004" name="n_1_load_fu_190">
<pin_list>
<pin id="191" dir="0" index="0" bw="7" slack="0"/>
<pin id="192" dir="1" index="1" bw="7" slack="0"/>
</pin_list>
<bind>
<opcode="load(27) " fcode="load"/>
<opset="n_1/1 "/>
</bind>
</comp>

<comp id="193" class="1004" name="icmp_ln18_fu_193">
<pin_list>
<pin id="194" dir="0" index="0" bw="7" slack="0"/>
<pin id="195" dir="0" index="1" bw="7" slack="0"/>
<pin id="196" dir="1" index="2" bw="1" slack="1"/>
</pin_list>
<bind>
<opcode="icmp(45) " fcode="icmp"/>
<opset="icmp_ln18/1 "/>
</bind>
</comp>

<comp id="199" class="1004" name="add_ln18_fu_199">
<pin_list>
<pin id="200" dir="0" index="0" bw="7" slack="0"/>
<pin id="201" dir="0" index="1" bw="1" slack="0"/>
<pin id="202" dir="1" index="2" bw="7" slack="0"/>
</pin_list>
<bind>
<opcode="add(8) " fcode="add"/>
<opset="add_ln18/1 "/>
</bind>
</comp>

<comp id="205" class="1004" name="zext_ln18_fu_205">
<pin_list>
<pin id="206" dir="0" index="0" bw="7" slack="0"/>
<pin id="207" dir="1" index="1" bw="64" slack="0"/>
</pin_list>
<bind>
<opcode="zext(34) " fcode="zext"/>
<opset="zext_ln18/1 "/>
</bind>
</comp>

<comp id="210" class="1004" name="store_ln18_store_fu_210">
<pin_list>
<pin id="211" dir="0" index="0" bw="7" slack="0"/>
<pin id="212" dir="0" index="1" bw="7" slack="0"/>
<pin id="213" dir="1" index="2" bw="0" slack="2147483647"/>
</pin_list>
<bind>
<opcode="store(28) " fcode="store"/>
<opset="store_ln18/1 "/>
</bind>
</comp>

<comp id="215" class="1004" name="max_val_19_load_fu_215">
<pin_list>
<pin id="216" dir="0" index="0" bw="32" slack="1"/>
<pin id="217" dir="1" index="1" bw="32" slack="0"/>
</pin_list>
<bind>
<opcode="load(27) " fcode="load"/>
<opset="max_val_19/2 "/>
</bind>
</comp>

<comp id="218" class="1004" name="max_val_17_load_fu_218">
<pin_list>
<pin id="219" dir="0" index="0" bw="32" slack="1"/>
<pin id="220" dir="1" index="1" bw="32" slack="0"/>
</pin_list>
<bind>
<opcode="load(27) " fcode="load"/>
<opset="max_val_17/2 "/>
</bind>
</comp>

<comp id="221" class="1004" name="max_val_15_load_fu_221">
<pin_list>
<pin id="222" dir="0" index="0" bw="32" slack="1"/>
<pin id="223" dir="1" index="1" bw="32" slack="0"/>
</pin_list>
<bind>
<opcode="load(27) " fcode="load"/>
<opset="max_val_15/2 "/>
</bind>
</comp>

<comp id="224" class="1004" name="icmp_ln35_fu_224">
<pin_list>
<pin id="225" dir="0" index="0" bw="32" slack="0"/>
<pin id="226" dir="0" index="1" bw="32" slack="0"/>
<pin id="227" dir="1" index="2" bw="1" slack="0"/>
</pin_list>
<bind>
<opcode="icmp(45) " fcode="icmp"/>
<opset="icmp_ln35/2 "/>
</bind>
</comp>

<comp id="230" class="1004" name="max_val_16_fu_230">
<pin_list>
<pin id="231" dir="0" index="0" bw="1" slack="0"/>
<pin id="232" dir="0" index="1" bw="32" slack="0"/>
<pin id="233" dir="0" index="2" bw="32" slack="0"/>
<pin id="234" dir="1" index="3" bw="32" slack="0"/>
</pin_list>
<bind>
<opcode="select(49) " fcode="select"/>
<opset="max_val_16/2 "/>
</bind>
</comp>

<comp id="238" class="1004" name="icmp_ln35_1_fu_238">
<pin_list>
<pin id="239" dir="0" index="0" bw="32" slack="0"/>
<pin id="240" dir="0" index="1" bw="32" slack="0"/>
<pin id="241" dir="1" index="2" bw="1" slack="0"/>
</pin_list>
<bind>
<opcode="icmp(45) " fcode="icmp"/>
<opset="icmp_ln35_1/2 "/>
</bind>
</comp>

<comp id="244" class="1004" name="max_val_18_fu_244">
<pin_list>
<pin id="245" dir="0" index="0" bw="1" slack="0"/>
<pin id="246" dir="0" index="1" bw="32" slack="0"/>
<pin id="247" dir="0" index="2" bw="32" slack="0"/>
<pin id="248" dir="1" index="3" bw="32" slack="0"/>
</pin_list>
<bind>
<opcode="select(49) " fcode="select"/>
<opset="max_val_18/2 "/>
</bind>
</comp>

<comp id="252" class="1004" name="icmp_ln35_2_fu_252">
<pin_list>
<pin id="253" dir="0" index="0" bw="32" slack="0"/>
<pin id="254" dir="0" index="1" bw="32" slack="0"/>
<pin id="255" dir="1" index="2" bw="1" slack="1"/>
</pin_list>
<bind>
<opcode="icmp(45) " fcode="icmp"/>
<opset="icmp_ln35_2/2 "/>
</bind>
</comp>

<comp id="258" class="1004" name="store_ln30_store_fu_258">
<pin_list>
<pin id="259" dir="0" index="0" bw="32" slack="0"/>
<pin id="260" dir="0" index="1" bw="32" slack="1"/>
<pin id="261" dir="1" index="2" bw="0" slack="2147483647"/>
</pin_list>
<bind>
<opcode="store(28) " fcode="store"/>
<opset="store_ln30/2 "/>
</bind>
</comp>

<comp id="263" class="1004" name="store_ln30_store_fu_263">
<pin_list>
<pin id="264" dir="0" index="0" bw="32" slack="0"/>
<pin id="265" dir="0" index="1" bw="32" slack="1"/>
<pin id="266" dir="1" index="2" bw="0" slack="2147483647"/>
</pin_list>
<bind>
<opcode="store(28) " fcode="store"/>
<opset="store_ln30/2 "/>
</bind>
</comp>

<comp id="268" class="1004" name="store_ln30_store_fu_268">
<pin_list>
<pin id="269" dir="0" index="0" bw="32" slack="0"/>
<pin id="270" dir="0" index="1" bw="32" slack="1"/>
<pin id="271" dir="1" index="2" bw="0" slack="2147483647"/>
</pin_list>
<bind>
<opcode="store(28) " fcode="store"/>
<opset="store_ln30/2 "/>
</bind>
</comp>

<comp id="273" class="1004" name="max_val_25_load_fu_273">
<pin_list>
<pin id="274" dir="0" index="0" bw="32" slack="2"/>
<pin id="275" dir="1" index="1" bw="32" slack="1"/>
</pin_list>
<bind>
<opcode="load(27) " fcode="load"/>
<opset="max_val_25/3 "/>
</bind>
</comp>

<comp id="276" class="1004" name="max_val_23_load_fu_276">
<pin_list>
<pin id="277" dir="0" index="0" bw="32" slack="2"/>
<pin id="278" dir="1" index="1" bw="32" slack="0"/>
</pin_list>
<bind>
<opcode="load(27) " fcode="load"/>
<opset="max_val_23/3 "/>
</bind>
</comp>

<comp id="279" class="1004" name="max_val_21_load_fu_279">
<pin_list>
<pin id="280" dir="0" index="0" bw="32" slack="2"/>
<pin id="281" dir="1" index="1" bw="32" slack="0"/>
</pin_list>
<bind>
<opcode="load(27) " fcode="load"/>
<opset="max_val_21/3 "/>
</bind>
</comp>

<comp id="282" class="1004" name="max_val_20_fu_282">
<pin_list>
<pin id="283" dir="0" index="0" bw="1" slack="1"/>
<pin id="284" dir="0" index="1" bw="32" slack="1"/>
<pin id="285" dir="0" index="2" bw="32" slack="1"/>
<pin id="286" dir="1" index="3" bw="32" slack="0"/>
</pin_list>
<bind>
<opcode="select(49) " fcode="select"/>
<opset="max_val_20/3 "/>
</bind>
</comp>

<comp id="287" class="1004" name="icmp_ln35_3_fu_287">
<pin_list>
<pin id="288" dir="0" index="0" bw="32" slack="0"/>
<pin id="289" dir="0" index="1" bw="32" slack="0"/>
<pin id="290" dir="1" index="2" bw="1" slack="0"/>
</pin_list>
<bind>
<opcode="icmp(45) " fcode="icmp"/>
<opset="icmp_ln35_3/3 "/>
</bind>
</comp>

<comp id="293" class="1004" name="max_val_22_fu_293">
<pin_list>
<pin id="294" dir="0" index="0" bw="1" slack="0"/>
<pin id="295" dir="0" index="1" bw="32" slack="0"/>
<pin id="296" dir="0" index="2" bw="32" slack="0"/>
<pin id="297" dir="1" index="3" bw="32" slack="0"/>
</pin_list>
<bind>
<opcode="select(49) " fcode="select"/>
<opset="max_val_22/3 "/>
</bind>
</comp>

<comp id="301" class="1004" name="icmp_ln35_4_fu_301">
<pin_list>
<pin id="302" dir="0" index="0" bw="32" slack="0"/>
<pin id="303" dir="0" index="1" bw="32" slack="0"/>
<pin id="304" dir="1" index="2" bw="1" slack="0"/>
</pin_list>
<bind>
<opcode="icmp(45) " fcode="icmp"/>
<opset="icmp_ln35_4/3 "/>
</bind>
</comp>

<comp id="307" class="1004" name="max_val_24_fu_307">
<pin_list>
<pin id="308" dir="0" index="0" bw="1" slack="0"/>
<pin id="309" dir="0" index="1" bw="32" slack="0"/>
<pin id="310" dir="0" index="2" bw="32" slack="0"/>
<pin id="311" dir="1" index="3" bw="32" slack="1"/>
</pin_list>
<bind>
<opcode="select(49) " fcode="select"/>
<opset="max_val_24/3 "/>
</bind>
</comp>

<comp id="315" class="1004" name="store_ln30_store_fu_315">
<pin_list>
<pin id="316" dir="0" index="0" bw="32" slack="1"/>
<pin id="317" dir="0" index="1" bw="32" slack="2"/>
<pin id="318" dir="1" index="2" bw="0" slack="2147483647"/>
</pin_list>
<bind>
<opcode="store(28) " fcode="store"/>
<opset="store_ln30/3 "/>
</bind>
</comp>

<comp id="319" class="1004" name="store_ln30_store_fu_319">
<pin_list>
<pin id="320" dir="0" index="0" bw="32" slack="0"/>
<pin id="321" dir="0" index="1" bw="32" slack="2"/>
<pin id="322" dir="1" index="2" bw="0" slack="2147483647"/>
</pin_list>
<bind>
<opcode="store(28) " fcode="store"/>
<opset="store_ln30/3 "/>
</bind>
</comp>

<comp id="324" class="1004" name="store_ln30_store_fu_324">
<pin_list>
<pin id="325" dir="0" index="0" bw="32" slack="0"/>
<pin id="326" dir="0" index="1" bw="32" slack="2"/>
<pin id="327" dir="1" index="2" bw="0" slack="2147483647"/>
</pin_list>
<bind>
<opcode="store(28) " fcode="store"/>
<opset="store_ln30/3 "/>
</bind>
</comp>

<comp id="329" class="1004" name="max_val_13_load_load_fu_329">
<pin_list>
<pin id="330" dir="0" index="0" bw="32" slack="3"/>
<pin id="331" dir="1" index="1" bw="32" slack="0"/>
</pin_list>
<bind>
<opcode="load(27) " fcode="load"/>
<opset="max_val_13_load/4 "/>
</bind>
</comp>

<comp id="332" class="1004" name="icmp_ln35_5_fu_332">
<pin_list>
<pin id="333" dir="0" index="0" bw="32" slack="1"/>
<pin id="334" dir="0" index="1" bw="32" slack="1"/>
<pin id="335" dir="1" index="2" bw="1" slack="0"/>
</pin_list>
<bind>
<opcode="icmp(45) " fcode="icmp"/>
<opset="icmp_ln35_5/4 "/>
</bind>
</comp>

<comp id="336" class="1004" name="max_val_26_fu_336">
<pin_list>
<pin id="337" dir="0" index="0" bw="1" slack="0"/>
<pin id="338" dir="0" index="1" bw="32" slack="1"/>
<pin id="339" dir="0" index="2" bw="32" slack="1"/>
<pin id="340" dir="1" index="3" bw="32" slack="0"/>
</pin_list>
<bind>
<opcode="select(49) " fcode="select"/>
<opset="max_val_26/4 "/>
</bind>
</comp>

<comp id="342" class="1004" name="icmp_ln35_6_fu_342">
<pin_list>
<pin id="343" dir="0" index="0" bw="32" slack="0"/>
<pin id="344" dir="0" index="1" bw="32" slack="0"/>
<pin id="345" dir="1" index="2" bw="1" slack="0"/>
</pin_list>
<bind>
<opcode="icmp(45) " fcode="icmp"/>
<opset="icmp_ln35_6/4 "/>
</bind>
</comp>

<comp id="348" class="1004" name="max_val_27_fu_348">
<pin_list>
<pin id="349" dir="0" index="0" bw="1" slack="0"/>
<pin id="350" dir="0" index="1" bw="32" slack="0"/>
<pin id="351" dir="0" index="2" bw="32" slack="0"/>
<pin id="352" dir="1" index="3" bw="32" slack="0"/>
</pin_list>
<bind>
<opcode="select(49) " fcode="select"/>
<opset="max_val_27/4 "/>
</bind>
</comp>

<comp id="357" class="1004" name="store_ln30_store_fu_357">
<pin_list>
<pin id="358" dir="0" index="0" bw="32" slack="1"/>
<pin id="359" dir="0" index="1" bw="32" slack="3"/>
<pin id="360" dir="1" index="2" bw="0" slack="2147483647"/>
</pin_list>
<bind>
<opcode="store(28) " fcode="store"/>
<opset="store_ln30/4 "/>
</bind>
</comp>

<comp id="361" class="1005" name="max_val_13_reg_361">
<pin_list>
<pin id="362" dir="0" index="0" bw="32" slack="0"/>
<pin id="363" dir="1" index="1" bw="32" slack="0"/>
</pin_list>
<bind>
<opset="max_val_13 "/>
</bind>
</comp>

<comp id="368" class="1005" name="n_reg_368">
<pin_list>
<pin id="369" dir="0" index="0" bw="7" slack="0"/>
<pin id="370" dir="1" index="1" bw="7" slack="0"/>
</pin_list>
<bind>
<opset="n "/>
</bind>
</comp>

<comp id="375" class="1005" name="max_val_11_reg_375">
<pin_list>
<pin id="376" dir="0" index="0" bw="32" slack="0"/>
<pin id="377" dir="1" index="1" bw="32" slack="0"/>
</pin_list>
<bind>
<opset="max_val_11 "/>
</bind>
</comp>

<comp id="382" class="1005" name="max_val_9_reg_382">
<pin_list>
<pin id="383" dir="0" index="0" bw="32" slack="0"/>
<pin id="384" dir="1" index="1" bw="32" slack="0"/>
</pin_list>
<bind>
<opset="max_val_9 "/>
</bind>
</comp>

<comp id="389" class="1005" name="max_val_7_reg_389">
<pin_list>
<pin id="390" dir="0" index="0" bw="32" slack="0"/>
<pin id="391" dir="1" index="1" bw="32" slack="0"/>
</pin_list>
<bind>
<opset="max_val_7 "/>
</bind>
</comp>

<comp id="396" class="1005" name="max_val_5_reg_396">
<pin_list>
<pin id="397" dir="0" index="0" bw="32" slack="0"/>
<pin id="398" dir="1" index="1" bw="32" slack="0"/>
</pin_list>
<bind>
<opset="max_val_5 "/>
</bind>
</comp>

<comp id="403" class="1005" name="max_val_3_reg_403">
<pin_list>
<pin id="404" dir="0" index="0" bw="32" slack="0"/>
<pin id="405" dir="1" index="1" bw="32" slack="0"/>
</pin_list>
<bind>
<opset="max_val_3 "/>
</bind>
</comp>

<comp id="410" class="1005" name="max_val_1_reg_410">
<pin_list>
<pin id="411" dir="0" index="0" bw="32" slack="0"/>
<pin id="412" dir="1" index="1" bw="32" slack="0"/>
</pin_list>
<bind>
<opset="max_val_1 "/>
</bind>
</comp>

<comp id="417" class="1005" name="icmp_ln18_reg_417">
<pin_list>
<pin id="418" dir="0" index="0" bw="1" slack="1"/>
<pin id="419" dir="1" index="1" bw="1" slack="2147483647"/>
</pin_list>
<bind>
<opset="icmp_ln18 "/>
</bind>
</comp>

<comp id="421" class="1005" name="zext_ln18_reg_421">
<pin_list>
<pin id="422" dir="0" index="0" bw="64" slack="3"/>
<pin id="423" dir="1" index="1" bw="64" slack="3"/>
</pin_list>
<bind>
<opset="zext_ln18 "/>
</bind>
</comp>

<comp id="426" class="1005" name="in_data_addr_reg_426">
<pin_list>
<pin id="427" dir="0" index="0" bw="6" slack="1"/>
<pin id="428" dir="1" index="1" bw="6" slack="1"/>
</pin_list>
<bind>
<opset="in_data_addr "/>
</bind>
</comp>

<comp id="431" class="1005" name="max_val_19_reg_431">
<pin_list>
<pin id="432" dir="0" index="0" bw="32" slack="1"/>
<pin id="433" dir="1" index="1" bw="32" slack="1"/>
</pin_list>
<bind>
<opset="max_val_19 "/>
</bind>
</comp>

<comp id="437" class="1005" name="max_val_18_reg_437">
<pin_list>
<pin id="438" dir="0" index="0" bw="32" slack="1"/>
<pin id="439" dir="1" index="1" bw="32" slack="1"/>
</pin_list>
<bind>
<opset="max_val_18 "/>
</bind>
</comp>

<comp id="442" class="1005" name="icmp_ln35_2_reg_442">
<pin_list>
<pin id="443" dir="0" index="0" bw="1" slack="1"/>
<pin id="444" dir="1" index="1" bw="1" slack="1"/>
</pin_list>
<bind>
<opset="icmp_ln35_2 "/>
</bind>
</comp>

<comp id="447" class="1005" name="max_val_25_reg_447">
<pin_list>
<pin id="448" dir="0" index="0" bw="32" slack="1"/>
<pin id="449" dir="1" index="1" bw="32" slack="1"/>
</pin_list>
<bind>
<opset="max_val_25 "/>
</bind>
</comp>

<comp id="454" class="1005" name="max_val_24_reg_454">
<pin_list>
<pin id="455" dir="0" index="0" bw="32" slack="1"/>
<pin id="456" dir="1" index="1" bw="32" slack="1"/>
</pin_list>
<bind>
<opset="max_val_24 "/>
</bind>
</comp>

</comp_list>

<net_list>
<net id="53"><net_src comp="18" pin="0"/><net_sink comp="50" pin=0"/></net>

<net id="57"><net_src comp="18" pin="0"/><net_sink comp="54" pin=0"/></net>

<net id="61"><net_src comp="18" pin="0"/><net_sink comp="58" pin=0"/></net>

<net id="65"><net_src comp="18" pin="0"/><net_sink comp="62" pin=0"/></net>

<net id="69"><net_src comp="18" pin="0"/><net_sink comp="66" pin=0"/></net>

<net id="73"><net_src comp="18" pin="0"/><net_sink comp="70" pin=0"/></net>

<net id="77"><net_src comp="18" pin="0"/><net_sink comp="74" pin=0"/></net>

<net id="81"><net_src comp="18" pin="0"/><net_sink comp="78" pin=0"/></net>

<net id="86"><net_src comp="30" pin="0"/><net_sink comp="82" pin=0"/></net>

<net id="87"><net_src comp="12" pin="0"/><net_sink comp="82" pin=1"/></net>

<net id="92"><net_src comp="30" pin="0"/><net_sink comp="88" pin=0"/></net>

<net id="93"><net_src comp="10" pin="0"/><net_sink comp="88" pin=1"/></net>

<net id="98"><net_src comp="30" pin="0"/><net_sink comp="94" pin=0"/></net>

<net id="99"><net_src comp="8" pin="0"/><net_sink comp="94" pin=1"/></net>

<net id="104"><net_src comp="30" pin="0"/><net_sink comp="100" pin=0"/></net>

<net id="105"><net_src comp="6" pin="0"/><net_sink comp="100" pin=1"/></net>

<net id="110"><net_src comp="30" pin="0"/><net_sink comp="106" pin=0"/></net>

<net id="111"><net_src comp="4" pin="0"/><net_sink comp="106" pin=1"/></net>

<net id="116"><net_src comp="30" pin="0"/><net_sink comp="112" pin=0"/></net>

<net id="117"><net_src comp="2" pin="0"/><net_sink comp="112" pin=1"/></net>

<net id="122"><net_src comp="30" pin="0"/><net_sink comp="118" pin=0"/></net>

<net id="123"><net_src comp="0" pin="0"/><net_sink comp="118" pin=1"/></net>

<net id="129"><net_src comp="14" pin="0"/><net_sink comp="124" pin=0"/></net>

<net id="130"><net_src comp="38" pin="0"/><net_sink comp="124" pin=1"/></net>

<net id="136"><net_src comp="124" pin="3"/><net_sink comp="131" pin=0"/></net>

<net id="142"><net_src comp="16" pin="0"/><net_sink comp="137" pin=0"/></net>

<net id="143"><net_src comp="38" pin="0"/><net_sink comp="137" pin=1"/></net>

<net id="149"><net_src comp="137" pin="3"/><net_sink comp="144" pin=0"/></net>

<net id="154"><net_src comp="118" pin="2"/><net_sink comp="150" pin=0"/></net>

<net id="159"><net_src comp="112" pin="2"/><net_sink comp="155" pin=0"/></net>

<net id="164"><net_src comp="106" pin="2"/><net_sink comp="160" pin=0"/></net>

<net id="169"><net_src comp="100" pin="2"/><net_sink comp="165" pin=0"/></net>

<net id="174"><net_src comp="94" pin="2"/><net_sink comp="170" pin=0"/></net>

<net id="179"><net_src comp="88" pin="2"/><net_sink comp="175" pin=0"/></net>

<net id="184"><net_src comp="32" pin="0"/><net_sink comp="180" pin=0"/></net>

<net id="189"><net_src comp="82" pin="2"/><net_sink comp="185" pin=0"/></net>

<net id="197"><net_src comp="190" pin="1"/><net_sink comp="193" pin=0"/></net>

<net id="198"><net_src comp="34" pin="0"/><net_sink comp="193" pin=1"/></net>

<net id="203"><net_src comp="190" pin="1"/><net_sink comp="199" pin=0"/></net>

<net id="204"><net_src comp="36" pin="0"/><net_sink comp="199" pin=1"/></net>

<net id="208"><net_src comp="190" pin="1"/><net_sink comp="205" pin=0"/></net>

<net id="209"><net_src comp="205" pin="1"/><net_sink comp="124" pin=2"/></net>

<net id="214"><net_src comp="199" pin="2"/><net_sink comp="210" pin=0"/></net>

<net id="228"><net_src comp="221" pin="1"/><net_sink comp="224" pin=0"/></net>

<net id="229"><net_src comp="131" pin="3"/><net_sink comp="224" pin=1"/></net>

<net id="235"><net_src comp="224" pin="2"/><net_sink comp="230" pin=0"/></net>

<net id="236"><net_src comp="221" pin="1"/><net_sink comp="230" pin=1"/></net>

<net id="237"><net_src comp="131" pin="3"/><net_sink comp="230" pin=2"/></net>

<net id="242"><net_src comp="218" pin="1"/><net_sink comp="238" pin=0"/></net>

<net id="243"><net_src comp="230" pin="3"/><net_sink comp="238" pin=1"/></net>

<net id="249"><net_src comp="238" pin="2"/><net_sink comp="244" pin=0"/></net>

<net id="250"><net_src comp="218" pin="1"/><net_sink comp="244" pin=1"/></net>

<net id="251"><net_src comp="230" pin="3"/><net_sink comp="244" pin=2"/></net>

<net id="256"><net_src comp="215" pin="1"/><net_sink comp="252" pin=0"/></net>

<net id="257"><net_src comp="244" pin="3"/><net_sink comp="252" pin=1"/></net>

<net id="262"><net_src comp="131" pin="3"/><net_sink comp="258" pin=0"/></net>

<net id="267"><net_src comp="221" pin="1"/><net_sink comp="263" pin=0"/></net>

<net id="272"><net_src comp="218" pin="1"/><net_sink comp="268" pin=0"/></net>

<net id="291"><net_src comp="279" pin="1"/><net_sink comp="287" pin=0"/></net>

<net id="292"><net_src comp="282" pin="3"/><net_sink comp="287" pin=1"/></net>

<net id="298"><net_src comp="287" pin="2"/><net_sink comp="293" pin=0"/></net>

<net id="299"><net_src comp="279" pin="1"/><net_sink comp="293" pin=1"/></net>

<net id="300"><net_src comp="282" pin="3"/><net_sink comp="293" pin=2"/></net>

<net id="305"><net_src comp="276" pin="1"/><net_sink comp="301" pin=0"/></net>

<net id="306"><net_src comp="293" pin="3"/><net_sink comp="301" pin=1"/></net>

<net id="312"><net_src comp="301" pin="2"/><net_sink comp="307" pin=0"/></net>

<net id="313"><net_src comp="276" pin="1"/><net_sink comp="307" pin=1"/></net>

<net id="314"><net_src comp="293" pin="3"/><net_sink comp="307" pin=2"/></net>

<net id="323"><net_src comp="279" pin="1"/><net_sink comp="319" pin=0"/></net>

<net id="328"><net_src comp="276" pin="1"/><net_sink comp="324" pin=0"/></net>

<net id="341"><net_src comp="332" pin="2"/><net_sink comp="336" pin=0"/></net>

<net id="346"><net_src comp="329" pin="1"/><net_sink comp="342" pin=0"/></net>

<net id="347"><net_src comp="336" pin="3"/><net_sink comp="342" pin=1"/></net>

<net id="353"><net_src comp="342" pin="2"/><net_sink comp="348" pin=0"/></net>

<net id="354"><net_src comp="329" pin="1"/><net_sink comp="348" pin=1"/></net>

<net id="355"><net_src comp="336" pin="3"/><net_sink comp="348" pin=2"/></net>

<net id="356"><net_src comp="348" pin="3"/><net_sink comp="144" pin=1"/></net>

<net id="364"><net_src comp="50" pin="1"/><net_sink comp="361" pin=0"/></net>

<net id="365"><net_src comp="361" pin="1"/><net_sink comp="185" pin=1"/></net>

<net id="366"><net_src comp="361" pin="1"/><net_sink comp="329" pin=0"/></net>

<net id="367"><net_src comp="361" pin="1"/><net_sink comp="357" pin=1"/></net>

<net id="371"><net_src comp="54" pin="1"/><net_sink comp="368" pin=0"/></net>

<net id="372"><net_src comp="368" pin="1"/><net_sink comp="180" pin=1"/></net>

<net id="373"><net_src comp="368" pin="1"/><net_sink comp="190" pin=0"/></net>

<net id="374"><net_src comp="368" pin="1"/><net_sink comp="210" pin=1"/></net>

<net id="378"><net_src comp="58" pin="1"/><net_sink comp="375" pin=0"/></net>

<net id="379"><net_src comp="375" pin="1"/><net_sink comp="175" pin=1"/></net>

<net id="380"><net_src comp="375" pin="1"/><net_sink comp="273" pin=0"/></net>

<net id="381"><net_src comp="375" pin="1"/><net_sink comp="324" pin=1"/></net>

<net id="385"><net_src comp="62" pin="1"/><net_sink comp="382" pin=0"/></net>

<net id="386"><net_src comp="382" pin="1"/><net_sink comp="170" pin=1"/></net>

<net id="387"><net_src comp="382" pin="1"/><net_sink comp="276" pin=0"/></net>

<net id="388"><net_src comp="382" pin="1"/><net_sink comp="319" pin=1"/></net>

<net id="392"><net_src comp="66" pin="1"/><net_sink comp="389" pin=0"/></net>

<net id="393"><net_src comp="389" pin="1"/><net_sink comp="165" pin=1"/></net>

<net id="394"><net_src comp="389" pin="1"/><net_sink comp="279" pin=0"/></net>

<net id="395"><net_src comp="389" pin="1"/><net_sink comp="315" pin=1"/></net>

<net id="399"><net_src comp="70" pin="1"/><net_sink comp="396" pin=0"/></net>

<net id="400"><net_src comp="396" pin="1"/><net_sink comp="160" pin=1"/></net>

<net id="401"><net_src comp="396" pin="1"/><net_sink comp="215" pin=0"/></net>

<net id="402"><net_src comp="396" pin="1"/><net_sink comp="268" pin=1"/></net>

<net id="406"><net_src comp="74" pin="1"/><net_sink comp="403" pin=0"/></net>

<net id="407"><net_src comp="403" pin="1"/><net_sink comp="155" pin=1"/></net>

<net id="408"><net_src comp="403" pin="1"/><net_sink comp="218" pin=0"/></net>

<net id="409"><net_src comp="403" pin="1"/><net_sink comp="263" pin=1"/></net>

<net id="413"><net_src comp="78" pin="1"/><net_sink comp="410" pin=0"/></net>

<net id="414"><net_src comp="410" pin="1"/><net_sink comp="150" pin=1"/></net>

<net id="415"><net_src comp="410" pin="1"/><net_sink comp="221" pin=0"/></net>

<net id="416"><net_src comp="410" pin="1"/><net_sink comp="258" pin=1"/></net>

<net id="420"><net_src comp="193" pin="2"/><net_sink comp="417" pin=0"/></net>

<net id="424"><net_src comp="205" pin="1"/><net_sink comp="421" pin=0"/></net>

<net id="425"><net_src comp="421" pin="1"/><net_sink comp="137" pin=2"/></net>

<net id="429"><net_src comp="124" pin="3"/><net_sink comp="426" pin=0"/></net>

<net id="430"><net_src comp="426" pin="1"/><net_sink comp="131" pin=0"/></net>

<net id="434"><net_src comp="215" pin="1"/><net_sink comp="431" pin=0"/></net>

<net id="435"><net_src comp="431" pin="1"/><net_sink comp="282" pin=1"/></net>

<net id="436"><net_src comp="431" pin="1"/><net_sink comp="315" pin=0"/></net>

<net id="440"><net_src comp="244" pin="3"/><net_sink comp="437" pin=0"/></net>

<net id="441"><net_src comp="437" pin="1"/><net_sink comp="282" pin=2"/></net>

<net id="445"><net_src comp="252" pin="2"/><net_sink comp="442" pin=0"/></net>

<net id="446"><net_src comp="442" pin="1"/><net_sink comp="282" pin=0"/></net>

<net id="450"><net_src comp="273" pin="1"/><net_sink comp="447" pin=0"/></net>

<net id="451"><net_src comp="447" pin="1"/><net_sink comp="332" pin=0"/></net>

<net id="452"><net_src comp="447" pin="1"/><net_sink comp="336" pin=1"/></net>

<net id="453"><net_src comp="447" pin="1"/><net_sink comp="357" pin=0"/></net>

<net id="457"><net_src comp="307" pin="3"/><net_sink comp="454" pin=0"/></net>

<net id="458"><net_src comp="454" pin="1"/><net_sink comp="332" pin=1"/></net>

<net id="459"><net_src comp="454" pin="1"/><net_sink comp="336" pin=2"/></net>

</net_list>

</model> 
---------------- Datapath Model END ------------------

* FSMD analyzer results:
  - Output states:
	Port: out_data | {4 }
 - Input state : 
	Port: moving_max_Pipeline_MAIN_LOOP : window_load_6 | {1 }
	Port: moving_max_Pipeline_MAIN_LOOP : window_load_5 | {1 }
	Port: moving_max_Pipeline_MAIN_LOOP : window_load_4 | {1 }
	Port: moving_max_Pipeline_MAIN_LOOP : window_load_3 | {1 }
	Port: moving_max_Pipeline_MAIN_LOOP : window_load_2 | {1 }
	Port: moving_max_Pipeline_MAIN_LOOP : window_load_1 | {1 }
	Port: moving_max_Pipeline_MAIN_LOOP : window_load | {1 }
	Port: moving_max_Pipeline_MAIN_LOOP : in_data | {1 2 }
  - Chain level:
	State 1
		store_ln18 : 1
		n_1 : 1
		icmp_ln18 : 2
		add_ln18 : 2
		br_ln18 : 3
		zext_ln18 : 2
		in_data_addr : 3
		max_val : 4
		store_ln18 : 3
	State 2
		icmp_ln35 : 1
		max_val_16 : 2
		icmp_ln35_1 : 3
		max_val_18 : 4
		icmp_ln35_2 : 5
		store_ln30 : 1
		store_ln30 : 1
		store_ln30 : 1
	State 3
		icmp_ln35_3 : 1
		max_val_22 : 2
		icmp_ln35_4 : 3
		max_val_24 : 4
		store_ln30 : 1
		store_ln30 : 1
	State 4
		max_val_26 : 1
		icmp_ln35_6 : 2
		max_val_27 : 3
		store_ln39 : 4


============================================================
+ Verbose Summary: Datapath Resource usage 
============================================================

* Functional unit list:
|----------|--------------------------------|---------|---------|
| Operation|         Functional Unit        |    FF   |   LUT   |
|----------|--------------------------------|---------|---------|
|          |        icmp_ln18_fu_193        |    0    |    7    |
|          |        icmp_ln35_fu_224        |    0    |    32   |
|          |       icmp_ln35_1_fu_238       |    0    |    32   |
|   icmp   |       icmp_ln35_2_fu_252       |    0    |    32   |
|          |       icmp_ln35_3_fu_287       |    0    |    32   |
|          |       icmp_ln35_4_fu_301       |    0    |    32   |
|          |       icmp_ln35_5_fu_332       |    0    |    32   |
|          |       icmp_ln35_6_fu_342       |    0    |    32   |
|----------|--------------------------------|---------|---------|
|          |        max_val_16_fu_230       |    0    |    32   |
|          |        max_val_18_fu_244       |    0    |    32   |
|          |        max_val_20_fu_282       |    0    |    32   |
|  select  |        max_val_22_fu_293       |    0    |    32   |
|          |        max_val_24_fu_307       |    0    |    32   |
|          |        max_val_26_fu_336       |    0    |    32   |
|          |        max_val_27_fu_348       |    0    |    32   |
|----------|--------------------------------|---------|---------|
|    add   |         add_ln18_fu_199        |    0    |    7    |
|----------|--------------------------------|---------|---------|
|          |   window_load_read_read_fu_82  |    0    |    0    |
|          |  window_load_1_read_read_fu_88 |    0    |    0    |
|          |  window_load_2_read_read_fu_94 |    0    |    0    |
|   read   | window_load_3_read_read_fu_100 |    0    |    0    |
|          | window_load_4_read_read_fu_106 |    0    |    0    |
|          | window_load_5_read_read_fu_112 |    0    |    0    |
|          | window_load_6_read_read_fu_118 |    0    |    0    |
|----------|--------------------------------|---------|---------|
|   zext   |        zext_ln18_fu_205        |    0    |    0    |
|----------|--------------------------------|---------|---------|
|   Total  |                                |    0    |   462   |
|----------|--------------------------------|---------|---------|

Memories:
N/A

* Register list:
+--------------------+--------+
|                    |   FF   |
+--------------------+--------+
|  icmp_ln18_reg_417 |    1   |
| icmp_ln35_2_reg_442|    1   |
|in_data_addr_reg_426|    6   |
| max_val_11_reg_375 |   32   |
| max_val_13_reg_361 |   32   |
| max_val_18_reg_437 |   32   |
| max_val_19_reg_431 |   32   |
|  max_val_1_reg_410 |   32   |
| max_val_24_reg_454 |   32   |
| max_val_25_reg_447 |   32   |
|  max_val_3_reg_403 |   32   |
|  max_val_5_reg_396 |   32   |
|  max_val_7_reg_389 |   32   |
|  max_val_9_reg_382 |   32   |
|      n_reg_368     |    7   |
|  zext_ln18_reg_421 |   64   |
+--------------------+--------+
|        Total       |   431  |
+--------------------+--------+

* Multiplexer (MUX) list: 
|-------------------|------|------|------|--------||---------||---------||---------|
|        Comp       |  Pin | Size |  BW  | S x BW ||  Delay  ||    FF   ||   LUT   |
|-------------------|------|------|------|--------||---------||---------||---------|
| grp_access_fu_131 |  p0  |   2  |   6  |   12   ||    0    ||    9    |
|-------------------|------|------|------|--------||---------||---------||---------|
|       Total       |      |      |      |   12   ||  1.298  ||    0    ||    9    |
|-------------------|------|------|------|--------||---------||---------||---------|



* Summary:
+-----------+--------+--------+--------+
|           |  Delay |   FF   |   LUT  |
+-----------+--------+--------+--------+
|  Function |    -   |    0   |   462  |
|   Memory  |    -   |    -   |    -   |
|Multiplexer|    1   |    0   |    9   |
|  Register |    -   |   431  |    -   |
+-----------+--------+--------+--------+
|   Total   |    1   |   431  |   471  |
+-----------+--------+--------+--------+
