

================================================================
== Vitis HLS Report for 'moving_max'
================================================================
* Date:           Thu Oct  8 21:08:02 2026

* Version:        2025.2 (Build 6295257 on Nov 14 2025)
* Project:        hls_component
* Solution:       hls (Vivado IP Flow Target)
* Product family: zynq
* Target device:  xc7z020-clg400-2


================================================================
== Performance Estimates
================================================================
+ Timing: 
    * Summary: 
    +--------+----------+----------+------------+
    |  Clock |  Target  | Estimated| Uncertainty|
    +--------+----------+----------+------------+
    |ap_clk  |  10.00 ns|  7.098 ns|     2.70 ns|
    +--------+----------+----------+------------+

+ Latency: 
    * Summary: 
    +---------+---------+----------+----------+-----+-----+---------+
    |  Latency (cycles) |  Latency (absolute) |  Interval | Pipeline|
    |   min   |   max   |    min   |    max   | min | max |   Type  |
    +---------+---------+----------+----------+-----+-----+---------+
    |       78|       78|  0.780 us|  0.780 us|   79|   79|       no|
    +---------+---------+----------+----------+-----+-----+---------+

    + Detail: 
        * Instance: 
        N/A

        * Loop: 
        +-------------+---------+---------+----------+-----------+-----------+------+----------+
        |             |  Latency (cycles) | Iteration|  Initiation Interval  | Trip |          |
        |  Loop Name  |   min   |   max   |  Latency |  achieved |   target  | Count| Pipelined|
        +-------------+---------+---------+----------+-----------+-----------+------+----------+
        |- INIT_LOOP  |        8|        8|         1|          -|          -|     8|        no|
        +-------------+---------+---------+----------+-----------+-----------+------+----------+

============================================================
+ Verbose Summary: Synthesis Manager
============================================================
InlineROM: 1
ExposeGlobal: 0
============================================================
+ Verbose Summary: CDFG Model
============================================================
IsTopModel: 1
ResetActiveHigh: 1
IsCombinational: 0
IsDatapathOnly: 0
HasWiredReturn: 1
HasMFsm: 0
HasVarLatency: 1
IsPipeline: 0
IsRtlPipelined: 0
IsInstanceOverlapped: 0
IsDontTouch: 0
HasImplIP: 0
IsGatedGlobalClock: 0


============================================================
+ Verbose Summary: Schedule
============================================================
* Number of FSM states : 3
* Pipeline : 0
* Dataflow Pipeline: 0

* FSM state transitions: 
1 --> 2 
2 --> 3 2 
3 --> 

* FSM state operations: 

State 1 <SV = 0> <Delay = 1.29>
ST_1 : Operation 4 [1/1] (0.00ns)   --->   "%k = alloca i32 1" [moving_max.cpp:11]   --->   Operation 4 'alloca' 'k' <Predicate = true> <Delay = 0.00>
ST_1 : Operation 5 [1/1] (0.00ns)   --->   "%spectopmodule_ln7 = spectopmodule void @_ssdm_op_SpecTopModule, void @empty_1" [moving_max.cpp:7]   --->   Operation 5 'spectopmodule' 'spectopmodule_ln7' <Predicate = true> <Delay = 0.00>
ST_1 : Operation 6 [1/1] (0.00ns)   --->   "%specinterface_ln0 = specinterface void @_ssdm_op_SpecInterface, i32 %in_data, void @empty, i32 0, i32 0, void @empty_0, i32 4294967295, i32 0, void @empty_0, void @empty_0, void @empty_0, i32 0, i32 0, i32 0, i32 0, void @empty_0, void @empty_0, i32 4294967295, i32 0, i32 0, i32 0"   --->   Operation 6 'specinterface' 'specinterface_ln0' <Predicate = true> <Delay = 0.00>
ST_1 : Operation 7 [1/1] (0.00ns)   --->   "%specbitsmap_ln0 = specbitsmap void @_ssdm_op_SpecBitsMap, i32 %in_data"   --->   Operation 7 'specbitsmap' 'specbitsmap_ln0' <Predicate = true> <Delay = 0.00>
ST_1 : Operation 8 [1/1] (0.00ns)   --->   "%specinterface_ln0 = specinterface void @_ssdm_op_SpecInterface, i32 %out_data, void @empty, i32 0, i32 0, void @empty_0, i32 4294967295, i32 0, void @empty_0, void @empty_0, void @empty_0, i32 0, i32 0, i32 0, i32 0, void @empty_0, void @empty_0, i32 4294967295, i32 0, i32 0, i32 0"   --->   Operation 8 'specinterface' 'specinterface_ln0' <Predicate = true> <Delay = 0.00>
ST_1 : Operation 9 [1/1] (0.00ns)   --->   "%specbitsmap_ln0 = specbitsmap void @_ssdm_op_SpecBitsMap, i32 %out_data"   --->   Operation 9 'specbitsmap' 'specbitsmap_ln0' <Predicate = true> <Delay = 0.00>
ST_1 : Operation 10 [1/1] (1.29ns)   --->   "%store_ln11 = store i4 0, i4 %k" [moving_max.cpp:11]   --->   Operation 10 'store' 'store_ln11' <Predicate = true> <Delay = 1.29>
ST_1 : Operation 11 [1/1] (0.00ns)   --->   "%br_ln11 = br void %for.inc" [moving_max.cpp:11]   --->   Operation 11 'br' 'br_ln11' <Predicate = true> <Delay = 0.00>

State 2 <SV = 1> <Delay = 2.29>
ST_2 : Operation 12 [1/1] (0.00ns)   --->   "%k_1 = load i4 %k" [moving_max.cpp:11]   --->   Operation 12 'load' 'k_1' <Predicate = true> <Delay = 0.00>
ST_2 : Operation 13 [1/1] (0.99ns)   --->   "%icmp_ln11 = icmp_eq  i4 %k_1, i4 8" [moving_max.cpp:11]   --->   Operation 13 'icmp' 'icmp_ln11' <Predicate = true> <Delay = 0.99> <CoreInst = "Cmp">   --->   Core 9 'Cmp' <Latency = 0> <II = 1> <Delay = 0.99> <FuncUnit> <Opcode : 'seteq' 'setne' 'setle' 'setge' 'setlt' 'setgt'> <InPorts = 2> <OutPorts = 1>
ST_2 : Operation 14 [1/1] (0.99ns)   --->   "%add_ln11 = add i4 %k_1, i4 1" [moving_max.cpp:11]   --->   Operation 14 'add' 'add_ln11' <Predicate = true> <Delay = 0.99> <CoreInst = "Adder">   --->   Core 1 'Adder' <Latency = 0> <II = 1> <Delay = 0.99> <FuncUnit> <Opcode : 'add' 'sub'> <InPorts = 2> <OutPorts = 1>
ST_2 : Operation 15 [1/1] (0.00ns)   --->   "%br_ln11 = br i1 %icmp_ln11, void %for.inc.split, void %MAIN_LOOP" [moving_max.cpp:11]   --->   Operation 15 'br' 'br_ln11' <Predicate = true> <Delay = 0.00>
ST_2 : Operation 16 [1/1] (0.00ns)   --->   "%speclooptripcount_ln11 = speclooptripcount void @_ssdm_op_SpecLoopTripCount, i64 8, i64 8, i64 8" [moving_max.cpp:11]   --->   Operation 16 'speclooptripcount' 'speclooptripcount_ln11' <Predicate = (!icmp_ln11)> <Delay = 0.00>
ST_2 : Operation 17 [1/1] (0.00ns)   --->   "%specloopname_ln11 = specloopname void @_ssdm_op_SpecLoopName, void @empty_3" [moving_max.cpp:11]   --->   Operation 17 'specloopname' 'specloopname_ln11' <Predicate = (!icmp_ln11)> <Delay = 0.00>
ST_2 : Operation 18 [1/1] (1.29ns)   --->   "%store_ln11 = store i4 %add_ln11, i4 %k" [moving_max.cpp:11]   --->   Operation 18 'store' 'store_ln11' <Predicate = (!icmp_ln11)> <Delay = 1.29>
ST_2 : Operation 19 [1/1] (0.00ns)   --->   "%br_ln11 = br void %for.inc" [moving_max.cpp:11]   --->   Operation 19 'br' 'br_ln11' <Predicate = (!icmp_ln11)> <Delay = 0.00>
ST_2 : Operation 20 [2/2] (1.29ns)   --->   "%call_ln0 = call void @moving_max_Pipeline_MAIN_LOOP, i32 2147483648, i32 2147483648, i32 2147483648, i32 2147483648, i32 2147483648, i32 2147483648, i32 2147483648, i32 %in_data, i32 %out_data"   --->   Operation 20 'call' 'call_ln0' <Predicate = (icmp_ln11)> <Delay = 1.29> <CoreType = "Generic">   --->   Generic Core

State 3 <SV = 2> <Delay = 0.00>
ST_3 : Operation 21 [1/2] (0.00ns)   --->   "%call_ln0 = call void @moving_max_Pipeline_MAIN_LOOP, i32 2147483648, i32 2147483648, i32 2147483648, i32 2147483648, i32 2147483648, i32 2147483648, i32 2147483648, i32 %in_data, i32 %out_data"   --->   Operation 21 'call' 'call_ln0' <Predicate = true> <Delay = 0.00> <CoreType = "Generic">   --->   Generic Core
ST_3 : Operation 22 [1/1] (0.00ns)   --->   "%ret_ln42 = ret" [moving_max.cpp:42]   --->   Operation 22 'ret' 'ret_ln42' <Predicate = true> <Delay = 0.00>


============================================================
+ Verbose Summary: Timing violations
============================================================
Target clock period: 10.000ns, clock uncertainty: 2.700ns.

 <State 1>: 1.298ns
The critical path consists of the following:
	'alloca' operation 4 bit ('k', moving_max.cpp:11) [3]  (0.000 ns)
	'store' operation ('store_ln11', moving_max.cpp:11) of constant 0 4 bit on local variable 'k', moving_max.cpp:11 [9]  (1.298 ns)

 <State 2>: 2.295ns
The critical path consists of the following:
	'load' operation 4 bit ('k', moving_max.cpp:11) on local variable 'k', moving_max.cpp:11 [12]  (0.000 ns)
	'icmp' operation 1 bit ('icmp_ln11', moving_max.cpp:11) [13]  (0.997 ns)
	'store' operation ('store_ln11', moving_max.cpp:11) of variable 'add_ln11', moving_max.cpp:11 4 bit on local variable 'k', moving_max.cpp:11 [19]  (1.298 ns)

 <State 3>: 0.000ns
The critical path consists of the following:


============================================================
+ Verbose Summary: Binding
============================================================
N/A
* FSMD analyzer results:
  - Output states:
 - Input state : 
  - Chain level:
	State 1
	State 2
	State 3


============================================================
+ Verbose Summary: Datapath Resource usage 
============================================================
N/A
