

================================================================
== Vitis HLS Report for 'moving_max_Pipeline_MAIN_LOOP'
================================================================
* Date:           Thu Oct  8 21:08:02 2026

* Version:        2025.2 (Build 6295257 on Nov 14 2025)
* Project:        hls_component
* Solution:       hls (Vivado IP Flow Target)
* Product family: zynq
* Target device:  xc7z020-clg400-2


================================================================
== Performance Estimates
================================================================
+ Timing: 
    * Summary: 
    +--------+----------+----------+------------+
    |  Clock |  Target  | Estimated| Uncertainty|
    +--------+----------+----------+------------+
    |ap_clk  |  10.00 ns|  7.098 ns|     2.70 ns|
    +--------+----------+----------+------------+

+ Latency: 
    * Summary: 
    +---------+---------+----------+----------+-----+-----+-------------------+
    |  Latency (cycles) |  Latency (absolute) |  Interval |      Pipeline     |
    |   min   |   max   |    min   |    max   | min | max |        Type       |
    +---------+---------+----------+----------+-----+-----+-------------------+
    |       68|       68|  0.680 us|  0.680 us|    0|    0|  loop pipeline stp|
    +---------+---------+----------+----------+-----+-----+-------------------+

    + Detail: 
        * Instance: 
        N/A

        * Loop: 
        +-------------+---------+---------+----------+-----------+-----------+------+----------+
        |             |  Latency (cycles) | Iteration|  Initiation Interval  | Trip |          |
        |  Loop Name  |   min   |   max   |  Latency |  achieved |   target  | Count| Pipelined|
        +-------------+---------+---------+----------+-----------+-----------+------+----------+
        |- MAIN_LOOP  |       66|       66|         4|          1|          1|    64|       yes|
        +-------------+---------+---------+----------+-----------+-----------+------+----------+

============================================================
+ Verbose Summary: Synthesis Manager
============================================================
InlineROM: 1
ExposeGlobal: 0
============================================================
+ Verbose Summary: CDFG Model
============================================================
IsTopModel: 0
ResetActiveHigh: 1
IsCombinational: 0
IsDatapathOnly: 0
HasWiredReturn: 1
HasMFsm: 2
HasVarLatency: 1
IsPipeline: 0
IsRtlPipelined: 0
IsInstanceOverlapped: 0
IsDontTouch: 0
HasImplIP: 0
IsGatedGlobalClock: 0

+ Individual pipeline summary: 
  * Pipeline-0: initiation interval (II) = 1, depth = 4


============================================================
+ Verbose Summary: Schedule
============================================================
* Number of FSM states : 4
* Pipeline : 1
  Pipeline-0 : II = 1, D = 4, States = { 1 2 3 4 }
* Dataflow Pipeline: 0

* FSM state transitions: 
1 --> 2 
2 --> 3 
3 --> 4 
4 --> 

* FSM state operations: 

State 1 <SV = 0> <Delay = 3.91>
ST_1 : Operation 7 [1/1] (0.00ns)   --->   "%max_val_13 = alloca i32 1" [moving_max.cpp:30]   --->   Operation 7 'alloca' 'max_val_13' <Predicate = true> <Delay = 0.00>
ST_1 : Operation 8 [1/1] (0.00ns)   --->   "%n = alloca i32 1" [moving_max.cpp:18]   --->   Operation 8 'alloca' 'n' <Predicate = true> <Delay = 0.00>
ST_1 : Operation 9 [1/1] (0.00ns)   --->   "%max_val_11 = alloca i32 1" [moving_max.cpp:30]   --->   Operation 9 'alloca' 'max_val_11' <Predicate = true> <Delay = 0.00>
ST_1 : Operation 10 [1/1] (0.00ns)   --->   "%max_val_9 = alloca i32 1" [moving_max.cpp:30]   --->   Operation 10 'alloca' 'max_val_9' <Predicate = true> <Delay = 0.00>
ST_1 : Operation 11 [1/1] (0.00ns)   --->   "%max_val_7 = alloca i32 1" [moving_max.cpp:30]   --->   Operation 11 'alloca' 'max_val_7' <Predicate = true> <Delay = 0.00>
ST_1 : Operation 12 [1/1] (0.00ns)   --->   "%max_val_5 = alloca i32 1" [moving_max.cpp:30]   --->   Operation 12 'alloca' 'max_val_5' <Predicate = true> <Delay = 0.00>
ST_1 : Operation 13 [1/1] (0.00ns)   --->   "%max_val_3 = alloca i32 1" [moving_max.cpp:30]   --->   Operation 13 'alloca' 'max_val_3' <Predicate = true> <Delay = 0.00>
ST_1 : Operation 14 [1/1] (0.00ns)   --->   "%max_val_1 = alloca i32 1" [moving_max.cpp:30]   --->   Operation 14 'alloca' 'max_val_1' <Predicate = true> <Delay = 0.00>
ST_1 : Operation 15 [1/1] (0.00ns)   --->   "%specinterface_ln0 = specinterface void @_ssdm_op_SpecInterface, i32 %out_data, void @empty, i32 0, i32 0, void @empty_0, i32 4294967295, i32 0, void @empty_0, void @empty_0, void @empty_0, i32 0, i32 0, i32 0, i32 0, void @empty_0, void @empty_0, i32 4294967295, i32 0, i32 0, i32 0"   --->   Operation 15 'specinterface' 'specinterface_ln0' <Predicate = true> <Delay = 0.00>
ST_1 : Operation 16 [1/1] (0.00ns)   --->   "%specinterface_ln0 = specinterface void @_ssdm_op_SpecInterface, i32 %in_data, void @empty, i32 0, i32 0, void @empty_0, i32 4294967295, i32 0, void @empty_0, void @empty_0, void @empty_0, i32 0, i32 0, i32 0, i32 0, void @empty_0, void @empty_0, i32 4294967295, i32 0, i32 0, i32 0"   --->   Operation 16 'specinterface' 'specinterface_ln0' <Predicate = true> <Delay = 0.00>
ST_1 : Operation 17 [1/1] (0.00ns)   --->   "%window_load_read = read i32 @_ssdm_op_Read.ap_auto.i32, i32 %window_load"   --->   Operation 17 'read' 'window_load_read' <Predicate = true> <Delay = 0.00>
ST_1 : Operation 18 [1/1] (0.00ns)   --->   "%window_load_1_read = read i32 @_ssdm_op_Read.ap_auto.i32, i32 %window_load_1"   --->   Operation 18 'read' 'window_load_1_read' <Predicate = true> <Delay = 0.00>
ST_1 : Operation 19 [1/1] (0.00ns)   --->   "%window_load_2_read = read i32 @_ssdm_op_Read.ap_auto.i32, i32 %window_load_2"   --->   Operation 19 'read' 'window_load_2_read' <Predicate = true> <Delay = 0.00>
ST_1 : Operation 20 [1/1] (0.00ns)   --->   "%window_load_3_read = read i32 @_ssdm_op_Read.ap_auto.i32, i32 %window_load_3"   --->   Operation 20 'read' 'window_load_3_read' <Predicate = true> <Delay = 0.00>
ST_1 : Operation 21 [1/1] (0.00ns)   --->   "%window_load_4_read = read i32 @_ssdm_op_Read.ap_auto.i32, i32 %window_load_4"   --->   Operation 21 'read' 'window_load_4_read' <Predicate = true> <Delay = 0.00>
ST_1 : Operation 22 [1/1] (0.00ns)   --->   "%window_load_5_read = read i32 @_ssdm_op_Read.ap_auto.i32, i32 %window_load_5"   --->   Operation 22 'read' 'window_load_5_read' <Predicate = true> <Delay = 0.00>
ST_1 : Operation 23 [1/1] (0.00ns)   --->   "%window_load_6_read = read i32 @_ssdm_op_Read.ap_auto.i32, i32 %window_load_6"   --->   Operation 23 'read' 'window_load_6_read' <Predicate = true> <Delay = 0.00>
ST_1 : Operation 24 [1/1] (1.29ns)   --->   "%store_ln30 = store i32 %window_load_6_read, i32 %max_val_1" [moving_max.cpp:30]   --->   Operation 24 'store' 'store_ln30' <Predicate = true> <Delay = 1.29>
ST_1 : Operation 25 [1/1] (1.29ns)   --->   "%store_ln30 = store i32 %window_load_5_read, i32 %max_val_3" [moving_max.cpp:30]   --->   Operation 25 'store' 'store_ln30' <Predicate = true> <Delay = 1.29>
ST_1 : Operation 26 [1/1] (1.29ns)   --->   "%store_ln30 = store i32 %window_load_4_read, i32 %max_val_5" [moving_max.cpp:30]   --->   Operation 26 'store' 'store_ln30' <Predicate = true> <Delay = 1.29>
ST_1 : Operation 27 [1/1] (1.29ns)   --->   "%store_ln30 = store i32 %window_load_3_read, i32 %max_val_7" [moving_max.cpp:30]   --->   Operation 27 'store' 'store_ln30' <Predicate = true> <Delay = 1.29>
ST_1 : Operation 28 [1/1] (1.29ns)   --->   "%store_ln30 = store i32 %window_load_2_read, i32 %max_val_9" [moving_max.cpp:30]   --->   Operation 28 'store' 'store_ln30' <Predicate = true> <Delay = 1.29>
ST_1 : Operation 29 [1/1] (1.29ns)   --->   "%store_ln30 = store i32 %window_load_1_read, i32 %max_val_11" [moving_max.cpp:30]   --->   Operation 29 'store' 'store_ln30' <Predicate = true> <Delay = 1.29>
ST_1 : Operation 30 [1/1] (1.29ns)   --->   "%store_ln18 = store i7 0, i7 %n" [moving_max.cpp:18]   --->   Operation 30 'store' 'store_ln18' <Predicate = true> <Delay = 1.29>
ST_1 : Operation 31 [1/1] (1.29ns)   --->   "%store_ln30 = store i32 %window_load_read, i32 %max_val_13" [moving_max.cpp:30]   --->   Operation 31 'store' 'store_ln30' <Predicate = true> <Delay = 1.29>
ST_1 : Operation 32 [1/1] (0.00ns)   --->   "%br_ln0 = br void %SHIFT_LOOP"   --->   Operation 32 'br' 'br_ln0' <Predicate = true> <Delay = 0.00>
ST_1 : Operation 33 [1/1] (0.00ns)   --->   "%n_1 = load i7 %n" [moving_max.cpp:18]   --->   Operation 33 'load' 'n_1' <Predicate = true> <Delay = 0.00>
ST_1 : Operation 34 [1/1] (1.31ns)   --->   "%icmp_ln18 = icmp_eq  i7 %n_1, i7 64" [moving_max.cpp:18]   --->   Operation 34 'icmp' 'icmp_ln18' <Predicate = true> <Delay = 1.31> <CoreInst = "Cmp">   --->   Core 9 'Cmp' <Latency = 0> <II = 1> <Delay = 1.31> <FuncUnit> <Opcode : 'seteq' 'setne' 'setle' 'setge' 'setlt' 'setgt'> <InPorts = 2> <OutPorts = 1>
ST_1 : Operation 35 [1/1] (1.31ns)   --->   "%add_ln18 = add i7 %n_1, i7 1" [moving_max.cpp:18]   --->   Operation 35 'add' 'add_ln18' <Predicate = true> <Delay = 1.31> <CoreInst = "Adder">   --->   Core 1 'Adder' <Latency = 0> <II = 1> <Delay = 1.31> <FuncUnit> <Opcode : 'add' 'sub'> <InPorts = 2> <OutPorts = 1>
ST_1 : Operation 36 [1/1] (0.00ns)   --->   "%br_ln18 = br i1 %icmp_ln18, void %SHIFT_LOOP.split, void %for.end37.exitStub" [moving_max.cpp:18]   --->   Operation 36 'br' 'br_ln18' <Predicate = true> <Delay = 0.00>
ST_1 : Operation 37 [1/1] (0.00ns)   --->   "%zext_ln18 = zext i7 %n_1" [moving_max.cpp:18]   --->   Operation 37 'zext' 'zext_ln18' <Predicate = (!icmp_ln18)> <Delay = 0.00>
ST_1 : Operation 38 [1/1] (0.00ns)   --->   "%in_data_addr = getelementptr i32 %in_data, i64 0, i64 %zext_ln18" [moving_max.cpp:29]   --->   Operation 38 'getelementptr' 'in_data_addr' <Predicate = (!icmp_ln18)> <Delay = 0.00>
ST_1 : Operation 39 [2/2] (0.00ns)   --->   "%max_val = load i6 %in_data_addr" [moving_max.cpp:29]   --->   Operation 39 'load' 'max_val' <Predicate = (!icmp_ln18)> <Delay = 0.00> <CoreInst = "RAM">   --->   Core 81 'RAM' <Latency = 1> <II = 1> <Delay = 2.77> <Storage> <Opcode : 'load' 'store'> <Ports = 2> <Width = 32> <Depth = 64> <RAM>
ST_1 : Operation 40 [1/1] (1.29ns)   --->   "%store_ln18 = store i7 %add_ln18, i7 %n" [moving_max.cpp:18]   --->   Operation 40 'store' 'store_ln18' <Predicate = (!icmp_ln18)> <Delay = 1.29>

State 2 <SV = 1> <Delay = 7.09>
ST_2 : Operation 41 [1/1] (0.00ns)   --->   "%max_val_19 = load i32 %max_val_5" [moving_max.cpp:35]   --->   Operation 41 'load' 'max_val_19' <Predicate = true> <Delay = 0.00>
ST_2 : Operation 42 [1/1] (0.00ns)   --->   "%max_val_17 = load i32 %max_val_3" [moving_max.cpp:35]   --->   Operation 42 'load' 'max_val_17' <Predicate = true> <Delay = 0.00>
ST_2 : Operation 43 [1/1] (0.00ns)   --->   "%max_val_15 = load i32 %max_val_1" [moving_max.cpp:35]   --->   Operation 43 'load' 'max_val_15' <Predicate = true> <Delay = 0.00>
ST_2 : Operation 44 [1/2] ( I:0.00ns O:0.00ns )   --->   "%max_val = load i6 %in_data_addr" [moving_max.cpp:29]   --->   Operation 44 'load' 'max_val' <Predicate = (!icmp_ln18)> <Delay = 0.00> <CoreInst = "RAM">   --->   Core 81 'RAM' <Latency = 1> <II = 1> <Delay = 2.77> <Storage> <Opcode : 'load' 'store'> <Ports = 2> <Width = 32> <Depth = 64> <RAM>
ST_2 : Operation 45 [1/1] (1.89ns)   --->   "%icmp_ln35 = icmp_sgt  i32 %max_val_15, i32 %max_val" [moving_max.cpp:35]   --->   Operation 45 'icmp' 'icmp_ln35' <Predicate = (!icmp_ln18)> <Delay = 1.89> <CoreInst = "Cmp">   --->   Core 9 'Cmp' <Latency = 0> <II = 1> <Delay = 1.89> <FuncUnit> <Opcode : 'seteq' 'setne' 'setle' 'setge' 'setlt' 'setgt'> <InPorts = 2> <OutPorts = 1>
ST_2 : Operation 46 [1/1] (0.70ns)   --->   "%max_val_16 = select i1 %icmp_ln35, i32 %max_val_15, i32 %max_val" [moving_max.cpp:35]   --->   Operation 46 'select' 'max_val_16' <Predicate = (!icmp_ln18)> <Delay = 0.70> <CoreInst = "Sel">   --->   Core 73 'Sel' <Latency = 0> <II = 1> <Delay = 0.70> <FuncUnit> <Opcode : 'select'> <InPorts = 3> <OutPorts = 1>
ST_2 : Operation 47 [1/1] (1.89ns)   --->   "%icmp_ln35_1 = icmp_sgt  i32 %max_val_17, i32 %max_val_16" [moving_max.cpp:35]   --->   Operation 47 'icmp' 'icmp_ln35_1' <Predicate = (!icmp_ln18)> <Delay = 1.89> <CoreInst = "Cmp">   --->   Core 9 'Cmp' <Latency = 0> <II = 1> <Delay = 1.89> <FuncUnit> <Opcode : 'seteq' 'setne' 'setle' 'setge' 'setlt' 'setgt'> <InPorts = 2> <OutPorts = 1>
ST_2 : Operation 48 [1/1] (0.70ns)   --->   "%max_val_18 = select i1 %icmp_ln35_1, i32 %max_val_17, i32 %max_val_16" [moving_max.cpp:35]   --->   Operation 48 'select' 'max_val_18' <Predicate = (!icmp_ln18)> <Delay = 0.70> <CoreInst = "Sel">   --->   Core 73 'Sel' <Latency = 0> <II = 1> <Delay = 0.70> <FuncUnit> <Opcode : 'select'> <InPorts = 3> <OutPorts = 1>
ST_2 : Operation 49 [1/1] (1.89ns)   --->   "%icmp_ln35_2 = icmp_sgt  i32 %max_val_19, i32 %max_val_18" [moving_max.cpp:35]   --->   Operation 49 'icmp' 'icmp_ln35_2' <Predicate = (!icmp_ln18)> <Delay = 1.89> <CoreInst = "Cmp">   --->   Core 9 'Cmp' <Latency = 0> <II = 1> <Delay = 1.89> <FuncUnit> <Opcode : 'seteq' 'setne' 'setle' 'setge' 'setlt' 'setgt'> <InPorts = 2> <OutPorts = 1>
ST_2 : Operation 50 [1/1] (1.29ns)   --->   "%store_ln30 = store i32 %max_val, i32 %max_val_1" [moving_max.cpp:30]   --->   Operation 50 'store' 'store_ln30' <Predicate = (!icmp_ln18)> <Delay = 1.29>
ST_2 : Operation 51 [1/1] (1.29ns)   --->   "%store_ln30 = store i32 %max_val_15, i32 %max_val_3" [moving_max.cpp:30]   --->   Operation 51 'store' 'store_ln30' <Predicate = (!icmp_ln18)> <Delay = 1.29>
ST_2 : Operation 52 [1/1] (1.29ns)   --->   "%store_ln30 = store i32 %max_val_17, i32 %max_val_5" [moving_max.cpp:30]   --->   Operation 52 'store' 'store_ln30' <Predicate = (!icmp_ln18)> <Delay = 1.29>

State 3 <SV = 2> <Delay = 5.90>
ST_3 : Operation 53 [1/1] (0.00ns)   --->   "%max_val_25 = load i32 %max_val_11" [moving_max.cpp:35]   --->   Operation 53 'load' 'max_val_25' <Predicate = true> <Delay = 0.00>
ST_3 : Operation 54 [1/1] (0.00ns)   --->   "%max_val_23 = load i32 %max_val_9" [moving_max.cpp:35]   --->   Operation 54 'load' 'max_val_23' <Predicate = true> <Delay = 0.00>
ST_3 : Operation 55 [1/1] (0.00ns)   --->   "%max_val_21 = load i32 %max_val_7" [moving_max.cpp:35]   --->   Operation 55 'load' 'max_val_21' <Predicate = true> <Delay = 0.00>
ST_3 : Operation 56 [1/1] (0.70ns)   --->   "%max_val_20 = select i1 %icmp_ln35_2, i32 %max_val_19, i32 %max_val_18" [moving_max.cpp:35]   --->   Operation 56 'select' 'max_val_20' <Predicate = (!icmp_ln18)> <Delay = 0.70> <CoreInst = "Sel">   --->   Core 73 'Sel' <Latency = 0> <II = 1> <Delay = 0.70> <FuncUnit> <Opcode : 'select'> <InPorts = 3> <OutPorts = 1>
ST_3 : Operation 57 [1/1] (1.89ns)   --->   "%icmp_ln35_3 = icmp_sgt  i32 %max_val_21, i32 %max_val_20" [moving_max.cpp:35]   --->   Operation 57 'icmp' 'icmp_ln35_3' <Predicate = (!icmp_ln18)> <Delay = 1.89> <CoreInst = "Cmp">   --->   Core 9 'Cmp' <Latency = 0> <II = 1> <Delay = 1.89> <FuncUnit> <Opcode : 'seteq' 'setne' 'setle' 'setge' 'setlt' 'setgt'> <InPorts = 2> <OutPorts = 1>
ST_3 : Operation 58 [1/1] (0.70ns)   --->   "%max_val_22 = select i1 %icmp_ln35_3, i32 %max_val_21, i32 %max_val_20" [moving_max.cpp:35]   --->   Operation 58 'select' 'max_val_22' <Predicate = (!icmp_ln18)> <Delay = 0.70> <CoreInst = "Sel">   --->   Core 73 'Sel' <Latency = 0> <II = 1> <Delay = 0.70> <FuncUnit> <Opcode : 'select'> <InPorts = 3> <OutPorts = 1>
ST_3 : Operation 59 [1/1] (1.89ns)   --->   "%icmp_ln35_4 = icmp_sgt  i32 %max_val_23, i32 %max_val_22" [moving_max.cpp:35]   --->   Operation 59 'icmp' 'icmp_ln35_4' <Predicate = (!icmp_ln18)> <Delay = 1.89> <CoreInst = "Cmp">   --->   Core 9 'Cmp' <Latency = 0> <II = 1> <Delay = 1.89> <FuncUnit> <Opcode : 'seteq' 'setne' 'setle' 'setge' 'setlt' 'setgt'> <InPorts = 2> <OutPorts = 1>
ST_3 : Operation 60 [1/1] (0.70ns)   --->   "%max_val_24 = select i1 %icmp_ln35_4, i32 %max_val_23, i32 %max_val_22" [moving_max.cpp:35]   --->   Operation 60 'select' 'max_val_24' <Predicate = (!icmp_ln18)> <Delay = 0.70> <CoreInst = "Sel">   --->   Core 73 'Sel' <Latency = 0> <II = 1> <Delay = 0.70> <FuncUnit> <Opcode : 'select'> <InPorts = 3> <OutPorts = 1>
ST_3 : Operation 61 [1/1] (1.29ns)   --->   "%store_ln30 = store i32 %max_val_19, i32 %max_val_7" [moving_max.cpp:30]   --->   Operation 61 'store' 'store_ln30' <Predicate = (!icmp_ln18)> <Delay = 1.29>
ST_3 : Operation 62 [1/1] (1.29ns)   --->   "%store_ln30 = store i32 %max_val_21, i32 %max_val_9" [moving_max.cpp:30]   --->   Operation 62 'store' 'store_ln30' <Predicate = (!icmp_ln18)> <Delay = 1.29>
ST_3 : Operation 63 [1/1] (1.29ns)   --->   "%store_ln30 = store i32 %max_val_23, i32 %max_val_11" [moving_max.cpp:30]   --->   Operation 63 'store' 'store_ln30' <Predicate = (!icmp_ln18)> <Delay = 1.29>
ST_3 : Operation 76 [1/1] (1.29ns)   --->   "%ret_ln0 = ret"   --->   Operation 76 'ret' 'ret_ln0' <Predicate = (icmp_ln18)> <Delay = 1.29>

State 4 <SV = 3> <Delay = 5.20>
ST_4 : Operation 64 [1/1] (0.00ns)   --->   "%max_val_13_load = load i32 %max_val_13" [moving_max.cpp:35]   --->   Operation 64 'load' 'max_val_13_load' <Predicate = true> <Delay = 0.00>
ST_4 : Operation 65 [1/1] (0.00ns)   --->   "%specpipeline_ln19 = specpipeline void @_ssdm_op_SpecPipeline, i32 1, i32 0, i32 0, i32 0, i32 4294967295, void @empty_0" [moving_max.cpp:19]   --->   Operation 65 'specpipeline' 'specpipeline_ln19' <Predicate = true> <Delay = 0.00>
ST_4 : Operation 66 [1/1] (0.00ns)   --->   "%speclooptripcount_ln18 = speclooptripcount void @_ssdm_op_SpecLoopTripCount, i64 64, i64 64, i64 64" [moving_max.cpp:18]   --->   Operation 66 'speclooptripcount' 'speclooptripcount_ln18' <Predicate = true> <Delay = 0.00>
ST_4 : Operation 67 [1/1] (0.00ns)   --->   "%specloopname_ln18 = specloopname void @_ssdm_op_SpecLoopName, void @empty_2" [moving_max.cpp:18]   --->   Operation 67 'specloopname' 'specloopname_ln18' <Predicate = true> <Delay = 0.00>
ST_4 : Operation 68 [1/1] (1.89ns)   --->   "%icmp_ln35_5 = icmp_sgt  i32 %max_val_25, i32 %max_val_24" [moving_max.cpp:35]   --->   Operation 68 'icmp' 'icmp_ln35_5' <Predicate = true> <Delay = 1.89> <CoreInst = "Cmp">   --->   Core 9 'Cmp' <Latency = 0> <II = 1> <Delay = 1.89> <FuncUnit> <Opcode : 'seteq' 'setne' 'setle' 'setge' 'setlt' 'setgt'> <InPorts = 2> <OutPorts = 1>
ST_4 : Operation 69 [1/1] (0.70ns)   --->   "%max_val_26 = select i1 %icmp_ln35_5, i32 %max_val_25, i32 %max_val_24" [moving_max.cpp:35]   --->   Operation 69 'select' 'max_val_26' <Predicate = true> <Delay = 0.70> <CoreInst = "Sel">   --->   Core 73 'Sel' <Latency = 0> <II = 1> <Delay = 0.70> <FuncUnit> <Opcode : 'select'> <InPorts = 3> <OutPorts = 1>
ST_4 : Operation 70 [1/1] (1.89ns)   --->   "%icmp_ln35_6 = icmp_sgt  i32 %max_val_13_load, i32 %max_val_26" [moving_max.cpp:35]   --->   Operation 70 'icmp' 'icmp_ln35_6' <Predicate = true> <Delay = 1.89> <CoreInst = "Cmp">   --->   Core 9 'Cmp' <Latency = 0> <II = 1> <Delay = 1.89> <FuncUnit> <Opcode : 'seteq' 'setne' 'setle' 'setge' 'setlt' 'setgt'> <InPorts = 2> <OutPorts = 1>
ST_4 : Operation 71 [1/1] (0.70ns)   --->   "%max_val_27 = select i1 %icmp_ln35_6, i32 %max_val_13_load, i32 %max_val_26" [moving_max.cpp:35]   --->   Operation 71 'select' 'max_val_27' <Predicate = true> <Delay = 0.70> <CoreInst = "Sel">   --->   Core 73 'Sel' <Latency = 0> <II = 1> <Delay = 0.70> <FuncUnit> <Opcode : 'select'> <InPorts = 3> <OutPorts = 1>
ST_4 : Operation 72 [1/1] (0.00ns)   --->   "%out_data_addr = getelementptr i32 %out_data, i64 0, i64 %zext_ln18" [moving_max.cpp:39]   --->   Operation 72 'getelementptr' 'out_data_addr' <Predicate = true> <Delay = 0.00>
ST_4 : Operation 73 [1/1] ( I:0.00ns O:0.00ns )   --->   "%store_ln39 = store i32 %max_val_27, i6 %out_data_addr" [moving_max.cpp:39]   --->   Operation 73 'store' 'store_ln39' <Predicate = true> <Delay = 0.00> <CoreInst = "RAM">   --->   Core 81 'RAM' <Latency = 1> <II = 1> <Delay = 2.77> <Storage> <Opcode : 'load' 'store'> <Ports = 2> <Width = 32> <Depth = 64> <RAM>
ST_4 : Operation 74 [1/1] (1.29ns)   --->   "%store_ln30 = store i32 %max_val_25, i32 %max_val_13" [moving_max.cpp:30]   --->   Operation 74 'store' 'store_ln30' <Predicate = true> <Delay = 1.29>
ST_4 : Operation 75 [1/1] (0.00ns)   --->   "%br_ln18 = br void %SHIFT_LOOP" [moving_max.cpp:18]   --->   Operation 75 'br' 'br_ln18' <Predicate = true> <Delay = 0.00>


============================================================
+ Verbose Summary: Timing violations
============================================================
Target clock period: 10.000ns, clock uncertainty: 2.700ns.

 <State 1>: 3.912ns
The critical path consists of the following:
	'store' operation ('store_ln18', moving_max.cpp:18) of constant 0 7 bit on local variable 'n', moving_max.cpp:18 [33]  (1.298 ns)
	'load' operation 7 bit ('n', moving_max.cpp:18) on local variable 'n', moving_max.cpp:18 [37]  (0.000 ns)
	'add' operation 7 bit ('add_ln18', moving_max.cpp:18) [45]  (1.316 ns)
	'store' operation ('store_ln18', moving_max.cpp:18) of variable 'add_ln18', moving_max.cpp:18 7 bit on local variable 'n', moving_max.cpp:18 [77]  (1.298 ns)

 <State 2>: 7.098ns
The critical path consists of the following:
	'load' operation 32 bit ('max_val', moving_max.cpp:35) on local variable 'max_val', moving_max.cpp:30 [43]  (0.000 ns)
	'icmp' operation 1 bit ('icmp_ln35', moving_max.cpp:35) [55]  (1.896 ns)
	'select' operation 32 bit ('max_val', moving_max.cpp:35) [56]  (0.705 ns)
	'icmp' operation 1 bit ('icmp_ln35_1', moving_max.cpp:35) [57]  (1.896 ns)
	'select' operation 32 bit ('max_val', moving_max.cpp:35) [58]  (0.705 ns)
	'icmp' operation 1 bit ('icmp_ln35_2', moving_max.cpp:35) [59]  (1.896 ns)

 <State 3>: 5.907ns
The critical path consists of the following:
	'select' operation 32 bit ('max_val', moving_max.cpp:35) [60]  (0.705 ns)
	'icmp' operation 1 bit ('icmp_ln35_3', moving_max.cpp:35) [61]  (1.896 ns)
	'select' operation 32 bit ('max_val', moving_max.cpp:35) [62]  (0.705 ns)
	'icmp' operation 1 bit ('icmp_ln35_4', moving_max.cpp:35) [63]  (1.896 ns)
	'select' operation 32 bit ('max_val', moving_max.cpp:35) [64]  (0.705 ns)

 <State 4>: 5.202ns
The critical path consists of the following:
	'icmp' operation 1 bit ('icmp_ln35_5', moving_max.cpp:35) [65]  (1.896 ns)
	'select' operation 32 bit ('max_val', moving_max.cpp:35) [66]  (0.705 ns)
	'icmp' operation 1 bit ('icmp_ln35_6', moving_max.cpp:35) [67]  (1.896 ns)
	'select' operation 32 bit ('max_val', moving_max.cpp:35) [68]  (0.705 ns)


============================================================
+ Verbose Summary: Binding
============================================================
N/A
* FSMD analyzer results:
  - Output states:
 - Input state : 
  - Chain level:
	State 1
	State 2
	State 3
	State 4


============================================================
+ Verbose Summary: Datapath Resource usage 
============================================================
N/A
