
*** Running vivado
    with args -log design_1_wrapper.vds -m64 -product Vivado -mode batch -messageDb vivado.pb -notrace -source design_1_wrapper.tcl


****** Vivado v2025.2 (64-bit)
  **** SW Build 6299465 on Fri Nov 14 12:34:56 MST 2025
  **** IP Build 6300035 on Fri Nov 14 10:48:45 MST 2025
  **** SharedData Build 6298862 on Thu Nov 13 04:50:51 MST 2025
  **** Start of session at: Sat Sep 26 19:00:57 2026
    ** Copyright 1986-2022 Xilinx, Inc. All Rights Reserved.
    ** Copyright 2022-2025 Advanced Micro Devices, Inc. All Rights Reserved.

source design_1_wrapper.tcl -notrace
INFO: [IP_Flow 19-234] Refreshing IP repositories
INFO: [IP_Flow 19-1704] No user IP repositories specified
INFO: [IP_Flow 19-2313] Loaded Vivado IP repository '/home/dmas/Xilinx/vivado_2025_2/2025.2/data/ip'.
INFO: [Project 1-5698] Found the below utility IPs instantiated in block design /home/dmas/robot_dreams/robot-dreams-code-fpga/task10-microblaze/task10-microblaze.srcs/sources_1/bd/design_1/design_1.bd which have equivalent inline hdl with improved performance and reduced diskspace.
It is recommended to migrate these utility IPs to inline hdl  using the command upgrade_project -migrate_to_inline_hdl.  The utility IPs may be deprecated in future releases.
More information on inline hdl is available in UG994.
Utility IP Component Instances:
 design_1_xlconstant_0_1
Command: read_checkpoint -auto_incremental -incremental /home/dmas/robot_dreams/robot-dreams-code-fpga/task10-microblaze/task10-microblaze.srcs/utils_1/imports/synth_1/design_1_wrapper.dcp
INFO: [Vivado 12-5825] Read reference checkpoint from /home/dmas/robot_dreams/robot-dreams-code-fpga/task10-microblaze/task10-microblaze.srcs/utils_1/imports/synth_1/design_1_wrapper.dcp for incremental synthesis
INFO: [Vivado 12-7989] Please ensure there are no constraint changes
Command: synth_design -top design_1_wrapper -part xc7z020clg400-1
Starting synth_design
Attempting to get a license for feature 'Synthesis' and/or device 'xc7z020'
INFO: [Common 17-349] Got license for feature 'Synthesis' and/or device 'xc7z020'
INFO: [Device 21-403] Loading part xc7z020clg400-1
INFO: [Designutils 20-5440] No compile time benefit to using incremental synthesis; A full resynthesis will be run
INFO: [Designutils 20-4379] Flow is switching to default flow due to incremental criteria not met. If you would like to alter this behaviour and have the flow terminate instead, please set the following parameter config_implementation {autoIncr.Synth.RejectBehavior Terminate}
INFO: [Synth 8-7079] Multithreading enabled for synth_design using a maximum of 7 processes.
INFO: [Synth 8-7078] Launching helper process for spawning children vivado processes
INFO: [Synth 8-7075] Helper process launched with PID 79392
---------------------------------------------------------------------------------
Starting RTL Elaboration : Time (s): cpu = 00:00:02 ; elapsed = 00:00:02 . Memory (MB): peak = 2292.707 ; gain = 483.156 ; free physical = 9322 ; free virtual = 23871
---------------------------------------------------------------------------------
INFO: [Synth 8-6157] synthesizing module 'design_1_wrapper' [/home/dmas/robot_dreams/robot-dreams-code-fpga/task10-microblaze/task10-microblaze.gen/sources_1/bd/design_1/hdl/design_1_wrapper.v:13]
INFO: [Synth 8-6157] synthesizing module 'design_1' [/home/dmas/robot_dreams/robot-dreams-code-fpga/task10-microblaze/task10-microblaze.gen/sources_1/bd/design_1/synth/design_1.v:13]
INFO: [Synth 8-6157] synthesizing module 'design_1_axi_gpio_2_1' [/home/dmas/robot_dreams/robot-dreams-code-fpga/task10-microblaze/task10-microblaze.runs/synth_1/.Xil/Vivado-79304-dmas-pc/realtime/design_1_axi_gpio_2_1_stub.v:6]
INFO: [Synth 8-6155] done synthesizing module 'design_1_axi_gpio_2_1' (0#1) [/home/dmas/robot_dreams/robot-dreams-code-fpga/task10-microblaze/task10-microblaze.runs/synth_1/.Xil/Vivado-79304-dmas-pc/realtime/design_1_axi_gpio_2_1_stub.v:6]
INFO: [Synth 8-6157] synthesizing module 'design_1_axi_gpio_1_1' [/home/dmas/robot_dreams/robot-dreams-code-fpga/task10-microblaze/task10-microblaze.runs/synth_1/.Xil/Vivado-79304-dmas-pc/realtime/design_1_axi_gpio_1_1_stub.v:6]
INFO: [Synth 8-6155] done synthesizing module 'design_1_axi_gpio_1_1' (0#1) [/home/dmas/robot_dreams/robot-dreams-code-fpga/task10-microblaze/task10-microblaze.runs/synth_1/.Xil/Vivado-79304-dmas-pc/realtime/design_1_axi_gpio_1_1_stub.v:6]
INFO: [Synth 8-6157] synthesizing module 'design_1_axi_gpio_0_1' [/home/dmas/robot_dreams/robot-dreams-code-fpga/task10-microblaze/task10-microblaze.runs/synth_1/.Xil/Vivado-79304-dmas-pc/realtime/design_1_axi_gpio_0_1_stub.v:6]
INFO: [Synth 8-6155] done synthesizing module 'design_1_axi_gpio_0_1' (0#1) [/home/dmas/robot_dreams/robot-dreams-code-fpga/task10-microblaze/task10-microblaze.runs/synth_1/.Xil/Vivado-79304-dmas-pc/realtime/design_1_axi_gpio_0_1_stub.v:6]
INFO: [Synth 8-6157] synthesizing module 'design_1_axi_timer_0_1' [/home/dmas/robot_dreams/robot-dreams-code-fpga/task10-microblaze/task10-microblaze.runs/synth_1/.Xil/Vivado-79304-dmas-pc/realtime/design_1_axi_timer_0_1_stub.v:6]
INFO: [Synth 8-6155] done synthesizing module 'design_1_axi_timer_0_1' (0#1) [/home/dmas/robot_dreams/robot-dreams-code-fpga/task10-microblaze/task10-microblaze.runs/synth_1/.Xil/Vivado-79304-dmas-pc/realtime/design_1_axi_timer_0_1_stub.v:6]
WARNING: [Synth 8-7071] port 'generateout0' of module 'design_1_axi_timer_0_1' is unconnected for instance 'axi_timer_0' [/home/dmas/robot_dreams/robot-dreams-code-fpga/task10-microblaze/task10-microblaze.gen/sources_1/bd/design_1/synth/design_1.v:243]
WARNING: [Synth 8-7071] port 'generateout1' of module 'design_1_axi_timer_0_1' is unconnected for instance 'axi_timer_0' [/home/dmas/robot_dreams/robot-dreams-code-fpga/task10-microblaze/task10-microblaze.gen/sources_1/bd/design_1/synth/design_1.v:243]
WARNING: [Synth 8-7071] port 'pwm0' of module 'design_1_axi_timer_0_1' is unconnected for instance 'axi_timer_0' [/home/dmas/robot_dreams/robot-dreams-code-fpga/task10-microblaze/task10-microblaze.gen/sources_1/bd/design_1/synth/design_1.v:243]
WARNING: [Synth 8-7023] instance 'axi_timer_0' of module 'design_1_axi_timer_0_1' has 26 connections declared, but only 23 given [/home/dmas/robot_dreams/robot-dreams-code-fpga/task10-microblaze/task10-microblaze.gen/sources_1/bd/design_1/synth/design_1.v:243]
INFO: [Synth 8-6157] synthesizing module 'design_1_clk_wiz_1_1' [/home/dmas/robot_dreams/robot-dreams-code-fpga/task10-microblaze/task10-microblaze.runs/synth_1/.Xil/Vivado-79304-dmas-pc/realtime/design_1_clk_wiz_1_1_stub.v:6]
INFO: [Synth 8-6155] done synthesizing module 'design_1_clk_wiz_1_1' (0#1) [/home/dmas/robot_dreams/robot-dreams-code-fpga/task10-microblaze/task10-microblaze.runs/synth_1/.Xil/Vivado-79304-dmas-pc/realtime/design_1_clk_wiz_1_1_stub.v:6]
INFO: [Synth 8-6157] synthesizing module 'design_1_mdm_1_3' [/home/dmas/robot_dreams/robot-dreams-code-fpga/task10-microblaze/task10-microblaze.runs/synth_1/.Xil/Vivado-79304-dmas-pc/realtime/design_1_mdm_1_3_stub.v:6]
INFO: [Synth 8-6155] done synthesizing module 'design_1_mdm_1_3' (0#1) [/home/dmas/robot_dreams/robot-dreams-code-fpga/task10-microblaze/task10-microblaze.runs/synth_1/.Xil/Vivado-79304-dmas-pc/realtime/design_1_mdm_1_3_stub.v:6]
INFO: [Synth 8-6157] synthesizing module 'design_1_microblaze_0_3' [/home/dmas/robot_dreams/robot-dreams-code-fpga/task10-microblaze/task10-microblaze.runs/synth_1/.Xil/Vivado-79304-dmas-pc/realtime/design_1_microblaze_0_3_stub.v:6]
INFO: [Synth 8-6155] done synthesizing module 'design_1_microblaze_0_3' (0#1) [/home/dmas/robot_dreams/robot-dreams-code-fpga/task10-microblaze/task10-microblaze.runs/synth_1/.Xil/Vivado-79304-dmas-pc/realtime/design_1_microblaze_0_3_stub.v:6]
INFO: [Synth 8-6157] synthesizing module 'design_1_microblaze_0_axi_intc_2' [/home/dmas/robot_dreams/robot-dreams-code-fpga/task10-microblaze/task10-microblaze.runs/synth_1/.Xil/Vivado-79304-dmas-pc/realtime/design_1_microblaze_0_axi_intc_2_stub.v:6]
INFO: [Synth 8-6155] done synthesizing module 'design_1_microblaze_0_axi_intc_2' (0#1) [/home/dmas/robot_dreams/robot-dreams-code-fpga/task10-microblaze/task10-microblaze.runs/synth_1/.Xil/Vivado-79304-dmas-pc/realtime/design_1_microblaze_0_axi_intc_2_stub.v:6]
INFO: [Synth 8-6157] synthesizing module 'design_1_microblaze_0_axi_periph_2' [/home/dmas/robot_dreams/robot-dreams-code-fpga/task10-microblaze/task10-microblaze.runs/synth_1/.Xil/Vivado-79304-dmas-pc/realtime/design_1_microblaze_0_axi_periph_2_stub.v:6]
INFO: [Synth 8-6155] done synthesizing module 'design_1_microblaze_0_axi_periph_2' (0#1) [/home/dmas/robot_dreams/robot-dreams-code-fpga/task10-microblaze/task10-microblaze.runs/synth_1/.Xil/Vivado-79304-dmas-pc/realtime/design_1_microblaze_0_axi_periph_2_stub.v:6]
WARNING: [Synth 8-7071] port 'M00_AXI_awprot' of module 'design_1_microblaze_0_axi_periph_2' is unconnected for instance 'microblaze_0_axi_periph' [/home/dmas/robot_dreams/robot-dreams-code-fpga/task10-microblaze/task10-microblaze.gen/sources_1/bd/design_1/synth/design_1.v:362]
WARNING: [Synth 8-7071] port 'M00_AXI_arprot' of module 'design_1_microblaze_0_axi_periph_2' is unconnected for instance 'microblaze_0_axi_periph' [/home/dmas/robot_dreams/robot-dreams-code-fpga/task10-microblaze/task10-microblaze.gen/sources_1/bd/design_1/synth/design_1.v:362]
WARNING: [Synth 8-7071] port 'M01_AXI_awprot' of module 'design_1_microblaze_0_axi_periph_2' is unconnected for instance 'microblaze_0_axi_periph' [/home/dmas/robot_dreams/robot-dreams-code-fpga/task10-microblaze/task10-microblaze.gen/sources_1/bd/design_1/synth/design_1.v:362]
WARNING: [Synth 8-7071] port 'M01_AXI_arprot' of module 'design_1_microblaze_0_axi_periph_2' is unconnected for instance 'microblaze_0_axi_periph' [/home/dmas/robot_dreams/robot-dreams-code-fpga/task10-microblaze/task10-microblaze.gen/sources_1/bd/design_1/synth/design_1.v:362]
WARNING: [Synth 8-7071] port 'M02_AXI_awprot' of module 'design_1_microblaze_0_axi_periph_2' is unconnected for instance 'microblaze_0_axi_periph' [/home/dmas/robot_dreams/robot-dreams-code-fpga/task10-microblaze/task10-microblaze.gen/sources_1/bd/design_1/synth/design_1.v:362]
WARNING: [Synth 8-7071] port 'M02_AXI_arprot' of module 'design_1_microblaze_0_axi_periph_2' is unconnected for instance 'microblaze_0_axi_periph' [/home/dmas/robot_dreams/robot-dreams-code-fpga/task10-microblaze/task10-microblaze.gen/sources_1/bd/design_1/synth/design_1.v:362]
WARNING: [Synth 8-7071] port 'M03_AXI_awprot' of module 'design_1_microblaze_0_axi_periph_2' is unconnected for instance 'microblaze_0_axi_periph' [/home/dmas/robot_dreams/robot-dreams-code-fpga/task10-microblaze/task10-microblaze.gen/sources_1/bd/design_1/synth/design_1.v:362]
WARNING: [Synth 8-7071] port 'M03_AXI_arprot' of module 'design_1_microblaze_0_axi_periph_2' is unconnected for instance 'microblaze_0_axi_periph' [/home/dmas/robot_dreams/robot-dreams-code-fpga/task10-microblaze/task10-microblaze.gen/sources_1/bd/design_1/synth/design_1.v:362]
WARNING: [Synth 8-7071] port 'M04_AXI_awprot' of module 'design_1_microblaze_0_axi_periph_2' is unconnected for instance 'microblaze_0_axi_periph' [/home/dmas/robot_dreams/robot-dreams-code-fpga/task10-microblaze/task10-microblaze.gen/sources_1/bd/design_1/synth/design_1.v:362]
WARNING: [Synth 8-7071] port 'M04_AXI_arprot' of module 'design_1_microblaze_0_axi_periph_2' is unconnected for instance 'microblaze_0_axi_periph' [/home/dmas/robot_dreams/robot-dreams-code-fpga/task10-microblaze/task10-microblaze.gen/sources_1/bd/design_1/synth/design_1.v:362]
WARNING: [Synth 8-7023] instance 'microblaze_0_axi_periph' of module 'design_1_microblaze_0_axi_periph_2' has 116 connections declared, but only 106 given [/home/dmas/robot_dreams/robot-dreams-code-fpga/task10-microblaze/task10-microblaze.gen/sources_1/bd/design_1/synth/design_1.v:362]
INFO: [Synth 8-6157] synthesizing module 'microblaze_0_local_memory_imp_1K0VQXK' [/home/dmas/robot_dreams/robot-dreams-code-fpga/task10-microblaze/task10-microblaze.gen/sources_1/bd/design_1/synth/design_1.v:505]
INFO: [Synth 8-6157] synthesizing module 'design_1_dlmb_bram_if_cntlr_3' [/home/dmas/robot_dreams/robot-dreams-code-fpga/task10-microblaze/task10-microblaze.runs/synth_1/.Xil/Vivado-79304-dmas-pc/realtime/design_1_dlmb_bram_if_cntlr_3_stub.v:6]
INFO: [Synth 8-6155] done synthesizing module 'design_1_dlmb_bram_if_cntlr_3' (0#1) [/home/dmas/robot_dreams/robot-dreams-code-fpga/task10-microblaze/task10-microblaze.runs/synth_1/.Xil/Vivado-79304-dmas-pc/realtime/design_1_dlmb_bram_if_cntlr_3_stub.v:6]
INFO: [Synth 8-6157] synthesizing module 'design_1_dlmb_v10_3' [/home/dmas/robot_dreams/robot-dreams-code-fpga/task10-microblaze/task10-microblaze.runs/synth_1/.Xil/Vivado-79304-dmas-pc/realtime/design_1_dlmb_v10_3_stub.v:6]
INFO: [Synth 8-6155] done synthesizing module 'design_1_dlmb_v10_3' (0#1) [/home/dmas/robot_dreams/robot-dreams-code-fpga/task10-microblaze/task10-microblaze.runs/synth_1/.Xil/Vivado-79304-dmas-pc/realtime/design_1_dlmb_v10_3_stub.v:6]
WARNING: [Synth 8-7071] port 'LMB_Rst' of module 'design_1_dlmb_v10_3' is unconnected for instance 'dlmb_v10' [/home/dmas/robot_dreams/robot-dreams-code-fpga/task10-microblaze/task10-microblaze.gen/sources_1/bd/design_1/synth/design_1.v:630]
WARNING: [Synth 8-7023] instance 'dlmb_v10' of module 'design_1_dlmb_v10_3' has 25 connections declared, but only 24 given [/home/dmas/robot_dreams/robot-dreams-code-fpga/task10-microblaze/task10-microblaze.gen/sources_1/bd/design_1/synth/design_1.v:630]
INFO: [Synth 8-6157] synthesizing module 'design_1_ilmb_bram_if_cntlr_3' [/home/dmas/robot_dreams/robot-dreams-code-fpga/task10-microblaze/task10-microblaze.runs/synth_1/.Xil/Vivado-79304-dmas-pc/realtime/design_1_ilmb_bram_if_cntlr_3_stub.v:6]
INFO: [Synth 8-6155] done synthesizing module 'design_1_ilmb_bram_if_cntlr_3' (0#1) [/home/dmas/robot_dreams/robot-dreams-code-fpga/task10-microblaze/task10-microblaze.runs/synth_1/.Xil/Vivado-79304-dmas-pc/realtime/design_1_ilmb_bram_if_cntlr_3_stub.v:6]
INFO: [Synth 8-6157] synthesizing module 'design_1_ilmb_v10_3' [/home/dmas/robot_dreams/robot-dreams-code-fpga/task10-microblaze/task10-microblaze.runs/synth_1/.Xil/Vivado-79304-dmas-pc/realtime/design_1_ilmb_v10_3_stub.v:6]
INFO: [Synth 8-6155] done synthesizing module 'design_1_ilmb_v10_3' (0#1) [/home/dmas/robot_dreams/robot-dreams-code-fpga/task10-microblaze/task10-microblaze.runs/synth_1/.Xil/Vivado-79304-dmas-pc/realtime/design_1_ilmb_v10_3_stub.v:6]
WARNING: [Synth 8-7071] port 'LMB_Rst' of module 'design_1_ilmb_v10_3' is unconnected for instance 'ilmb_v10' [/home/dmas/robot_dreams/robot-dreams-code-fpga/task10-microblaze/task10-microblaze.gen/sources_1/bd/design_1/synth/design_1.v:676]
WARNING: [Synth 8-7023] instance 'ilmb_v10' of module 'design_1_ilmb_v10_3' has 25 connections declared, but only 24 given [/home/dmas/robot_dreams/robot-dreams-code-fpga/task10-microblaze/task10-microblaze.gen/sources_1/bd/design_1/synth/design_1.v:676]
INFO: [Synth 8-6157] synthesizing module 'design_1_lmb_bram_3' [/home/dmas/robot_dreams/robot-dreams-code-fpga/task10-microblaze/task10-microblaze.runs/synth_1/.Xil/Vivado-79304-dmas-pc/realtime/design_1_lmb_bram_3_stub.v:6]
INFO: [Synth 8-6155] done synthesizing module 'design_1_lmb_bram_3' (0#1) [/home/dmas/robot_dreams/robot-dreams-code-fpga/task10-microblaze/task10-microblaze.runs/synth_1/.Xil/Vivado-79304-dmas-pc/realtime/design_1_lmb_bram_3_stub.v:6]
WARNING: [Synth 8-7071] port 'rsta_busy' of module 'design_1_lmb_bram_3' is unconnected for instance 'lmb_bram' [/home/dmas/robot_dreams/robot-dreams-code-fpga/task10-microblaze/task10-microblaze.gen/sources_1/bd/design_1/synth/design_1.v:701]
WARNING: [Synth 8-7071] port 'rstb_busy' of module 'design_1_lmb_bram_3' is unconnected for instance 'lmb_bram' [/home/dmas/robot_dreams/robot-dreams-code-fpga/task10-microblaze/task10-microblaze.gen/sources_1/bd/design_1/synth/design_1.v:701]
WARNING: [Synth 8-7023] instance 'lmb_bram' of module 'design_1_lmb_bram_3' has 16 connections declared, but only 14 given [/home/dmas/robot_dreams/robot-dreams-code-fpga/task10-microblaze/task10-microblaze.gen/sources_1/bd/design_1/synth/design_1.v:701]
INFO: [Synth 8-6155] done synthesizing module 'microblaze_0_local_memory_imp_1K0VQXK' (0#1) [/home/dmas/robot_dreams/robot-dreams-code-fpga/task10-microblaze/task10-microblaze.gen/sources_1/bd/design_1/synth/design_1.v:505]
INFO: [Synth 8-6157] synthesizing module 'design_1_rst_clk_wiz_1_100M_2' [/home/dmas/robot_dreams/robot-dreams-code-fpga/task10-microblaze/task10-microblaze.runs/synth_1/.Xil/Vivado-79304-dmas-pc/realtime/design_1_rst_clk_wiz_1_100M_2_stub.v:6]
INFO: [Synth 8-6155] done synthesizing module 'design_1_rst_clk_wiz_1_100M_2' (0#1) [/home/dmas/robot_dreams/robot-dreams-code-fpga/task10-microblaze/task10-microblaze.runs/synth_1/.Xil/Vivado-79304-dmas-pc/realtime/design_1_rst_clk_wiz_1_100M_2_stub.v:6]
WARNING: [Synth 8-7071] port 'peripheral_reset' of module 'design_1_rst_clk_wiz_1_100M_2' is unconnected for instance 'rst_clk_wiz_1_100M' [/home/dmas/robot_dreams/robot-dreams-code-fpga/task10-microblaze/task10-microblaze.gen/sources_1/bd/design_1/synth/design_1.v:492]
WARNING: [Synth 8-7071] port 'interconnect_aresetn' of module 'design_1_rst_clk_wiz_1_100M_2' is unconnected for instance 'rst_clk_wiz_1_100M' [/home/dmas/robot_dreams/robot-dreams-code-fpga/task10-microblaze/task10-microblaze.gen/sources_1/bd/design_1/synth/design_1.v:492]
WARNING: [Synth 8-7023] instance 'rst_clk_wiz_1_100M' of module 'design_1_rst_clk_wiz_1_100M_2' has 10 connections declared, but only 8 given [/home/dmas/robot_dreams/robot-dreams-code-fpga/task10-microblaze/task10-microblaze.gen/sources_1/bd/design_1/synth/design_1.v:492]
INFO: [Synth 8-6157] synthesizing module 'design_1_xlconstant_0_1' [/home/dmas/robot_dreams/robot-dreams-code-fpga/task10-microblaze/task10-microblaze.gen/sources_1/bd/design_1/ip/design_1_xlconstant_0_1/synth/design_1_xlconstant_0_1.v:53]
INFO: [Synth 8-6157] synthesizing module 'xlconstant_v1_1_10_xlconstant' [/home/dmas/robot_dreams/robot-dreams-code-fpga/task10-microblaze/task10-microblaze.gen/sources_1/bd/design_1/ipshared/a165/hdl/xlconstant_v1_1_vl_rfs.v:68]
INFO: [Synth 8-6155] done synthesizing module 'xlconstant_v1_1_10_xlconstant' (0#1) [/home/dmas/robot_dreams/robot-dreams-code-fpga/task10-microblaze/task10-microblaze.gen/sources_1/bd/design_1/ipshared/a165/hdl/xlconstant_v1_1_vl_rfs.v:68]
INFO: [Synth 8-6155] done synthesizing module 'design_1_xlconstant_0_1' (0#1) [/home/dmas/robot_dreams/robot-dreams-code-fpga/task10-microblaze/task10-microblaze.gen/sources_1/bd/design_1/ip/design_1_xlconstant_0_1/synth/design_1_xlconstant_0_1.v:53]
INFO: [Synth 8-6155] done synthesizing module 'design_1' (0#1) [/home/dmas/robot_dreams/robot-dreams-code-fpga/task10-microblaze/task10-microblaze.gen/sources_1/bd/design_1/synth/design_1.v:13]
INFO: [Synth 8-6157] synthesizing module 'IOBUF' [/home/dmas/Xilinx/vivado_2025_2/2025.2/Vivado/scripts/rt/data/unisim_comp.v:87566]
INFO: [Synth 8-6155] done synthesizing module 'IOBUF' (0#1) [/home/dmas/Xilinx/vivado_2025_2/2025.2/Vivado/scripts/rt/data/unisim_comp.v:87566]
INFO: [Synth 8-6155] done synthesizing module 'design_1_wrapper' (0#1) [/home/dmas/robot_dreams/robot-dreams-code-fpga/task10-microblaze/task10-microblaze.gen/sources_1/bd/design_1/hdl/design_1_wrapper.v:13]
---------------------------------------------------------------------------------
Finished RTL Elaboration : Time (s): cpu = 00:00:03 ; elapsed = 00:00:03 . Memory (MB): peak = 2387.645 ; gain = 578.094 ; free physical = 9239 ; free virtual = 23788
---------------------------------------------------------------------------------
---------------------------------------------------------------------------------
Start Handling Custom Attributes
---------------------------------------------------------------------------------
---------------------------------------------------------------------------------
Finished Handling Custom Attributes : Time (s): cpu = 00:00:03 ; elapsed = 00:00:03 . Memory (MB): peak = 2387.645 ; gain = 578.094 ; free physical = 9239 ; free virtual = 23788
---------------------------------------------------------------------------------
---------------------------------------------------------------------------------
Finished RTL Optimization Phase 1 : Time (s): cpu = 00:00:03 ; elapsed = 00:00:03 . Memory (MB): peak = 2387.645 ; gain = 578.094 ; free physical = 9239 ; free virtual = 23788
---------------------------------------------------------------------------------
Netlist sorting complete. Time (s): cpu = 00:00:00.01 ; elapsed = 00:00:00 . Memory (MB): peak = 2387.645 ; gain = 0.000 ; free physical = 9238 ; free virtual = 23788
INFO: [Netlist 29-17] Analyzing 4 Unisim elements for replacement
INFO: [Netlist 29-28] Unisim Transformation completed in 0 CPU seconds
INFO: [Project 1-570] Preparing netlist for logic optimization

Processing XDC Constraints
Initializing timing engine
Parsing XDC File [/home/dmas/robot_dreams/robot-dreams-code-fpga/task10-microblaze/task10-microblaze.gen/sources_1/bd/design_1/ip/design_1_microblaze_0_3/design_1_microblaze_0_3/design_1_microblaze_0_3_in_context.xdc] for cell 'design_1_i/microblaze_0'
Finished Parsing XDC File [/home/dmas/robot_dreams/robot-dreams-code-fpga/task10-microblaze/task10-microblaze.gen/sources_1/bd/design_1/ip/design_1_microblaze_0_3/design_1_microblaze_0_3/design_1_microblaze_0_3_in_context.xdc] for cell 'design_1_i/microblaze_0'
Parsing XDC File [/home/dmas/robot_dreams/robot-dreams-code-fpga/task10-microblaze/task10-microblaze.gen/sources_1/bd/design_1/ip/design_1_axi_gpio_0_1/design_1_axi_gpio_0_1/design_1_axi_gpio_0_0_in_context.xdc] for cell 'design_1_i/axi_sws'
Finished Parsing XDC File [/home/dmas/robot_dreams/robot-dreams-code-fpga/task10-microblaze/task10-microblaze.gen/sources_1/bd/design_1/ip/design_1_axi_gpio_0_1/design_1_axi_gpio_0_1/design_1_axi_gpio_0_0_in_context.xdc] for cell 'design_1_i/axi_sws'
Parsing XDC File [/home/dmas/robot_dreams/robot-dreams-code-fpga/task10-microblaze/task10-microblaze.gen/sources_1/bd/design_1/ip/design_1_axi_gpio_1_1/design_1_axi_gpio_1_1/design_1_axi_gpio_1_0_in_context.xdc] for cell 'design_1_i/axi_leds'
Finished Parsing XDC File [/home/dmas/robot_dreams/robot-dreams-code-fpga/task10-microblaze/task10-microblaze.gen/sources_1/bd/design_1/ip/design_1_axi_gpio_1_1/design_1_axi_gpio_1_1/design_1_axi_gpio_1_0_in_context.xdc] for cell 'design_1_i/axi_leds'
Parsing XDC File [/home/dmas/robot_dreams/robot-dreams-code-fpga/task10-microblaze/task10-microblaze.gen/sources_1/bd/design_1/ip/design_1_axi_gpio_2_1/design_1_axi_gpio_2_1/design_1_axi_gpio_2_0_in_context.xdc] for cell 'design_1_i/axi_btns'
Finished Parsing XDC File [/home/dmas/robot_dreams/robot-dreams-code-fpga/task10-microblaze/task10-microblaze.gen/sources_1/bd/design_1/ip/design_1_axi_gpio_2_1/design_1_axi_gpio_2_1/design_1_axi_gpio_2_0_in_context.xdc] for cell 'design_1_i/axi_btns'
Parsing XDC File [/home/dmas/robot_dreams/robot-dreams-code-fpga/task10-microblaze/task10-microblaze.gen/sources_1/bd/design_1/ip/design_1_axi_timer_0_1/design_1_axi_timer_0_1/design_1_axi_timer_0_0_in_context.xdc] for cell 'design_1_i/axi_timer_0'
Finished Parsing XDC File [/home/dmas/robot_dreams/robot-dreams-code-fpga/task10-microblaze/task10-microblaze.gen/sources_1/bd/design_1/ip/design_1_axi_timer_0_1/design_1_axi_timer_0_1/design_1_axi_timer_0_0_in_context.xdc] for cell 'design_1_i/axi_timer_0'
Parsing XDC File [/home/dmas/robot_dreams/robot-dreams-code-fpga/task10-microblaze/task10-microblaze.gen/sources_1/bd/design_1/ip/design_1_dlmb_v10_3/design_1_dlmb_v10_3/design_1_ilmb_v10_0_in_context.xdc] for cell 'design_1_i/microblaze_0_local_memory/dlmb_v10'
Finished Parsing XDC File [/home/dmas/robot_dreams/robot-dreams-code-fpga/task10-microblaze/task10-microblaze.gen/sources_1/bd/design_1/ip/design_1_dlmb_v10_3/design_1_dlmb_v10_3/design_1_ilmb_v10_0_in_context.xdc] for cell 'design_1_i/microblaze_0_local_memory/dlmb_v10'
Parsing XDC File [/home/dmas/robot_dreams/robot-dreams-code-fpga/task10-microblaze/task10-microblaze.gen/sources_1/bd/design_1/ip/design_1_ilmb_v10_3/design_1_ilmb_v10_3/design_1_ilmb_v10_0_in_context.xdc] for cell 'design_1_i/microblaze_0_local_memory/ilmb_v10'
Finished Parsing XDC File [/home/dmas/robot_dreams/robot-dreams-code-fpga/task10-microblaze/task10-microblaze.gen/sources_1/bd/design_1/ip/design_1_ilmb_v10_3/design_1_ilmb_v10_3/design_1_ilmb_v10_0_in_context.xdc] for cell 'design_1_i/microblaze_0_local_memory/ilmb_v10'
Parsing XDC File [/home/dmas/robot_dreams/robot-dreams-code-fpga/task10-microblaze/task10-microblaze.gen/sources_1/bd/design_1/ip/design_1_dlmb_bram_if_cntlr_3/design_1_dlmb_bram_if_cntlr_3/design_1_dlmb_bram_if_cntlr_0_in_context.xdc] for cell 'design_1_i/microblaze_0_local_memory/dlmb_bram_if_cntlr'
Finished Parsing XDC File [/home/dmas/robot_dreams/robot-dreams-code-fpga/task10-microblaze/task10-microblaze.gen/sources_1/bd/design_1/ip/design_1_dlmb_bram_if_cntlr_3/design_1_dlmb_bram_if_cntlr_3/design_1_dlmb_bram_if_cntlr_0_in_context.xdc] for cell 'design_1_i/microblaze_0_local_memory/dlmb_bram_if_cntlr'
Parsing XDC File [/home/dmas/robot_dreams/robot-dreams-code-fpga/task10-microblaze/task10-microblaze.gen/sources_1/bd/design_1/ip/design_1_ilmb_bram_if_cntlr_3/design_1_ilmb_bram_if_cntlr_3/design_1_ilmb_bram_if_cntlr_0_in_context.xdc] for cell 'design_1_i/microblaze_0_local_memory/ilmb_bram_if_cntlr'
Finished Parsing XDC File [/home/dmas/robot_dreams/robot-dreams-code-fpga/task10-microblaze/task10-microblaze.gen/sources_1/bd/design_1/ip/design_1_ilmb_bram_if_cntlr_3/design_1_ilmb_bram_if_cntlr_3/design_1_ilmb_bram_if_cntlr_0_in_context.xdc] for cell 'design_1_i/microblaze_0_local_memory/ilmb_bram_if_cntlr'
Parsing XDC File [/home/dmas/robot_dreams/robot-dreams-code-fpga/task10-microblaze/task10-microblaze.gen/sources_1/bd/design_1/ip/design_1_lmb_bram_3/design_1_lmb_bram_3/design_1_lmb_bram_3_in_context.xdc] for cell 'design_1_i/microblaze_0_local_memory/lmb_bram'
Finished Parsing XDC File [/home/dmas/robot_dreams/robot-dreams-code-fpga/task10-microblaze/task10-microblaze.gen/sources_1/bd/design_1/ip/design_1_lmb_bram_3/design_1_lmb_bram_3/design_1_lmb_bram_3_in_context.xdc] for cell 'design_1_i/microblaze_0_local_memory/lmb_bram'
Parsing XDC File [/home/dmas/robot_dreams/robot-dreams-code-fpga/task10-microblaze/task10-microblaze.gen/sources_1/bd/design_1/ip/design_1_microblaze_0_axi_periph_2/design_1_microblaze_0_axi_periph_2/design_1_microblaze_0_axi_periph_2_in_context.xdc] for cell 'design_1_i/microblaze_0_axi_periph'
Finished Parsing XDC File [/home/dmas/robot_dreams/robot-dreams-code-fpga/task10-microblaze/task10-microblaze.gen/sources_1/bd/design_1/ip/design_1_microblaze_0_axi_periph_2/design_1_microblaze_0_axi_periph_2/design_1_microblaze_0_axi_periph_2_in_context.xdc] for cell 'design_1_i/microblaze_0_axi_periph'
Parsing XDC File [/home/dmas/robot_dreams/robot-dreams-code-fpga/task10-microblaze/task10-microblaze.gen/sources_1/bd/design_1/ip/design_1_microblaze_0_axi_intc_2/design_1_microblaze_0_axi_intc_2/design_1_microblaze_0_axi_intc_0_in_context.xdc] for cell 'design_1_i/microblaze_0_axi_intc'
Finished Parsing XDC File [/home/dmas/robot_dreams/robot-dreams-code-fpga/task10-microblaze/task10-microblaze.gen/sources_1/bd/design_1/ip/design_1_microblaze_0_axi_intc_2/design_1_microblaze_0_axi_intc_2/design_1_microblaze_0_axi_intc_0_in_context.xdc] for cell 'design_1_i/microblaze_0_axi_intc'
Parsing XDC File [/home/dmas/robot_dreams/robot-dreams-code-fpga/task10-microblaze/task10-microblaze.gen/sources_1/bd/design_1/ip/design_1_mdm_1_3/design_1_mdm_1_3/design_1_mdm_1_0_in_context.xdc] for cell 'design_1_i/mdm_1'
Finished Parsing XDC File [/home/dmas/robot_dreams/robot-dreams-code-fpga/task10-microblaze/task10-microblaze.gen/sources_1/bd/design_1/ip/design_1_mdm_1_3/design_1_mdm_1_3/design_1_mdm_1_0_in_context.xdc] for cell 'design_1_i/mdm_1'
Parsing XDC File [/home/dmas/robot_dreams/robot-dreams-code-fpga/task10-microblaze/task10-microblaze.gen/sources_1/bd/design_1/ip/design_1_clk_wiz_1_1/design_1_clk_wiz_1_1/design_1_clk_wiz_1_1_in_context.xdc] for cell 'design_1_i/clk_wiz_1'
Finished Parsing XDC File [/home/dmas/robot_dreams/robot-dreams-code-fpga/task10-microblaze/task10-microblaze.gen/sources_1/bd/design_1/ip/design_1_clk_wiz_1_1/design_1_clk_wiz_1_1/design_1_clk_wiz_1_1_in_context.xdc] for cell 'design_1_i/clk_wiz_1'
Parsing XDC File [/home/dmas/robot_dreams/robot-dreams-code-fpga/task10-microblaze/task10-microblaze.gen/sources_1/bd/design_1/ip/design_1_rst_clk_wiz_1_100M_2/design_1_rst_clk_wiz_1_100M_2/design_1_rst_clk_wiz_1_100M_0_in_context.xdc] for cell 'design_1_i/rst_clk_wiz_1_100M'
Finished Parsing XDC File [/home/dmas/robot_dreams/robot-dreams-code-fpga/task10-microblaze/task10-microblaze.gen/sources_1/bd/design_1/ip/design_1_rst_clk_wiz_1_100M_2/design_1_rst_clk_wiz_1_100M_2/design_1_rst_clk_wiz_1_100M_0_in_context.xdc] for cell 'design_1_i/rst_clk_wiz_1_100M'
Parsing XDC File [/home/dmas/robot_dreams/robot-dreams-code-fpga/task10-microblaze/task10-microblaze.srcs/constrs_1/new/task10-microblaze.xdc]
Finished Parsing XDC File [/home/dmas/robot_dreams/robot-dreams-code-fpga/task10-microblaze/task10-microblaze.srcs/constrs_1/new/task10-microblaze.xdc]
INFO: [Project 1-236] Implementation specific constraints were found while reading constraint file [/home/dmas/robot_dreams/robot-dreams-code-fpga/task10-microblaze/task10-microblaze.srcs/constrs_1/new/task10-microblaze.xdc]. These constraints will be ignored for synthesis but will be used in implementation. Impacted constraints are listed in the file [.Xil/design_1_wrapper_propImpl.xdc].
Resolution: To avoid this warning, move constraints listed in [.Xil/design_1_wrapper_propImpl.xdc] to another XDC file and exclude this new file from synthesis with the used_in_synthesis property (File Properties dialog in GUI) and re-run elaboration/synthesis.
Parsing XDC File [/home/dmas/robot_dreams/robot-dreams-code-fpga/task10-microblaze/task10-microblaze.runs/synth_1/dont_touch.xdc]
Finished Parsing XDC File [/home/dmas/robot_dreams/robot-dreams-code-fpga/task10-microblaze/task10-microblaze.runs/synth_1/dont_touch.xdc]
Completed Processing XDC Constraints

Netlist sorting complete. Time (s): cpu = 00:00:00 ; elapsed = 00:00:00 . Memory (MB): peak = 2438.266 ; gain = 0.000 ; free physical = 9237 ; free virtual = 23787
INFO: [Project 1-111] Unisim Transformation Summary:
  A total of 4 instances were transformed.
  IOBUF => IOBUF (IBUF, OBUFT): 4 instances

Constraint Validation Runtime : Time (s): cpu = 00:00:00.01 ; elapsed = 00:00:00.01 . Memory (MB): peak = 2438.301 ; gain = 0.000 ; free physical = 9237 ; free virtual = 23787
WARNING: [Timing 38-316] Clock period '20.000' specified during out-of-context synthesis of instance 'design_1_i/microblaze_0_local_memory/lmb_bram' at clock pin 'clka' is different from the actual clock period '10.000', this can lead to different synthesis results.
INFO: [Designutils 20-5440] No compile time benefit to using incremental synthesis; A full resynthesis will be run
INFO: [Designutils 20-4379] Flow is switching to default flow due to incremental criteria not met. If you would like to alter this behaviour and have the flow terminate instead, please set the following parameter config_implementation {autoIncr.Synth.RejectBehavior Terminate}
---------------------------------------------------------------------------------
Finished Constraint Validation : Time (s): cpu = 00:00:07 ; elapsed = 00:00:07 . Memory (MB): peak = 2438.301 ; gain = 628.750 ; free physical = 9221 ; free virtual = 23770
---------------------------------------------------------------------------------
---------------------------------------------------------------------------------
Start Loading Part and Timing Information
---------------------------------------------------------------------------------
Loading part: xc7z020clg400-1
---------------------------------------------------------------------------------
Finished Loading Part and Timing Information : Time (s): cpu = 00:00:07 ; elapsed = 00:00:07 . Memory (MB): peak = 2446.270 ; gain = 636.719 ; free physical = 9221 ; free virtual = 23770
---------------------------------------------------------------------------------
---------------------------------------------------------------------------------
Start Applying 'set_property' XDC Constraints
---------------------------------------------------------------------------------
---------------------------------------------------------------------------------
Finished applying 'set_property' XDC Constraints : Time (s): cpu = 00:00:07 ; elapsed = 00:00:07 . Memory (MB): peak = 2446.270 ; gain = 636.719 ; free physical = 9221 ; free virtual = 23770
---------------------------------------------------------------------------------
---------------------------------------------------------------------------------
Finished RTL Optimization Phase 2 : Time (s): cpu = 00:00:07 ; elapsed = 00:00:08 . Memory (MB): peak = 2446.270 ; gain = 636.719 ; free physical = 9224 ; free virtual = 23774
---------------------------------------------------------------------------------
---------------------------------------------------------------------------------
Start RTL Component Statistics 
---------------------------------------------------------------------------------
Detailed RTL Component Info : 
---------------------------------------------------------------------------------
Finished RTL Component Statistics 
---------------------------------------------------------------------------------
---------------------------------------------------------------------------------
Start Part Resource Summary
---------------------------------------------------------------------------------
Part Resources:
DSPs: 220 (col length:60)
BRAMs: 280 (col length: RAMB18 60 RAMB36 30)
---------------------------------------------------------------------------------
Finished Part Resource Summary
---------------------------------------------------------------------------------
---------------------------------------------------------------------------------
Start Cross Boundary and Area Optimization
---------------------------------------------------------------------------------
---------------------------------------------------------------------------------
Finished Cross Boundary and Area Optimization : Time (s): cpu = 00:00:08 ; elapsed = 00:00:08 . Memory (MB): peak = 2446.270 ; gain = 636.719 ; free physical = 9255 ; free virtual = 23810
---------------------------------------------------------------------------------
---------------------------------------------------------------------------------
Start Applying XDC Timing Constraints
---------------------------------------------------------------------------------
---------------------------------------------------------------------------------
Finished Applying XDC Timing Constraints : Time (s): cpu = 00:00:10 ; elapsed = 00:00:11 . Memory (MB): peak = 2551.270 ; gain = 741.719 ; free physical = 9211 ; free virtual = 23766
---------------------------------------------------------------------------------
---------------------------------------------------------------------------------
Start Timing Optimization
---------------------------------------------------------------------------------
---------------------------------------------------------------------------------
Finished Timing Optimization : Time (s): cpu = 00:00:10 ; elapsed = 00:00:11 . Memory (MB): peak = 2551.270 ; gain = 741.719 ; free physical = 9211 ; free virtual = 23766
---------------------------------------------------------------------------------
---------------------------------------------------------------------------------
Start Technology Mapping
---------------------------------------------------------------------------------
---------------------------------------------------------------------------------
Finished Technology Mapping : Time (s): cpu = 00:00:10 ; elapsed = 00:00:11 . Memory (MB): peak = 2562.285 ; gain = 752.734 ; free physical = 9203 ; free virtual = 23758
---------------------------------------------------------------------------------
---------------------------------------------------------------------------------
Start IO Insertion
---------------------------------------------------------------------------------
---------------------------------------------------------------------------------
Start Flattening Before IO Insertion
---------------------------------------------------------------------------------
---------------------------------------------------------------------------------
Finished Flattening Before IO Insertion
---------------------------------------------------------------------------------
---------------------------------------------------------------------------------
Start Final Netlist Cleanup
---------------------------------------------------------------------------------
---------------------------------------------------------------------------------
Finished Final Netlist Cleanup
---------------------------------------------------------------------------------
---------------------------------------------------------------------------------
Finished IO Insertion : Time (s): cpu = 00:00:12 ; elapsed = 00:00:13 . Memory (MB): peak = 2748.098 ; gain = 938.547 ; free physical = 9031 ; free virtual = 23585
---------------------------------------------------------------------------------
---------------------------------------------------------------------------------
Start Renaming Generated Instances
---------------------------------------------------------------------------------
---------------------------------------------------------------------------------
Finished Renaming Generated Instances : Time (s): cpu = 00:00:12 ; elapsed = 00:00:13 . Memory (MB): peak = 2748.098 ; gain = 938.547 ; free physical = 9031 ; free virtual = 23585
---------------------------------------------------------------------------------
---------------------------------------------------------------------------------
Start Rebuilding User Hierarchy
---------------------------------------------------------------------------------
---------------------------------------------------------------------------------
Finished Rebuilding User Hierarchy : Time (s): cpu = 00:00:12 ; elapsed = 00:00:13 . Memory (MB): peak = 2748.098 ; gain = 938.547 ; free physical = 9031 ; free virtual = 23585
---------------------------------------------------------------------------------
---------------------------------------------------------------------------------
Start Renaming Generated Ports
---------------------------------------------------------------------------------
---------------------------------------------------------------------------------
Finished Renaming Generated Ports : Time (s): cpu = 00:00:12 ; elapsed = 00:00:13 . Memory (MB): peak = 2748.098 ; gain = 938.547 ; free physical = 9031 ; free virtual = 23585
---------------------------------------------------------------------------------
---------------------------------------------------------------------------------
Start Handling Custom Attributes
---------------------------------------------------------------------------------
---------------------------------------------------------------------------------
Finished Handling Custom Attributes : Time (s): cpu = 00:00:12 ; elapsed = 00:00:13 . Memory (MB): peak = 2748.098 ; gain = 938.547 ; free physical = 9031 ; free virtual = 23585
---------------------------------------------------------------------------------
---------------------------------------------------------------------------------
Start Renaming Generated Nets
---------------------------------------------------------------------------------
---------------------------------------------------------------------------------
Finished Renaming Generated Nets : Time (s): cpu = 00:00:12 ; elapsed = 00:00:13 . Memory (MB): peak = 2748.098 ; gain = 938.547 ; free physical = 9031 ; free virtual = 23585
---------------------------------------------------------------------------------
---------------------------------------------------------------------------------
Start Writing Synthesis Report
---------------------------------------------------------------------------------

Report BlackBoxes: 
+------+-----------------------------------+----------+
|      |BlackBox name                      |Instances |
+------+-----------------------------------+----------+
|1     |design_1_axi_gpio_2_1              |         1|
|2     |design_1_axi_gpio_1_1              |         1|
|3     |design_1_axi_gpio_0_1              |         1|
|4     |design_1_axi_timer_0_1             |         1|
|5     |design_1_clk_wiz_1_1               |         1|
|6     |design_1_mdm_1_3                   |         1|
|7     |design_1_microblaze_0_3            |         1|
|8     |design_1_microblaze_0_axi_intc_2   |         1|
|9     |design_1_microblaze_0_axi_periph_2 |         1|
|10    |design_1_rst_clk_wiz_1_100M_2      |         1|
|11    |design_1_dlmb_bram_if_cntlr_3      |         1|
|12    |design_1_dlmb_v10_3                |         1|
|13    |design_1_ilmb_bram_if_cntlr_3      |         1|
|14    |design_1_ilmb_v10_3                |         1|
|15    |design_1_lmb_bram_3                |         1|
+------+-----------------------------------+----------+

Report Cell Usage: 
+------+---------------------------------+------+
|      |Cell                             |Count |
+------+---------------------------------+------+
|1     |design_1_axi_gpio_0              |     1|
|2     |design_1_axi_gpio_1              |     1|
|3     |design_1_axi_gpio_2              |     1|
|4     |design_1_axi_timer_0             |     1|
|5     |design_1_clk_wiz_1               |     1|
|6     |design_1_dlmb_bram_if_cntlr      |     1|
|7     |design_1_dlmb_v10                |     1|
|8     |design_1_ilmb_bram_if_cntlr      |     1|
|9     |design_1_ilmb_v10                |     1|
|10    |design_1_lmb_bram                |     1|
|11    |design_1_mdm_1                   |     1|
|12    |design_1_microblaze_0            |     1|
|13    |design_1_microblaze_0_axi_intc   |     1|
|14    |design_1_microblaze_0_axi_periph |     1|
|15    |design_1_rst_clk_wiz_1_100M      |     1|
|16    |IBUF                             |     6|
|17    |IOBUF                            |     4|
+------+---------------------------------+------+
---------------------------------------------------------------------------------
Finished Writing Synthesis Report : Time (s): cpu = 00:00:12 ; elapsed = 00:00:13 . Memory (MB): peak = 2748.098 ; gain = 938.547 ; free physical = 9031 ; free virtual = 23585
---------------------------------------------------------------------------------
Synthesis finished with 0 errors, 0 critical warnings and 0 warnings.
Synthesis Optimization Runtime : Time (s): cpu = 00:00:11 ; elapsed = 00:00:12 . Memory (MB): peak = 2748.098 ; gain = 887.891 ; free physical = 9031 ; free virtual = 23585
Synthesis Optimization Complete : Time (s): cpu = 00:00:13 ; elapsed = 00:00:13 . Memory (MB): peak = 2748.105 ; gain = 938.547 ; free physical = 9031 ; free virtual = 23585
INFO: [Project 1-571] Translating synthesized netlist
Netlist sorting complete. Time (s): cpu = 00:00:00 ; elapsed = 00:00:00 . Memory (MB): peak = 2748.105 ; gain = 0.000 ; free physical = 9030 ; free virtual = 23585
INFO: [Netlist 29-17] Analyzing 4 Unisim elements for replacement
INFO: [Netlist 29-28] Unisim Transformation completed in 0 CPU seconds
INFO: [Project 1-570] Preparing netlist for logic optimization
INFO: [Opt 31-138] Pushed 0 inverter(s) to 0 load pin(s).
Netlist sorting complete. Time (s): cpu = 00:00:00 ; elapsed = 00:00:00 . Memory (MB): peak = 2748.105 ; gain = 0.000 ; free physical = 9192 ; free virtual = 23747
INFO: [Project 1-111] Unisim Transformation Summary:
  A total of 4 instances were transformed.
  IOBUF => IOBUF (IBUF, OBUFT): 4 instances

Synth Design complete | Checksum: cf202374
INFO: [Common 17-83] Releasing license: Synthesis
69 Infos, 26 Warnings, 0 Critical Warnings and 0 Errors encountered.
synth_design completed successfully
synth_design: Time (s): cpu = 00:00:18 ; elapsed = 00:00:17 . Memory (MB): peak = 2748.133 ; gain = 1123.254 ; free physical = 9192 ; free virtual = 23747
INFO: [Common 17-2834] synth_design peak Physical Memory [PSS] (MB): overall = 1886.114; main = 1886.114; forked = 280.025
INFO: [Common 17-2834] synth_design peak Virtual Memory [VSS] (MB): overall = 3465.516; main = 2748.102; forked = 994.242
Write ShapeDB Complete: Time (s): cpu = 00:00:00 ; elapsed = 00:00:00 . Memory (MB): peak = 2772.109 ; gain = 0.000 ; free physical = 9192 ; free virtual = 23747
INFO: [Common 17-1381] The checkpoint '/home/dmas/robot_dreams/robot-dreams-code-fpga/task10-microblaze/task10-microblaze.runs/synth_1/design_1_wrapper.dcp' has been generated.
INFO: [Vivado 12-24828] Executing command : report_utilization -file design_1_wrapper_utilization_synth.rpt -pb design_1_wrapper_utilization_synth.pb
INFO: [Common 17-206] Exiting Vivado at Sat Sep 26 19:01:18 2026...
