
*** Running vivado
    with args -log expr_plain_top.vdi -applog -m64 -product Vivado -messageDb vivado.pb -mode batch -source expr_plain_top.tcl -notrace


****** Vivado v2025.2 (64-bit)
  **** SW Build 6299465 on Fri Nov 14 12:34:56 MST 2025
  **** IP Build 6300035 on Fri Nov 14 10:48:45 MST 2025
  **** SharedData Build 6298862 on Thu Nov 13 04:50:51 MST 2025
  **** Start of session at: Sat Sep 19 17:52:25 2026
    ** Copyright 1986-2022 Xilinx, Inc. All Rights Reserved.
    ** Copyright 2022-2025 Advanced Micro Devices, Inc. All Rights Reserved.

source expr_plain_top.tcl -notrace
Command: link_design -top expr_plain_top -part xc7z020clg400-2
Design is defaulting to srcset: sources_1
Design is defaulting to constrset: constrs_1
INFO: [Device 21-403] Loading part xc7z020clg400-2
Netlist sorting complete. Time (s): cpu = 00:00:00 ; elapsed = 00:00:00 . Memory (MB): peak = 1776.668 ; gain = 0.000 ; free physical = 1553 ; free virtual = 11517
INFO: [Netlist 29-17] Analyzing 17 Unisim elements for replacement
INFO: [Netlist 29-28] Unisim Transformation completed in 0 CPU seconds
INFO: [Project 1-479] Netlist was created with Vivado 2025.2
INFO: [Project 1-570] Preparing netlist for logic optimization
Parsing XDC File [/home/dmas/robot_dreams/robot-dreams-code-fpga/task7-3/task7-3.srcs/constrs_1/new/expr_plain.xdc]
Finished Parsing XDC File [/home/dmas/robot_dreams/robot-dreams-code-fpga/task7-3/task7-3.srcs/constrs_1/new/expr_plain.xdc]
INFO: [Opt 31-138] Pushed 0 inverter(s) to 0 load pin(s).
Netlist sorting complete. Time (s): cpu = 00:00:00 ; elapsed = 00:00:00 . Memory (MB): peak = 1887.199 ; gain = 0.000 ; free physical = 1437 ; free virtual = 11401
INFO: [Project 1-111] Unisim Transformation Summary:
No Unisim elements were transformed.

7 Infos, 0 Warnings, 0 Critical Warnings and 0 Errors encountered.
link_design completed successfully
Command: opt_design
Attempting to get a license for feature 'Implementation' and/or device 'xc7z020'
INFO: [Common 17-349] Got license for feature 'Implementation' and/or device 'xc7z020'
Running DRC as a precondition to command opt_design

Starting DRC Task
INFO: [DRC 23-27] Running DRC with 8 threads
INFO: [Project 1-461] DRC finished with 0 Errors
INFO: [Project 1-462] Please refer to the DRC report (report_drc) for more information.

Time (s): cpu = 00:00:00.23 ; elapsed = 00:00:00.22 . Memory (MB): peak = 1941.027 ; gain = 49.824 ; free physical = 1434 ; free virtual = 11398

Starting Cache Timing Information Task
INFO: [Timing 38-35] Done setting XDC timing constraints.
Ending Cache Timing Information Task | Checksum: 9a1b4d2b

Time (s): cpu = 00:00:02 ; elapsed = 00:00:02 . Memory (MB): peak = 2439.855 ; gain = 498.828 ; free physical = 1025 ; free virtual = 10989

Starting Logic Optimization Task

Phase 1 Initialization

Phase 1.1 Core Generation And Design Setup
Phase 1.1 Core Generation And Design Setup | Checksum: 9a1b4d2b

Time (s): cpu = 00:00:00 ; elapsed = 00:00:00 . Memory (MB): peak = 2826.574 ; gain = 0.000 ; free physical = 691 ; free virtual = 10657

Phase 1.2 Setup Constraints And Sort Netlist
Phase 1.2 Setup Constraints And Sort Netlist | Checksum: 9a1b4d2b

Time (s): cpu = 00:00:00 ; elapsed = 00:00:00 . Memory (MB): peak = 2826.574 ; gain = 0.000 ; free physical = 691 ; free virtual = 10657
Phase 1 Initialization | Checksum: 9a1b4d2b

Time (s): cpu = 00:00:00 ; elapsed = 00:00:00 . Memory (MB): peak = 2826.574 ; gain = 0.000 ; free physical = 691 ; free virtual = 10657

Phase 2 Timer Update And Timing Data Collection

Phase 2.1 Detect if minReqCache needed
Phase 2.1 Detect if minReqCache needed | Checksum: 9a1b4d2b

Time (s): cpu = 00:00:00.01 ; elapsed = 00:00:00 . Memory (MB): peak = 2826.574 ; gain = 0.000 ; free physical = 691 ; free virtual = 10657

Phase 2.2 Timer Update
Phase 2.2 Timer Update | Checksum: 9a1b4d2b

Time (s): cpu = 00:00:00.02 ; elapsed = 00:00:00.01 . Memory (MB): peak = 2826.574 ; gain = 0.000 ; free physical = 691 ; free virtual = 10657

Phase 2.3 Timing Data Collection
Phase 2.3 Timing Data Collection | Checksum: 9a1b4d2b

Time (s): cpu = 00:00:00.02 ; elapsed = 00:00:00.01 . Memory (MB): peak = 2826.574 ; gain = 0.000 ; free physical = 691 ; free virtual = 10657
Phase 2 Timer Update And Timing Data Collection | Checksum: 9a1b4d2b

Time (s): cpu = 00:00:00.02 ; elapsed = 00:00:00.01 . Memory (MB): peak = 2826.574 ; gain = 0.000 ; free physical = 691 ; free virtual = 10657

Phase 3 Retarget
INFO: [Opt 31-1851] Number of loadless carry chains removed were: 0
INFO: [Opt 31-1834] Total Chains To Be Transformed Were: 0 AND Number of Transformed insts Created are: 0
INFO: [Opt 31-138] Pushed 0 inverter(s) to 0 load pin(s).
INFO: [Opt 31-49] Retargeted 0 cell(s).
Phase 3 Retarget | Checksum: 9a1b4d2b

Time (s): cpu = 00:00:00.02 ; elapsed = 00:00:00.01 . Memory (MB): peak = 2826.574 ; gain = 0.000 ; free physical = 691 ; free virtual = 10657
Retarget | Checksum: 9a1b4d2b
INFO: [Opt 31-389] Phase Retarget created 0 cells and removed 0 cells

Phase 4 Constant propagation
INFO: [Opt 31-138] Pushed 0 inverter(s) to 0 load pin(s).
Phase 4 Constant propagation | Checksum: e24870f6

Time (s): cpu = 00:00:00.02 ; elapsed = 00:00:00.02 . Memory (MB): peak = 2826.574 ; gain = 0.000 ; free physical = 691 ; free virtual = 10657
Constant propagation | Checksum: e24870f6
INFO: [Opt 31-389] Phase Constant propagation created 0 cells and removed 0 cells

Phase 5 Sweep
INFO: [Constraints 18-11670] Building netlist checker database with flags, 0x8
Done building netlist checker database: Time (s): cpu = 00:00:00 ; elapsed = 00:00:00 . Memory (MB): peak = 2826.574 ; gain = 0.000 ; free physical = 691 ; free virtual = 10657
Phase 5 Sweep | Checksum: 11610c871

Time (s): cpu = 00:00:00.02 ; elapsed = 00:00:00.02 . Memory (MB): peak = 2826.574 ; gain = 0.000 ; free physical = 691 ; free virtual = 10657
Sweep | Checksum: 11610c871
INFO: [Opt 31-389] Phase Sweep created 0 cells and removed 0 cells

Phase 6 BUFG optimization
Phase 6 BUFG optimization | Checksum: 11610c871

Time (s): cpu = 00:00:00.03 ; elapsed = 00:00:00.02 . Memory (MB): peak = 2858.590 ; gain = 32.016 ; free physical = 691 ; free virtual = 10657
BUFG optimization | Checksum: 11610c871
INFO: [Opt 31-662] Phase BUFG optimization created 0 cells of which 0 are BUFGs and removed 0 cells.

Phase 7 Shift Register Optimization
INFO: [Opt 31-1064] SRL Remap converted 0 SRLs to 0 registers and converted 0 registers of register chains to 0 SRLs
Phase 7 Shift Register Optimization | Checksum: 11610c871

Time (s): cpu = 00:00:00.03 ; elapsed = 00:00:00.02 . Memory (MB): peak = 2858.590 ; gain = 32.016 ; free physical = 691 ; free virtual = 10657
Shift Register Optimization | Checksum: 11610c871
INFO: [Opt 31-389] Phase Shift Register Optimization created 0 cells and removed 0 cells

Phase 8 Post Processing Netlist
Phase 8 Post Processing Netlist | Checksum: 11610c871

Time (s): cpu = 00:00:00.03 ; elapsed = 00:00:00.02 . Memory (MB): peak = 2858.590 ; gain = 32.016 ; free physical = 691 ; free virtual = 10657
Post Processing Netlist | Checksum: 11610c871
INFO: [Opt 31-389] Phase Post Processing Netlist created 0 cells and removed 0 cells

Phase 9 Finalization

Phase 9.1 Finalizing Design Cores and Updating Shapes
Phase 9.1 Finalizing Design Cores and Updating Shapes | Checksum: 174cea20b

Time (s): cpu = 00:00:00.03 ; elapsed = 00:00:00.03 . Memory (MB): peak = 2858.590 ; gain = 32.016 ; free physical = 691 ; free virtual = 10657

Phase 9.2 Verifying Netlist Connectivity

Starting Connectivity Check Task

Time (s): cpu = 00:00:00 ; elapsed = 00:00:00 . Memory (MB): peak = 2858.590 ; gain = 0.000 ; free physical = 691 ; free virtual = 10657
Phase 9.2 Verifying Netlist Connectivity | Checksum: 174cea20b

Time (s): cpu = 00:00:00.03 ; elapsed = 00:00:00.03 . Memory (MB): peak = 2858.590 ; gain = 32.016 ; free physical = 691 ; free virtual = 10657
Phase 9 Finalization | Checksum: 174cea20b

Time (s): cpu = 00:00:00.03 ; elapsed = 00:00:00.03 . Memory (MB): peak = 2858.590 ; gain = 32.016 ; free physical = 691 ; free virtual = 10657
Opt_design Change Summary
=========================


-------------------------------------------------------------------------------------------------------------------------
|  Phase                        |  #Cells created  |  #Cells Removed  |  #Constrained objects preventing optimizations  |
-------------------------------------------------------------------------------------------------------------------------
|  Retarget                     |               0  |               0  |                                              0  |
|  Constant propagation         |               0  |               0  |                                              0  |
|  Sweep                        |               0  |               0  |                                              0  |
|  BUFG optimization            |               0  |               0  |                                              0  |
|  Shift Register Optimization  |               0  |               0  |                                              0  |
|  Post Processing Netlist      |               0  |               0  |                                              0  |
-------------------------------------------------------------------------------------------------------------------------


Ending Logic Optimization Task | Checksum: 174cea20b

Time (s): cpu = 00:00:00.03 ; elapsed = 00:00:00.03 . Memory (MB): peak = 2858.590 ; gain = 32.016 ; free physical = 691 ; free virtual = 10657

Starting Power Optimization Task
INFO: [Pwropt 34-132] Skipping clock gating for clocks with a period < 2.00 ns.
Ending Power Optimization Task | Checksum: 174cea20b

Time (s): cpu = 00:00:00.01 ; elapsed = 00:00:00 . Memory (MB): peak = 2858.590 ; gain = 0.000 ; free physical = 691 ; free virtual = 10657

Starting Final Cleanup Task
Ending Final Cleanup Task | Checksum: 174cea20b

Time (s): cpu = 00:00:00 ; elapsed = 00:00:00 . Memory (MB): peak = 2858.590 ; gain = 0.000 ; free physical = 691 ; free virtual = 10657
Netlist sorting complete. Time (s): cpu = 00:00:00 ; elapsed = 00:00:00 . Memory (MB): peak = 2858.590 ; gain = 0.000 ; free physical = 691 ; free virtual = 10657
INFO: [Common 17-83] Releasing license: Implementation
27 Infos, 0 Warnings, 0 Critical Warnings and 0 Errors encountered.
opt_design completed successfully
INFO: [Vivado 12-24828] Executing command : report_drc -file expr_plain_top_drc_opted.rpt -pb expr_plain_top_drc_opted.pb -rpx expr_plain_top_drc_opted.rpx
Command: report_drc -file expr_plain_top_drc_opted.rpt -pb expr_plain_top_drc_opted.pb -rpx expr_plain_top_drc_opted.rpx
INFO: [IP_Flow 19-234] Refreshing IP repositories
INFO: [IP_Flow 19-1704] No user IP repositories specified
INFO: [IP_Flow 19-2313] Loaded Vivado IP repository '/home/dmas/Xilinx/vivado_2025_2/2025.2/data/ip'.
INFO: [DRC 23-27] Running DRC with 8 threads
INFO: [Vivado_Tcl 2-168] The results of DRC are in file /home/dmas/robot_dreams/robot-dreams-code-fpga/task7-3/task7-3.runs/impl_1/expr_plain_top_drc_opted.rpt.
report_drc completed successfully
INFO: [Timing 38-480] Writing timing data to binary archive.
Write ShapeDB Complete: Time (s): cpu = 00:00:00 ; elapsed = 00:00:00 . Memory (MB): peak = 2858.590 ; gain = 0.000 ; free physical = 715 ; free virtual = 10680
INFO: [Common 17-1381] The checkpoint '/home/dmas/robot_dreams/robot-dreams-code-fpga/task7-3/task7-3.runs/impl_1/expr_plain_top_opt.dcp' has been generated.
Command: place_design
Attempting to get a license for feature 'Implementation' and/or device 'xc7z020'
INFO: [Common 17-349] Got license for feature 'Implementation' and/or device 'xc7z020'
INFO: [Common 17-83] Releasing license: Implementation
INFO: [DRC 23-27] Running DRC with 8 threads
INFO: [Vivado_Tcl 4-198] DRC finished with 0 Errors
INFO: [Vivado_Tcl 4-199] Please refer to the DRC report (report_drc) for more information.
INFO: [Timing 38-35] Done setting XDC timing constraints.
Running DRC as a precondition to command place_design
INFO: [DRC 23-27] Running DRC with 8 threads
INFO: [Vivado_Tcl 4-198] DRC finished with 0 Errors
INFO: [Vivado_Tcl 4-199] Please refer to the DRC report (report_drc) for more information.
INFO: [Place 30-611] Multithreading enabled for place_design using a maximum of 8 CPUs

Starting Placer Task

Phase 1 Placer Initialization

Phase 1.1 Placer Initialization Netlist Sorting
Netlist sorting complete. Time (s): cpu = 00:00:00 ; elapsed = 00:00:00 . Memory (MB): peak = 2858.590 ; gain = 0.000 ; free physical = 727 ; free virtual = 10692
Phase 1.1 Placer Initialization Netlist Sorting | Checksum: dd79653f

Time (s): cpu = 00:00:00 ; elapsed = 00:00:00 . Memory (MB): peak = 2858.590 ; gain = 0.000 ; free physical = 727 ; free virtual = 10692
Netlist sorting complete. Time (s): cpu = 00:00:00 ; elapsed = 00:00:00 . Memory (MB): peak = 2858.590 ; gain = 0.000 ; free physical = 727 ; free virtual = 10692

Phase 1.2 IO Placement/ Clock Placement/ Build Placer Device
Phase 1.2 IO Placement/ Clock Placement/ Build Placer Device | Checksum: 1a2aefee2

Time (s): cpu = 00:00:00.25 ; elapsed = 00:00:00.11 . Memory (MB): peak = 2914.617 ; gain = 56.027 ; free physical = 727 ; free virtual = 10693

Phase 1.3 Build Placer Netlist Model
Phase 1.3 Build Placer Netlist Model | Checksum: 1f5da31ac

Time (s): cpu = 00:00:00.37 ; elapsed = 00:00:00.16 . Memory (MB): peak = 2946.633 ; gain = 88.043 ; free physical = 728 ; free virtual = 10693

Phase 1.4 Constrain Clocks/Macros
Phase 1.4 Constrain Clocks/Macros | Checksum: 1f5da31ac

Time (s): cpu = 00:00:00.37 ; elapsed = 00:00:00.16 . Memory (MB): peak = 2946.633 ; gain = 88.043 ; free physical = 728 ; free virtual = 10693
Phase 1 Placer Initialization | Checksum: 1f5da31ac

Time (s): cpu = 00:00:00.37 ; elapsed = 00:00:00.16 . Memory (MB): peak = 2946.633 ; gain = 88.043 ; free physical = 728 ; free virtual = 10693

Phase 2 Global Placement

Phase 2.1 Floorplanning
Phase 2.1 Floorplanning | Checksum: 1da80bf49

Time (s): cpu = 00:00:00.5 ; elapsed = 00:00:00.2 . Memory (MB): peak = 2946.633 ; gain = 88.043 ; free physical = 724 ; free virtual = 10690

Phase 2.2 Update Timing before SLR Path Opt
Phase 2.2 Update Timing before SLR Path Opt | Checksum: 29494a137

Time (s): cpu = 00:00:00.54 ; elapsed = 00:00:00.21 . Memory (MB): peak = 2946.633 ; gain = 88.043 ; free physical = 758 ; free virtual = 10724

Phase 2.3 Post-Processing in Floorplanning
Phase 2.3 Post-Processing in Floorplanning | Checksum: 29494a137

Time (s): cpu = 00:00:00.54 ; elapsed = 00:00:00.21 . Memory (MB): peak = 2946.633 ; gain = 88.043 ; free physical = 758 ; free virtual = 10724

Phase 2.4 Global Place Phase1
Phase 2.4 Global Place Phase1 | Checksum: 1deb0b28b

Time (s): cpu = 00:00:01 ; elapsed = 00:00:00.44 . Memory (MB): peak = 2946.633 ; gain = 88.043 ; free physical = 806 ; free virtual = 10770

Phase 2.5 Global Place Phase2

Phase 2.5.1 UpdateTiming Before Physical Synthesis
Phase 2.5.1 UpdateTiming Before Physical Synthesis | Checksum: 20d970b7e

Time (s): cpu = 00:00:01 ; elapsed = 00:00:00.48 . Memory (MB): peak = 2946.633 ; gain = 88.043 ; free physical = 810 ; free virtual = 10774

Phase 2.5.2 Physical Synthesis In Placer
INFO: [Physopt 32-1035] Found 0 LUTNM shape to break, 10 LUT instances to create LUTNM shape
INFO: [Physopt 32-1044] Break lutnm for timing: one critical 0, two critical 0, total 0, new lutff created 0
INFO: [Physopt 32-1138] End 1 Pass. Optimized 5 nets or LUTs. Breaked 0 LUT, combined 5 existing LUTs and moved 0 existing LUT
INFO: [Physopt 32-65] No nets found for high-fanout optimization.
INFO: [Physopt 32-232] Optimized 0 net. Created 0 new instance.
INFO: [Physopt 32-775] End 1 Pass. Optimized 0 net or cell. Created 0 new cell, deleted 0 existing cell and moved 0 existing cell
INFO: [Physopt 32-456] No candidate cells for DSP register optimization found in the design.
INFO: [Physopt 32-775] End 2 Pass. Optimized 0 net or cell. Created 0 new cell, deleted 0 existing cell and moved 0 existing cell
INFO: [Physopt 32-1123] No candidate cells found for Shift Register to Pipeline optimization
INFO: [Physopt 32-775] End 2 Pass. Optimized 0 net or cell. Created 0 new cell, deleted 0 existing cell and moved 0 existing cell
INFO: [Physopt 32-1401] No candidate cells found for Shift Register optimization.
INFO: [Physopt 32-677] No candidate cells for Shift Register optimization found in the design
INFO: [Physopt 32-775] End 1 Pass. Optimized 0 net or cell. Created 0 new cell, deleted 0 existing cell and moved 0 existing cell
INFO: [Physopt 32-526] No candidate cells for BRAM register optimization found in the design
INFO: [Physopt 32-775] End 1 Pass. Optimized 0 net or cell. Created 0 new cell, deleted 0 existing cell and moved 0 existing cell
INFO: [Physopt 32-846] No candidate cells for URAM register optimization found in the design
INFO: [Physopt 32-775] End 1 Pass. Optimized 0 net or cell. Created 0 new cell, deleted 0 existing cell and moved 0 existing cell
INFO: [Physopt 32-846] No candidate cells for URAM register optimization found in the design
INFO: [Physopt 32-775] End 1 Pass. Optimized 0 net or cell. Created 0 new cell, deleted 0 existing cell and moved 0 existing cell
INFO: [Physopt 32-949] No candidate nets found for dynamic/static region interface net replication
INFO: [Physopt 32-775] End 1 Pass. Optimized 0 net or cell. Created 0 new cell, deleted 0 existing cell and moved 0 existing cell
Netlist sorting complete. Time (s): cpu = 00:00:00 ; elapsed = 00:00:00 . Memory (MB): peak = 2946.633 ; gain = 0.000 ; free physical = 809 ; free virtual = 10773

Summary of Physical Synthesis Optimizations
============================================


-----------------------------------------------------------------------------------------------------------------------------------------------------------
|  Optimization                                     |  Added Cells  |  Removed Cells  |  Optimized Cells/Nets  |  Dont Touch  |  Iterations  |  Elapsed   |
-----------------------------------------------------------------------------------------------------------------------------------------------------------
|  LUT Combining                                    |            0  |              5  |                     5  |           0  |           1  |  00:00:00  |
|  Retime                                           |            0  |              0  |                     0  |           0  |           1  |  00:00:00  |
|  Very High Fanout                                 |            0  |              0  |                     0  |           0  |           1  |  00:00:00  |
|  DSP Register                                     |            0  |              0  |                     0  |           0  |           1  |  00:00:00  |
|  Shift Register to Pipeline                       |            0  |              0  |                     0  |           0  |           1  |  00:00:00  |
|  Shift Register                                   |            0  |              0  |                     0  |           0  |           1  |  00:00:00  |
|  BRAM Register                                    |            0  |              0  |                     0  |           0  |           1  |  00:00:00  |
|  URAM Register                                    |            0  |              0  |                     0  |           0  |           1  |  00:00:00  |
|  Dynamic/Static Region Interface Net Replication  |            0  |              0  |                     0  |           0  |           1  |  00:00:00  |
|  Total                                            |            0  |              5  |                     5  |           0  |           9  |  00:00:00  |
-----------------------------------------------------------------------------------------------------------------------------------------------------------


Phase 2.5.2 Physical Synthesis In Placer | Checksum: 2532f97ea

Time (s): cpu = 00:00:01 ; elapsed = 00:00:00.62 . Memory (MB): peak = 2946.633 ; gain = 88.043 ; free physical = 809 ; free virtual = 10773
Phase 2.5 Global Place Phase2 | Checksum: 260ce83fa

Time (s): cpu = 00:00:02 ; elapsed = 00:00:00.66 . Memory (MB): peak = 2946.633 ; gain = 88.043 ; free physical = 809 ; free virtual = 10773
Phase 2 Global Placement | Checksum: 260ce83fa

Time (s): cpu = 00:00:02 ; elapsed = 00:00:00.66 . Memory (MB): peak = 2946.633 ; gain = 88.043 ; free physical = 809 ; free virtual = 10773

Phase 3 Detail Placement

Phase 3.1 Commit Multi Column Macros
Phase 3.1 Commit Multi Column Macros | Checksum: 265af8a93

Time (s): cpu = 00:00:02 ; elapsed = 00:00:00.68 . Memory (MB): peak = 2946.633 ; gain = 88.043 ; free physical = 809 ; free virtual = 10773

Phase 3.2 Commit Most Macros & LUTRAMs
Phase 3.2 Commit Most Macros & LUTRAMs | Checksum: 1d3ae44cf

Time (s): cpu = 00:00:02 ; elapsed = 00:00:00.72 . Memory (MB): peak = 2953.660 ; gain = 95.070 ; free physical = 808 ; free virtual = 10772

Phase 3.3 Area Swap Optimization
Phase 3.3 Area Swap Optimization | Checksum: 1cd5257b8

Time (s): cpu = 00:00:02 ; elapsed = 00:00:00.73 . Memory (MB): peak = 2953.660 ; gain = 95.070 ; free physical = 808 ; free virtual = 10772

Phase 3.4 Pipeline Register Optimization
Phase 3.4 Pipeline Register Optimization | Checksum: 1b7b5e8f8

Time (s): cpu = 00:00:02 ; elapsed = 00:00:00.73 . Memory (MB): peak = 2953.660 ; gain = 95.070 ; free physical = 808 ; free virtual = 10772

Phase 3.5 Fast Optimization
Phase 3.5 Fast Optimization | Checksum: 14d750f4b

Time (s): cpu = 00:00:02 ; elapsed = 00:00:00.86 . Memory (MB): peak = 2953.660 ; gain = 95.070 ; free physical = 801 ; free virtual = 10765

Phase 3.6 Small Shape Detail Placement
Phase 3.6 Small Shape Detail Placement | Checksum: 22722b66a

Time (s): cpu = 00:00:02 ; elapsed = 00:00:00.95 . Memory (MB): peak = 2953.660 ; gain = 95.070 ; free physical = 800 ; free virtual = 10764

Phase 3.7 Re-assign LUT pins
Phase 3.7 Re-assign LUT pins | Checksum: 1d4f752c7

Time (s): cpu = 00:00:02 ; elapsed = 00:00:00.96 . Memory (MB): peak = 2953.660 ; gain = 95.070 ; free physical = 800 ; free virtual = 10764

Phase 3.8 Pipeline Register Optimization
Phase 3.8 Pipeline Register Optimization | Checksum: 173253eee

Time (s): cpu = 00:00:02 ; elapsed = 00:00:00.96 . Memory (MB): peak = 2953.660 ; gain = 95.070 ; free physical = 800 ; free virtual = 10764

Phase 3.9 Fast Optimization
Phase 3.9 Fast Optimization | Checksum: 1c06e4917

Time (s): cpu = 00:00:02 ; elapsed = 00:00:01 . Memory (MB): peak = 2953.660 ; gain = 95.070 ; free physical = 795 ; free virtual = 10759
Phase 3 Detail Placement | Checksum: 1c06e4917

Time (s): cpu = 00:00:02 ; elapsed = 00:00:01 . Memory (MB): peak = 2953.660 ; gain = 95.070 ; free physical = 795 ; free virtual = 10759

Phase 4 Post Placement Optimization and Clean-Up

Phase 4.1 Post Commit Optimization
INFO: [Timing 38-35] Done setting XDC timing constraints.

Phase 4.1.1 Post Placement Optimization
Post Placement Optimization Initialization | Checksum: 17a13de9f

Phase 4.1.1.1 BUFG Insertion

Starting Physical Synthesis Task

Phase 1 Physical Synthesis Initialization
INFO: [Physopt 32-721] Multithreading enabled for phys_opt_design using a maximum of 8 CPUs
INFO: [Physopt 32-619] Estimated Timing Summary | WNS=-2.423 | TNS=-20.449 |
Phase 1 Physical Synthesis Initialization | Checksum: 1a78c08b9

Time (s): cpu = 00:00:00.01 ; elapsed = 00:00:00 . Memory (MB): peak = 2953.660 ; gain = 0.000 ; free physical = 807 ; free virtual = 10771
INFO: [Place 46-56] BUFG insertion identified 0 candidate nets. Inserted BUFG: 0, Replicated BUFG Driver: 0, Skipped due to Placement/Routing Conflicts: 0, Skipped due to Timing Degradation: 0, Skipped due to netlist editing failed: 0.
Ending Physical Synthesis Task | Checksum: 1630f0b0f

Time (s): cpu = 00:00:00.01 ; elapsed = 00:00:00.01 . Memory (MB): peak = 2953.660 ; gain = 0.000 ; free physical = 807 ; free virtual = 10771
Phase 4.1.1.1 BUFG Insertion | Checksum: 17a13de9f

Time (s): cpu = 00:00:03 ; elapsed = 00:00:01 . Memory (MB): peak = 2953.660 ; gain = 95.070 ; free physical = 807 ; free virtual = 10771

Phase 4.1.1.2 Post Placement Timing Optimization
INFO: [Place 30-746] Post Placement Timing Summary WNS=-1.859. For the most accurate timing information please run report_timing.
Phase 4.1.1.2 Post Placement Timing Optimization | Checksum: 18109e76f

Time (s): cpu = 00:00:06 ; elapsed = 00:00:04 . Memory (MB): peak = 2953.660 ; gain = 95.070 ; free physical = 837 ; free virtual = 10801

Time (s): cpu = 00:00:06 ; elapsed = 00:00:04 . Memory (MB): peak = 2953.660 ; gain = 95.070 ; free physical = 837 ; free virtual = 10801
Phase 4.1 Post Commit Optimization | Checksum: 18109e76f

Time (s): cpu = 00:00:06 ; elapsed = 00:00:04 . Memory (MB): peak = 2953.660 ; gain = 95.070 ; free physical = 837 ; free virtual = 10801

Phase 4.2 Post Placement Cleanup
Phase 4.2 Post Placement Cleanup | Checksum: 18109e76f

Time (s): cpu = 00:00:06 ; elapsed = 00:00:04 . Memory (MB): peak = 2953.660 ; gain = 95.070 ; free physical = 837 ; free virtual = 10801

Phase 4.3 Placer Reporting

Phase 4.3.1 Print Estimated Congestion
INFO: [Place 30-612] Post-Placement Estimated Congestion 
 ____________________________________________________
|           | Global Congestion | Short Congestion  |
| Direction | Region Size       | Region Size       |
|___________|___________________|___________________|
|      North|                1x1|                1x1|
|___________|___________________|___________________|
|      South|                1x1|                1x1|
|___________|___________________|___________________|
|       East|                1x1|                1x1|
|___________|___________________|___________________|
|       West|                1x1|                1x1|
|___________|___________________|___________________|

Phase 4.3.1 Print Estimated Congestion | Checksum: 18109e76f

Time (s): cpu = 00:00:06 ; elapsed = 00:00:04 . Memory (MB): peak = 2953.660 ; gain = 95.070 ; free physical = 837 ; free virtual = 10801
Phase 4.3 Placer Reporting | Checksum: 18109e76f

Time (s): cpu = 00:00:06 ; elapsed = 00:00:04 . Memory (MB): peak = 2953.660 ; gain = 95.070 ; free physical = 837 ; free virtual = 10801

Phase 4.4 Final Placement Cleanup
Netlist sorting complete. Time (s): cpu = 00:00:00 ; elapsed = 00:00:00 . Memory (MB): peak = 2953.660 ; gain = 0.000 ; free physical = 837 ; free virtual = 10801

Time (s): cpu = 00:00:06 ; elapsed = 00:00:04 . Memory (MB): peak = 2953.660 ; gain = 95.070 ; free physical = 837 ; free virtual = 10801
Phase 4 Post Placement Optimization and Clean-Up | Checksum: 1b1e28448

Time (s): cpu = 00:00:06 ; elapsed = 00:00:04 . Memory (MB): peak = 2953.660 ; gain = 95.070 ; free physical = 837 ; free virtual = 10801
Ending Placer Task | Checksum: f570cc29

Time (s): cpu = 00:00:06 ; elapsed = 00:00:04 . Memory (MB): peak = 2953.660 ; gain = 95.070 ; free physical = 837 ; free virtual = 10801
72 Infos, 0 Warnings, 0 Critical Warnings and 0 Errors encountered.
place_design completed successfully
INFO: [Vivado 12-24838] Running report commands "report_control_sets, report_io, report_utilization" in parallel.
Running report generation with 3 threads.
INFO: [Vivado 12-24828] Executing command : report_control_sets -verbose -file expr_plain_top_control_sets_placed.rpt
report_control_sets: Time (s): cpu = 00:00:00.02 ; elapsed = 00:00:00.07 . Memory (MB): peak = 2953.660 ; gain = 0.000 ; free physical = 832 ; free virtual = 10796
INFO: [Vivado 12-24828] Executing command : report_utilization -file expr_plain_top_utilization_placed.rpt -pb expr_plain_top_utilization_placed.pb
INFO: [Vivado 12-24828] Executing command : report_io -file expr_plain_top_io_placed.rpt
report_io: Time (s): cpu = 00:00:00.11 ; elapsed = 00:00:00.15 . Memory (MB): peak = 2953.660 ; gain = 0.000 ; free physical = 826 ; free virtual = 10789
INFO: [Timing 38-480] Writing timing data to binary archive.
Wrote PlaceDB: Time (s): cpu = 00:00:00 ; elapsed = 00:00:00 . Memory (MB): peak = 2953.660 ; gain = 0.000 ; free physical = 829 ; free virtual = 10793
Wrote PulsedLatchDB: Time (s): cpu = 00:00:00 ; elapsed = 00:00:00 . Memory (MB): peak = 2953.660 ; gain = 0.000 ; free physical = 829 ; free virtual = 10793
Writing XDEF routing.
Write ShapeDB Complete: Time (s): cpu = 00:00:00.01 ; elapsed = 00:00:00 . Memory (MB): peak = 2953.660 ; gain = 0.000 ; free physical = 829 ; free virtual = 10793
Writing XDEF routing logical nets.
Writing XDEF routing special nets.
Wrote RouteStorage: Time (s): cpu = 00:00:00.02 ; elapsed = 00:00:00.01 . Memory (MB): peak = 2953.660 ; gain = 0.000 ; free physical = 829 ; free virtual = 10793
Wrote PlaceStorage: Time (s): cpu = 00:00:00.01 ; elapsed = 00:00:00.01 . Memory (MB): peak = 2953.660 ; gain = 0.000 ; free physical = 829 ; free virtual = 10793
Wrote Netlist Cache: Time (s): cpu = 00:00:00 ; elapsed = 00:00:00 . Memory (MB): peak = 2953.660 ; gain = 0.000 ; free physical = 829 ; free virtual = 10793
Wrote Device Cache: Time (s): cpu = 00:00:00.01 ; elapsed = 00:00:00 . Memory (MB): peak = 2953.660 ; gain = 0.000 ; free physical = 828 ; free virtual = 10793
Write Physdb Complete: Time (s): cpu = 00:00:00.05 ; elapsed = 00:00:00.02 . Memory (MB): peak = 2953.660 ; gain = 0.000 ; free physical = 828 ; free virtual = 10793
INFO: [Common 17-1381] The checkpoint '/home/dmas/robot_dreams/robot-dreams-code-fpga/task7-3/task7-3.runs/impl_1/expr_plain_top_placed.dcp' has been generated.
Command: phys_opt_design
Attempting to get a license for feature 'Implementation' and/or device 'xc7z020'
INFO: [Common 17-349] Got license for feature 'Implementation' and/or device 'xc7z020'

Starting Initial Update Timing Task

Time (s): cpu = 00:00:00.02 ; elapsed = 00:00:00.02 . Memory (MB): peak = 2953.660 ; gain = 0.000 ; free physical = 820 ; free virtual = 10784
INFO: [Vivado_Tcl 4-1435] PhysOpt_Tcl_Interface Runtime Before Starting Physical Synthesis Task | CPU: 0.04s |  WALL: 0.02s
Netlist sorting complete. Time (s): cpu = 00:00:00 ; elapsed = 00:00:00 . Memory (MB): peak = 2953.660 ; gain = 0.000 ; free physical = 820 ; free virtual = 10784

Starting Physical Synthesis Task

Phase 1 Physical Synthesis Initialization
INFO: [Physopt 32-721] Multithreading enabled for phys_opt_design using a maximum of 8 CPUs
INFO: [Physopt 32-619] Estimated Timing Summary | WNS=-1.859 | TNS=-13.870 |
Phase 1 Physical Synthesis Initialization | Checksum: 1bc14e704

Time (s): cpu = 00:00:00.13 ; elapsed = 00:00:00.06 . Memory (MB): peak = 2953.660 ; gain = 0.000 ; free physical = 820 ; free virtual = 10784
INFO: [Physopt 32-619] Estimated Timing Summary | WNS=-1.859 | TNS=-13.870 |

Phase 2 DSP Register Optimization
INFO: [Physopt 32-456] No candidate cells for DSP register optimization found in the design.
INFO: [Physopt 32-775] End 2 Pass. Optimized 0 net or cell. Created 0 new cell, deleted 0 existing cell and moved 0 existing cell
Phase 2 DSP Register Optimization | Checksum: 1bc14e704

Time (s): cpu = 00:00:00.13 ; elapsed = 00:00:00.06 . Memory (MB): peak = 2953.660 ; gain = 0.000 ; free physical = 820 ; free virtual = 10784

Phase 3 Critical Path Optimization
INFO: [Physopt 32-619] Estimated Timing Summary | WNS=-1.859 | TNS=-13.870 |
INFO: [Physopt 32-702] Processed net result_OBUF[13]. Optimizations did not improve timing on the net.
INFO: [Physopt 32-702] Processed net a_reg[0]. Optimizations did not improve timing on the net.
INFO: [Physopt 32-702] Processed net result_reg[11]_i_1_n_0. Optimizations did not improve timing on the net.
INFO: [Physopt 32-702] Processed net result[11]_i_3_n_0. Optimizations did not improve timing on the net.
INFO: [Physopt 32-702] Processed net result1[11]. Optimizations did not improve timing on the net.
INFO: [Physopt 32-702] Processed net result_reg[11]_i_2_n_0. Optimizations did not improve timing on the net.
INFO: [Physopt 32-702] Processed net result[11]_i_7_n_0. Optimizations did not improve timing on the net.
INFO: [Physopt 32-710] Processed net result[11]_i_7_n_0. Critical path length was reduced through logic transformation on cell result[11]_i_7_comp.
INFO: [Physopt 32-735] Processed net result[11]_i_16_n_0. Optimization improves timing on the net.
INFO: [Physopt 32-619] Estimated Timing Summary | WNS=-1.759 | TNS=-13.470 |
INFO: [Physopt 32-702] Processed net result_reg[15]_i_23_n_6. Optimizations did not improve timing on the net.
INFO: [Physopt 32-702] Processed net result_reg[7]_i_8_n_0. Optimizations did not improve timing on the net.
INFO: [Physopt 32-608] Optimized 1 net.  Swapped 26 pins.
INFO: [Physopt 32-735] Processed net result[7]_i_21_n_0. Optimization improves timing on the net.
INFO: [Physopt 32-619] Estimated Timing Summary | WNS=-1.645 | TNS=-12.389 |
INFO: [Physopt 32-702] Processed net result[7]_i_21_n_0. Optimizations did not improve timing on the net.
INFO: [Physopt 32-608] Optimized 1 net.  Swapped 20 pins.
INFO: [Physopt 32-735] Processed net result[7]_i_17_n_0. Optimization improves timing on the net.
INFO: [Physopt 32-619] Estimated Timing Summary | WNS=-1.628 | TNS=-12.129 |
INFO: [Physopt 32-608] Optimized 1 net.  Swapped 26 pins.
INFO: [Physopt 32-735] Processed net result[7]_i_18_n_0. Optimization improves timing on the net.
INFO: [Physopt 32-619] Estimated Timing Summary | WNS=-1.606 | TNS=-11.981 |
INFO: [Physopt 32-702] Processed net result[11]_i_9_n_0. Optimizations did not improve timing on the net.
INFO: [Physopt 32-81] Processed net result[11]_i_19_n_0. Replicated 1 times.
INFO: [Physopt 32-735] Processed net result[11]_i_19_n_0. Optimization improves timing on the net.
INFO: [Physopt 32-619] Estimated Timing Summary | WNS=-1.599 | TNS=-11.934 |
INFO: [Physopt 32-710] Processed net result[11]_i_9_n_0. Critical path length was reduced through logic transformation on cell result[11]_i_9_comp.
INFO: [Physopt 32-735] Processed net result[11]_i_19_n_0. Optimization improves timing on the net.
INFO: [Physopt 32-619] Estimated Timing Summary | WNS=-1.587 | TNS=-11.715 |
INFO: [Physopt 32-663] Processed net result[11]_i_16_n_0.  Re-placed instance result[11]_i_16_comp_1
INFO: [Physopt 32-735] Processed net result[11]_i_16_n_0. Optimization improves timing on the net.
INFO: [Physopt 32-619] Estimated Timing Summary | WNS=-1.551 | TNS=-11.571 |
INFO: [Physopt 32-702] Processed net result[7]_i_18_n_0. Optimizations did not improve timing on the net.
INFO: [Physopt 32-608] Optimized 1 net.  Swapped 16 pins.
INFO: [Physopt 32-735] Processed net result[7]_i_14_n_0. Optimization improves timing on the net.
INFO: [Physopt 32-619] Estimated Timing Summary | WNS=-1.531 | TNS=-11.431 |
INFO: [Physopt 32-702] Processed net result[7]_i_14_n_0. Optimizations did not improve timing on the net.
INFO: [Physopt 32-702] Processed net result2[6]. Optimizations did not improve timing on the net.
INFO: [Physopt 32-702] Processed net result_reg[11]_i_17_n_0. Optimizations did not improve timing on the net.
INFO: [Physopt 32-702] Processed net result[11]_i_30_n_0. Optimizations did not improve timing on the net.
INFO: [Physopt 32-702] Processed net result00_out[13]. Optimizations did not improve timing on the net.
INFO: [Physopt 32-702] Processed net clk_IBUF. Optimizations did not improve timing on the net.
INFO: [Physopt 32-702] Processed net clk. Optimizations did not improve timing on the net.
INFO: [Physopt 32-702] Processed net result_OBUF[13]. Optimizations did not improve timing on the net.
INFO: [Physopt 32-702] Processed net a_reg[0]. Optimizations did not improve timing on the net.
INFO: [Physopt 32-702] Processed net result[11]_i_3_n_0. Optimizations did not improve timing on the net.
INFO: [Physopt 32-702] Processed net result1[11]. Optimizations did not improve timing on the net.
INFO: [Physopt 32-608] Optimized 1 net.  Swapped 20 pins.
INFO: [Physopt 32-735] Processed net result[11]_i_7_n_0. Optimization improves timing on the net.
INFO: [Physopt 32-619] Estimated Timing Summary | WNS=-1.524 | TNS=-11.403 |
INFO: [Physopt 32-702] Processed net result[11]_i_7_n_0. Optimizations did not improve timing on the net.
INFO: [Physopt 32-702] Processed net result[11]_i_16_n_0. Optimizations did not improve timing on the net.
INFO: [Physopt 32-702] Processed net result_reg[15]_i_22_n_5. Optimizations did not improve timing on the net.
INFO: [Physopt 32-608] Optimized 1 net.  Swapped 26 pins.
INFO: [Physopt 32-735] Processed net result[15]_i_57_n_0. Optimization improves timing on the net.
INFO: [Physopt 32-619] Estimated Timing Summary | WNS=-1.522 | TNS=-11.395 |
INFO: [Physopt 32-702] Processed net result[11]_i_9_n_0. Optimizations did not improve timing on the net.
INFO: [Physopt 32-702] Processed net result[11]_i_19_n_0. Optimizations did not improve timing on the net.
INFO: [Physopt 32-702] Processed net result_reg[15]_i_23_n_7. Optimizations did not improve timing on the net.
INFO: [Physopt 32-702] Processed net result[7]_i_18_n_0. Optimizations did not improve timing on the net.
INFO: [Physopt 32-702] Processed net result[7]_i_14_n_0. Optimizations did not improve timing on the net.
INFO: [Physopt 32-702] Processed net result2[6]. Optimizations did not improve timing on the net.
INFO: [Physopt 32-702] Processed net result[11]_i_30_n_0. Optimizations did not improve timing on the net.
INFO: [Physopt 32-702] Processed net result00_out[13]. Optimizations did not improve timing on the net.
INFO: [Physopt 32-702] Processed net clk_IBUF. Optimizations did not improve timing on the net.
INFO: [Physopt 32-702] Processed net clk. Optimizations did not improve timing on the net.
INFO: [Physopt 32-619] Estimated Timing Summary | WNS=-1.522 | TNS=-11.395 |
Netlist sorting complete. Time (s): cpu = 00:00:00 ; elapsed = 00:00:00 . Memory (MB): peak = 2953.660 ; gain = 0.000 ; free physical = 810 ; free virtual = 10774
Phase 3 Critical Path Optimization | Checksum: 1fb8891b4

Time (s): cpu = 00:00:02 ; elapsed = 00:00:00.78 . Memory (MB): peak = 2953.660 ; gain = 0.000 ; free physical = 810 ; free virtual = 10774

Phase 4 Critical Path Optimization
INFO: [Physopt 32-619] Estimated Timing Summary | WNS=-1.522 | TNS=-11.395 |
INFO: [Physopt 32-702] Processed net result_OBUF[13]. Optimizations did not improve timing on the net.
INFO: [Physopt 32-702] Processed net a_reg[0]. Optimizations did not improve timing on the net.
INFO: [Physopt 32-702] Processed net result_reg[11]_i_1_n_0. Optimizations did not improve timing on the net.
INFO: [Physopt 32-702] Processed net result[11]_i_3_n_0. Optimizations did not improve timing on the net.
INFO: [Physopt 32-702] Processed net result1[11]. Optimizations did not improve timing on the net.
INFO: [Physopt 32-702] Processed net result_reg[11]_i_2_n_0. Optimizations did not improve timing on the net.
INFO: [Physopt 32-702] Processed net result[11]_i_9_n_0. Optimizations did not improve timing on the net.
INFO: [Physopt 32-702] Processed net result[11]_i_19_n_0. Optimizations did not improve timing on the net.
INFO: [Physopt 32-702] Processed net result_reg[15]_i_23_n_7. Optimizations did not improve timing on the net.
INFO: [Physopt 32-702] Processed net result_reg[7]_i_8_n_0. Optimizations did not improve timing on the net.
INFO: [Physopt 32-702] Processed net result[7]_i_18_n_0. Optimizations did not improve timing on the net.
INFO: [Physopt 32-702] Processed net result[7]_i_14_n_0. Optimizations did not improve timing on the net.
INFO: [Physopt 32-702] Processed net result2[6]. Optimizations did not improve timing on the net.
INFO: [Physopt 32-702] Processed net result_reg[11]_i_17_n_0. Optimizations did not improve timing on the net.
INFO: [Physopt 32-702] Processed net result[11]_i_30_n_0. Optimizations did not improve timing on the net.
INFO: [Physopt 32-702] Processed net result00_out[13]. Optimizations did not improve timing on the net.
INFO: [Physopt 32-702] Processed net clk_IBUF. Optimizations did not improve timing on the net.
INFO: [Physopt 32-702] Processed net clk. Optimizations did not improve timing on the net.
INFO: [Physopt 32-702] Processed net result_OBUF[13]. Optimizations did not improve timing on the net.
INFO: [Physopt 32-702] Processed net a_reg[0]. Optimizations did not improve timing on the net.
INFO: [Physopt 32-702] Processed net result[11]_i_3_n_0. Optimizations did not improve timing on the net.
INFO: [Physopt 32-702] Processed net result1[11]. Optimizations did not improve timing on the net.
INFO: [Physopt 32-702] Processed net result[11]_i_9_n_0. Optimizations did not improve timing on the net.
INFO: [Physopt 32-702] Processed net result[11]_i_19_n_0. Optimizations did not improve timing on the net.
INFO: [Physopt 32-702] Processed net result_reg[15]_i_23_n_7. Optimizations did not improve timing on the net.
INFO: [Physopt 32-702] Processed net result[7]_i_18_n_0. Optimizations did not improve timing on the net.
INFO: [Physopt 32-702] Processed net result[7]_i_14_n_0. Optimizations did not improve timing on the net.
INFO: [Physopt 32-702] Processed net result2[6]. Optimizations did not improve timing on the net.
INFO: [Physopt 32-702] Processed net result[11]_i_30_n_0. Optimizations did not improve timing on the net.
INFO: [Physopt 32-702] Processed net result00_out[13]. Optimizations did not improve timing on the net.
INFO: [Physopt 32-702] Processed net clk_IBUF. Optimizations did not improve timing on the net.
INFO: [Physopt 32-702] Processed net clk. Optimizations did not improve timing on the net.
INFO: [Physopt 32-619] Estimated Timing Summary | WNS=-1.522 | TNS=-11.395 |
Netlist sorting complete. Time (s): cpu = 00:00:00 ; elapsed = 00:00:00 . Memory (MB): peak = 2953.660 ; gain = 0.000 ; free physical = 812 ; free virtual = 10776
Phase 4 Critical Path Optimization | Checksum: 1fb8891b4

Time (s): cpu = 00:00:03 ; elapsed = 00:00:01 . Memory (MB): peak = 2953.660 ; gain = 0.000 ; free physical = 812 ; free virtual = 10776
Netlist sorting complete. Time (s): cpu = 00:00:00 ; elapsed = 00:00:00 . Memory (MB): peak = 2953.660 ; gain = 0.000 ; free physical = 812 ; free virtual = 10776
INFO: [Physopt 32-603] Post Physical Optimization Timing Summary | WNS=-1.522 | TNS=-11.395 |

Summary of Physical Synthesis Optimizations
============================================


-------------------------------------------------------------------------------------------------------------------------------------------------------------
|  Optimization   |  WNS Gain (ns)  |  TNS Gain (ns)  |  Added Cells  |  Removed Cells  |  Optimized Cells/Nets  |  Dont Touch  |  Iterations  |  Elapsed   |
-------------------------------------------------------------------------------------------------------------------------------------------------------------
|  DSP Register   |          0.000  |          0.000  |            0  |              0  |                     0  |           0  |           1  |  00:00:00  |
|  Critical Path  |          0.337  |          2.475  |            1  |              0  |                    10  |           0  |           2  |  00:00:01  |
|  Total          |          0.337  |          2.475  |            1  |              0  |                    10  |           0  |           3  |  00:00:01  |
-------------------------------------------------------------------------------------------------------------------------------------------------------------


Netlist sorting complete. Time (s): cpu = 00:00:00 ; elapsed = 00:00:00 . Memory (MB): peak = 2953.660 ; gain = 0.000 ; free physical = 812 ; free virtual = 10776
Ending Physical Synthesis Task | Checksum: 16fc94f29

Time (s): cpu = 00:00:03 ; elapsed = 00:00:01 . Memory (MB): peak = 2953.660 ; gain = 0.000 ; free physical = 812 ; free virtual = 10776
INFO: [Common 17-83] Releasing license: Implementation
189 Infos, 0 Warnings, 0 Critical Warnings and 0 Errors encountered.
phys_opt_design completed successfully
INFO: [Timing 38-480] Writing timing data to binary archive.
Wrote PlaceDB: Time (s): cpu = 00:00:00 ; elapsed = 00:00:00 . Memory (MB): peak = 2953.660 ; gain = 0.000 ; free physical = 814 ; free virtual = 10778
Write ShapeDB Complete: Time (s): cpu = 00:00:00 ; elapsed = 00:00:00 . Memory (MB): peak = 2953.660 ; gain = 0.000 ; free physical = 814 ; free virtual = 10778
Wrote PulsedLatchDB: Time (s): cpu = 00:00:00 ; elapsed = 00:00:00 . Memory (MB): peak = 2953.660 ; gain = 0.000 ; free physical = 814 ; free virtual = 10778
Writing XDEF routing.
Writing XDEF routing logical nets.
Writing XDEF routing special nets.
Wrote RouteStorage: Time (s): cpu = 00:00:00.02 ; elapsed = 00:00:00.01 . Memory (MB): peak = 2953.660 ; gain = 0.000 ; free physical = 813 ; free virtual = 10778
Wrote PlaceStorage: Time (s): cpu = 00:00:00.01 ; elapsed = 00:00:00 . Memory (MB): peak = 2953.660 ; gain = 0.000 ; free physical = 813 ; free virtual = 10778
Wrote Netlist Cache: Time (s): cpu = 00:00:00 ; elapsed = 00:00:00.01 . Memory (MB): peak = 2953.660 ; gain = 0.000 ; free physical = 813 ; free virtual = 10778
Wrote Device Cache: Time (s): cpu = 00:00:00.01 ; elapsed = 00:00:00 . Memory (MB): peak = 2953.660 ; gain = 0.000 ; free physical = 813 ; free virtual = 10778
Write Physdb Complete: Time (s): cpu = 00:00:00.04 ; elapsed = 00:00:00.02 . Memory (MB): peak = 2953.660 ; gain = 0.000 ; free physical = 813 ; free virtual = 10778
INFO: [Common 17-1381] The checkpoint '/home/dmas/robot_dreams/robot-dreams-code-fpga/task7-3/task7-3.runs/impl_1/expr_plain_top_physopt.dcp' has been generated.
Command: route_design
Attempting to get a license for feature 'Implementation' and/or device 'xc7z020'
INFO: [Common 17-349] Got license for feature 'Implementation' and/or device 'xc7z020'
INFO: [DRC 23-27] Running DRC with 8 threads
INFO: [Vivado_Tcl 4-198] DRC finished with 0 Errors
INFO: [Vivado_Tcl 4-199] Please refer to the DRC report (report_drc) for more information.


Starting Routing Task
INFO: [Route 35-254] Multithreading enabled for route_design using a maximum of 8 CPUs

Phase 1 Build RT Design
Checksum: PlaceDB: 280bf06 ConstDB: 0 ShapeSum: 5e528d37 RouteDB: 15f972f0
Post Restoration Checksum: NetGraph: 24a91200 | NumContArr: b344af22 | Constraints: c2a8fa9d | Timing: c2a8fa9d
Phase 1 Build RT Design | Checksum: 25d3fb65c

Time (s): cpu = 00:00:12 ; elapsed = 00:00:10 . Memory (MB): peak = 2953.660 ; gain = 0.000 ; free physical = 948 ; free virtual = 10898

Phase 2 Router Initialization

Phase 2.1 Fix Topology Constraints
Phase 2.1 Fix Topology Constraints | Checksum: 25d3fb65c

Time (s): cpu = 00:00:12 ; elapsed = 00:00:10 . Memory (MB): peak = 2953.660 ; gain = 0.000 ; free physical = 948 ; free virtual = 10898

Phase 2.2 Pre Route Cleanup
Phase 2.2 Pre Route Cleanup | Checksum: 25d3fb65c

Time (s): cpu = 00:00:12 ; elapsed = 00:00:10 . Memory (MB): peak = 2953.660 ; gain = 0.000 ; free physical = 948 ; free virtual = 10898
 Number of Nodes with overlaps = 0

Phase 2.3 Update Timing
Phase 2.3 Update Timing | Checksum: 1a3ce0304

Time (s): cpu = 00:00:12 ; elapsed = 00:00:10 . Memory (MB): peak = 2953.660 ; gain = 0.000 ; free physical = 947 ; free virtual = 10898
INFO: [Route 35-416] Intermediate Timing Summary | WNS=-1.396 | TNS=-10.047| WHS=-0.037 | THS=-0.074 |


Phase 2.4 Soft Constraint Pins - Fast Budgeting
Phase 2.4 Soft Constraint Pins - Fast Budgeting | Checksum: 1e400918c

Time (s): cpu = 00:00:12 ; elapsed = 00:00:10 . Memory (MB): peak = 2953.660 ; gain = 0.000 ; free physical = 948 ; free virtual = 10898

Router Utilization Summary
  Global Vertical Routing Utilization    = 0 %
  Global Horizontal Routing Utilization  = 0 %
  Routable Net Status*
  *Does not include unroutable nets such as driverless and loadless.
  Run report_route_status for detailed report.
  Number of Failed Nets               = 208
    (Failed Nets is the sum of unrouted and partially routed nets)
  Number of Unrouted Nets             = 208
  Number of Partially Routed Nets     = 0
  Number of Node Overlaps             = 0

Phase 2 Router Initialization | Checksum: 1f0d09186

Time (s): cpu = 00:00:12 ; elapsed = 00:00:10 . Memory (MB): peak = 2953.660 ; gain = 0.000 ; free physical = 948 ; free virtual = 10898

Phase 3 Global Routing
Phase 3 Global Routing | Checksum: 1f0d09186

Time (s): cpu = 00:00:12 ; elapsed = 00:00:10 . Memory (MB): peak = 2953.660 ; gain = 0.000 ; free physical = 948 ; free virtual = 10898

Phase 4 Initial Routing

Phase 4.1 Initial Net Routing Pass
Phase 4.1 Initial Net Routing Pass | Checksum: 2614438e2

Time (s): cpu = 00:00:12 ; elapsed = 00:00:10 . Memory (MB): peak = 2953.660 ; gain = 0.000 ; free physical = 950 ; free virtual = 10900
Phase 4 Initial Routing | Checksum: 2614438e2

Time (s): cpu = 00:00:12 ; elapsed = 00:00:10 . Memory (MB): peak = 2953.660 ; gain = 0.000 ; free physical = 950 ; free virtual = 10900
INFO: [Route 35-580] Design has 2 pins with tight setup and hold constraints.

The top 5 pins with tight setup and hold constraints:

+====================+===================+==================+
| Launch Setup Clock | Launch Hold Clock | Pin              |
+====================+===================+==================+
| sys_clk            | sys_clk           | result_reg[15]/D |
| sys_clk            | sys_clk           | result_reg[14]/D |
+--------------------+-------------------+------------------+

File with complete list of pins: tight_setup_hold_pins.txt


Phase 5 Rip-up And Reroute

Phase 5.1 Global Iteration 0
 Number of Nodes with overlaps = 109
 Number of Nodes with overlaps = 53
 Number of Nodes with overlaps = 44
 Number of Nodes with overlaps = 33
 Number of Nodes with overlaps = 25
 Number of Nodes with overlaps = 9
 Number of Nodes with overlaps = 7
 Number of Nodes with overlaps = 0
INFO: [Route 35-416] Intermediate Timing Summary | WNS=-1.844 | TNS=-14.474| WHS=N/A    | THS=N/A    |

Phase 5.1 Global Iteration 0 | Checksum: 3116e9ea0

Time (s): cpu = 00:00:13 ; elapsed = 00:00:11 . Memory (MB): peak = 2953.660 ; gain = 0.000 ; free physical = 952 ; free virtual = 10903

Phase 5.2 Global Iteration 1
 Number of Nodes with overlaps = 77
 Number of Nodes with overlaps = 31
 Number of Nodes with overlaps = 22
 Number of Nodes with overlaps = 3
 Number of Nodes with overlaps = 2
 Number of Nodes with overlaps = 3
 Number of Nodes with overlaps = 3
 Number of Nodes with overlaps = 1
 Number of Nodes with overlaps = 3
 Number of Nodes with overlaps = 1
 Number of Nodes with overlaps = 1
 Number of Nodes with overlaps = 0
INFO: [Route 35-416] Intermediate Timing Summary | WNS=-1.819 | TNS=-14.289| WHS=N/A    | THS=N/A    |

Phase 5.2 Global Iteration 1 | Checksum: 2513b6c43

Time (s): cpu = 00:00:14 ; elapsed = 00:00:11 . Memory (MB): peak = 2953.660 ; gain = 0.000 ; free physical = 953 ; free virtual = 10904

Phase 5.3 Global Iteration 2
 Number of Nodes with overlaps = 63
 Number of Nodes with overlaps = 18
 Number of Nodes with overlaps = 6
 Number of Nodes with overlaps = 9
 Number of Nodes with overlaps = 9
 Number of Nodes with overlaps = 4
 Number of Nodes with overlaps = 1
 Number of Nodes with overlaps = 0
INFO: [Route 35-416] Intermediate Timing Summary | WNS=-1.779 | TNS=-13.702| WHS=N/A    | THS=N/A    |

Phase 5.3 Global Iteration 2 | Checksum: 17f7c97ab

Time (s): cpu = 00:00:14 ; elapsed = 00:00:11 . Memory (MB): peak = 2953.660 ; gain = 0.000 ; free physical = 964 ; free virtual = 10915

Phase 5.4 Global Iteration 3
 Number of Nodes with overlaps = 60
 Number of Nodes with overlaps = 17
 Number of Nodes with overlaps = 13
 Number of Nodes with overlaps = 6
 Number of Nodes with overlaps = 5
 Number of Nodes with overlaps = 4
 Number of Nodes with overlaps = 0
INFO: [Route 35-416] Intermediate Timing Summary | WNS=-1.944 | TNS=-14.912| WHS=N/A    | THS=N/A    |

Phase 5.4 Global Iteration 3 | Checksum: 25f9417d9

Time (s): cpu = 00:00:14 ; elapsed = 00:00:12 . Memory (MB): peak = 2953.660 ; gain = 0.000 ; free physical = 966 ; free virtual = 10917
Phase 5 Rip-up And Reroute | Checksum: 25f9417d9

Time (s): cpu = 00:00:14 ; elapsed = 00:00:12 . Memory (MB): peak = 2953.660 ; gain = 0.000 ; free physical = 966 ; free virtual = 10917

Phase 6 Delay and Skew Optimization

Phase 6.1 Delay CleanUp

Phase 6.1.1 Update Timing
Phase 6.1.1 Update Timing | Checksum: 23149db8d

Time (s): cpu = 00:00:14 ; elapsed = 00:00:12 . Memory (MB): peak = 2953.660 ; gain = 0.000 ; free physical = 966 ; free virtual = 10917
INFO: [Route 35-416] Intermediate Timing Summary | WNS=-1.776 | TNS=-13.688| WHS=N/A    | THS=N/A    |

 Number of Nodes with overlaps = 0
Phase 6.1 Delay CleanUp | Checksum: 1eaebfc8d

Time (s): cpu = 00:00:14 ; elapsed = 00:00:12 . Memory (MB): peak = 2953.660 ; gain = 0.000 ; free physical = 966 ; free virtual = 10917

Phase 6.2 Clock Skew Optimization
Phase 6.2 Clock Skew Optimization | Checksum: 1eaebfc8d

Time (s): cpu = 00:00:14 ; elapsed = 00:00:12 . Memory (MB): peak = 2953.660 ; gain = 0.000 ; free physical = 966 ; free virtual = 10917
Phase 6 Delay and Skew Optimization | Checksum: 1eaebfc8d

Time (s): cpu = 00:00:14 ; elapsed = 00:00:12 . Memory (MB): peak = 2953.660 ; gain = 0.000 ; free physical = 966 ; free virtual = 10917

Phase 7 Post Hold Fix

Phase 7.1 Hold Fix Iter
INFO: [Route 35-416] Intermediate Timing Summary | WNS=-1.776 | TNS=-13.688| WHS=0.190  | THS=0.000  |

Phase 7.1 Hold Fix Iter | Checksum: 1e17f737a

Time (s): cpu = 00:00:14 ; elapsed = 00:00:12 . Memory (MB): peak = 2953.660 ; gain = 0.000 ; free physical = 966 ; free virtual = 10917
Phase 7 Post Hold Fix | Checksum: 1e17f737a

Time (s): cpu = 00:00:14 ; elapsed = 00:00:12 . Memory (MB): peak = 2953.660 ; gain = 0.000 ; free physical = 966 ; free virtual = 10917

Phase 8 Route finalize

Router Utilization Summary
  Global Vertical Routing Utilization    = 0.0839288 %
  Global Horizontal Routing Utilization  = 0.190247 %
  Routable Net Status*
  *Does not include unroutable nets such as driverless and loadless.
  Run report_route_status for detailed report.
  Number of Failed Nets               = 0
    (Failed Nets is the sum of unrouted and partially routed nets)
  Number of Unrouted Nets             = 0
  Number of Partially Routed Nets     = 0
  Number of Node Overlaps             = 0


--GLOBAL Congestion:
Utilization threshold used for congestion level computation: 0.85
Congestion Report
North Dir 1x1 Area, Max Cong = 25.2252%, No Congested Regions.
South Dir 1x1 Area, Max Cong = 20.7207%, No Congested Regions.
East Dir 1x1 Area, Max Cong = 25%, No Congested Regions.
West Dir 1x1 Area, Max Cong = 41.1765%, No Congested Regions.

------------------------------
Reporting congestion hotspots
------------------------------
Direction: North
----------------
Congested clusters found at Level 0
Effective congestion level: 0 Aspect Ratio: 1 Sparse Ratio: 0
Direction: South
----------------
Congested clusters found at Level 0
Effective congestion level: 0 Aspect Ratio: 1 Sparse Ratio: 0
Direction: East
----------------
Congested clusters found at Level 0
Effective congestion level: 0 Aspect Ratio: 1 Sparse Ratio: 0
Direction: West
----------------
Congested clusters found at Level 0
Effective congestion level: 0 Aspect Ratio: 1 Sparse Ratio: 0

Phase 8 Route finalize | Checksum: 1e17f737a

Time (s): cpu = 00:00:14 ; elapsed = 00:00:12 . Memory (MB): peak = 2953.660 ; gain = 0.000 ; free physical = 966 ; free virtual = 10917

Phase 9 Verifying routed nets

 Verification completed successfully
Phase 9 Verifying routed nets | Checksum: 1e17f737a

Time (s): cpu = 00:00:14 ; elapsed = 00:00:12 . Memory (MB): peak = 2953.660 ; gain = 0.000 ; free physical = 966 ; free virtual = 10917

Phase 10 Depositing Routes
Phase 10 Depositing Routes | Checksum: 14ed9695a

Time (s): cpu = 00:00:14 ; elapsed = 00:00:12 . Memory (MB): peak = 2953.660 ; gain = 0.000 ; free physical = 966 ; free virtual = 10916

Phase 11 Post Process Routing
Phase 11 Post Process Routing | Checksum: 14ed9695a

Time (s): cpu = 00:00:14 ; elapsed = 00:00:12 . Memory (MB): peak = 2953.660 ; gain = 0.000 ; free physical = 966 ; free virtual = 10916

Phase 12 Post Router Timing
INFO: [Route 35-57] Estimated Timing Summary | WNS=-1.776 | TNS=-13.688| WHS=0.190  | THS=0.000  |

WARNING: [Route 35-328] Router estimated timing not met.
Resolution: For a complete and accurate timing signoff, report_timing_summary must be run after route_design. Alternatively, route_design can be run with the -timing_summary option to enable a complete timing signoff at the end of route_design.
Phase 12 Post Router Timing | Checksum: 14ed9695a

Time (s): cpu = 00:00:14 ; elapsed = 00:00:12 . Memory (MB): peak = 2953.660 ; gain = 0.000 ; free physical = 966 ; free virtual = 10916
Total Elapsed time in route_design: 11.63 secs

Phase 13 Post-Route Event Processing
Phase 13 Post-Route Event Processing | Checksum: 23800dd45

Time (s): cpu = 00:00:14 ; elapsed = 00:00:12 . Memory (MB): peak = 2953.660 ; gain = 0.000 ; free physical = 966 ; free virtual = 10916
INFO: [Route 35-16] Router Completed Successfully
Ending Routing Task | Checksum: 23800dd45

Time (s): cpu = 00:00:14 ; elapsed = 00:00:12 . Memory (MB): peak = 2953.660 ; gain = 0.000 ; free physical = 966 ; free virtual = 10916

Routing Is Done.
INFO: [Common 17-83] Releasing license: Implementation
207 Infos, 1 Warnings, 0 Critical Warnings and 0 Errors encountered.
route_design completed successfully
route_design: Time (s): cpu = 00:00:14 ; elapsed = 00:00:12 . Memory (MB): peak = 2953.660 ; gain = 0.000 ; free physical = 966 ; free virtual = 10916
INFO: [Vivado 12-24828] Executing command : report_drc -file expr_plain_top_drc_routed.rpt -pb expr_plain_top_drc_routed.pb -rpx expr_plain_top_drc_routed.rpx
Command: report_drc -file expr_plain_top_drc_routed.rpt -pb expr_plain_top_drc_routed.pb -rpx expr_plain_top_drc_routed.rpx
INFO: [IP_Flow 19-1839] IP Catalog is up to date.
INFO: [DRC 23-27] Running DRC with 8 threads
INFO: [Vivado_Tcl 2-168] The results of DRC are in file /home/dmas/robot_dreams/robot-dreams-code-fpga/task7-3/task7-3.runs/impl_1/expr_plain_top_drc_routed.rpt.
report_drc completed successfully
INFO: [Vivado 12-24828] Executing command : report_methodology -file expr_plain_top_methodology_drc_routed.rpt -pb expr_plain_top_methodology_drc_routed.pb -rpx expr_plain_top_methodology_drc_routed.rpx
Command: report_methodology -file expr_plain_top_methodology_drc_routed.rpt -pb expr_plain_top_methodology_drc_routed.pb -rpx expr_plain_top_methodology_drc_routed.rpx
INFO: [Timing 38-35] Done setting XDC timing constraints.
INFO: [DRC 23-133] Running Methodology with 8 threads
INFO: [Vivado_Tcl 2-1520] The results of Report Methodology are in file /home/dmas/robot_dreams/robot-dreams-code-fpga/task7-3/task7-3.runs/impl_1/expr_plain_top_methodology_drc_routed.rpt.
report_methodology completed successfully
INFO: [Vivado 12-24828] Executing command : report_timing_summary -max_paths 10 -routable_nets -report_unconstrained -file expr_plain_top_timing_summary_routed.rpt -pb expr_plain_top_timing_summary_routed.pb -rpx expr_plain_top_timing_summary_routed.rpx -warn_on_violation 
INFO: [Timing 38-35] Done setting XDC timing constraints.
INFO: [Timing 38-91] UpdateTimingParams: Speed grade: -2, Delay Type: min_max.
INFO: [Timing 38-191] Multithreading enabled for timing update using a maximum of 8 CPUs
CRITICAL WARNING: [Timing 38-282] The design failed to meet the timing requirements. Please see the timing summary report for details on the timing violations.
INFO: [Vivado 12-24838] Running report commands "report_bus_skew, report_incremental_reuse, report_route_status" in parallel.
Running report generation with 3 threads.
INFO: [Vivado 12-24828] Executing command : report_route_status -file expr_plain_top_route_status.rpt -pb expr_plain_top_route_status.pb
INFO: [Vivado 12-24828] Executing command : report_incremental_reuse -file expr_plain_top_incremental_reuse_routed.rpt
INFO: [Vivado_Tcl 4-1062] Incremental flow is disabled. No incremental reuse Info to report.
INFO: [Vivado 12-24828] Executing command : report_bus_skew -warn_on_violation -file expr_plain_top_bus_skew_routed.rpt -pb expr_plain_top_bus_skew_routed.pb -rpx expr_plain_top_bus_skew_routed.rpx
INFO: [Timing 38-91] UpdateTimingParams: Speed grade: -2, Delay Type: min_max.
INFO: [Timing 38-191] Multithreading enabled for timing update using a maximum of 8 CPUs
INFO: [Vivado 12-24828] Executing command : report_power -file expr_plain_top_power_routed.rpt -pb expr_plain_top_power_summary_routed.pb -rpx expr_plain_top_power_routed.rpx
Command: report_power -file expr_plain_top_power_routed.rpt -pb expr_plain_top_power_summary_routed.pb -rpx expr_plain_top_power_routed.rpx
Running Vector-less Activity Propagation...

Finished Running Vector-less Activity Propagation
227 Infos, 1 Warnings, 1 Critical Warnings and 0 Errors encountered.
report_power completed successfully
INFO: [Vivado 12-24828] Executing command : report_clock_utilization -file expr_plain_top_clock_utilization_routed.rpt
INFO: [Timing 38-480] Writing timing data to binary archive.
Write ShapeDB Complete: Time (s): cpu = 00:00:00 ; elapsed = 00:00:00 . Memory (MB): peak = 2977.754 ; gain = 0.000 ; free physical = 915 ; free virtual = 10866
Wrote PlaceDB: Time (s): cpu = 00:00:00 ; elapsed = 00:00:00 . Memory (MB): peak = 2977.754 ; gain = 0.000 ; free physical = 915 ; free virtual = 10866
Wrote PulsedLatchDB: Time (s): cpu = 00:00:00 ; elapsed = 00:00:00 . Memory (MB): peak = 2977.754 ; gain = 0.000 ; free physical = 915 ; free virtual = 10866
Writing XDEF routing.
Writing XDEF routing logical nets.
Writing XDEF routing special nets.
Wrote RouteStorage: Time (s): cpu = 00:00:00.03 ; elapsed = 00:00:00.02 . Memory (MB): peak = 2977.754 ; gain = 0.000 ; free physical = 915 ; free virtual = 10866
Wrote PlaceStorage: Time (s): cpu = 00:00:00.01 ; elapsed = 00:00:00 . Memory (MB): peak = 2977.754 ; gain = 0.000 ; free physical = 914 ; free virtual = 10866
Wrote Netlist Cache: Time (s): cpu = 00:00:00 ; elapsed = 00:00:00 . Memory (MB): peak = 2977.754 ; gain = 0.000 ; free physical = 914 ; free virtual = 10866
Wrote Device Cache: Time (s): cpu = 00:00:00.01 ; elapsed = 00:00:00 . Memory (MB): peak = 2977.754 ; gain = 0.000 ; free physical = 913 ; free virtual = 10865
Write Physdb Complete: Time (s): cpu = 00:00:00.05 ; elapsed = 00:00:00.02 . Memory (MB): peak = 2977.754 ; gain = 0.000 ; free physical = 913 ; free virtual = 10865
INFO: [Common 17-1381] The checkpoint '/home/dmas/robot_dreams/robot-dreams-code-fpga/task7-3/task7-3.runs/impl_1/expr_plain_top_routed.dcp' has been generated.
INFO: [Common 17-206] Exiting Vivado at Sat Sep 19 17:52:54 2026...
