#-----------------------------------------------------------
# Vivado v2025.2 (64-bit)
# SW Build 6299465 on Fri Nov 14 12:34:56 MST 2025
# IP Build 6300035 on Fri Nov 14 10:48:45 MST 2025
# SharedData Build 6298862 on Thu Nov 13 04:50:51 MST 2025
# Start of session at: Sat Sep 19 17:52:25 2026
# Process ID         : 250850
# Current directory  : /home/dmas/robot_dreams/robot-dreams-code-fpga/task7-3/task7-3.runs/impl_1
# Command line       : vivado -log expr_plain_top.vdi -applog -product Vivado -messageDb vivado.pb -mode batch -source expr_plain_top.tcl -notrace
# Log file           : /home/dmas/robot_dreams/robot-dreams-code-fpga/task7-3/task7-3.runs/impl_1/expr_plain_top.vdi
# Journal file       : /home/dmas/robot_dreams/robot-dreams-code-fpga/task7-3/task7-3.runs/impl_1/vivado.jou
# Running On         : dmas-pc
# Platform           : Ubuntu
# Operating System   : Ubuntu 24.04.4 LTS
# Processor Detail   : AMD Ryzen 9 8940HX with Radeon Graphics
# CPU Frequency      : 5163.929 MHz
# CPU Physical cores : 16
# CPU Logical cores  : 32
# Host memory        : 32897 MB
# Swap memory        : 8589 MB
# Total Virtual      : 41487 MB
# Available Virtual  : 12602 MB
#-----------------------------------------------------------
source expr_plain_top.tcl -notrace
